starting benchmark...
spawning thread #0: 16 total client(s). Timing-based test with 0s of warm-up time and 8s of main duration for measurements.
spawning thread #1: 16 total client(s). Timing-based test with 0s of warm-up time and 8s of main duration for measurements.
spawning thread #2: 16 total client(s). Timing-based test with 0s of warm-up time and 8s of main duration for measurements.
spawning thread #3: 16 total client(s). Timing-based test with 0s of warm-up time and 8s of main duration for measurements.
Warm-up started for thread #0.
Warm-up started for thread #3.
Warm-up started for thread #Warm-up started for thread #2.
1.
progress: 6% of clients started
progress: 12% of clients started
progress: 18% of clients started
progress: 25% of clients started
progress: 31% of clients started
progress: 37% of clients started
progress: 43% of clients started
progress: 50% of clients started
progress: 56% of clients started
progress: 62% of clients started
progress: 68% of clients started
progress: 75% of clients started
progress: 81% of clients started
progress: 87% of clients started
progress: 93% of clients started
Warm-up phase is over for thread #3.
Warm-up phase is over for thread #Main benchmark duration is started for thread #3.
2.
Main benchmark duration is started for thread #2.
Warm-up phase is over for thread #1.
Main benchmark duration is started for thread #1.
progress: 100% of clients started
Warm-up phase is over for thread #0.
Main benchmark duration is started for thread #0.
Application protocol: http/1.1
Main benchmark duration is over for thread #3. Stopping all clients.
Stopped all clients for thread #3
Main benchmark duration is over for thread #1. Stopping all clients.
Stopped all clients for thread #1
Main benchmark duration is over for thread #2. Stopping all clients.
Stopped all clients for thread #2
Main benchmark duration is over for thread #0. Stopping all clients.
Stopped all clients for thread #0

finished in 8.00s, 124829.25 req/s, 539.46MB/s
requests: 998634 total, 998698 started, 998634 done, 998634 succeeded, 0 failed, 0 errored, 0 timeout
status codes: 998634 2xx, 0 3xx, 0 4xx, 0 5xx
traffic: 4.21GB (4525316010) total, 111.43MB (116842635) headers (space savings 0.00%), 4.07GB (4369620986) data
                     min         max         mean         sd        +/- sd
time for request:       85us     87.36ms       512us       921us    98.05%
time for connect:        2us       211us       103us        60us    59.38%
time to 1st byte:    85.50ms     87.36ms     86.33ms       596us    60.94%
req/s           :    1932.14     1991.25     1950.38       18.75    79.69%
