starting benchmark...
spawning thread #0: 16 total client(s). Timing-based test with 0s of warm-up time and 8s of main duration for measurements.
spawning thread #1: 16 total client(s). Timing-based test with 0s of warm-up time and 8s of main duration for measurements.
spawning thread #2: 16 total client(s). Timing-based test with 0s of warm-up time and 8s of main duration for measurements.
spawning thread #3: 16 total client(s). Timing-based test with 0s of warm-up time and 8s of main duration for measurements.
Warm-up started for thread #3.
Warm-up started for thread #1.
Warm-up started for thread #2.
Warm-up started for thread #0.
progress: 6% of clients started
progress: 12% of clients started
progress: 18% of clients started
progress: 25% of clients started
progress: 31% of clients started
progress: 37% of clients started
progress: 43% of clients started
progress: 50% of clients started
progress: 56% of clients started
progress: 62% of clients started
progress: 68% of clients started
progress: 75% of clients started
progress: 81% of clients started
progress: 87% of clients started
progress: 93% of clients started
Warm-up phase is over for thread #1.
Main benchmark duration is started for thread #1.
Warm-up phase is over for thread #2.
Main benchmark duration is started for thread #2.
Warm-up phase is over for thread #3.
Main benchmark duration is started for thread #3.
progress: 100% of clients started
Warm-up phase is over for thread #0.
Main benchmark duration is started for thread #0.
Application protocol: http/1.1
Main benchmark duration is over for thread #1. Stopping all clients.
Stopped all clients for thread #1
Main benchmark duration is over for thread #2. Stopping all clients.
Stopped all clients for thread #2
Main benchmark duration is over for thread #3. Stopping all clients.
Stopped all clients for thread #3
Main benchmark duration is over for thread #0. Stopping all clients.
Stopped all clients for thread #0

finished in 8.00s, 131713.88 req/s, 569.21MB/s
requests: 1053711 total, 1053775 started, 1053711 done, 1053711 succeeded, 0 failed, 0 errored, 0 timeout
status codes: 1053711 2xx, 0 3xx, 0 4xx, 0 5xx
traffic: 4.45GB (4774897089) total, 117.57MB (123286293) headers (space savings 0.00%), 4.29GB (4610596954) data
                     min         max         mean         sd        +/- sd
time for request:      111us     86.83ms       487us       878us    97.75%
time for connect:        2us       209us       102us        56us    57.81%
time to 1st byte:    85.61ms     86.90ms     86.07ms       405us    68.75%
req/s           :    2031.58     2128.29     2057.96       16.14    60.94%
