starting benchmark...
spawning thread #0: 16 total client(s). Timing-based test with 0s of warm-up time and 8s of main duration for measurements.
spawning thread #1: 16 total client(s). Timing-based test with 0s of warm-up time and 8s of main duration for measurements.
spawning thread #2: 16 total client(s). Timing-based test with 0s of warm-up time and 8s of main duration for measurements.
spawning thread #3: 16 total client(s). Timing-based test with 0s of warm-up time and 8s of main duration for measurements.
Warm-up started for thread #Warm-up started for thread #Warm-up started for thread #1.
3.
Warm-up started for thread #2.
0.
progress: 6% of clients started
progress: 12% of clients started
progress: 18% of clients started
progress: 25% of clients started
progress: 31% of clients started
progress: 37% of clients started
progress: 43% of clients started
progress: 50% of clients started
progress: 56% of clients started
progress: 62% of clients started
progress: 68% of clients started
progress: 75% of clients started
progress: 81% of clients started
progress: 87% of clients started
progress: 93% of clients started
Warm-up phase is over for thread #3.
Warm-up phase is over for thread #2.
Main benchmark duration is started for thread #2.
Main benchmark duration is started for thread #3.
Warm-up phase is over for thread #1.
Main benchmark duration is started for thread #1.
progress: 100% of clients started
Warm-up phase is over for thread #0.
Main benchmark duration is started for thread #0.
Application protocol: http/1.1
Main benchmark duration is over for thread #1. Stopping all clients.
Stopped all clients for thread #1
Main benchmark duration is over for thread #2. Stopping all clients.
Stopped all clients for thread #2
Main benchmark duration is over for thread #3. Stopping all clients.
Stopped all clients for thread #3
Main benchmark duration is over for thread #0. Stopping all clients.
Stopped all clients for thread #0

finished in 8.00s, 127419.12 req/s, 550.65MB/s
requests: 1019353 total, 1019417 started, 1019353 done, 1019353 succeeded, 0 failed, 0 errored, 0 timeout
status codes: 1019353 2xx, 0 3xx, 0 4xx, 0 5xx
traffic: 4.30GB (4619204208) total, 113.74MB (119265822) headers (space savings 0.00%), 4.15GB (4460242027) data
                     min         max         mean         sd        +/- sd
time for request:       72us     88.27ms       502us       927us    98.03%
time for connect:        2us       211us       106us        57us    59.38%
time to 1st byte:    86.00ms     88.32ms     87.12ms       805us    54.69%
req/s           :    1949.36     2021.78     1990.86       18.07    73.44%
