starting benchmark...
spawning thread #0: 16 total client(s). Timing-based test with 0s of warm-up time and 8s of main duration for measurements.
spawning thread #1: 16 total client(s). Timing-based test with 0s of warm-up time and 8s of main duration for measurements.
spawning thread #2: 16 total client(s). Timing-based test with 0s of warm-up time and 8s of main duration for measurements.
spawning thread #3: 16 total client(s). Timing-based test with 0s of warm-up time and 8s of main duration for measurements.
Warm-up started for thread #1.
Warm-up started for thread #2.
Warm-up started for thread #0.
Warm-up started for thread #3.
progress: 6% of clients started
progress: 12% of clients started
progress: 18% of clients started
progress: 25% of clients started
progress: 31% of clients started
progress: 37% of clients started
progress: 43% of clients started
progress: 50% of clients started
progress: 56% of clients started
progress: 62% of clients started
progress: 68% of clients started
progress: 75% of clients started
progress: 81% of clients started
progress: 87% of clients started
progress: 93% of clients started
Warm-up phase is over for thread #3Warm-up phase is over for thread #.1.
Main benchmark duration is started for thread #1.

progress: 100% of clients started
Warm-up phase is over for thread #2.
Main benchmark duration is started for thread #2.
Main benchmark duration is started for thread #3.
Warm-up phase is over for thread #0.
Main benchmark duration is started for thread #0.
Application protocol: http/1.1
Main benchmark duration is over for thread #3. Stopping all clients.
Stopped all clients for thread #3
Main benchmark duration is over for thread #2. Stopping all clients.
Stopped all clients for thread #2
Main benchmark duration is over for thread #1. Stopping all clients.
Stopped all clients for thread #1
Main benchmark duration is over for thread #0. Stopping all clients.
Stopped all clients for thread #0

finished in 8.00s, 131524.25 req/s, 568.39MB/s
requests: 1052194 total, 1052258 started, 1052194 done, 1052194 succeeded, 0 failed, 0 errored, 0 timeout
status codes: 1052194 2xx, 0 3xx, 0 4xx, 0 5xx
traffic: 4.44GB (4768023381) total, 117.41MB (123108219) headers (space savings 0.00%), 4.29GB (4603937971) data
                     min         max         mean         sd        +/- sd
time for request:       49us     87.73ms       488us       915us    98.05%
time for connect:        2us       202us       103us        57us    60.94%
time to 1st byte:    85.31ms     87.73ms     86.40ms       910us    56.25%
req/s           :    2022.95     2182.78     2055.00       34.57    87.50%
