starting benchmark...
spawning thread #0: 16 total client(s). Timing-based test with 0s of warm-up time and 8s of main duration for measurements.
spawning thread #1: 16 total client(s). Timing-based test with 0s of warm-up time and 8s of main duration for measurements.
spawning thread #2: 16 total client(s). Timing-based test with 0s of warm-up time and 8s of main duration for measurements.
spawning thread #3: 16 total client(s). Timing-based test with 0s of warm-up time and 8s of main duration for measurements.
Warm-up started for thread #Warm-up started for thread #3.
Warm-up started for thread #20.
Warm-up started for thread #1.
.
progress: 6% of clients started
progress: 12% of clients started
progress: 18% of clients started
progress: 25% of clients started
progress: 31% of clients started
progress: 37% of clients started
progress: 43% of clients started
progress: 50% of clients started
progress: 56% of clients started
progress: 62% of clients started
progress: 68% of clients started
progress: 75% of clients started
progress: 81% of clients started
progress: 87% of clients started
progress: 93% of clients started
Warm-up phase is over for thread #1.
Main benchmark duration is started for thread #1.
Warm-up phase is over for thread #2.
Main benchmark duration is started for thread #2.
progress: 100% of clients started
Warm-up phase is over for thread #3.
Main benchmark duration is started for thread #3.
Warm-up phase is over for thread #0.
Main benchmark duration is started for thread #0.
Application protocol: http/1.1
Main benchmark duration is over for thread #1. Stopping all clients.
Stopped all clients for thread #1
Main benchmark duration is over for thread #3. Stopping all clients.
Stopped all clients for thread #3
Main benchmark duration is over for thread #2. Stopping all clients.
Stopped all clients for thread #2
Main benchmark duration is over for thread #0. Stopping all clients.
Stopped all clients for thread #0

finished in 8.00s, 134761.25 req/s, 582.38MB/s
requests: 1078090 total, 1078154 started, 1078090 done, 1078090 succeeded, 0 failed, 0 errored, 0 timeout
status codes: 1078090 2xx, 0 3xx, 0 4xx, 0 5xx
traffic: 4.55GB (4885371281) total, 120.30MB (126139806) headers (space savings 0.00%), 4.39GB (4717311733) data
                     min         max         mean         sd        +/- sd
time for request:       79us     75.93ms       477us       857us    98.34%
time for connect:        2us       204us       101us        56us    62.50%
time to 1st byte:    74.28ms     75.93ms     75.18ms       472us    59.38%
req/s           :    2075.29     2162.32     2105.57       19.40    76.56%
