starting benchmark...
spawning thread #0: 16 total client(s). Timing-based test with 0s of warm-up time and 8s of main duration for measurements.
spawning thread #1: 16 total client(s). Timing-based test with 0s of warm-up time and 8s of main duration for measurements.
spawning thread #2: 16 total client(s). Timing-based test with 0s of warm-up time and 8s of main duration for measurements.
spawning thread #3: 16 total client(s). Timing-based test with 0s of warm-up time and 8s of main duration for measurements.
Warm-up started for thread #Warm-up started for thread #3.
Warm-up started for thread #2.
0.
Warm-up started for thread #1.
progress: 6% of clients started
progress: 12% of clients started
progress: 18% of clients started
progress: 25% of clients started
progress: 31% of clients started
progress: 37% of clients started
progress: 43% of clients started
progress: 50% of clients started
progress: 56% of clients started
progress: 62% of clients started
progress: 68% of clients started
progress: 75% of clients started
progress: 81% of clients started
progress: 87% of clients started
progress: 93% of clients started
Warm-up phase is over for thread #3.
Main benchmark duration is started for thread #3.
Warm-up phase is over for thread #1.
Main benchmark duration is started for thread #1.
progress: 100% of clients started
Warm-up phase is over for thread #2.
Main benchmark duration is started for thread #2.
Warm-up phase is over for thread #0.
Main benchmark duration is started for thread #0.
Application protocol: http/1.1
Main benchmark duration is over for thread #1. Stopping all clients.
Stopped all clients for thread #1
Main benchmark duration is over for thread #3. Stopping all clients.
Stopped all clients for thread #3
Main benchmark duration is over for thread #2. Stopping all clients.
Main benchmark duration is over for thread #Stopped all clients for thread #2
0. Stopping all clients.
Stopped all clients for thread #0

finished in 8.00s, 135194.00 req/s, 584.25MB/s
requests: 1081552 total, 1081616 started, 1081552 done, 1081552 succeeded, 0 failed, 0 errored, 0 timeout
status codes: 1081552 2xx, 0 3xx, 0 4xx, 0 5xx
traffic: 4.56GB (4901059367) total, 120.68MB (126542988) headers (space savings 0.00%), 4.41GB (4732389761) data
                     min         max         mean         sd        +/- sd
time for request:       72us     87.04ms       476us       886us    98.55%
time for connect:        2us       203us       103us        58us    59.38%
time to 1st byte:    85.74ms     87.05ms     86.50ms       416us    59.38%
req/s           :    2083.92     2170.69     2112.33       22.70    51.56%
