starting benchmark...
spawning thread #0: 16 total client(s). Timing-based test with 0s of warm-up time and 8s of main duration for measurements.
spawning thread #1: 16 total client(s). Timing-based test with 0s of warm-up time and 8s of main duration for measurements.
spawning thread #2: 16 total client(s). Timing-based test with 0s of warm-up time and 8s of main duration for measurements.
spawning thread #3: 16 total client(s). Timing-based test with 0s of warm-up time and 8s of main duration for measurements.
Warm-up started for thread #Warm-up started for thread #01.
.Warm-up started for thread #3.

Warm-up started for thread #2.
progress: 6% of clients started
progress: 12% of clients started
progress: 18% of clients started
progress: 25% of clients started
progress: 31% of clients started
progress: 37% of clients started
progress: 43% of clients started
progress: 50% of clients started
progress: 56% of clients started
progress: 62% of clients started
progress: 68% of clients started
progress: 75% of clients started
progress: 81% of clients started
progress: 87% of clients started
progress: 93% of clients started
Warm-up phase is over for thread #1.
Main benchmark duration is started for thread #1.
Warm-up phase is over for thread #3.
Main benchmark duration is started for thread #3.
progress: 100% of clients started
Warm-up phase is over for thread #0.
Main benchmark duration is started for thread #0.
Application protocol: http/1.1
Warm-up phase is over for thread #2.
Main benchmark duration is started for thread #2.
Main benchmark duration is over for thread #3. Stopping all clients.
Stopped all clients for thread #3
Main benchmark duration is over for thread #0. Stopping all clients.
Stopped all clients for thread #0
Main benchmark duration is over for thread #1. Stopping all clients.
Stopped all clients for thread #1
Main benchmark duration is over for thread #2. Stopping all clients.
Stopped all clients for thread #2

finished in 8.00s, 132209.12 req/s, 571.35MB/s
requests: 1057673 total, 1057737 started, 1057673 done, 1057673 succeeded, 0 failed, 0 errored, 0 timeout
status codes: 1057673 2xx, 0 3xx, 0 4xx, 0 5xx
traffic: 4.46GB (4792851200) total, 118.02MB (123751251) headers (space savings 0.00%), 4.31GB (4627985488) data
                     min         max         mean         sd        +/- sd
time for request:      112us     90.57ms       485us       885us    98.59%
time for connect:        2us       215us       107us        58us    60.94%
time to 1st byte:    86.58ms     90.58ms     88.67ms      1.37ms    50.00%
req/s           :    2033.57     2112.23     2065.69       16.00    81.25%
