starting benchmark...
spawning thread #0: 16 total client(s). Timing-based test with 0s of warm-up time and 8s of main duration for measurements.
spawning thread #1: 16 total client(s). Timing-based test with 0s of warm-up time and 8s of main duration for measurements.
spawning thread #2: 16 total client(s). Timing-based test with 0s of warm-up time and 8s of main duration for measurements.
spawning thread #3: 16 total client(s). Timing-based test with 0s of warm-up time and 8s of main duration for measurements.
Warm-up started for thread #0.
Warm-up started for thread #2.
Warm-up started for thread #3.
Warm-up started for thread #1.
progress: 6% of clients started
progress: 12% of clients started
progress: 18% of clients started
progress: 25% of clients started
progress: 31% of clients started
progress: 37% of clients started
progress: 43% of clients started
progress: 50% of clients started
progress: 56% of clients started
progress: 62% of clients started
progress: 68% of clients started
progress: 75% of clients started
progress: 81% of clients started
progress: 87% of clients started
progress: 93% of clients started
Warm-up phase is over for thread #3.
Main benchmark duration is started for thread #3.
progress: 100% of clients started
Warm-up phase is over for thread #1.
Main benchmark duration is started for thread #1.
Warm-up phase is over for thread #2.
Main benchmark duration is started for thread #2.
Warm-up phase is over for thread #0.
Main benchmark duration is started for thread #0.
Application protocol: http/1.1
Main benchmark duration is over for thread #Main benchmark duration is over for thread #20. Stopping all clients.. Stopping all clients.

Stopped all clients for thread #0
Stopped all clients for thread #2
Main benchmark duration is over for thread #1. Stopping all clients.
Stopped all clients for thread #1
Main benchmark duration is over for thread #3. Stopping all clients.
Stopped all clients for thread #3

finished in 8.00s, 132035.62 req/s, 570.60MB/s
requests: 1056285 total, 1056349 started, 1056285 done, 1056285 succeeded, 0 failed, 0 errored, 0 timeout
status codes: 1056285 2xx, 0 3xx, 0 4xx, 0 5xx
traffic: 4.46GB (4786561522) total, 117.86MB (123588738) headers (space savings 0.00%), 4.30GB (4621907946) data
                     min         max         mean         sd        +/- sd
time for request:       62us     90.40ms       486us       935us    98.25%
time for connect:        2us       217us       109us        60us    62.50%
time to 1st byte:    87.55ms     90.40ms     88.56ms       989us    73.44%
req/s           :    2038.50     2136.19     2062.96       27.95    79.69%
