starting benchmark...
spawning thread #0: 2 total client(s). Timing-based test with 0s of warm-up time and 8s of main duration for measurements.
spawning thread #1: 2 total client(s). Timing-based test with 0s of warm-up time and 8s of main duration for measurements.
spawning thread #2: 2 total client(s). Timing-based test with 0s of warm-up time and 8s of main duration for measurements.
spawning thread #3: 2 total client(s). Timing-based test with 0s of warm-up time and 8s of main duration for measurements.
Warm-up started for thread #3.
Warm-up started for thread #0.
Warm-up started for thread #1.
Warm-up started for thread #2.
progress: 50% of clients started
progress: 100% of clients started
Warm-up phase is over for thread #Warm-up phase is over for thread #3.
Warm-up phase is over for thread #0.
Main benchmark duration is started for thread #0.
Main benchmark duration is started for thread #3.
1Application protocol: .
h2c
Warm-up phase is over for thread #2.
Main benchmark duration is started for thread #2.
Main benchmark duration is started for thread #1.
Main benchmark duration is over for thread #3. Stopping all clients.
Stopped all clients for thread #3
Main benchmark duration is over for thread #0. Stopping all clients.
Stopped all clients for thread #0
Main benchmark duration is over for thread #2. Stopping all clients.
Stopped all clients for thread #2
Main benchmark duration is over for thread #1. Stopping all clients.
Stopped all clients for thread #1

finished in 8.00s, 13439.88 req/s, 848.15MB/s
requests: 107519 total, 107647 started, 107519 done, 107519 succeeded, 0 failed, 0 errored, 0 timeout
status codes: 107639 2xx, 0 3xx, 0 4xx, 0 5xx
traffic: 6.63GB (7114775336) total, 105.12KB (107639) headers (space savings 90.00%), 6.57GB (7050160465) data
                     min         max         mean         sd        +/- sd
time for request:     3.65ms    235.52ms      9.50ms     11.32ms    95.81%
time for connect:       13us        45us        28us        12us    62.50%
time to 1st byte:   113.32ms    116.68ms    114.90ms      1.37ms    50.00%
req/s           :    1666.85     1707.09     1679.96       16.67    75.00%
