starting benchmark...
spawning thread #0: 2 total client(s). Timing-based test with 0s of warm-up time and 8s of main duration for measurements.
spawning thread #1: 2 total client(s). Timing-based test with 0s of warm-up time and 8s of main duration for measurements.
spawning thread #2: 2 total client(s). Timing-based test with 0s of warm-up time and 8s of main duration for measurements.
spawning thread #3: 2 total client(s). Timing-based test with 0s of warm-up time and 8s of main duration for measurements.
Warm-up started for thread #Warm-up started for thread #Warm-up started for thread #0.
2.
3.
Warm-up started for thread #1.
progress: 50% of clients started
progress: 100% of clients started
Warm-up phase is over for thread #1.
Main benchmark duration is started for thread #1.
Warm-up phase is over for thread #Warm-up phase is over for thread #2.
Main benchmark duration is started for thread #2.
0.
Main benchmark duration is started for thread #0.
Application protocol: h2c
Warm-up phase is over for thread #3.
Main benchmark duration is started for thread #3.
Main benchmark duration is over for thread #2. Stopping all clients.
Stopped all clients for thread #2
Main benchmark duration is over for thread #3. Stopping all clients.
Stopped all clients for thread #3
Main benchmark duration is over for thread #0. Stopping all clients.
Stopped all clients for thread #0
Main benchmark duration is over for thread #1. Stopping all clients.
Stopped all clients for thread #1

finished in 8.00s, 15130.12 req/s, 954.80MB/s
requests: 121041 total, 121169 started, 121041 done, 121041 succeeded, 0 failed, 0 errored, 0 timeout
status codes: 121161 2xx, 0 3xx, 0 4xx, 0 5xx
traffic: 7.46GB (8009402273) total, 118.32KB (121161) headers (space savings 90.00%), 7.39GB (7936495576) data
                     min         max         mean         sd        +/- sd
time for request:     3.85ms    241.34ms      8.43ms     10.38ms    95.25%
time for connect:       13us        39us        26us        12us    50.00%
time to 1st byte:   112.21ms    114.41ms    113.46ms       868us    62.50%
req/s           :    1869.85     1909.84     1891.24       14.15    62.50%
