starting benchmark...
spawning thread #0: 2 total client(s). Timing-based test with 0s of warm-up time and 8s of main duration for measurements.
spawning thread #1: 2 total client(s). Timing-based test with 0s of warm-up time and 8s of main duration for measurements.
spawning thread #2: 2 total client(s). Timing-based test with 0s of warm-up time and 8s of main duration for measurements.
spawning thread #3: 2 total client(s). Timing-based test with 0s of warm-up time and 8s of main duration for measurements.
Warm-up started for thread #Warm-up started for thread #1.
Warm-up started for thread #0.
2Warm-up started for thread #3.
.
progress: 50% of clients started
Warm-up phase is over for thread #3.
Main benchmark duration is started for thread #3.
progress: 100% of clients started
Warm-up phase is over for thread #1.
Warm-up phase is over for thread #Main benchmark duration is started for thread #1.0.
Main benchmark duration is started for thread #0.
Application protocol: h2c

Warm-up phase is over for thread #2.
Main benchmark duration is started for thread #2.
Main benchmark duration is over for thread #1. Stopping all clients.
Stopped all clients for thread #1
Main benchmark duration is over for thread #Main benchmark duration is over for thread #0. Stopping all clients.
Stopped all clients for thread #0
2. Stopping all clients.
Stopped all clients for thread #2
Main benchmark duration is over for thread #3. Stopping all clients.
Stopped all clients for thread #3

finished in 8.00s, 14053.00 req/s, 886.80MB/s
requests: 112424 total, 112552 started, 112424 done, 112424 succeeded, 0 failed, 0 errored, 0 timeout
status codes: 112541 2xx, 0 3xx, 0 4xx, 0 5xx
traffic: 6.93GB (7439021952) total, 109.90KB (112541) headers (space savings 90.00%), 6.87GB (7371494929) data
                     min         max         mean         sd        +/- sd
time for request:     3.65ms    251.44ms      9.08ms     12.91ms    96.91%
time for connect:       13us        48us        31us        14us    62.50%
time to 1st byte:   147.13ms    148.26ms    147.47ms       477us    75.00%
req/s           :    1691.36     1798.37     1756.60       40.76    62.50%
