starting benchmark...
spawning thread #0: 2 total client(s). Timing-based test with 0s of warm-up time and 8s of main duration for measurements.
spawning thread #1: 2 total client(s). Timing-based test with 0s of warm-up time and 8s of main duration for measurements.
spawning thread #2: 2 total client(s). Timing-based test with 0s of warm-up time and 8s of main duration for measurements.
spawning thread #3: 2 total client(s). Timing-based test with 0s of warm-up time and 8s of main duration for measurements.
Warm-up started for thread #0.
Warm-up started for thread #2.
Warm-up started for thread #1.
Warm-up started for thread #3.
progress: 50% of clients started
progress: 100% of clients started
Warm-up phase is over for thread #3.
Main benchmark duration is started for thread #3.
Warm-up phase is over for thread #2Warm-up phase is over for thread #0..
Warm-up phase is over for thread #Main benchmark duration is started for thread #0.

1.
Main benchmark duration is started for thread #1.
Main benchmark duration is started for thread #2.
Application protocol: h2c
Main benchmark duration is over for thread #1. Stopping all clients.
Stopped all clients for thread #1
Main benchmark duration is over for thread #3. Stopping all clients.
Main benchmark duration is over for thread #Stopped all clients for thread #3
Main benchmark duration is over for thread #0. Stopping all clients.
Stopped all clients for thread #0
2. Stopping all clients.
Stopped all clients for thread #2

finished in 8.00s, 13035.50 req/s, 822.64MB/s
requests: 104284 total, 104412 started, 104284 done, 104284 succeeded, 0 failed, 0 errored, 0 timeout
status codes: 104406 2xx, 0 3xx, 0 4xx, 0 5xx
traffic: 6.43GB (6900799635) total, 101.96KB (104406) headers (space savings 90.00%), 6.37GB (6838142433) data
                     min         max         mean         sd        +/- sd
time for request:     3.26ms    262.13ms      9.80ms     11.18ms    95.73%
time for connect:       13us        72us        38us        20us    62.50%
time to 1st byte:   112.98ms    113.79ms    113.24ms       343us    75.00%
req/s           :    1576.10     1660.98     1629.42       32.55    75.00%
