starting benchmark...
spawning thread #0: 2 total client(s). Timing-based test with 0s of warm-up time and 8s of main duration for measurements.
spawning thread #1: 2 total client(s). Timing-based test with 0s of warm-up time and 8s of main duration for measurements.
spawning thread #2: 2 total client(s). Timing-based test with 0s of warm-up time and 8s of main duration for measurements.
spawning thread #3: 2 total client(s). Timing-based test with 0s of warm-up time and 8s of main duration for measurements.
Warm-up started for thread #1.
Warm-up started for thread #2.
Warm-up started for thread #0.
Warm-up started for thread #3.
progress: 50% of clients started
progress: 100% of clients started
Warm-up phase is over for thread #Warm-up phase is over for thread #2.
Main benchmark duration is started for thread #2.
1.
Main benchmark duration is started for thread #1.
Warm-up phase is over for thread #0.
Main benchmark duration is started for thread #0.
Application protocol: h2c
Warm-up phase is over for thread #3.
Main benchmark duration is started for thread #3.
Main benchmark duration is over for thread #0. Stopping all clients.
Main benchmark duration is over for thread #2. Stopping all clients.Stopped all clients for thread #
Stopped all clients for thread #2
0
Main benchmark duration is over for thread #3. Stopping all clients.
Stopped all clients for thread #3
Main benchmark duration is over for thread #1. Stopping all clients.
Stopped all clients for thread #1

finished in 8.00s, 15441.88 req/s, 974.49MB/s
requests: 123535 total, 123663 started, 123535 done, 123535 succeeded, 0 failed, 0 errored, 0 timeout
status codes: 123655 2xx, 0 3xx, 0 4xx, 0 5xx
traffic: 7.61GB (8174594713) total, 120.76KB (123655) headers (space savings 90.00%), 7.54GB (8100214034) data
                     min         max         mean         sd        +/- sd
time for request:     3.69ms    253.35ms      8.26ms     11.19ms    95.87%
time for connect:       16us        52us        34us        13us    50.00%
time to 1st byte:   113.94ms    117.87ms    115.58ms      1.59ms    50.00%
req/s           :    1887.22     1966.72     1930.21       29.59    50.00%
