starting benchmark...
spawning thread #0: 2 total client(s). Timing-based test with 0s of warm-up time and 8s of main duration for measurements.
spawning thread #1: 2 total client(s). Timing-based test with 0s of warm-up time and 8s of main duration for measurements.
spawning thread #2: 2 total client(s). Timing-based test with 0s of warm-up time and 8s of main duration for measurements.
spawning thread #3: 2 total client(s). Timing-based test with 0s of warm-up time and 8s of main duration for measurements.
Warm-up started for thread #3.
Warm-up started for thread #1.
Warm-up started for thread #2.
Warm-up started for thread #0.
progress: 50% of clients started
Warm-up phase is over for thread #Warm-up phase is over for thread #1.2.progress: Warm-up phase is over for thread #
3.Main benchmark duration is started for thread #2.

Main benchmark duration is started for thread #1.
100% of clients started

Main benchmark duration is started for thread #3.
Warm-up phase is over for thread #0.
Main benchmark duration is started for thread #0.
Application protocol: h2c
Main benchmark duration is over for thread #2. Stopping all clients.
Stopped all clients for thread #2
Main benchmark duration is over for thread #3. Stopping all clients.
Stopped all clients for thread #3Main benchmark duration is over for thread #Main benchmark duration is over for thread #
1. Stopping all clients.
Stopped all clients for thread #1
0. Stopping all clients.
Stopped all clients for thread #0

finished in 8.00s, 15340.75 req/s, 968.10MB/s
requests: 122726 total, 122854 started, 122726 done, 122726 succeeded, 0 failed, 0 errored, 0 timeout
status codes: 122849 2xx, 0 3xx, 0 4xx, 0 5xx
traffic: 7.56GB (8120979566) total, 119.97KB (122849) headers (space savings 90.00%), 7.49GB (8046834821) data
                     min         max         mean         sd        +/- sd
time for request:     4.07ms    236.42ms      8.31ms     10.66ms    96.11%
time for connect:       12us        47us        28us        14us    50.00%
time to 1st byte:   112.38ms    115.94ms    113.84ms      1.43ms    50.00%
req/s           :    1886.35     1936.84     1917.57       19.79    75.00%
