starting benchmark...
spawning thread #0: 2 total client(s). Timing-based test with 0s of warm-up time and 8s of main duration for measurements.
spawning thread #1: 2 total client(s). Timing-based test with 0s of warm-up time and 8s of main duration for measurements.
spawning thread #2: 2 total client(s). Timing-based test with 0s of warm-up time and 8s of main duration for measurements.
spawning thread #3: 2 total client(s). Timing-based test with 0s of warm-up time and 8s of main duration for measurements.
Warm-up started for thread #2.
Warm-up started for thread #1.
Warm-up started for thread #0.
Warm-up started for thread #3.
progress: 50% of clients started
progress: 100% of clients started
Warm-up phase is over for thread #2.
Warm-up phase is over for thread #Main benchmark duration is started for thread #0Warm-up phase is over for thread #.
Main benchmark duration is started for thread #0.
3.
Main benchmark duration is started for thread #3.
Warm-up phase is over for thread #21..

Main benchmark duration is started for thread #1.
Application protocol: h2c
Main benchmark duration is over for thread #1. Stopping all clients.
Stopped all clients for thread #1
Main benchmark duration is over for thread #3. Stopping all clients.
Stopped all clients for thread #3
Main benchmark duration is over for thread #2. Stopping all clients.
Stopped all clients for thread #2
Main benchmark duration is over for thread #0. Stopping all clients.
Stopped all clients for thread #0

finished in 8.00s, 13519.88 req/s, 853.20MB/s
requests: 108159 total, 108287 started, 108159 done, 108159 succeeded, 0 failed, 0 errored, 0 timeout
status codes: 108281 2xx, 0 3xx, 0 4xx, 0 5xx
traffic: 6.67GB (7157170793) total, 105.74KB (108281) headers (space savings 90.00%), 6.61GB (7092093732) data
                     min         max         mean         sd        +/- sd
time for request:     3.73ms    422.58ms      9.44ms     17.60ms    98.30%
time for connect:       13us        61us        35us        18us    50.00%
time to 1st byte:   141.34ms    143.26ms    142.03ms       814us    75.00%
req/s           :    1673.22     1711.73     1689.96       13.70    62.50%
