starting benchmark...
spawning thread #0: 2 total client(s). Timing-based test with 0s of warm-up time and 8s of main duration for measurements.
spawning thread #1: 2 total client(s). Timing-based test with 0s of warm-up time and 8s of main duration for measurements.
spawning thread #2: 2 total client(s). Timing-based test with 0s of warm-up time and 8s of main duration for measurements.
spawning thread #3: 2 total client(s). Timing-based test with 0s of warm-up time and 8s of main duration for measurements.
Warm-up started for thread #0.
Warm-up started for thread #1.
Warm-up started for thread #2.
Warm-up started for thread #3.
progress: 50% of clients started
Warm-up phase is over for thread #Warm-up phase is over for thread #1Warm-up phase is over for thread #.
23.
Main benchmark duration is started for thread #3.
.
Main benchmark duration is started for thread #2.
progress: 100% of clients started
Main benchmark duration is started for thread #1.
Warm-up phase is over for thread #0.
Main benchmark duration is started for thread #0.
Application protocol: h2c
Main benchmark duration is over for thread #1. Stopping all clients.
Stopped all clients for thread #1
Main benchmark duration is over for thread #3. Stopping all clients.
Stopped all clients for thread #3
Main benchmark duration is over for thread #0. Stopping all clients.Main benchmark duration is over for thread #
2. Stopping all clients.
Stopped all clients for thread #0
Stopped all clients for thread #2

finished in 8.00s, 13702.00 req/s, 864.69MB/s
requests: 109616 total, 109744 started, 109616 done, 109616 succeeded, 0 failed, 0 errored, 0 timeout
status codes: 109737 2xx, 0 3xx, 0 4xx, 0 5xx
traffic: 6.76GB (7253526027) total, 107.17KB (109737) headers (space savings 90.00%), 6.69GB (7187705560) data
                     min         max         mean         sd        +/- sd
time for request:     3.86ms    240.99ms      9.32ms     10.77ms    94.91%
time for connect:       13us        41us        26us        12us    62.50%
time to 1st byte:   111.30ms    112.76ms    111.70ms       631us    75.00%
req/s           :    1698.60     1741.61     1712.73       17.82    75.00%
