starting benchmark...
spawning thread #0: 16 total client(s). Timing-based test with 0s of warm-up time and 8s of main duration for measurements.
spawning thread #1: 16 total client(s). Timing-based test with 0s of warm-up time and 8s of main duration for measurements.
spawning thread #2: 16 total client(s). Timing-based test with 0s of warm-up time and 8s of main duration for measurements.
spawning thread #3: 16 total client(s). Timing-based test with 0s of warm-up time and 8s of main duration for measurements.
Warm-up started for thread #3.
Warm-up started for thread #0.
Warm-up started for thread #2.
Warm-up started for thread #1.
progress: 6% of clients started
progress: 12% of clients started
progress: 18% of clients started
progress: 25% of clients started
progress: 31% of clients started
progress: 37% of clients started
progress: 43% of clients started
progress: 50% of clients started
progress: 56% of clients started
progress: 62% of clients started
progress: 68% of clients started
progress: 75% of clients started
progress: 81% of clients started
progress: 87% of clients started
progress: 93% of clients started
Warm-up phase is over for thread #Warm-up phase is over for thread #3.
Main benchmark duration is started for thread #3.
2.
Warm-up phase is over for thread #1.
Main benchmark duration is started for thread #1.
Main benchmark duration is started for thread #2.
progress: 100% of clients started
Warm-up phase is over for thread #0.
Main benchmark duration is started for thread #0.
Application protocol: http/1.1
Main benchmark duration is over for thread #0. Stopping all clients.
Stopped all clients for thread #0
Main benchmark duration is over for thread #2. Stopping all clients.
Stopped all clients for thread #2
Main benchmark duration is over for thread #3. Stopping all clients.
Stopped all clients for thread #3
Main benchmark duration is over for thread #1. Stopping all clients.
Stopped all clients for thread #1

finished in 8.01s, 11997.88 req/s, 468.67KB/s
requests: 95983 total, 96047 started, 95983 done, 95983 succeeded, 0 failed, 0 errored, 0 timeout
status codes: 95983 2xx, 0 3xx, 0 4xx, 0 5xx
traffic: 3.66MB (3839320) total, 1.37MB (1440180) headers (space savings 0.00%), 187.52KB (192024) data
                     min         max         mean         sd        +/- sd
time for request:      861us    102.81ms      5.33ms      2.73ms    98.75%
time for connect:        2us       407us       197us       120us    56.25%
time to 1st byte:    79.98ms    102.82ms     92.91ms      5.77ms    67.19%
req/s           :     185.66      190.59      187.41        1.08    75.00%
