starting benchmark...
spawning thread #0: 16 total client(s). Timing-based test with 0s of warm-up time and 8s of main duration for measurements.
spawning thread #1: 16 total client(s). Timing-based test with 0s of warm-up time and 8s of main duration for measurements.
spawning thread #2: 16 total client(s). Timing-based test with 0s of warm-up time and 8s of main duration for measurements.
spawning thread #3: 16 total client(s). Timing-based test with 0s of warm-up time and 8s of main duration for measurements.
Warm-up started for thread #1.Warm-up started for thread #
2.Warm-up started for thread #0.
Warm-up started for thread #3
.
progress: 6% of clients started
progress: 12% of clients started
progress: 18% of clients started
progress: 25% of clients started
progress: 31% of clients started
progress: 37% of clients started
progress: 43% of clients started
progress: 50% of clients started
progress: 56% of clients started
progress: 62% of clients started
progress: 68% of clients started
progress: 75% of clients started
progress: 81% of clients started
progress: 87% of clients started
progress: 93% of clients started
Warm-up phase is over for thread #2.
Main benchmark duration is started for thread #2.
Warm-up phase is over for thread #3.
Main benchmark duration is started for thread #3.
progress: 100% of clients started
Warm-up phase is over for thread #1.
Main benchmark duration is started for thread #1.
Warm-up phase is over for thread #0.
Main benchmark duration is started for thread #0.
Application protocol: http/1.1
Main benchmark duration is over for thread #3. Stopping all clients.
Stopped all clients for thread #3
Main benchmark duration is over for thread #1. Stopping all clients.
Stopped all clients for thread #1
Main benchmark duration is over for thread #0. Stopping all clients.
Stopped all clients for thread #0
Main benchmark duration is over for thread #2. Stopping all clients.
Stopped all clients for thread #2

finished in 8.00s, 11954.75 req/s, 466.98KB/s
requests: 95638 total, 95702 started, 95638 done, 95638 succeeded, 0 failed, 0 errored, 0 timeout
status codes: 95638 2xx, 0 3xx, 0 4xx, 0 5xx
traffic: 3.65MB (3825520) total, 1.37MB (1435035) headers (space savings 0.00%), 186.85KB (191338) data
                     min         max         mean         sd        +/- sd
time for request:     1.20ms    102.54ms      5.35ms      2.71ms    98.67%
time for connect:        2us       410us       204us       119us    57.81%
time to 1st byte:    78.98ms    102.54ms     94.27ms      6.16ms    75.00%
req/s           :     184.10      189.49      186.76        1.29    71.88%
