starting benchmark...
spawning thread #0: 16 total client(s). Timing-based test with 0s of warm-up time and 8s of main duration for measurements.
spawning thread #1: 16 total client(s). Timing-based test with 0s of warm-up time and 8s of main duration for measurements.
spawning thread #2: 16 total client(s). Timing-based test with 0s of warm-up time and 8s of main duration for measurements.
spawning thread #3: 16 total client(s). Timing-based test with 0s of warm-up time and 8s of main duration for measurements.
Warm-up started for thread #1.
Warm-up started for thread #3.
Warm-up started for thread #2.
Warm-up started for thread #0.
progress: 6% of clients started
progress: 12% of clients started
progress: 18% of clients started
progress: 25% of clients started
progress: 31% of clients started
progress: 37% of clients started
progress: 43% of clients started
progress: 50% of clients started
progress: 56% of clients started
progress: 62% of clients started
progress: 68% of clients started
progress: 75% of clients started
progress: 81% of clients started
progress: 87% of clients started
progress: 93% of clients started
Warm-up phase is over for thread #3.
Warm-up phase is over for thread #Main benchmark duration is started for thread #3.
progress: 100% of clients started
2.
Main benchmark duration is started for thread #2.Warm-up phase is over for thread #
1.
Main benchmark duration is started for thread #1.
Warm-up phase is over for thread #0.
Main benchmark duration is started for thread #0.
Application protocol: http/1.1
Main benchmark duration is over for thread #2. Stopping all clients.
Stopped all clients for thread #2
Main benchmark duration is over for thread #3. Stopping all clients.
Stopped all clients for thread #3
Main benchmark duration is over for thread #0. Stopping all clients.
Stopped all clients for thread #0
Main benchmark duration is over for thread #1. Stopping all clients.
Stopped all clients for thread #1

finished in 8.00s, 12259.25 req/s, 478.88KB/s
requests: 98074 total, 98138 started, 98074 done, 98074 succeeded, 0 failed, 0 errored, 0 timeout
status codes: 98074 2xx, 0 3xx, 0 4xx, 0 5xx
traffic: 3.74MB (3922960) total, 1.40MB (1471500) headers (space savings 0.00%), 191.60KB (196200) data
                     min         max         mean         sd        +/- sd
time for request:     1.08ms    132.32ms      5.22ms      3.51ms    98.94%
time for connect:        3us       414us       204us       123us    57.81%
time to 1st byte:   112.11ms    132.33ms    124.11ms      5.42ms    65.63%
req/s           :     187.60      196.97      191.52        2.31    53.13%
