starting benchmark...
spawning thread #0: 16 total client(s). Timing-based test with 0s of warm-up time and 8s of main duration for measurements.
spawning thread #1: 16 total client(s). Timing-based test with 0s of warm-up time and 8s of main duration for measurements.
spawning thread #2: 16 total client(s). Timing-based test with 0s of warm-up time and 8s of main duration for measurements.
spawning thread #3: 16 total client(s). Timing-based test with 0s of warm-up time and 8s of main duration for measurements.
Warm-up started for thread #1.
Warm-up started for thread #3.
Warm-up started for thread #0.
Warm-up started for thread #2.
progress: 6% of clients started
progress: 12% of clients started
progress: 18% of clients started
progress: 25% of clients started
progress: 31% of clients started
progress: 37% of clients started
progress: 43% of clients started
progress: 50% of clients started
progress: 56% of clients started
progress: 62% of clients started
progress: 68% of clients started
progress: 75% of clients started
progress: 81% of clients started
progress: 87% of clients started
progress: 93% of clients started
Warm-up phase is over for thread #1.
Main benchmark duration is started for thread #1.
progress: 100% of clients started
Warm-up phase is over for thread #2.
Main benchmark duration is started for thread #2.
Warm-up phase is over for thread #3.
Main benchmark duration is started for thread #3.
Warm-up phase is over for thread #0.
Main benchmark duration is started for thread #0.
Application protocol: http/1.1
Main benchmark duration is over for thread #1. Stopping all clients.
Stopped all clients for thread #1
Main benchmark duration is over for thread #3. Stopping all clients.
Stopped all clients for thread #3
Main benchmark duration is over for thread #0. Stopping all clients.
Stopped all clients for thread #0
Main benchmark duration is over for thread #2. Stopping all clients.
Stopped all clients for thread #2

finished in 8.00s, 11891.88 req/s, 464.53KB/s
requests: 95135 total, 95199 started, 95135 done, 95135 succeeded, 0 failed, 0 errored, 0 timeout
status codes: 95135 2xx, 0 3xx, 0 4xx, 0 5xx
traffic: 3.63MB (3805400) total, 1.36MB (1427370) headers (space savings 0.00%), 185.86KB (190316) data
                     min         max         mean         sd        +/- sd
time for request:      643us    107.18ms      5.38ms      2.77ms    98.83%
time for connect:        2us       399us       200us       115us    59.38%
time to 1st byte:    81.00ms    107.22ms     95.85ms      6.28ms    73.44%
req/s           :     183.73      190.71      185.78        1.14    78.13%
