starting benchmark...
spawning thread #0: 16 total client(s). Timing-based test with 0s of warm-up time and 8s of main duration for measurements.
spawning thread #1: 16 total client(s). Timing-based test with 0s of warm-up time and 8s of main duration for measurements.
spawning thread #2: 16 total client(s). Timing-based test with 0s of warm-up time and 8s of main duration for measurements.
spawning thread #3: 16 total client(s). Timing-based test with 0s of warm-up time and 8s of main duration for measurements.
Warm-up started for thread #3.
Warm-up started for thread #2.
Warm-up started for thread #0.
Warm-up started for thread #1.
progress: 6% of clients started
progress: 12% of clients started
progress: 18% of clients started
progress: 25% of clients started
progress: 31% of clients started
progress: 37% of clients started
progress: 43% of clients started
progress: 50% of clients started
progress: 56% of clients started
progress: 62% of clients started
progress: 68% of clients started
progress: 75% of clients started
progress: 81% of clients started
progress: 87% of clients started
progress: 93% of clients started
Warm-up phase is over for thread #3.
Main benchmark duration is started for thread #3.
Warm-up phase is over for thread #2.
Main benchmark duration is started for thread #2.
progress: 100% of clients started
Warm-up phase is over for thread #0.
Main benchmark duration is started for thread #0.
Application protocol: http/1.1
Warm-up phase is over for thread #1.
Main benchmark duration is started for thread #1.
Main benchmark duration is over for thread #3. Stopping all clients.
Stopped all clients for thread #3
Main benchmark duration is over for thread #1. Stopping all clients.
Stopped all clients for thread #1
Main benchmark duration is over for thread #0. Stopping all clients.
Stopped all clients for thread #0
Main benchmark duration is over for thread #2. Stopping all clients.
Stopped all clients for thread #2

finished in 8.00s, 12227.50 req/s, 477.64KB/s
requests: 97820 total, 97884 started, 97820 done, 97820 succeeded, 0 failed, 0 errored, 0 timeout
status codes: 97820 2xx, 0 3xx, 0 4xx, 0 5xx
traffic: 3.73MB (3912800) total, 1.40MB (1467765) headers (space savings 0.00%), 191.12KB (195702) data
                     min         max         mean         sd        +/- sd
time for request:      935us    137.59ms      5.23ms      3.37ms    99.42%
time for connect:        2us       395us       199us       117us    56.25%
time to 1st byte:   113.86ms    137.63ms    125.53ms      6.75ms    64.06%
req/s           :     189.44      192.57      191.01        0.73    65.63%
