starting benchmark...
spawning thread #0: 16 total client(s). Timing-based test with 0s of warm-up time and 8s of main duration for measurements.
spawning thread #1: 16 total client(s). Timing-based test with 0s of warm-up time and 8s of main duration for measurements.
spawning thread #2: 16 total client(s). Timing-based test with 0s of warm-up time and 8s of main duration for measurements.
spawning thread #3: 16 total client(s). Timing-based test with 0s of warm-up time and 8s of main duration for measurements.
Warm-up started for thread #Warm-up started for thread #1.
0Warm-up started for thread #3.
.
Warm-up started for thread #2.
progress: 6% of clients started
progress: 12% of clients started
progress: 18% of clients started
progress: 25% of clients started
progress: 31% of clients started
progress: 37% of clients started
progress: 43% of clients started
progress: 50% of clients started
progress: 56% of clients started
progress: 62% of clients started
progress: 68% of clients started
progress: 75% of clients started
progress: 81% of clients started
progress: 87% of clients started
Warm-up phase is over for thread #1.
Main benchmark duration is started for thread #1.
Warm-up phase is over for thread #2.
Main benchmark duration is started for thread #2.
Warm-up phase is over for thread #3.
progress: Main benchmark duration is started for thread #3.
93% of clients started
progress: 100% of clients started
Warm-up phase is over for thread #0.
Main benchmark duration is started for thread #0.
Application protocol: http/1.1
Main benchmark duration is over for thread #2. Stopping all clients.
Stopped all clients for thread #2
Main benchmark duration is over for thread #0. Stopping all clients.
Stopped all clients for thread #0
Main benchmark duration is over for thread #3. Stopping all clients.
Stopped all clients for thread #3
Main benchmark duration is over for thread #1. Stopping all clients.
Stopped all clients for thread #1

finished in 8.00s, 12079.88 req/s, 471.87KB/s
requests: 96639 total, 96703 started, 96639 done, 96639 succeeded, 0 failed, 0 errored, 0 timeout
status codes: 96639 2xx, 0 3xx, 0 4xx, 0 5xx
traffic: 3.69MB (3865560) total, 1.38MB (1449960) headers (space savings 0.00%), 188.80KB (193328) data
                     min         max         mean         sd        +/- sd
time for request:     1.20ms    101.79ms      5.30ms      2.71ms    98.82%
time for connect:        2us       411us       203us       120us    60.94%
time to 1st byte:    80.47ms    101.84ms     93.70ms      5.42ms    75.00%
req/s           :     186.09      191.20      188.72        1.10    67.19%
