=== w1-io_uring-arena-ra-builtin
TRANSPORT transport=io_uring ringSize=128 cqSize=4096 singleIssuer=true bufferRing=on [bgId=1 entries=64 chunk=8192 incremental=true batchSize=32 batchAllocation=false alloc=builtin allocClass=IoUringFixedBufferRingAllocator/AdaptiveByteBufAllocator] zeroCopyThreshold=4096 | IoUring features: CQE_F_SOCK_NONEMPTY_SUPPORTED=true, UNIX_DOMAIN_SOCKET_INQ_SUPPORTED=true, SPLICE_SUPPORTED=true, ACCEPT_NO_WAIT_SUPPORTED=true, ACCEPT_MULTISHOT_SUPPORTED=true, POLL_ADD_MULTISHOT_SUPPORTED=true, RECV_MULTISHOT_SUPPORTED=true, IORING_RECVSEND_BUNDLE_SUPPORTED=true, REGISTER_IOWQ_MAX_WORKERS_SUPPORTED=true, SETUP_SUBMIT_ALL_SUPPORTED=true, SETUP_CQE_MIXED_SUPPORTED=true, SETUP_CQ_SIZE_SUPPORTED=true, SETUP_SINGLE_ISSUER_SUPPORTED=true, SETUP_DEFER_TASKRUN_SUPPORTED=true, SETUP_NO_SQARRAY_SUPPORTED=true, REGISTER_BUFFER_RING_SUPPORTED=true, REGISTER_BUFFER_RING_INC_SUPPORTED=true, SEND_ZC_SUPPORTED=true, SENDMSG_ZC_SUPPORTED=true, ENTER_NO_IOWAIT_SUPPORTED=true
WINDOW DONE
-rw-r--r--. 1 forked_franz forked_franz 5139995 Sep 23 08:41 /home/forked_franz/IdeaProjects/netty-eventloop-arena-poc/results/ryzen9-7950x-node0/arena-v3/uring-ringalloc/topology/w1-io_uring-arena-ra-builtin.jfr
Main benchmark duration is started for thread #0.
Application protocol: http/1.1
Main benchmark duration is over for thread #1. Stopping all clients.
Stopped all clients for thread #1
Main benchmark duration is over for thread #3. Stopping all clients.
Stopped all clients for thread #3
Main benchmark duration is over for thread #2. Stopping all clients.
Stopped all clients for thread #2
Main benchmark duration is over for thread #0. Stopping all clients.
Stopped all clients for thread #0

finished in 8.00s, 94594.12 req/s, 408.80MB/s
requests: 756753 total, 756817 started, 756753 done, 756753 succeeded, 0 failed, 0 errored, 0 timeout
status codes: 756769 2xx, 0 3xx, 0 4xx, 0 5xx
traffic: 3.19GB (3429230866) total, 84.44MB (88543611) headers (space savings 0.00%), 3.08GB (3311253661) data
                     min         max         mean         sd        +/- sd
time for request:       76us     75.40ms       676us       910us    98.09%
time for connect:        2us       199us       102us        58us    57.81%
time to 1st byte:    71.39ms     75.42ms     73.87ms      1.45ms    62.50%
req/s           :    1458.30     1502.04     1477.97       11.42    67.19%
dumped 165481 events -> /home/forked_franz/IdeaProjects/netty-eventloop-arena-poc/results/ryzen9-7950x-node0/arena-v3/uring-ringalloc/topology/w1-io_uring-arena-ra-builtin.tsv
================================================================================================
WORKLOAD w1-io_uring-arena-ra-builtin   (w1-io_uring-arena-ra-builtin.tsv)
================================================================================================
events: AllocateBuffer=79634 FreeBuffer=79651 ReallocateBuffer=0 IterationEnd=6196
pairs=79506  unpaired releases (alloc before window)=145  still live at window end=128  truncated stacks=79506  address reused with no release event=0
BALANCE CHECK: allocs(79634) - pairs(79506) - live-at-end(128) - reuse(0) = 0  (must be 0)
event-loop threads with markers: 4  iterations total=6196  with reads>0=457 (7.4%)

(a) lifetime in event-loop ITERATIONS of the allocating thread
     iters : 0=82.43%  1=16.27%  2-3=0.06%  4-7=0.10%  8+=1.14%
  read-its : 0=82.43%  1=16.62%  2-3=0.49%  4-7=0.36%  8+=0.10%   (only iterations that saw >=1 channelRead)
  iters p50=0 p90=1 p99=21 p99.9=742 max=898
  wall-clock lifetime us: p50=2427.8 p90=3909.1 p99=7319.6 p99.9=9330.7 max=14028.3

(b) released on the allocating thread: 100.000%  (cross-thread: 0)

(c) nesting class at release: only=0.00%  youngest=0.00%  oldest=92.51%  middle=7.49%
     within same-iteration releases (65537, 82.43% of all): only=0.00%  youngest=0.00%  oldest=93.50%  middle=6.50%

(d) size bucket (power-of-two ceiling of the requested capacity)
     8192=96.35%  256=3.65%
     exact sizes: 8192=92.60%  208=3.65%  4381=1.88%  4370=1.87%  4392=0.00%

(e) release cause (first non-allocator frame of the FreeBuffer stack)
     handler                 90.451%  top site: io.netty.channel.SimpleChannelInboundHandler.channelRead
     other:io.netty.channel.uring.IoUringSocketChannel$IoUringSocketUnsafe.handleWriteCompleteZeroCopy   3.754%  top site: io.netty.channel.uring.IoUringSocketChannel$IoUringSocketUnsafe.handleWriteCompleteZeroCopy
     write-completion         3.645%  top site: io.netty.channel.ChannelOutboundBuffer.remove
     decoder/cumulation       2.150%  top site: io.netty.handler.codec.ByteToMessageDecoder.expandCumulation

    cause x lifetime-in-iterations (row %% of all pairs)
    cause                         0        1      2-3      4-7       8+     share
    handler                 75.399%  13.770%   0.059%   0.101%   1.122%   90.451%
    other:io.netty.channel.uring.IoUringSocketChannel$IoUringSocketUnsafe.handleWriteCompleteZeroCopy   2.338%   1.416%   0.000%   0.000%   0.000%    3.754%
    write-completion         2.941%   0.704%   0.000%   0.000%   0.000%    3.645%
    decoder/cumulation       1.752%   0.377%   0.000%   0.001%   0.019%    2.150%

    cause x size bucket (row %% of all pairs)
    cause                       8192       256
    handler                  90.451%    0.000%
    other:io.netty.channel.uring.IoUringSocketChannel$IoUringSocketUnsafe.handleWriteCompleteZeroCopy    3.754%    0.000%
    write-completion          0.000%    3.645%
    decoder/cumulation        2.150%    0.000%

    max lifetime: 898 iterations (2920.5 us), size=8192, cause=handler, site=io.netty.channel.SimpleChannelInboundHandler.channelRead
    max wall-clock: 14028.3 us (1 iterations), size=8192, cause=handler

(f) live buffers at end of iteration, per event-loop thread
    thread                          iters  avgLive  maxLive   avgAlloc maxAlloc
    multiThreadIoEventLoopGroup-3-1     2448    32.19       57       8.26      381
    multiThreadIoEventLoopGroup-3-2     1610    32.27       59      11.99      378
    multiThreadIoEventLoopGroup-3-3      556    32.65       57      35.16      408
    multiThreadIoEventLoopGroup-3-4     1582    32.27       58      12.85      387
    live-at-marker over all markers: mean=32.272 p50=32 p90=32 p99=51 p99.9=57 max=59 ; markers with >0 live=6196 (100.00%)
    allocations per iteration (all EL threads): mean=12.81 p50=0 p90=0 p99=263 max=408  zero-alloc iterations=92.8%
    channelReads per iteration: mean=35.29 p50=0 p90=0 p99=656 max=770

(g) the buffers that DO cross an iteration boundary (13969, 17.570% of pairs)
     io.netty.channel.SimpleChannelInboundHandler.channelRead   15.052% of all  iters p50=1 p99=406 max=898  bytes=93.5 MiB
     io.netty.channel.uring.IoUringSocketChannel$IoUringSocketU  1.416% of all  iters p50=1 p99=1 max=1  bytes=4.7 MiB
     io.netty.channel.ChannelOutboundBuffer.remove               0.704% of all  iters p50=1 p99=1 max=1  bytes=0.1 MiB
     io.netty.handler.codec.ByteToMessageDecoder.expandCumulati  0.366% of all  iters p50=1 p99=785 max=898  bytes=2.3 MiB
     io.netty.handler.codec.ByteToMessageDecoder.channelRead     0.023% of all  iters p50=1 p99=54 max=54  bytes=0.1 MiB
     io.netty.handler.codec.ByteToMessageDecoder$1.cumulate      0.009% of all  iters p50=1 p99=1 max=1  bytes=0.1 MiB
     sizes of the crossing buffers: 8192=95.99%  256=4.01%
     bytes held across a boundary: 100.8 MiB of 588.2 MiB allocated in the window (17.13%)

    diagnostics: pairs whose stack had no non-plumbing frame=0 (0.000%); pairs crossing >=1 marker=13969 (17.570%)

HEADLINE CLASSIFICATION
    ii-same-iter-out-of-order                 82.430%  (65537)
    vi-cross-iter-other:handler               15.052%  (11967)
    vi-cross-iter-other:other:io.netty.channel.uring.IoUringSocketChannel$IoUringSocketUnsafe.handleWriteCompleteZeroCopy   1.416%  (1126)
    iii-cross-iter-write-completion            0.704%  (560)
    iv-cross-iter-cumulation/aggregation       0.397%  (316)
=== w3-io_uring-arena-ra-builtin
TRANSPORT transport=io_uring ringSize=128 cqSize=4096 singleIssuer=true bufferRing=on [bgId=1 entries=64 chunk=8192 incremental=true batchSize=32 batchAllocation=false alloc=builtin allocClass=IoUringFixedBufferRingAllocator/AdaptiveByteBufAllocator] zeroCopyThreshold=4096 | IoUring features: CQE_F_SOCK_NONEMPTY_SUPPORTED=true, UNIX_DOMAIN_SOCKET_INQ_SUPPORTED=true, SPLICE_SUPPORTED=true, ACCEPT_NO_WAIT_SUPPORTED=true, ACCEPT_MULTISHOT_SUPPORTED=true, POLL_ADD_MULTISHOT_SUPPORTED=true, RECV_MULTISHOT_SUPPORTED=true, IORING_RECVSEND_BUNDLE_SUPPORTED=true, REGISTER_IOWQ_MAX_WORKERS_SUPPORTED=true, SETUP_SUBMIT_ALL_SUPPORTED=true, SETUP_CQE_MIXED_SUPPORTED=true, SETUP_CQ_SIZE_SUPPORTED=true, SETUP_SINGLE_ISSUER_SUPPORTED=true, SETUP_DEFER_TASKRUN_SUPPORTED=true, SETUP_NO_SQARRAY_SUPPORTED=true, REGISTER_BUFFER_RING_SUPPORTED=true, REGISTER_BUFFER_RING_INC_SUPPORTED=true, SEND_ZC_SUPPORTED=true, SENDMSG_ZC_SUPPORTED=true, ENTER_NO_IOWAIT_SUPPORTED=true
WINDOW DONE
-rw-r--r--. 1 forked_franz forked_franz 16894066 Sep 23 08:42 /home/forked_franz/IdeaProjects/netty-eventloop-arena-poc/results/ryzen9-7950x-node0/arena-v3/uring-ringalloc/topology/w3-io_uring-arena-ra-builtin.jfr
1.
Main benchmark duration is started for thread #2.
Main benchmark duration is over for thread #Main benchmark duration is over for thread #10. Stopping all clients.. Stopping all clients.

Main benchmark duration is over for thread #3. Stopping all clients.
Stopped all clients for thread #0
Stopped all clients for thread #Main benchmark duration is over for thread #12. Stopping all clients.

Stopped all clients for thread #2
Stopped all clients for thread #3

finished in 8.00s, 17772.88 req/s, 1.10GB/s
requests: 142183 total, 142311 started, 142183 done, 142183 succeeded, 0 failed, 0 errored, 0 timeout
status codes: 142304 2xx, 0 3xx, 0 4xx, 0 5xx
traffic: 8.76GB (9407773059) total, 138.97KB (142304) headers (space savings 90.00%), 8.68GB (9321765521) data
                     min         max         mean         sd        +/- sd
time for request:     3.74ms    250.59ms      7.17ms      9.04ms    97.52%
time for connect:       13us        46us        27us        12us    50.00%
time to 1st byte:   144.35ms    145.11ms    144.68ms       335us    62.50%
req/s           :    2188.84     2281.32     2221.57       37.57    75.00%
dumped 523664 events -> /home/forked_franz/IdeaProjects/netty-eventloop-arena-poc/results/ryzen9-7950x-node0/arena-v3/uring-ringalloc/topology/w3-io_uring-arena-ra-builtin.tsv
================================================================================================
WORKLOAD w3-io_uring-arena-ra-builtin   (w3-io_uring-arena-ra-builtin.tsv)
================================================================================================
events: AllocateBuffer=260793 FreeBuffer=237748 ReallocateBuffer=23046 IterationEnd=2077
pairs=260329  unpaired releases (alloc before window)=465  still live at window end=464  truncated stacks=237283  address reused with no release event=0
BALANCE CHECK: allocs(260793) - pairs(260329) - live-at-end(464) - reuse(0) = 0  (must be 0)
event-loop threads with markers: 4  iterations total=2077  with reads>0=518 (24.9%)

(a) lifetime in event-loop ITERATIONS of the allocating thread
     iters : 0=77.53%  1=21.34%  2-3=0.14%  4-7=0.13%  8+=0.86%
  read-its : 0=77.53%  1=22.01%  2-3=0.46%  4-7=0.00%  8+=0.00%   (only iterations that saw >=1 channelRead)
  iters p50=0 p90=1 p99=3 p99.9=196 max=256
  wall-clock lifetime us: p50=1408.0 p90=7302.7 p99=16410.7 p99.9=34096.0 max=78863.2

(b) released on the allocating thread: 100.000%  (cross-thread: 0)

(c) nesting class at release: only=0.00%  youngest=0.00%  oldest=1.94%  middle=98.06%
     within same-iteration releases (201837, 77.53% of all): only=0.00%  youngest=0.00%  oldest=0.32%  middle=99.68%

(d) size bucket (power-of-two ceiling of the requested capacity)
     32768=23.76%  16384=12.88%  8192=63.36%
     exact sizes: 8192=63.36%  32768=23.76%  16384=12.88%

(e) release cause (first non-allocator frame of the FreeBuffer stack)
     decoder/cumulation      57.791%  top site: io.netty.handler.codec.ByteToMessageDecoder$1.cumulate
     other:no-site           33.251%  top site: io.netty.buffer.CompositeByteBuf$Component.free
     realloc-grow             8.853%  top site: io.netty.buffer.AdaptiveByteBuf.capacity
     write-completion         0.105%  top site: io.netty.channel.ChannelOutboundBuffer.remove

    cause x lifetime-in-iterations (row %% of all pairs)
    cause                         0        1      2-3      4-7       8+     share
    decoder/cumulation      52.041%   5.469%   0.013%   0.033%   0.234%   57.791%
    other:no-site           16.598%  15.812%   0.127%   0.093%   0.622%   33.251%
    realloc-grow             8.852%   0.000%   0.000%   0.000%   0.000%    8.853%
    write-completion         0.040%   0.061%   0.001%   0.001%   0.003%    0.105%

    cause x size bucket (row %% of all pairs)
    cause                       8192     32768     16384
    decoder/cumulation       57.791%    0.000%    0.000%
    other:no-site             5.568%   23.667%    4.017%
    realloc-grow              0.000%    0.000%    8.853%
    write-completion          0.000%    0.096%    0.009%

    max lifetime: 256 iterations (4545.1 us), size=32768, cause=other:no-site, site=io.netty.buffer.CompositeByteBuf$Component.free
    max wall-clock: 78863.2 us (1 iterations), size=8192, cause=other:no-site

(f) live buffers at end of iteration, per event-loop thread
    thread                          iters  avgLive  maxLive   avgAlloc maxAlloc
    multiThreadIoEventLoopGroup-3-1      285   118.54      135     229.67      638
    multiThreadIoEventLoopGroup-3-2      701   113.09      136      90.51      629
    multiThreadIoEventLoopGroup-3-3      607   114.91      134     113.58      627
    multiThreadIoEventLoopGroup-3-4      484   117.51      130     127.69      645
    live-at-marker over all markers: mean=115.398 p50=117 p90=123 p99=128 p99.9=134 max=136 ; markers with >0 live=2077 (100.00%)
    allocations per iteration (all EL threads): mean=125.01 p50=0 p90=531 p99=604 max=645  zero-alloc iterations=75.1%
    channelReads per iteration: mean=104.31 p50=0 p90=442 p99=478 max=501

(g) the buffers that DO cross an iteration boundary (58492, 22.468% of pairs)
     io.netty.buffer.CompositeByteBuf$Component.free            16.654% of all  iters p50=1 p99=99 max=256  bytes=991.8 MiB
     io.netty.handler.codec.ByteToMessageDecoder$1.cumulate      5.248% of all  iters p50=1 p99=98 max=245  bytes=106.7 MiB
     io.netty.handler.codec.ByteToMessageDecoder.expandCumulati  0.498% of all  iters p50=1 p99=160 max=245  bytes=10.1 MiB
     io.netty.channel.ChannelOutboundBuffer.remove               0.065% of all  iters p50=1 p99=235 max=245  bytes=5.1 MiB
     io.netty.handler.codec.ByteToMessageDecoder.channelRead     0.003% of all  iters p50=1 p99=27 max=27  bytes=0.1 MiB
     io.netty.buffer.AdaptiveByteBuf.capacity                    0.000% of all  iters p50=1 p99=1 max=1  bytes=0.0 MiB
     sizes of the crossing buffers: 32768=44.45%  16384=10.41%  8192=45.15%
     bytes held across a boundary: 1113.9 MiB of 3745.6 MiB allocated in the window (29.74%)

    diagnostics: pairs whose stack had no non-plumbing frame=86563 (33.251%); pairs crossing >=1 marker=58492 (22.468%)

HEADLINE CLASSIFICATION
    ii-same-iter-out-of-order                 77.532%  (201837)
    vi-cross-iter-other:other:no-site         16.654%  (43354)
    iv-cross-iter-cumulation/aggregation       5.749%  (14967)
    iii-cross-iter-write-completion            0.065%  (170)
    vi-cross-iter-other:realloc-grow           0.000%  (1)
=== w5-io_uring-arena-ra-builtin
TRANSPORT transport=io_uring ringSize=128 cqSize=4096 singleIssuer=true bufferRing=on [bgId=1 entries=64 chunk=8192 incremental=true batchSize=32 batchAllocation=false alloc=builtin allocClass=IoUringFixedBufferRingAllocator/AdaptiveByteBufAllocator] zeroCopyThreshold=4096 | IoUring features: CQE_F_SOCK_NONEMPTY_SUPPORTED=true, UNIX_DOMAIN_SOCKET_INQ_SUPPORTED=true, SPLICE_SUPPORTED=true, ACCEPT_NO_WAIT_SUPPORTED=true, ACCEPT_MULTISHOT_SUPPORTED=true, POLL_ADD_MULTISHOT_SUPPORTED=true, RECV_MULTISHOT_SUPPORTED=true, IORING_RECVSEND_BUNDLE_SUPPORTED=true, REGISTER_IOWQ_MAX_WORKERS_SUPPORTED=true, SETUP_SUBMIT_ALL_SUPPORTED=true, SETUP_CQE_MIXED_SUPPORTED=true, SETUP_CQ_SIZE_SUPPORTED=true, SETUP_SINGLE_ISSUER_SUPPORTED=true, SETUP_DEFER_TASKRUN_SUPPORTED=true, SETUP_NO_SQARRAY_SUPPORTED=true, REGISTER_BUFFER_RING_SUPPORTED=true, REGISTER_BUFFER_RING_INC_SUPPORTED=true, SEND_ZC_SUPPORTED=true, SENDMSG_ZC_SUPPORTED=true, ENTER_NO_IOWAIT_SUPPORTED=true
WINDOW DONE
-rw-r--r--. 1 forked_franz forked_franz 93785807 Sep 23 08:42 /home/forked_franz/IdeaProjects/netty-eventloop-arena-poc/results/ryzen9-7950x-node0/arena-v3/uring-ringalloc/topology/w5-io_uring-arena-ra-builtin.jfr
Main benchmark duration is started for thread #0.
Application protocol: http/1.1
Main benchmark duration is over for thread #0. Stopping all clients.
Stopped all clients for thread #0
Main benchmark duration is over for thread #2. Stopping all clients.
Stopped all clients for thread #2
Main benchmark duration is over for thread #3. Stopping all clients.
Stopped all clients for thread #3
Main benchmark duration is over for thread #1. Stopping all clients.
Stopped all clients for thread #1

finished in 8.00s, 11953.75 req/s, 466.94KB/s
requests: 95630 total, 95694 started, 95630 done, 95630 succeeded, 0 failed, 0 errored, 0 timeout
status codes: 95630 2xx, 0 3xx, 0 4xx, 0 5xx
traffic: 3.65MB (3825200) total, 1.37MB (1434885) headers (space savings 0.00%), 186.83KB (191318) data
                     min         max         mean         sd        +/- sd
time for request:     1.11ms    134.17ms      5.35ms      3.59ms    98.18%
time for connect:        2us       397us       200us       117us    57.81%
time to 1st byte:   114.20ms    134.18ms    125.72ms      5.12ms    64.06%
req/s           :     184.43      189.43      186.73        1.33    64.06%
dumped 5718153 events -> /home/forked_franz/IdeaProjects/netty-eventloop-arena-poc/results/ryzen9-7950x-node0/arena-v3/uring-ringalloc/topology/w5-io_uring-arena-ra-builtin.tsv
================================================================================================
WORKLOAD w5-io_uring-arena-ra-builtin   (w5-io_uring-arena-ra-builtin.tsv)
================================================================================================
events: AllocateBuffer=640047 FreeBuffer=640021 ReallocateBuffer=0 IterationEnd=4438085
pairs=639706  unpaired releases (alloc before window)=315  still live at window end=341  truncated stacks=639706  address reused with no release event=0
BALANCE CHECK: allocs(640047) - pairs(639706) - live-at-end(341) - reuse(0) = 0  (must be 0)
event-loop threads with markers: 4  iterations total=4438085  with reads>0=82079 (1.8%)

(a) lifetime in event-loop ITERATIONS of the allocating thread
     iters : 0=31.54%  1=0.53%  2-3=0.17%  4-7=0.39%  8+=67.37%
  read-its : 0=31.54%  1=2.47%  2-3=4.18%  4-7=8.59%  8+=53.23%   (only iterations that saw >=1 channelRead)
  iters p50=240 p90=1443 p99=2676 p99.9=3431 max=3816
  wall-clock lifetime us: p50=783.6 p90=1266.8 p99=1714.2 p99.9=4704.0 max=11428.5

(b) released on the allocating thread: 100.000%  (cross-thread: 0)

(c) nesting class at release: only=0.00%  youngest=0.00%  oldest=84.08%  middle=15.92%
     within same-iteration releases (201780, 31.54% of all): only=0.00%  youngest=0.00%  oldest=80.34%  middle=19.66%

(d) size bucket (power-of-two ceiling of the requested capacity)
     16384=0.03%  8192=99.97%
     exact sizes: 8192=99.97%  16384=0.03%

(e) release cause (first non-allocator frame of the FreeBuffer stack)
     aggregator              99.934%  top site: io.netty.handler.codec.http.HttpObjectAggregator$AggregatedFullHttpMessage.release
     decoder/cumulation       0.059%  top site: io.netty.handler.codec.ByteToMessageDecoder$1.cumulate
     other:no-site            0.008%  top site: io.netty.buffer.CompositeByteBuf$Component.free

    cause x lifetime-in-iterations (row %% of all pairs)
    cause                         0        1      2-3      4-7       8+     share
    aggregator              31.523%   0.530%   0.171%   0.387%  67.322%   99.934%
    decoder/cumulation       0.017%   0.000%   0.000%   0.000%   0.042%    0.059%
    other:no-site            0.003%   0.000%   0.000%   0.000%   0.004%    0.008%

    cause x size bucket (row %% of all pairs)
    cause                       8192     16384
    aggregator               99.901%    0.033%
    decoder/cumulation        0.059%    0.000%
    other:no-site             0.008%    0.000%

    max lifetime: 3816 iterations (1608.9 us), size=8192, cause=aggregator, site=io.netty.handler.codec.http.HttpObjectAggregator$AggregatedFullHttpMessage.release
    max wall-clock: 11428.5 us (0 iterations), size=8192, cause=aggregator

(f) live buffers at end of iteration, per event-loop thread
    thread                          iters  avgLive  maxLive   avgAlloc maxAlloc
    multiThreadIoEventLoopGroup-3-1  1192096    79.36      124       0.14     4098
    multiThreadIoEventLoopGroup-3-2  1123340    71.11      124       0.14     4098
    multiThreadIoEventLoopGroup-3-3  1076131    71.97      127       0.15     4098
    multiThreadIoEventLoopGroup-3-4  1046518    71.22      126       0.15     4098
    live-at-marker over all markers: mean=73.558 p50=66 p90=92 p99=102 p99.9=118 max=127 ; markers with >0 live=4438085 (100.00%)
    allocations per iteration (all EL threads): mean=0.14 p50=0 p90=0 p99=2 max=4098  zero-alloc iterations=98.2%
    channelReads per iteration: mean=0.18 p50=0 p90=0 p99=3 max=4225

(g) the buffers that DO cross an iteration boundary (437926, 68.457% of pairs)
     io.netty.handler.codec.http.HttpObjectAggregator$Aggregate 68.411% of all  iters p50=580 p99=2847 max=3816  bytes=3419.8 MiB
     io.netty.handler.codec.ByteToMessageDecoder$1.cumulate      0.024% of all  iters p50=521 p99=2652 max=2763  bytes=1.2 MiB
     io.netty.handler.codec.ByteToMessageDecoder.expandCumulati  0.017% of all  iters p50=514 p99=2469 max=2652  bytes=0.9 MiB
     io.netty.buffer.CompositeByteBuf$Component.free             0.005% of all  iters p50=437 p99=2708 max=2708  bytes=0.2 MiB
     io.netty.handler.codec.ByteToMessageDecoder.channelRead     0.000% of all  iters p50=1231 p99=1231 max=1231  bytes=0.0 MiB
     sizes of the crossing buffers: 16384=0.02%  8192=99.98%
     bytes held across a boundary: 3422.1 MiB of 4999.3 MiB allocated in the window (68.45%)

    diagnostics: pairs whose stack had no non-plumbing frame=50 (0.008%); pairs crossing >=1 marker=437926 (68.457%)

HEADLINE CLASSIFICATION
    iv-cross-iter-cumulation/aggregation      68.453%  (437897)
    ii-same-iter-out-of-order                 31.543%  (201780)
    vi-cross-iter-other:other:no-site          0.005%  (29)

== ARENATELE / RINGTELE lines, io_uring ==
RINGTELE transport=io_uring bufferRing=on ringAllocs=380098 ringReads=1121892 ringReadBytes=3112736145 bgId=1 entries=64 chunk=8192 incremental=true batchSize=32 batchAllocation=false alloc=same allocClass=AdaptiveByteBufAllocator
RINGTELE transport=io_uring bufferRing=on ringAllocs=385579 ringReads=1138076 ringReadBytes=3157626840 bgId=1 entries=64 chunk=8192 incremental=true batchSize=32 batchAllocation=false alloc=adaptive allocClass=AdaptiveByteBufAllocator
ARENATELE blockSize=262144 maxBlocks=8 cap=8192 maxObjects=16384 debug=false ring=false ringStats=false arenaHeap=0 arenaDirect=1501920 delegateHeap=0 delegateDirect=11842 arenaShare=99.22% blocksHeap=4 blocksDirect=32 pinned=0 reusable=28 maxPinnedHeap=0 maxPinnedDirect=9 blockReuses=13239 blockGrowths=28 blockSwitches=13584 ringWraps=0 ringResets=0 ringScans=0 ringReentries=0 ringStalls=0 stallBytes=0 strandedBytes=0 strandedShare=n/a holes<=256=0 holes<=1k=0 holes<=4k=0 holes<=8k=0 holes>8k=0 hooks=2910 hookRejections=0 violations=0 earlyReuses=0 reallocInPlace=0 reallocMoved=0 reallocDelegated=0 trims=0 trimmedBlocks=0 leakedBlocks=0 objects=128 bytesHeap=0 bytesDirect=3575816216 liveHeap=0 liveDirect=0
RINGTELE transport=io_uring bufferRing=on ringAllocs=387678 ringReads=1144274 ringReadBytes=3174826340 bgId=1 entries=64 chunk=8192 incremental=true batchSize=32 batchAllocation=false alloc=builtin allocClass=IoUringFixedBufferRingAllocator/AdaptiveByteBufAllocator
ARENATELE blockSize=262144 maxBlocks=8 cap=8192 maxObjects=16384 debug=false ring=false ringStats=false arenaHeap=0 arenaDirect=1508852 delegateHeap=0 delegateDirect=13187 arenaShare=99.13% blocksHeap=4 blocksDirect=32 pinned=0 reusable=28 maxPinnedHeap=0 maxPinnedDirect=8 blockReuses=13278 blockGrowths=28 blockSwitches=13631 ringWraps=0 ringResets=0 ringScans=0 ringReentries=0 ringStalls=0 stallBytes=0 strandedBytes=0 strandedShare=n/a holes<=256=0 holes<=1k=0 holes<=4k=0 holes<=8k=0 holes>8k=0 hooks=2787 hookRejections=0 violations=0 earlyReuses=0 reallocInPlace=0 reallocMoved=0 reallocDelegated=0 trims=0 trimmedBlocks=0 leakedBlocks=0 objects=128 bytesHeap=0 bytesDirect=3594177216 liveHeap=0 liveDirect=0
RINGTELE transport=io_uring bufferRing=on ringAllocs=802626 ringReads=1072042 ringReadBytes=6574077970 bgId=1 entries=64 chunk=8192 incremental=true batchSize=32 batchAllocation=false alloc=same allocClass=AdaptiveByteBufAllocator
RINGTELE transport=io_uring bufferRing=on ringAllocs=1136514 ringReads=1528921 ringReadBytes=9309295819 bgId=1 entries=64 chunk=8192 incremental=true batchSize=32 batchAllocation=false alloc=adaptive allocClass=AdaptiveByteBufAllocator
ARENATELE blockSize=262144 maxBlocks=8 cap=8192 maxObjects=16384 debug=false ring=false ringStats=false arenaHeap=0 arenaDirect=9409070 delegateHeap=0 delegateDirect=524260 arenaShare=94.72% blocksHeap=4 blocksDirect=8 pinned=0 reusable=4 maxPinnedHeap=0 maxPinnedDirect=8 blockReuses=331 blockGrowths=4 blockSwitches=335 ringWraps=0 ringResets=0 ringScans=0 ringReentries=0 ringStalls=0 stallBytes=0 strandedBytes=0 strandedShare=n/a holes<=256=0 holes<=1k=0 holes<=4k=0 holes<=8k=0 holes>8k=0 hooks=5886 hookRejections=0 violations=0 earlyReuses=0 reallocInPlace=156 reallocMoved=0 reallocDelegated=6 trims=0 trimmedBlocks=0 leakedBlocks=0 objects=505 bytesHeap=0 bytesDirect=189147136 liveHeap=0 liveDirect=0
RINGTELE transport=io_uring bufferRing=on ringAllocs=1146232 ringReads=1511527 ringReadBytes=9388893224 bgId=1 entries=64 chunk=8192 incremental=true batchSize=32 batchAllocation=false alloc=builtin allocClass=IoUringFixedBufferRingAllocator/AdaptiveByteBufAllocator
ARENATELE blockSize=262144 maxBlocks=8 cap=8192 maxObjects=16384 debug=false ring=false ringStats=false arenaHeap=0 arenaDirect=9554227 delegateHeap=0 delegateDirect=522410 arenaShare=94.82% blocksHeap=4 blocksDirect=8 pinned=0 reusable=4 maxPinnedHeap=0 maxPinnedDirect=8 blockReuses=438 blockGrowths=4 blockSwitches=442 ringWraps=0 ringResets=0 ringScans=0 ringReentries=0 ringStalls=0 stallBytes=0 strandedBytes=0 strandedShare=n/a holes<=256=0 holes<=1k=0 holes<=4k=0 holes<=8k=0 holes>8k=0 hooks=5518 hookRejections=0 violations=0 earlyReuses=0 reallocInPlace=86 reallocMoved=0 reallocDelegated=5 trims=0 trimmedBlocks=0 leakedBlocks=0 objects=508 bytesHeap=0 bytesDirect=190663608 liveHeap=0 liveDirect=0
RINGTELE transport=io_uring bufferRing=on ringAllocs=3055255 ringReads=4131185 ringReadBytes=25026567870 bgId=1 entries=64 chunk=8192 incremental=true batchSize=32 batchAllocation=false alloc=same allocClass=AdaptiveByteBufAllocator
RINGTELE transport=io_uring bufferRing=on ringAllocs=3046169 ringReads=4118260 ringReadBytes=24952138230 bgId=1 entries=64 chunk=8192 incremental=true batchSize=32 batchAllocation=false alloc=adaptive allocClass=AdaptiveByteBufAllocator
ARENATELE blockSize=262144 maxBlocks=8 cap=8192 maxObjects=16384 debug=false ring=false ringStats=false arenaHeap=0 arenaDirect=190296 delegateHeap=0 delegateDirect=1014 arenaShare=99.47% blocksHeap=4 blocksDirect=4 pinned=0 reusable=0 maxPinnedHeap=0 maxPinnedDirect=4 blockReuses=0 blockGrowths=0 blockSwitches=0 ringWraps=0 ringResets=0 ringScans=0 ringReentries=0 ringStalls=0 stallBytes=0 strandedBytes=0 strandedShare=n/a holes<=256=0 holes<=1k=0 holes<=4k=0 holes<=8k=0 holes>8k=0 hooks=62573 hookRejections=0 violations=0 earlyReuses=0 reallocInPlace=0 reallocMoved=0 reallocDelegated=0 trims=0 trimmedBlocks=0 leakedBlocks=0 objects=29 bytesHeap=0 bytesDirect=6168768 liveHeap=0 liveDirect=0
RINGTELE transport=io_uring bufferRing=on ringAllocs=3062863 ringReads=4166676 ringReadBytes=25088883270 bgId=1 entries=64 chunk=8192 incremental=true batchSize=32 batchAllocation=false alloc=builtin allocClass=IoUringFixedBufferRingAllocator/AdaptiveByteBufAllocator
ARENATELE blockSize=262144 maxBlocks=8 cap=8192 maxObjects=16384 debug=false ring=false ringStats=false arenaHeap=0 arenaDirect=191340 delegateHeap=0 delegateDirect=1016 arenaShare=99.47% blocksHeap=4 blocksDirect=4 pinned=0 reusable=0 maxPinnedHeap=0 maxPinnedDirect=4 blockReuses=0 blockGrowths=0 blockSwitches=0 ringWraps=0 ringResets=0 ringScans=0 ringReentries=0 ringStalls=0 stallBytes=0 strandedBytes=0 strandedShare=n/a holes<=256=0 holes<=1k=0 holes<=4k=0 holes<=8k=0 holes>8k=0 hooks=65416 hookRejections=0 violations=0 earlyReuses=0 reallocInPlace=0 reallocMoved=0 reallocDelegated=0 trims=0 trimmedBlocks=0 leakedBlocks=0 objects=31 bytesHeap=0 bytesDirect=6218496 liveHeap=0 liveDirect=0
