starting benchmark...
spawning thread #0: 16 total client(s). Timing-based test with 0s of warm-up time and 8s of main duration for measurements.
spawning thread #1: 16 total client(s). Timing-based test with 0s of warm-up time and 8s of main duration for measurements.
spawning thread #2: 16 total client(s). Timing-based test with 0s of warm-up time and 8s of main duration for measurements.
spawning thread #3: 16 total client(s). Timing-based test with 0s of warm-up time and 8s of main duration for measurements.
Warm-up started for thread #3.
Warm-up started for thread #0.
Warm-up started for thread #2.
Warm-up started for thread #1.
progress: 6% of clients started
progress: 12% of clients started
progress: 18% of clients started
progress: 25% of clients started
progress: 31% of clients started
progress: 37% of clients started
progress: 43% of clients started
progress: 50% of clients started
progress: 56% of clients started
progress: 62% of clients started
progress: 68% of clients started
progress: 75% of clients started
progress: 81% of clients started
progress: 87% of clients started
progress: 93% of clients started
Warm-up phase is over for thread #2.
Main benchmark duration is started for thread #2.
Warm-up phase is over for thread #3.
Warm-up phase is over for thread #1.
Main benchmark duration is started for thread #1.
Main benchmark duration is started for thread #3.
progress: 100% of clients started
Warm-up phase is over for thread #0.
Main benchmark duration is started for thread #0.
Application protocol: http/1.1
Main benchmark duration is over for thread #1. Stopping all clients.
Stopped all clients for thread #1
Main benchmark duration is over for thread #3. Stopping all clients.
Stopped all clients for thread #3
Main benchmark duration is over for thread #2. Stopping all clients.
Stopped all clients for thread #2
Main benchmark duration is over for thread #0. Stopping all clients.
Stopped all clients for thread #0

finished in 8.00s, 94594.12 req/s, 408.80MB/s
requests: 756753 total, 756817 started, 756753 done, 756753 succeeded, 0 failed, 0 errored, 0 timeout
status codes: 756769 2xx, 0 3xx, 0 4xx, 0 5xx
traffic: 3.19GB (3429230866) total, 84.44MB (88543611) headers (space savings 0.00%), 3.08GB (3311253661) data
                     min         max         mean         sd        +/- sd
time for request:       76us     75.40ms       676us       910us    98.09%
time for connect:        2us       199us       102us        58us    57.81%
time to 1st byte:    71.39ms     75.42ms     73.87ms      1.45ms    62.50%
req/s           :    1458.30     1502.04     1477.97       11.42    67.19%
