starting benchmark...
spawning thread #0: 16 total client(s). Timing-based test with 0s of warm-up time and 8s of main duration for measurements.
spawning thread #1: 16 total client(s). Timing-based test with 0s of warm-up time and 8s of main duration for measurements.
spawning thread #2: 16 total client(s). Timing-based test with 0s of warm-up time and 8s of main duration for measurements.
spawning thread #3: 16 total client(s). Timing-based test with 0s of warm-up time and 8s of main duration for measurements.
Warm-up started for thread #3.
Warm-up started for thread #Warm-up started for thread #1.
Warm-up started for thread #0.
2.
progress: 6% of clients started
progress: 12% of clients started
progress: 18% of clients started
progress: 25% of clients started
progress: 31% of clients started
progress: 37% of clients started
progress: 43% of clients started
progress: 50% of clients started
progress: 56% of clients started
progress: 62% of clients started
progress: 68% of clients started
progress: 75% of clients started
progress: 81% of clients started
progress: 87% of clients started
progress: 93% of clients started
Warm-up phase is over for thread #3.
Main benchmark duration is started for thread #3.
Warm-up phase is over for thread #1.
Main benchmark duration is started for thread #1.
Warm-up phase is over for thread #2.
Main benchmark duration is started for thread #2.
progress: 100% of clients started
Warm-up phase is over for thread #0.
Main benchmark duration is started for thread #0.
Application protocol: http/1.1
Main benchmark duration is over for thread #1. Stopping all clients.
Stopped all clients for thread #1
Main benchmark duration is over for thread #2. Stopping all clients.
Stopped all clients for thread #2
Main benchmark duration is over for thread #3. Stopping all clients.
Stopped all clients for thread #3
Main benchmark duration is over for thread #0. Stopping all clients.
Stopped all clients for thread #0

finished in 8.00s, 96021.12 req/s, 414.96MB/s
requests: 768169 total, 768233 started, 768169 done, 768169 succeeded, 0 failed, 0 errored, 0 timeout
status codes: 768183 2xx, 0 3xx, 0 4xx, 0 5xx
traffic: 3.24GB (3480961960) total, 85.72MB (89879868) headers (space savings 0.00%), 3.13GB (3361221673) data
                     min         max         mean         sd        +/- sd
time for request:       79us     81.25ms       666us       919us    98.37%
time for connect:        2us       220us       110us        60us    60.94%
time to 1st byte:    79.96ms     81.29ms     80.40ms       426us    73.44%
req/s           :    1485.55     1520.41     1500.27        8.73    62.50%
