starting benchmark...
spawning thread #0: 16 total client(s). Timing-based test with 0s of warm-up time and 8s of main duration for measurements.
spawning thread #1: 16 total client(s). Timing-based test with 0s of warm-up time and 8s of main duration for measurements.
spawning thread #2: 16 total client(s). Timing-based test with 0s of warm-up time and 8s of main duration for measurements.
spawning thread #3: 16 total client(s). Timing-based test with 0s of warm-up time and 8s of main duration for measurements.
Warm-up started for thread #0.
Warm-up started for thread #2.
Warm-up started for thread #1.
Warm-up started for thread #3.
progress: 6% of clients started
progress: 12% of clients started
progress: 18% of clients started
progress: 25% of clients started
progress: 31% of clients started
progress: 37% of clients started
progress: 43% of clients started
progress: 50% of clients started
progress: 56% of clients started
progress: 62% of clients started
progress: 68% of clients started
progress: 75% of clients started
progress: 81% of clients started
progress: 87% of clients started
progress: 93% of clients started
Warm-up phase is over for thread #2.
Warm-up phase is over for thread #Main benchmark duration is started for thread #32.
Warm-up phase is over for thread #Main benchmark duration is started for thread #3.
progress: 100% of clients started
1.
Main benchmark duration is started for thread #1..

Warm-up phase is over for thread #0.
Main benchmark duration is started for thread #0.
Application protocol: http/1.1
Main benchmark duration is over for thread #1. Stopping all clients.
Main benchmark duration is over for thread #2. Stopping all clients.
Stopped all clients for thread #2
Stopped all clients for thread #1
Main benchmark duration is over for thread #3. Stopping all clients.
Stopped all clients for thread #3
Main benchmark duration is over for thread #0. Stopping all clients.
Stopped all clients for thread #0

finished in 8.00s, 94590.12 req/s, 408.63MB/s
requests: 756721 total, 756785 started, 756721 done, 756721 succeeded, 0 failed, 0 errored, 0 timeout
status codes: 756738 2xx, 0 3xx, 0 4xx, 0 5xx
traffic: 3.19GB (3427839384) total, 84.44MB (88540569) headers (space savings 0.00%), 3.08GB (3309853883) data
                     min         max         mean         sd        +/- sd
time for request:       84us     76.24ms       676us       934us    97.91%
time for connect:        2us       206us       108us        59us    57.81%
time to 1st byte:    73.14ms     76.25ms     74.59ms       992us    50.00%
req/s           :    1464.44     1496.67     1477.92        9.81    54.69%
