starting benchmark...
spawning thread #0: 16 total client(s). Timing-based test with 0s of warm-up time and 8s of main duration for measurements.
spawning thread #1: 16 total client(s). Timing-based test with 0s of warm-up time and 8s of main duration for measurements.
spawning thread #2: 16 total client(s). Timing-based test with 0s of warm-up time and 8s of main duration for measurements.
spawning thread #3: 16 total client(s). Timing-based test with 0s of warm-up time and 8s of main duration for measurements.
Warm-up started for thread #Warm-up started for thread #Warm-up started for thread #2.1
.
Warm-up started for thread #0.
3.
progress: 6% of clients started
progress: 12% of clients started
progress: 18% of clients started
progress: 25% of clients started
progress: 31% of clients started
progress: 37% of clients started
progress: 43% of clients started
progress: 50% of clients started
progress: 56% of clients started
progress: 62% of clients started
progress: 68% of clients started
progress: 75% of clients started
progress: 81% of clients started
progress: 87% of clients started
progress: 93% of clients started
Warm-up phase is over for thread #1.
Main benchmark duration is started for thread #1.
Warm-up phase is over for thread #3.
Main benchmark duration is started for thread #3.
Warm-up phase is over for thread #2.
Main benchmark duration is started for thread #2.
progress: 100% of clients started
Warm-up phase is over for thread #0.
Main benchmark duration is started for thread #0.
Application protocol: http/1.1
Main benchmark duration is over for thread #2. Stopping all clients.
Stopped all clients for thread #2
Main benchmark duration is over for thread #1. Stopping all clients.
Stopped all clients for thread #1
Main benchmark duration is over for thread #0. Stopping all clients.
Stopped all clients for thread #0
Main benchmark duration is over for thread #3. Stopping all clients.
Stopped all clients for thread #3

finished in 8.00s, 92746.25 req/s, 400.81MB/s
requests: 741970 total, 742034 started, 741970 done, 741970 succeeded, 0 failed, 0 errored, 0 timeout
status codes: 741970 2xx, 0 3xx, 0 4xx, 0 5xx
traffic: 3.13GB (3362239090) total, 82.79MB (86812947) headers (space savings 0.00%), 3.02GB (3246566159) data
                     min         max         mean         sd        +/- sd
time for request:       76us     78.91ms       689us       964us    98.37%
time for connect:        2us       209us       102us        60us    59.38%
time to 1st byte:    78.11ms     78.92ms     78.43ms       217us    67.19%
req/s           :    1423.33     1500.99     1449.08       18.17    75.00%
