starting benchmark...
spawning thread #0: 2 total client(s). Timing-based test with 0s of warm-up time and 8s of main duration for measurements.
spawning thread #1: 2 total client(s). Timing-based test with 0s of warm-up time and 8s of main duration for measurements.
spawning thread #2: 2 total client(s). Timing-based test with 0s of warm-up time and 8s of main duration for measurements.
spawning thread #3: 2 total client(s). Timing-based test with 0s of warm-up time and 8s of main duration for measurements.
Warm-up started for thread #2.
Warm-up started for thread #1.
Warm-up started for thread #0.
Warm-up started for thread #3.
progress: 50% of clients started
progress: 100% of clients started
Warm-up phase is over for thread #Warm-up phase is over for thread #12.
.
Warm-up phase is over for thread #0.
Main benchmark duration is started for thread #0.
Main benchmark duration is started for thread #Application protocol: h2c
Warm-up phase is over for thread #3.
Main benchmark duration is started for thread #3.
1.
Main benchmark duration is started for thread #2.
Main benchmark duration is over for thread #Main benchmark duration is over for thread #10. Stopping all clients.. Stopping all clients.

Main benchmark duration is over for thread #3. Stopping all clients.
Stopped all clients for thread #0
Stopped all clients for thread #Main benchmark duration is over for thread #12. Stopping all clients.

Stopped all clients for thread #2
Stopped all clients for thread #3

finished in 8.00s, 17772.88 req/s, 1.10GB/s
requests: 142183 total, 142311 started, 142183 done, 142183 succeeded, 0 failed, 0 errored, 0 timeout
status codes: 142304 2xx, 0 3xx, 0 4xx, 0 5xx
traffic: 8.76GB (9407773059) total, 138.97KB (142304) headers (space savings 90.00%), 8.68GB (9321765521) data
                     min         max         mean         sd        +/- sd
time for request:     3.74ms    250.59ms      7.17ms      9.04ms    97.52%
time for connect:       13us        46us        27us        12us    50.00%
time to 1st byte:   144.35ms    145.11ms    144.68ms       335us    62.50%
req/s           :    2188.84     2281.32     2221.57       37.57    75.00%
