starting benchmark...
spawning thread #0: 2 total client(s). Timing-based test with 0s of warm-up time and 8s of main duration for measurements.
spawning thread #1: 2 total client(s). Timing-based test with 0s of warm-up time and 8s of main duration for measurements.
spawning thread #2: 2 total client(s). Timing-based test with 0s of warm-up time and 8s of main duration for measurements.
spawning thread #3: 2 total client(s). Timing-based test with 0s of warm-up time and 8s of main duration for measurements.
Warm-up started for thread #3.Warm-up started for thread #Warm-up started for thread #
10..

Warm-up started for thread #2.
progress: 50% of clients started
Warm-up phase is over for thread #progress: 100% of clients started
Warm-up phase is over for thread #2.
Warm-up phase is over for thread #0.
Main benchmark duration is started for thread #0.
3Warm-up phase is over for thread #1.
.Main benchmark duration is started for thread #Main benchmark duration is started for thread #1.

2Main benchmark duration is started for thread #3.
Application protocol: h2c
.
Main benchmark duration is over for thread #3. Stopping all clients.
Stopped all clients for thread #3
Main benchmark duration is over for thread #2. Stopping all clients.
Stopped all clients for thread #2
Main benchmark duration is over for thread #0. Stopping all clients.
Stopped all clients for thread #0
Main benchmark duration is over for thread #1. Stopping all clients.
Stopped all clients for thread #1

finished in 8.00s, 17714.75 req/s, 1.09GB/s
requests: 141718 total, 141846 started, 141718 done, 141718 succeeded, 0 failed, 0 errored, 0 timeout
status codes: 141840 2xx, 0 3xx, 0 4xx, 0 5xx
traffic: 8.73GB (9376565743) total, 138.52KB (141840) headers (space savings 90.00%), 8.65GB (9291378743) data
                     min         max         mean         sd        +/- sd
time for request:     3.73ms    222.16ms      7.20ms      8.25ms    97.22%
time for connect:       13us        65us        35us        19us    50.00%
time to 1st byte:   109.08ms    111.33ms    110.21ms       839us    50.00%
req/s           :    2191.10     2238.96     2214.31       21.67    62.50%
