starting benchmark...
spawning thread #0: 2 total client(s). Timing-based test with 0s of warm-up time and 8s of main duration for measurements.
spawning thread #1: 2 total client(s). Timing-based test with 0s of warm-up time and 8s of main duration for measurements.
spawning thread #2: 2 total client(s). Timing-based test with 0s of warm-up time and 8s of main duration for measurements.
spawning thread #3: 2 total client(s). Timing-based test with 0s of warm-up time and 8s of main duration for measurements.
Warm-up started for thread #0.
Warm-up started for thread #2.
Warm-up started for thread #1.
Warm-up started for thread #3.
progress: 50% of clients started
Warm-up phase is over for thread #2.
Main benchmark duration is started for thread #2.
progress: 100% of clients started
Warm-up phase is over for thread #1.
Main benchmark duration is started for thread #1.
Warm-up phase is over for thread #0.
Main benchmark duration is started for thread #0.
Application protocol: h2c
Warm-up phase is over for thread #3.
Main benchmark duration is started for thread #3.
Main benchmark duration is over for thread #2. Stopping all clients.
Main benchmark duration is over for thread #Stopped all clients for thread #02
Main benchmark duration is over for thread #1. Stopping all clients.
Stopped all clients for thread #1
. Stopping all clients.
Stopped all clients for thread #0
Main benchmark duration is over for thread #3. Stopping all clients.
Stopped all clients for thread #3

finished in 8.00s, 17620.50 req/s, 1.09GB/s
requests: 140964 total, 141092 started, 140964 done, 140964 succeeded, 0 failed, 0 errored, 0 timeout
status codes: 141087 2xx, 0 3xx, 0 4xx, 0 5xx
traffic: 8.69GB (9327087879) total, 137.78KB (141087) headers (space savings 90.00%), 8.61GB (9242381246) data
                     min         max         mean         sd        +/- sd
time for request:     3.47ms    237.39ms      7.24ms      8.21ms    96.68%
time for connect:       13us        64us        36us        19us    62.50%
time to 1st byte:   100.33ms    101.64ms    100.92ms       584us    50.00%
req/s           :    2177.98     2227.21     2202.54       17.60    62.50%
