starting benchmark...
spawning thread #0: 2 total client(s). Timing-based test with 0s of warm-up time and 8s of main duration for measurements.
spawning thread #1: 2 total client(s). Timing-based test with 0s of warm-up time and 8s of main duration for measurements.
spawning thread #2: 2 total client(s). Timing-based test with 0s of warm-up time and 8s of main duration for measurements.
spawning thread #3: 2 total client(s). Timing-based test with 0s of warm-up time and 8s of main duration for measurements.
Warm-up started for thread #0.
Warm-up started for thread #2.
Warm-up started for thread #1.
Warm-up started for thread #3.
progress: 50% of clients started
progress: 100% of clients started
Warm-up phase is over for thread #2.
Warm-up phase is over for thread #Warm-up phase is over for thread #3.0.
Main benchmark duration is started for thread #0.

Application protocol: h2c
Main benchmark duration is started for thread #2.
Main benchmark duration is started for thread #3.
Warm-up phase is over for thread #1.
Main benchmark duration is started for thread #1.
Main benchmark duration is over for thread #2. Stopping all clients.
Stopped all clients for thread #2
Main benchmark duration is over for thread #0. Stopping all clients.
Stopped all clients for thread #0
Main benchmark duration is over for thread #3. Stopping all clients.
Stopped all clients for thread #3
Main benchmark duration is over for thread #1. Stopping all clients.
Stopped all clients for thread #1

finished in 8.00s, 12439.25 req/s, 785.05MB/s
requests: 99514 total, 99642 started, 99514 done, 99514 succeeded, 0 failed, 0 errored, 0 timeout
status codes: 99639 2xx, 0 3xx, 0 4xx, 0 5xx
traffic: 6.13GB (6585462391) total, 97.30KB (99639) headers (space savings 90.00%), 6.08GB (6525642554) data
                     min         max         mean         sd        +/- sd
time for request:     3.59ms    248.47ms     10.26ms     11.76ms    94.71%
time for connect:       13us        51us        30us        16us    37.50%
time to 1st byte:   139.87ms    142.26ms    141.44ms       975us    75.00%
req/s           :    1510.74     1573.85     1554.89       25.75    75.00%
