starting benchmark...
spawning thread #0: 2 total client(s). Timing-based test with 0s of warm-up time and 8s of main duration for measurements.
spawning thread #1: 2 total client(s). Timing-based test with 0s of warm-up time and 8s of main duration for measurements.
spawning thread #2: 2 total client(s). Timing-based test with 0s of warm-up time and 8s of main duration for measurements.
spawning thread #3: 2 total client(s). Timing-based test with 0s of warm-up time and 8s of main duration for measurements.
Warm-up started for thread #2.
Warm-up started for thread #3Warm-up started for thread #.
Warm-up started for thread #0.
1.
progress: 50% of clients started
progress: 100% of clients started
Warm-up phase is over for thread #2.
Main benchmark duration is started for thread #Warm-up phase is over for thread #2.
Warm-up phase is over for thread #0.
Main benchmark duration is started for thread #0.
Warm-up phase is over for thread #1.
3.
Application protocol: Main benchmark duration is started for thread #3.
Main benchmark duration is started for thread #1.
h2c
Main benchmark duration is over for thread #1. Stopping all clients.Main benchmark duration is over for thread #
0. Stopping all clients.
Stopped all clients for thread #0
Stopped all clients for thread #1
Main benchmark duration is over for thread #Main benchmark duration is over for thread #2. Stopping all clients.3
Stopped all clients for thread #2
. Stopping all clients.
Stopped all clients for thread #3

finished in 8.00s, 19008.75 req/s, 1.17GB/s
requests: 152070 total, 152198 started, 152070 done, 152070 succeeded, 0 failed, 0 errored, 0 timeout
status codes: 152187 2xx, 0 3xx, 0 4xx, 0 5xx
traffic: 9.37GB (10061223016) total, 148.62KB (152187) headers (space savings 90.00%), 9.28GB (9969585342) data
                     min         max         mean         sd        +/- sd
time for request:     3.43ms    205.86ms      6.70ms      7.31ms    96.48%
time for connect:       13us        56us        31us        15us    62.50%
time to 1st byte:   102.04ms    106.34ms    103.36ms      1.86ms    75.00%
req/s           :    2335.35     2425.95     2376.05       34.20    50.00%
