starting benchmark...
spawning thread #0: 16 total client(s). Timing-based test with 0s of warm-up time and 8s of main duration for measurements.
spawning thread #1: 16 total client(s). Timing-based test with 0s of warm-up time and 8s of main duration for measurements.
spawning thread #2: 16 total client(s). Timing-based test with 0s of warm-up time and 8s of main duration for measurements.
spawning thread #3: 16 total client(s). Timing-based test with 0s of warm-up time and 8s of main duration for measurements.
Warm-up started for thread #2.
Warm-up started for thread #Warm-up started for thread #3.
1Warm-up started for thread #0.
.
progress: 6% of clients started
progress: 12% of clients started
progress: 18% of clients started
progress: 25% of clients started
progress: 31% of clients started
progress: 37% of clients started
progress: 43% of clients started
progress: 50% of clients started
progress: 56% of clients started
progress: 62% of clients started
progress: 68% of clients started
progress: 75% of clients started
progress: 81% of clients started
progress: 87% of clients started
progress: 93% of clients started
Warm-up phase is over for thread #3.
Warm-up phase is over for thread #Main benchmark duration is started for thread #3.
Warm-up phase is over for thread #2.
1.
Main benchmark duration is started for thread #1.
Main benchmark duration is started for thread #2.
progress: 100% of clients started
Warm-up phase is over for thread #0.
Main benchmark duration is started for thread #0.
Application protocol: http/1.1
Main benchmark duration is over for thread #2. Stopping all clients.
Stopped all clients for thread #2
Main benchmark duration is over for thread #1. Stopping all clients.
Stopped all clients for thread #1
Main benchmark duration is over for thread #3. Stopping all clients.
Stopped all clients for thread #3
Main benchmark duration is over for thread #0. Stopping all clients.
Stopped all clients for thread #0

finished in 8.00s, 11975.25 req/s, 467.78KB/s
requests: 95802 total, 95866 started, 95802 done, 95802 succeeded, 0 failed, 0 errored, 0 timeout
status codes: 95802 2xx, 0 3xx, 0 4xx, 0 5xx
traffic: 3.65MB (3832080) total, 1.37MB (1437510) headers (space savings 0.00%), 187.18KB (191668) data
                     min         max         mean         sd        +/- sd
time for request:     1.24ms     88.70ms      5.34ms      2.47ms    98.34%
time for connect:        2us       414us       203us       120us    57.81%
time to 1st byte:    66.72ms     88.74ms     80.82ms      6.28ms    71.88%
req/s           :     185.06      189.35      187.07        1.06    65.63%
