starting benchmark...
spawning thread #0: 16 total client(s). Timing-based test with 0s of warm-up time and 8s of main duration for measurements.
spawning thread #1: 16 total client(s). Timing-based test with 0s of warm-up time and 8s of main duration for measurements.
spawning thread #2: 16 total client(s). Timing-based test with 0s of warm-up time and 8s of main duration for measurements.
spawning thread #3: 16 total client(s). Timing-based test with 0s of warm-up time and 8s of main duration for measurements.
Warm-up started for thread #0.
Warm-up started for thread #1.
Warm-up started for thread #2.
Warm-up started for thread #3.
progress: 6% of clients started
progress: 12% of clients started
progress: 18% of clients started
progress: 25% of clients started
progress: 31% of clients started
progress: 37% of clients started
progress: 43% of clients started
progress: 50% of clients started
progress: 56% of clients started
progress: 62% of clients started
progress: 68% of clients started
progress: 75% of clients started
progress: 81% of clients started
progress: 87% of clients started
Warm-up phase is over for thread #3.
Main benchmark duration is started for thread #3.
progress: 93% of clients started
Warm-up phase is over for thread #1.
Main benchmark duration is started for thread #1.
Warm-up phase is over for thread #2.
Main benchmark duration is started for thread #2.
progress: 100% of clients started
Warm-up phase is over for thread #0.
Main benchmark duration is started for thread #0.
Application protocol: http/1.1
Main benchmark duration is over for thread #2. Stopping all clients.
Stopped all clients for thread #2
Main benchmark duration is over for thread #1. Stopping all clients.
Stopped all clients for thread #1
Main benchmark duration is over for thread #3. Stopping all clients.
Stopped all clients for thread #3
Main benchmark duration is over for thread #0. Stopping all clients.
Stopped all clients for thread #0

finished in 8.00s, 12236.88 req/s, 478.00KB/s
requests: 97895 total, 97959 started, 97895 done, 97895 succeeded, 0 failed, 0 errored, 0 timeout
status codes: 97895 2xx, 0 3xx, 0 4xx, 0 5xx
traffic: 3.73MB (3915800) total, 1.40MB (1468785) headers (space savings 0.00%), 191.25KB (195838) data
                     min         max         mean         sd        +/- sd
time for request:     1.08ms    135.17ms      5.23ms      3.31ms    99.39%
time for connect:        2us       420us       210us       124us    59.38%
time to 1st byte:   112.02ms    135.57ms    122.48ms      5.03ms    73.44%
req/s           :     189.83      191.97      191.17        0.54    60.94%
