starting benchmark...
spawning thread #0: 16 total client(s). Timing-based test with 0s of warm-up time and 8s of main duration for measurements.
spawning thread #1: 16 total client(s). Timing-based test with 0s of warm-up time and 8s of main duration for measurements.
spawning thread #2: 16 total client(s). Timing-based test with 0s of warm-up time and 8s of main duration for measurements.
spawning thread #3: 16 total client(s). Timing-based test with 0s of warm-up time and 8s of main duration for measurements.
Warm-up started for thread #0.
Warm-up started for thread #3.
Warm-up started for thread #1.
Warm-up started for thread #2.
progress: 6% of clients started
progress: 12% of clients started
progress: 18% of clients started
progress: 25% of clients started
progress: 31% of clients started
progress: 37% of clients started
progress: 43% of clients started
progress: 50% of clients started
progress: 56% of clients started
progress: 62% of clients started
progress: 68% of clients started
progress: 75% of clients started
progress: 81% of clients started
progress: 87% of clients started
progress: 93% of clients started
Warm-up phase is over for thread #3.
Warm-up phase is over for thread #2.
Main benchmark duration is started for thread #2.Main benchmark duration is started for thread #3
.
Warm-up phase is over for thread #progress: 1100% of clients started
.
Main benchmark duration is started for thread #1.
Warm-up phase is over for thread #0.
Main benchmark duration is started for thread #0.
Application protocol: http/1.1
Main benchmark duration is over for thread #0. Stopping all clients.
Stopped all clients for thread #0
Main benchmark duration is over for thread #2. Stopping all clients.
Stopped all clients for thread #2
Main benchmark duration is over for thread #3. Stopping all clients.
Stopped all clients for thread #3
Main benchmark duration is over for thread #1. Stopping all clients.
Stopped all clients for thread #1

finished in 8.00s, 11953.75 req/s, 466.94KB/s
requests: 95630 total, 95694 started, 95630 done, 95630 succeeded, 0 failed, 0 errored, 0 timeout
status codes: 95630 2xx, 0 3xx, 0 4xx, 0 5xx
traffic: 3.65MB (3825200) total, 1.37MB (1434885) headers (space savings 0.00%), 186.83KB (191318) data
                     min         max         mean         sd        +/- sd
time for request:     1.11ms    134.17ms      5.35ms      3.59ms    98.18%
time for connect:        2us       397us       200us       117us    57.81%
time to 1st byte:   114.20ms    134.18ms    125.72ms      5.12ms    64.06%
req/s           :     184.43      189.43      186.73        1.33    64.06%
