starting benchmark...
spawning thread #0: 16 total client(s). Timing-based test with 0s of warm-up time and 8s of main duration for measurements.
spawning thread #1: 16 total client(s). Timing-based test with 0s of warm-up time and 8s of main duration for measurements.
spawning thread #2: 16 total client(s). Timing-based test with 0s of warm-up time and 8s of main duration for measurements.
spawning thread #3: 16 total client(s). Timing-based test with 0s of warm-up time and 8s of main duration for measurements.
Warm-up started for thread #3.
Warm-up started for thread #Warm-up started for thread #2.
0.
Warm-up started for thread #1.
progress: 6% of clients started
progress: 12% of clients started
progress: 18% of clients started
progress: 25% of clients started
progress: 31% of clients started
progress: 37% of clients started
progress: 43% of clients started
progress: 50% of clients started
progress: 56% of clients started
progress: 62% of clients started
progress: 68% of clients started
progress: 75% of clients started
progress: 81% of clients started
progress: 87% of clients started
progress: 93% of clients started
Warm-up phase is over for thread #1.
Main benchmark duration is started for thread #1.Warm-up phase is over for thread #
3.
Main benchmark duration is started for thread #3.
progress: 100% of clients started
Warm-up phase is over for thread #2.
Main benchmark duration is started for thread #2.
Warm-up phase is over for thread #0.
Main benchmark duration is started for thread #0.
Application protocol: http/1.1
Main benchmark duration is over for thread #3. Stopping all clients.
Stopped all clients for thread #3
Main benchmark duration is over for thread #1. Stopping all clients.
Stopped all clients for thread #1
Main benchmark duration is over for thread #0. Stopping all clients.
Stopped all clients for thread #0
Main benchmark duration is over for thread #2. Stopping all clients.
Stopped all clients for thread #2

finished in 8.00s, 11887.75 req/s, 464.37KB/s
requests: 95102 total, 95166 started, 95102 done, 95102 succeeded, 0 failed, 0 errored, 0 timeout
status codes: 95102 2xx, 0 3xx, 0 4xx, 0 5xx
traffic: 3.63MB (3804080) total, 1.36MB (1427115) headers (space savings 0.00%), 185.82KB (190282) data
                     min         max         mean         sd        +/- sd
time for request:     1.22ms    140.95ms      5.38ms      3.78ms    98.69%
time for connect:        2us       421us       213us       124us    59.38%
time to 1st byte:   120.34ms    140.99ms    132.37ms      5.18ms    68.75%
req/s           :     182.61      189.96      185.71        1.69    68.75%
