TRANSPORT transport=nio
READY arena h2 8080 loops=8 transport=nio
CHILDOPTS transport=nio (no io_uring child options)
User Event Triggered: io.netty.handler.codec.http2.CleartextHttp2ServerUpgradeHandler$PriorKnowledgeUpgradeEvent@59471871
User Event Triggered: io.netty.handler.codec.http2.CleartextHttp2ServerUpgradeHandler$PriorKnowledgeUpgradeEvent@59471871
User Event Triggered: io.netty.handler.codec.http2.CleartextHttp2ServerUpgradeHandler$PriorKnowledgeUpgradeEvent@59471871
User Event Triggered: io.netty.handler.codec.http2.CleartextHttp2ServerUpgradeHandler$PriorKnowledgeUpgradeEvent@59471871
User Event Triggered: io.netty.handler.codec.http2.CleartextHttp2ServerUpgradeHandler$PriorKnowledgeUpgradeEvent@59471871
User Event Triggered: io.netty.handler.codec.http2.CleartextHttp2ServerUpgradeHandler$PriorKnowledgeUpgradeEvent@59471871
User Event Triggered: io.netty.handler.codec.http2.CleartextHttp2ServerUpgradeHandler$PriorKnowledgeUpgradeEvent@59471871
User Event Triggered: io.netty.handler.codec.http2.CleartextHttp2ServerUpgradeHandler$PriorKnowledgeUpgradeEvent@59471871
User Event Triggered: io.netty.handler.codec.http2.CleartextHttp2ServerUpgradeHandler$PriorKnowledgeUpgradeEvent@59471871
User Event Triggered: io.netty.handler.codec.http2.CleartextHttp2ServerUpgradeHandler$PriorKnowledgeUpgradeEvent@59471871
User Event Triggered: io.netty.handler.codec.http2.CleartextHttp2ServerUpgradeHandler$PriorKnowledgeUpgradeEvent@59471871
User Event Triggered: io.netty.handler.codec.http2.CleartextHttp2ServerUpgradeHandler$PriorKnowledgeUpgradeEvent@59471871
User Event Triggered: io.netty.handler.codec.http2.CleartextHttp2ServerUpgradeHandler$PriorKnowledgeUpgradeEvent@59471871
User Event Triggered: io.netty.handler.codec.http2.CleartextHttp2ServerUpgradeHandler$PriorKnowledgeUpgradeEvent@59471871
User Event Triggered: io.netty.handler.codec.http2.CleartextHttp2ServerUpgradeHandler$PriorKnowledgeUpgradeEvent@59471871
User Event Triggered: io.netty.handler.codec.http2.CleartextHttp2ServerUpgradeHandler$PriorKnowledgeUpgradeEvent@59471871
RINGTELE transport=nio ringAllocs=0 ringReads=0 ringReadBytes=0 (no buffer ring)
ARENATELE blockSize=262144 maxBlocks=8 cap=8192 maxObjects=16384 debug=false ring=true ringStats=false arenaHeap=0 arenaDirect=68471667 delegateHeap=0 delegateDirect=3195532 arenaShare=95.54% blocksHeap=8 blocksDirect=8 pinned=0 reusable=0 maxPinnedHeap=0 maxPinnedDirect=0 blockReuses=0 blockGrowths=0 blockSwitches=0 ringWraps=0 ringResets=0 ringScans=0 ringStalls=0 stallBytes=0 strandedBytes=0 strandedShare=n/a holes<=256=0 holes<=1k=0 holes<=4k=0 holes<=8k=0 holes>8k=0 hooks=2890853 hookRejections=0 violations=0 earlyReuses=0 reallocInPlace=0 reallocMoved=0 reallocDelegated=16 trims=0 trimmedBlocks=0 leakedBlocks=0 objects=712 bytesHeap=0 bytesDirect=4767840800 liveHeap=0 liveDirect=0
ARENALOOP thread=multiThreadIoEventLoopGroup-3-8 arenaHeap=0 arenaDirect=8519071 delegateHeap=0 delegateDirect=394320 arenaShare=95.58% blocksHeap=1 blocksDirect=1 pinned=0 reusable=0 maxPinnedHeap=0 maxPinnedDirect=0 blockReuses=0 blockGrowths=0 blockSwitches=0 ringWraps=0 ringResets=0 ringScans=0 ringStalls=0 stallBytes=0 strandedBytes=0 strandedShare=n/a holes<=256=0 holes<=1k=0 holes<=4k=0 holes<=8k=0 holes>8k=0 hooks=351204 hookRejections=0 violations=0 earlyReuses=0 reallocInPlace=0 reallocMoved=0 reallocDelegated=2 trims=0 trimmedBlocks=0 leakedBlocks=0 objects=89 bytesHeap=0 bytesDirect=597263408 liveHeap=0 liveDirect=0
ARENALOOP thread=multiThreadIoEventLoopGroup-3-3 arenaHeap=0 arenaDirect=8576167 delegateHeap=0 delegateDirect=395714 arenaShare=95.59% blocksHeap=1 blocksDirect=1 pinned=0 reusable=0 maxPinnedHeap=0 maxPinnedDirect=0 blockReuses=0 blockGrowths=0 blockSwitches=0 ringWraps=0 ringResets=0 ringScans=0 ringStalls=0 stallBytes=0 strandedBytes=0 strandedShare=n/a holes<=256=0 holes<=1k=0 holes<=4k=0 holes<=8k=0 holes>8k=0 hooks=350548 hookRejections=0 violations=0 earlyReuses=0 reallocInPlace=0 reallocMoved=0 reallocDelegated=2 trims=0 trimmedBlocks=0 leakedBlocks=0 objects=89 bytesHeap=0 bytesDirect=604320288 liveHeap=0 liveDirect=0
ARENALOOP thread=multiThreadIoEventLoopGroup-3-1 arenaHeap=0 arenaDirect=8607678 delegateHeap=0 delegateDirect=397561 arenaShare=95.59% blocksHeap=1 blocksDirect=1 pinned=0 reusable=0 maxPinnedHeap=0 maxPinnedDirect=0 blockReuses=0 blockGrowths=0 blockSwitches=0 ringWraps=0 ringResets=0 ringScans=0 ringStalls=0 stallBytes=0 strandedBytes=0 strandedShare=n/a holes<=256=0 holes<=1k=0 holes<=4k=0 holes<=8k=0 holes>8k=0 hooks=352179 hookRejections=0 violations=0 earlyReuses=0 reallocInPlace=0 reallocMoved=0 reallocDelegated=2 trims=0 trimmedBlocks=0 leakedBlocks=0 objects=89 bytesHeap=0 bytesDirect=606998016 liveHeap=0 liveDirect=0
ARENALOOP thread=multiThreadIoEventLoopGroup-3-7 arenaHeap=0 arenaDirect=8515202 delegateHeap=0 delegateDirect=394220 arenaShare=95.58% blocksHeap=1 blocksDirect=1 pinned=0 reusable=0 maxPinnedHeap=0 maxPinnedDirect=0 blockReuses=0 blockGrowths=0 blockSwitches=0 ringWraps=0 ringResets=0 ringScans=0 ringStalls=0 stallBytes=0 strandedBytes=0 strandedShare=n/a holes<=256=0 holes<=1k=0 holes<=4k=0 holes<=8k=0 holes>8k=0 hooks=351212 hookRejections=0 violations=0 earlyReuses=0 reallocInPlace=0 reallocMoved=0 reallocDelegated=2 trims=0 trimmedBlocks=0 leakedBlocks=0 objects=89 bytesHeap=0 bytesDirect=597012336 liveHeap=0 liveDirect=0
ARENALOOP thread=multiThreadIoEventLoopGroup-3-2 arenaHeap=0 arenaDirect=8607448 delegateHeap=0 delegateDirect=401382 arenaShare=95.54% blocksHeap=1 blocksDirect=1 pinned=0 reusable=0 maxPinnedHeap=0 maxPinnedDirect=0 blockReuses=0 blockGrowths=0 blockSwitches=0 ringWraps=0 ringResets=0 ringScans=0 ringStalls=0 stallBytes=0 strandedBytes=0 strandedShare=n/a holes<=256=0 holes<=1k=0 holes<=4k=0 holes<=8k=0 holes>8k=0 hooks=361388 hookRejections=0 violations=0 earlyReuses=0 reallocInPlace=0 reallocMoved=0 reallocDelegated=2 trims=0 trimmedBlocks=0 leakedBlocks=0 objects=89 bytesHeap=0 bytesDirect=601990864 liveHeap=0 liveDirect=0
ARENALOOP thread=multiThreadIoEventLoopGroup-3-5 arenaHeap=0 arenaDirect=8602720 delegateHeap=0 delegateDirect=400763 arenaShare=95.55% blocksHeap=1 blocksDirect=1 pinned=0 reusable=0 maxPinnedHeap=0 maxPinnedDirect=0 blockReuses=0 blockGrowths=0 blockSwitches=0 ringWraps=0 ringResets=0 ringScans=0 ringStalls=0 stallBytes=0 strandedBytes=0 strandedShare=n/a holes<=256=0 holes<=1k=0 holes<=4k=0 holes<=8k=0 holes>8k=0 hooks=360927 hookRejections=0 violations=0 earlyReuses=0 reallocInPlace=0 reallocMoved=0 reallocDelegated=2 trims=0 trimmedBlocks=0 leakedBlocks=0 objects=89 bytesHeap=0 bytesDirect=601299088 liveHeap=0 liveDirect=0
ARENALOOP thread=multiThreadIoEventLoopGroup-3-6 arenaHeap=0 arenaDirect=8601559 delegateHeap=0 delegateDirect=400955 arenaShare=95.55% blocksHeap=1 blocksDirect=1 pinned=0 reusable=0 maxPinnedHeap=0 maxPinnedDirect=0 blockReuses=0 blockGrowths=0 blockSwitches=0 ringWraps=0 ringResets=0 ringScans=0 ringStalls=0 stallBytes=0 strandedBytes=0 strandedShare=n/a holes<=256=0 holes<=1k=0 holes<=4k=0 holes<=8k=0 holes>8k=0 hooks=361346 hookRejections=0 violations=0 earlyReuses=0 reallocInPlace=0 reallocMoved=0 reallocDelegated=2 trims=0 trimmedBlocks=0 leakedBlocks=0 objects=89 bytesHeap=0 bytesDirect=600959184 liveHeap=0 liveDirect=0
ARENALOOP thread=multiThreadIoEventLoopGroup-3-4 arenaHeap=0 arenaDirect=8441822 delegateHeap=0 delegateDirect=410617 arenaShare=95.36% blocksHeap=1 blocksDirect=1 pinned=0 reusable=0 maxPinnedHeap=0 maxPinnedDirect=0 blockReuses=0 blockGrowths=0 blockSwitches=0 ringWraps=0 ringResets=0 ringScans=0 ringStalls=0 stallBytes=0 strandedBytes=0 strandedShare=n/a holes<=256=0 holes<=1k=0 holes<=4k=0 holes<=8k=0 holes>8k=0 hooks=402049 hookRejections=0 violations=0 earlyReuses=0 reallocInPlace=0 reallocMoved=0 reallocDelegated=2 trims=0 trimmedBlocks=0 leakedBlocks=0 objects=89 bytesHeap=0 bytesDirect=557997616 liveHeap=0 liveDirect=0
