TRANSPORT transport=nio
READY adaptive h2 8080 loops=8 transport=nio
CHILDOPTS transport=nio (no io_uring child options)
User Event Triggered: io.netty.handler.codec.http2.CleartextHttp2ServerUpgradeHandler$PriorKnowledgeUpgradeEvent@785e283
User Event Triggered: io.netty.handler.codec.http2.CleartextHttp2ServerUpgradeHandler$PriorKnowledgeUpgradeEvent@785e283
User Event Triggered: io.netty.handler.codec.http2.CleartextHttp2ServerUpgradeHandler$PriorKnowledgeUpgradeEvent@785e283
User Event Triggered: io.netty.handler.codec.http2.CleartextHttp2ServerUpgradeHandler$PriorKnowledgeUpgradeEvent@785e283
User Event Triggered: io.netty.handler.codec.http2.CleartextHttp2ServerUpgradeHandler$PriorKnowledgeUpgradeEvent@785e283
User Event Triggered: io.netty.handler.codec.http2.CleartextHttp2ServerUpgradeHandler$PriorKnowledgeUpgradeEvent@785e283
User Event Triggered: io.netty.handler.codec.http2.CleartextHttp2ServerUpgradeHandler$PriorKnowledgeUpgradeEvent@785e283
User Event Triggered: io.netty.handler.codec.http2.CleartextHttp2ServerUpgradeHandler$PriorKnowledgeUpgradeEvent@785e283
User Event Triggered: io.netty.handler.codec.http2.CleartextHttp2ServerUpgradeHandler$PriorKnowledgeUpgradeEvent@785e283
User Event Triggered: io.netty.handler.codec.http2.CleartextHttp2ServerUpgradeHandler$PriorKnowledgeUpgradeEvent@785e283
User Event Triggered: io.netty.handler.codec.http2.CleartextHttp2ServerUpgradeHandler$PriorKnowledgeUpgradeEvent@785e283
User Event Triggered: io.netty.handler.codec.http2.CleartextHttp2ServerUpgradeHandler$PriorKnowledgeUpgradeEvent@785e283
User Event Triggered: io.netty.handler.codec.http2.CleartextHttp2ServerUpgradeHandler$PriorKnowledgeUpgradeEvent@785e283
User Event Triggered: io.netty.handler.codec.http2.CleartextHttp2ServerUpgradeHandler$PriorKnowledgeUpgradeEvent@785e283
User Event Triggered: io.netty.handler.codec.http2.CleartextHttp2ServerUpgradeHandler$PriorKnowledgeUpgradeEvent@785e283
User Event Triggered: io.netty.handler.codec.http2.CleartextHttp2ServerUpgradeHandler$PriorKnowledgeUpgradeEvent@785e283
RINGTELE transport=nio ringAllocs=0 ringReads=0 ringReadBytes=0 (no buffer ring)
