# JMH version: 1.37
# VM version: JDK 21, Java HotSpot(TM) 64-Bit Server VM, 21+35-LTS-2513
# VM invoker: /home/forked_franz/.sdkman/candidates/java/21-oracle/bin/java
# VM options: -server -dsa -da -XX:InitialRAMPercentage=40.0 -XX:MaxRAMPercentage=40.0 -Dio.netty.leakDetection.level=disabled -Djmh.executor=CUSTOM -Djmh.executor.class=io.github.neoionet.netty.microbenchmark.executor.FastThreadLocalThreadHarnessExecutor -XX:MaxRAM=60g
# Blackhole mode: compiler (auto-detected, use -Djmh.blackhole.autoDetect=false to disable)
# Warmup: 10 iterations, 1 s each
# Measurement: 10 iterations, 1 s each
# Timeout: 10 min per iteration
# Threads: 1 thread, will synchronize iterations
# Benchmark mode: Average time, time/op
# Benchmark: io.github.neoionet.netty.microbenchmark.CycleScopedAllocBenchmark.cycleDirect
# Parameters: (allocatorType = ARENA, k = 64, releaseOrder = FIFO, sizes = MIXED)

# Run progress: 0.00% complete, ETA 00:00:40
# Fork: 1 of 1
# Preparing profilers: LinuxPerfNormProfiler 
# Profilers consume stderr from target VM, use -v EXTRA to copy to console
# Warmup Iteration   1: 2603.433 ns/op
# Warmup Iteration   2: 2196.755 ns/op
# Warmup Iteration   3: 2178.210 ns/op
# Warmup Iteration   4: 2178.966 ns/op
# Warmup Iteration   5: 2178.254 ns/op
# Warmup Iteration   6: 2177.831 ns/op
# Warmup Iteration   7: 2179.725 ns/op
# Warmup Iteration   8: 2177.334 ns/op
# Warmup Iteration   9: 2178.798 ns/op
# Warmup Iteration  10: 2177.068 ns/op
Iteration   1: 2173.352 ns/op
Iteration   2: 2171.254 ns/op
Iteration   3: 2177.133 ns/op
Iteration   4: 2178.240 ns/op
Iteration   5: 2177.235 ns/op
Iteration   6: 2178.047 ns/op
Iteration   7: 2177.267 ns/op
Iteration   8: 2178.001 ns/op
Iteration   9: 2178.558 ns/op
Iteration  10: ARENATELE blockSize=262144 maxBlocks=8 cap=8192 maxObjects=16384 debug=false arenaHeap=0 arenaDirect=485724480 delegateHeap=0 delegateDirect=97144896 arenaShare=83.33% blocksHeap=1 blocksDirect=1 pinned=0 reusable=0 maxPinnedHeap=0 maxPinnedDirect=0 blockReuses=0 blockGrowths=0 hooks=9107334 hookRejections=0 violations=0 earlyReuses=0 reallocInPlace=0 reallocMoved=0 reallocDelegated=0 trims=0 trimmedBlocks=0 leakedBlocks=0 objects=54
ARENALOOP thread=io.github.neoionet.netty.microbenchmark.CycleScopedAllocBenchmark.cycleDirect-1-1 arenaHeap=0 arenaDirect=485724480 delegateHeap=0 delegateDirect=97144896 arenaShare=83.33% blocksHeap=1 blocksDirect=1 pinned=0 reusable=0 maxPinnedHeap=0 maxPinnedDirect=0 blockReuses=0 blockGrowths=0 hooks=9107334 hookRejections=0 violations=0 earlyReuses=0 reallocInPlace=0 reallocMoved=0 reallocDelegated=0 trims=0 trimmedBlocks=0 leakedBlocks=0 objects=54
2176.733 ns/op
# Processing profiler results: LinuxPerfNormProfiler 


Result "io.github.neoionet.netty.microbenchmark.CycleScopedAllocBenchmark.cycleDirect":
  2176.582 ±(99.9%) 3.594 ns/op [Average]
  (min, avg, max) = (2171.254, 2176.582, 2178.558), stdev = 2.377
  CI (99.9%): [2172.988, 2180.176] (assumes normal distribution)

Secondary result "io.github.neoionet.netty.microbenchmark.CycleScopedAllocBenchmark.cycleDirect:CPI":
  0.259 clks/insn

Secondary result "io.github.neoionet.netty.microbenchmark.CycleScopedAllocBenchmark.cycleDirect:IPC":
  3.867 insns/clk

Secondary result "io.github.neoionet.netty.microbenchmark.CycleScopedAllocBenchmark.cycleDirect:L1-dcache-load-misses":
  57.498 #/op

Secondary result "io.github.neoionet.netty.microbenchmark.CycleScopedAllocBenchmark.cycleDirect:L1-dcache-loads":
  7713.531 #/op

Secondary result "io.github.neoionet.netty.microbenchmark.CycleScopedAllocBenchmark.cycleDirect:L1-icache-load-misses":
  0.045 #/op

Secondary result "io.github.neoionet.netty.microbenchmark.CycleScopedAllocBenchmark.cycleDirect:L1-icache-loads":
  10.599 #/op

Secondary result "io.github.neoionet.netty.microbenchmark.CycleScopedAllocBenchmark.cycleDirect:branch-misses":
  1.497 #/op

Secondary result "io.github.neoionet.netty.microbenchmark.CycleScopedAllocBenchmark.cycleDirect:branches":
  3455.883 #/op

Secondary result "io.github.neoionet.netty.microbenchmark.CycleScopedAllocBenchmark.cycleDirect:cycles":
  4934.651 #/op

Secondary result "io.github.neoionet.netty.microbenchmark.CycleScopedAllocBenchmark.cycleDirect:dTLB-load-misses":
  0.016 #/op

Secondary result "io.github.neoionet.netty.microbenchmark.CycleScopedAllocBenchmark.cycleDirect:dTLB-loads":
  0.471 #/op

Secondary result "io.github.neoionet.netty.microbenchmark.CycleScopedAllocBenchmark.cycleDirect:iTLB-load-misses":
  0.013 #/op

Secondary result "io.github.neoionet.netty.microbenchmark.CycleScopedAllocBenchmark.cycleDirect:iTLB-loads":
  0.016 #/op

Secondary result "io.github.neoionet.netty.microbenchmark.CycleScopedAllocBenchmark.cycleDirect:instructions":
  19083.848 #/op

Secondary result "io.github.neoionet.netty.microbenchmark.CycleScopedAllocBenchmark.cycleDirect:stalled-cycles-frontend":
  32.615 #/op


# JMH version: 1.37
# VM version: JDK 21, Java HotSpot(TM) 64-Bit Server VM, 21+35-LTS-2513
# VM invoker: /home/forked_franz/.sdkman/candidates/java/21-oracle/bin/java
# VM options: -server -dsa -da -XX:InitialRAMPercentage=40.0 -XX:MaxRAMPercentage=40.0 -Dio.netty.leakDetection.level=disabled -Djmh.executor=CUSTOM -Djmh.executor.class=io.github.neoionet.netty.microbenchmark.executor.FastThreadLocalThreadHarnessExecutor -XX:MaxRAM=60g
# Blackhole mode: compiler (auto-detected, use -Djmh.blackhole.autoDetect=false to disable)
# Warmup: 10 iterations, 1 s each
# Measurement: 10 iterations, 1 s each
# Timeout: 10 min per iteration
# Threads: 1 thread, will synchronize iterations
# Benchmark mode: Average time, time/op
# Benchmark: io.github.neoionet.netty.microbenchmark.CycleScopedAllocBenchmark.cycleHeap
# Parameters: (allocatorType = ARENA, k = 64, releaseOrder = FIFO, sizes = MIXED)

# Run progress: 50.00% complete, ETA 00:00:21
# Fork: 1 of 1
# Preparing profilers: LinuxPerfNormProfiler 
# Profilers consume stderr from target VM, use -v EXTRA to copy to console
# Warmup Iteration   1: 2377.291 ns/op
# Warmup Iteration   2: 2040.446 ns/op
# Warmup Iteration   3: 2042.747 ns/op
# Warmup Iteration   4: 2044.104 ns/op
# Warmup Iteration   5: 2043.117 ns/op
# Warmup Iteration   6: 2042.586 ns/op
# Warmup Iteration   7: 2043.188 ns/op
# Warmup Iteration   8: 2043.856 ns/op
# Warmup Iteration   9: 2044.328 ns/op
# Warmup Iteration  10: 2041.471 ns/op
Iteration   1: 2045.778 ns/op
Iteration   2: 2044.043 ns/op
Iteration   3: 2044.062 ns/op
Iteration   4: 2042.664 ns/op
Iteration   5: 2042.809 ns/op
Iteration   6: 2042.852 ns/op
Iteration   7: 2042.756 ns/op
Iteration   8: 2042.749 ns/op
Iteration   9: 2043.844 ns/op
Iteration  10: ARENATELE blockSize=262144 maxBlocks=8 cap=8192 maxObjects=16384 debug=false arenaHeap=518441654 arenaDirect=0 delegateHeap=103688330 delegateDirect=0 arenaShare=83.33% blocksHeap=1 blocksDirect=1 pinned=0 reusable=0 maxPinnedHeap=0 maxPinnedDirect=0 blockReuses=0 blockGrowths=0 hooks=9720781 hookRejections=0 violations=0 earlyReuses=0 reallocInPlace=0 reallocMoved=0 reallocDelegated=0 trims=0 trimmedBlocks=0 leakedBlocks=0 objects=54
ARENALOOP thread=io.github.neoionet.netty.microbenchmark.CycleScopedAllocBenchmark.cycleHeap-1-1 arenaHeap=518441654 arenaDirect=0 delegateHeap=103688330 delegateDirect=0 arenaShare=83.33% blocksHeap=1 blocksDirect=1 pinned=0 reusable=0 maxPinnedHeap=0 maxPinnedDirect=0 blockReuses=0 blockGrowths=0 hooks=9720781 hookRejections=0 violations=0 earlyReuses=0 reallocInPlace=0 reallocMoved=0 reallocDelegated=0 trims=0 trimmedBlocks=0 leakedBlocks=0 objects=54
2043.314 ns/op
# Processing profiler results: LinuxPerfNormProfiler 


Result "io.github.neoionet.netty.microbenchmark.CycleScopedAllocBenchmark.cycleHeap":
  2043.487 ±(99.9%) 1.483 ns/op [Average]
  (min, avg, max) = (2042.664, 2043.487, 2045.778), stdev = 0.981
  CI (99.9%): [2042.004, 2044.971] (assumes normal distribution)

Secondary result "io.github.neoionet.netty.microbenchmark.CycleScopedAllocBenchmark.cycleHeap:CPI":
  0.251 clks/insn

Secondary result "io.github.neoionet.netty.microbenchmark.CycleScopedAllocBenchmark.cycleHeap:IPC":
  3.983 insns/clk

Secondary result "io.github.neoionet.netty.microbenchmark.CycleScopedAllocBenchmark.cycleHeap:L1-dcache-load-misses":
  32.871 #/op

Secondary result "io.github.neoionet.netty.microbenchmark.CycleScopedAllocBenchmark.cycleHeap:L1-dcache-loads":
  7066.355 #/op

Secondary result "io.github.neoionet.netty.microbenchmark.CycleScopedAllocBenchmark.cycleHeap:L1-icache-load-misses":
  0.068 #/op

Secondary result "io.github.neoionet.netty.microbenchmark.CycleScopedAllocBenchmark.cycleHeap:L1-icache-loads":
  11.213 #/op

Secondary result "io.github.neoionet.netty.microbenchmark.CycleScopedAllocBenchmark.cycleHeap:branch-misses":
  0.933 #/op

Secondary result "io.github.neoionet.netty.microbenchmark.CycleScopedAllocBenchmark.cycleHeap:branches":
  3183.326 #/op

Secondary result "io.github.neoionet.netty.microbenchmark.CycleScopedAllocBenchmark.cycleHeap:cycles":
  4633.544 #/op

Secondary result "io.github.neoionet.netty.microbenchmark.CycleScopedAllocBenchmark.cycleHeap:dTLB-load-misses":
  0.019 #/op

Secondary result "io.github.neoionet.netty.microbenchmark.CycleScopedAllocBenchmark.cycleHeap:dTLB-loads":
  5.804 #/op

Secondary result "io.github.neoionet.netty.microbenchmark.CycleScopedAllocBenchmark.cycleHeap:iTLB-load-misses":
  0.013 #/op

Secondary result "io.github.neoionet.netty.microbenchmark.CycleScopedAllocBenchmark.cycleHeap:iTLB-loads":
  0.012 #/op

Secondary result "io.github.neoionet.netty.microbenchmark.CycleScopedAllocBenchmark.cycleHeap:instructions":
  18456.094 #/op

Secondary result "io.github.neoionet.netty.microbenchmark.CycleScopedAllocBenchmark.cycleHeap:stalled-cycles-frontend":
  29.161 #/op


# Run complete. Total time: 00:00:43

REMEMBER: The numbers below are just data. To gain reusable insights, you need to follow up on
why the numbers are the way they are. Use profilers (see -prof, -lprof), design factorial
experiments, perform baseline and negative tests that provide experimental control, make sure
the benchmarking environment is safe on JVM/OS/HW level, ask for reviews from the domain experts.
Do not assume the numbers tell you what you want them to tell.

NOTE: Current JVM experimentally supports Compiler Blackholes, and they are in use. Please exercise
extra caution when trusting the results, look into the generated code to check the benchmark still
works, and factor in a small probability of new VM bugs. Additionally, while comparisons between
different JVMs are already problematic, the performance difference caused by different Blackhole
modes can be very significant. Please make sure you use the consistent Blackhole mode for comparisons.

Benchmark                                                      (allocatorType)  (k)  (releaseOrder)  (sizes)  Mode  Cnt      Score   Error      Units
CycleScopedAllocBenchmark.cycleDirect                                    ARENA   64            FIFO    MIXED  avgt   10   2176.582 ± 3.594      ns/op
CycleScopedAllocBenchmark.cycleDirect:CPI                                ARENA   64            FIFO    MIXED  avgt           0.259          clks/insn
CycleScopedAllocBenchmark.cycleDirect:IPC                                ARENA   64            FIFO    MIXED  avgt           3.867          insns/clk
CycleScopedAllocBenchmark.cycleDirect:L1-dcache-load-misses              ARENA   64            FIFO    MIXED  avgt          57.498               #/op
CycleScopedAllocBenchmark.cycleDirect:L1-dcache-loads                    ARENA   64            FIFO    MIXED  avgt        7713.531               #/op
CycleScopedAllocBenchmark.cycleDirect:L1-icache-load-misses              ARENA   64            FIFO    MIXED  avgt           0.045               #/op
CycleScopedAllocBenchmark.cycleDirect:L1-icache-loads                    ARENA   64            FIFO    MIXED  avgt          10.599               #/op
CycleScopedAllocBenchmark.cycleDirect:branch-misses                      ARENA   64            FIFO    MIXED  avgt           1.497               #/op
CycleScopedAllocBenchmark.cycleDirect:branches                           ARENA   64            FIFO    MIXED  avgt        3455.883               #/op
CycleScopedAllocBenchmark.cycleDirect:cycles                             ARENA   64            FIFO    MIXED  avgt        4934.651               #/op
CycleScopedAllocBenchmark.cycleDirect:dTLB-load-misses                   ARENA   64            FIFO    MIXED  avgt           0.016               #/op
CycleScopedAllocBenchmark.cycleDirect:dTLB-loads                         ARENA   64            FIFO    MIXED  avgt           0.471               #/op
CycleScopedAllocBenchmark.cycleDirect:iTLB-load-misses                   ARENA   64            FIFO    MIXED  avgt           0.013               #/op
CycleScopedAllocBenchmark.cycleDirect:iTLB-loads                         ARENA   64            FIFO    MIXED  avgt           0.016               #/op
CycleScopedAllocBenchmark.cycleDirect:instructions                       ARENA   64            FIFO    MIXED  avgt       19083.848               #/op
CycleScopedAllocBenchmark.cycleDirect:stalled-cycles-frontend            ARENA   64            FIFO    MIXED  avgt          32.615               #/op
CycleScopedAllocBenchmark.cycleHeap                                      ARENA   64            FIFO    MIXED  avgt   10   2043.487 ± 1.483      ns/op
CycleScopedAllocBenchmark.cycleHeap:CPI                                  ARENA   64            FIFO    MIXED  avgt           0.251          clks/insn
CycleScopedAllocBenchmark.cycleHeap:IPC                                  ARENA   64            FIFO    MIXED  avgt           3.983          insns/clk
CycleScopedAllocBenchmark.cycleHeap:L1-dcache-load-misses                ARENA   64            FIFO    MIXED  avgt          32.871               #/op
CycleScopedAllocBenchmark.cycleHeap:L1-dcache-loads                      ARENA   64            FIFO    MIXED  avgt        7066.355               #/op
CycleScopedAllocBenchmark.cycleHeap:L1-icache-load-misses                ARENA   64            FIFO    MIXED  avgt           0.068               #/op
CycleScopedAllocBenchmark.cycleHeap:L1-icache-loads                      ARENA   64            FIFO    MIXED  avgt          11.213               #/op
CycleScopedAllocBenchmark.cycleHeap:branch-misses                        ARENA   64            FIFO    MIXED  avgt           0.933               #/op
CycleScopedAllocBenchmark.cycleHeap:branches                             ARENA   64            FIFO    MIXED  avgt        3183.326               #/op
CycleScopedAllocBenchmark.cycleHeap:cycles                               ARENA   64            FIFO    MIXED  avgt        4633.544               #/op
CycleScopedAllocBenchmark.cycleHeap:dTLB-load-misses                     ARENA   64            FIFO    MIXED  avgt           0.019               #/op
CycleScopedAllocBenchmark.cycleHeap:dTLB-loads                           ARENA   64            FIFO    MIXED  avgt           5.804               #/op
CycleScopedAllocBenchmark.cycleHeap:iTLB-load-misses                     ARENA   64            FIFO    MIXED  avgt           0.013               #/op
CycleScopedAllocBenchmark.cycleHeap:iTLB-loads                           ARENA   64            FIFO    MIXED  avgt           0.012               #/op
CycleScopedAllocBenchmark.cycleHeap:instructions                         ARENA   64            FIFO    MIXED  avgt       18456.094               #/op
CycleScopedAllocBenchmark.cycleHeap:stalled-cycles-frontend              ARENA   64            FIFO    MIXED  avgt          29.161               #/op

Benchmark result is saved to /home/forked_franz/IdeaProjects/netty-bench/results/h2h-merged-x86-2026-09-22/arena-v3/cycle/cycle-v3-perfnorm.json
