TRANSPORT transport=io_uring ringSize=128 cqSize=4096 singleIssuer=true bufferRing=on [bgId=1 entries=64 chunk=8192 incremental=true batchSize=32 batchAllocation=false alloc=slab allocClass=RegisteredSlabBufferRingAllocator[256x8192 per loop]] zeroCopyThreshold=-1 | IoUring features: CQE_F_SOCK_NONEMPTY_SUPPORTED=true, UNIX_DOMAIN_SOCKET_INQ_SUPPORTED=true, SPLICE_SUPPORTED=true, ACCEPT_NO_WAIT_SUPPORTED=true, ACCEPT_MULTISHOT_SUPPORTED=true, POLL_ADD_MULTISHOT_SUPPORTED=true, RECV_MULTISHOT_SUPPORTED=true, IORING_RECVSEND_BUNDLE_SUPPORTED=true, REGISTER_IOWQ_MAX_WORKERS_SUPPORTED=true, SETUP_SUBMIT_ALL_SUPPORTED=true, SETUP_CQE_MIXED_SUPPORTED=true, SETUP_CQ_SIZE_SUPPORTED=true, SETUP_SINGLE_ISSUER_SUPPORTED=true, SETUP_DEFER_TASKRUN_SUPPORTED=true, SETUP_NO_SQARRAY_SUPPORTED=true, REGISTER_BUFFER_RING_SUPPORTED=true, REGISTER_BUFFER_RING_INC_SUPPORTED=true, SEND_ZC_SUPPORTED=true, SENDMSG_ZC_SUPPORTED=true, ENTER_NO_IOWAIT_SUPPORTED=true
READY adaptive h2 8080 loops=8 transport=io_uring
CHILDOPTS IO_URING_BUFFER_GROUP_ID=1 IO_URING_WRITE_ZERO_COPY_THRESHOLD=-1
User Event Triggered: io.netty.handler.codec.http2.CleartextHttp2ServerUpgradeHandler$PriorKnowledgeUpgradeEvent@4f1877bf
User Event Triggered: io.netty.handler.codec.http2.CleartextHttp2ServerUpgradeHandler$PriorKnowledgeUpgradeEvent@4f1877bf
User Event Triggered: io.netty.handler.codec.http2.CleartextHttp2ServerUpgradeHandler$PriorKnowledgeUpgradeEvent@4f1877bf
User Event Triggered: io.netty.handler.codec.http2.CleartextHttp2ServerUpgradeHandler$PriorKnowledgeUpgradeEvent@4f1877bf
User Event Triggered: io.netty.handler.codec.http2.CleartextHttp2ServerUpgradeHandler$PriorKnowledgeUpgradeEvent@4f1877bf
User Event Triggered: io.netty.handler.codec.http2.CleartextHttp2ServerUpgradeHandler$PriorKnowledgeUpgradeEvent@4f1877bf
User Event Triggered: io.netty.handler.codec.http2.CleartextHttp2ServerUpgradeHandler$PriorKnowledgeUpgradeEvent@4f1877bf
User Event Triggered: io.netty.handler.codec.http2.CleartextHttp2ServerUpgradeHandler$PriorKnowledgeUpgradeEvent@4f1877bf
User Event Triggered: io.netty.handler.codec.http2.CleartextHttp2ServerUpgradeHandler$PriorKnowledgeUpgradeEvent@4f1877bf
User Event Triggered: io.netty.handler.codec.http2.CleartextHttp2ServerUpgradeHandler$PriorKnowledgeUpgradeEvent@4f1877bf
User Event Triggered: io.netty.handler.codec.http2.CleartextHttp2ServerUpgradeHandler$PriorKnowledgeUpgradeEvent@4f1877bf
User Event Triggered: io.netty.handler.codec.http2.CleartextHttp2ServerUpgradeHandler$PriorKnowledgeUpgradeEvent@4f1877bf
User Event Triggered: io.netty.handler.codec.http2.CleartextHttp2ServerUpgradeHandler$PriorKnowledgeUpgradeEvent@4f1877bf
User Event Triggered: io.netty.handler.codec.http2.CleartextHttp2ServerUpgradeHandler$PriorKnowledgeUpgradeEvent@4f1877bf
User Event Triggered: io.netty.handler.codec.http2.CleartextHttp2ServerUpgradeHandler$PriorKnowledgeUpgradeEvent@4f1877bf
User Event Triggered: io.netty.handler.codec.http2.CleartextHttp2ServerUpgradeHandler$PriorKnowledgeUpgradeEvent@4f1877bf
RINGTELE transport=io_uring bufferRing=on ringAllocs=3773920 ringReads=5446254 ringReadBytes=30913895217 bgId=1 entries=64 chunk=8192 incremental=true batchSize=32 batchAllocation=false alloc=slab allocClass=RegisteredSlabBufferRingAllocator[256x8192 per loop] | SLABTELE instances=8 regionBytes=16777216 slabAcquires=3773920 slabReleases=3773664 slabFallbacks=0 slabForeignReleases=0 lastBytesReadCalls=5446254 | BUFRINGTELE refCntTele=false noSliceHandoff=false handoffs=0 slices=0 retireRefCnt=1:0,2:0,3:0,4:0,5:0,6:0,>=7:0
THPTELE anonHugePagesKb=0 vmasWithThp=0 rssKb=884652 thpEnabled=always [madvise] never
