starting benchmark...
spawning thread #0: 16 total client(s). Timing-based test with 0s of warm-up time and 8s of main duration for measurements.
spawning thread #1: 16 total client(s). Timing-based test with 0s of warm-up time and 8s of main duration for measurements.
spawning thread #2: 16 total client(s). Timing-based test with 0s of warm-up time and 8s of main duration for measurements.
spawning thread #3: 16 total client(s). Timing-based test with 0s of warm-up time and 8s of main duration for measurements.
Warm-up started for thread #0.
Warm-up started for thread #Warm-up started for thread #3.
1.
Warm-up started for thread #2.
progress: 6% of clients started
progress: 12% of clients started
progress: 18% of clients started
progress: 25% of clients started
progress: 31% of clients started
progress: 37% of clients started
progress: 43% of clients started
progress: 50% of clients started
progress: 56% of clients started
progress: 62% of clients started
progress: 68% of clients started
progress: 75% of clients started
progress: 81% of clients started
progress: 87% of clients started
progress: 93% of clients started
Warm-up phase is over for thread #3.
Main benchmark duration is started for thread #3.
progress: 100% of clients started
Warm-up phase is over for thread #1.
Main benchmark duration is started for thread #1.
Warm-up phase is over for thread #0.
Main benchmark duration is started for thread #0.
Application protocol: http/1.1
Warm-up phase is over for thread #2.
Main benchmark duration is started for thread #2.
Main benchmark duration is over for thread #0. Stopping all clients.
Stopped all clients for thread #0
Main benchmark duration is over for thread #2. Stopping all clients.
Stopped all clients for thread #2
Main benchmark duration is over for thread #3. Stopping all clients.
Stopped all clients for thread #3
Main benchmark duration is over for thread #1. Stopping all clients.
Stopped all clients for thread #1

finished in 8.00s, 12170.50 req/s, 475.41KB/s
requests: 97364 total, 97428 started, 97364 done, 97364 succeeded, 0 failed, 0 errored, 0 timeout
status codes: 97364 2xx, 0 3xx, 0 4xx, 0 5xx
traffic: 3.71MB (3894560) total, 1.39MB (1460925) headers (space savings 0.00%), 190.22KB (194790) data
                     min         max         mean         sd        +/- sd
time for request:     1.16ms    134.12ms      5.26ms      3.53ms    98.98%
time for connect:        2us       406us       200us       119us    57.81%
time to 1st byte:   110.63ms    134.16ms    123.98ms      5.89ms    70.31%
req/s           :     185.98      193.97      190.14        1.96    68.75%
