starting benchmark...
spawning thread #0: 16 total client(s). Timing-based test with 0s of warm-up time and 8s of main duration for measurements.
spawning thread #1: 16 total client(s). Timing-based test with 0s of warm-up time and 8s of main duration for measurements.
spawning thread #2: 16 total client(s). Timing-based test with 0s of warm-up time and 8s of main duration for measurements.
spawning thread #3: 16 total client(s). Timing-based test with 0s of warm-up time and 8s of main duration for measurements.
Warm-up started for thread #2.
Warm-up started for thread #3.
Warm-up started for thread #0.
Warm-up started for thread #1.
progress: 6% of clients started
progress: 12% of clients started
progress: 18% of clients started
progress: 25% of clients started
progress: 31% of clients started
progress: 37% of clients started
progress: 43% of clients started
progress: 50% of clients started
progress: 56% of clients started
progress: 62% of clients started
progress: 68% of clients started
progress: 75% of clients started
progress: 81% of clients started
progress: 87% of clients started
Warm-up phase is over for thread #2.
Main benchmark duration is started for thread #2.
progress: 93% of clients started
Warm-up phase is over for thread #1.
Main benchmark duration is started for thread #1.
Warm-up phase is over for thread #3.
Main benchmark duration is started for thread #3.
progress: 100% of clients started
Warm-up phase is over for thread #0.
Main benchmark duration is started for thread #0.
Application protocol: http/1.1
Main benchmark duration is over for thread #2. Stopping all clients.
Stopped all clients for thread #2
Main benchmark duration is over for thread #1. Stopping all clients.
Stopped all clients for thread #1
Main benchmark duration is over for thread #0. Stopping all clients.
Stopped all clients for thread #0
Main benchmark duration is over for thread #3. Stopping all clients.
Stopped all clients for thread #3

finished in 8.00s, 12104.38 req/s, 472.83KB/s
requests: 96835 total, 96899 started, 96835 done, 96835 succeeded, 0 failed, 0 errored, 0 timeout
status codes: 96835 2xx, 0 3xx, 0 4xx, 0 5xx
traffic: 3.69MB (3873400) total, 1.39MB (1453020) headers (space savings 0.00%), 189.20KB (193736) data
                     min         max         mean         sd        +/- sd
time for request:     1.22ms    134.64ms      5.29ms      3.55ms    98.95%
time for connect:        2us       383us       190us       113us    54.69%
time to 1st byte:   113.00ms    134.68ms    125.02ms      5.45ms    67.19%
req/s           :     186.94      192.98      189.10        1.55    62.50%
