starting benchmark...
spawning thread #0: 16 total client(s). Timing-based test with 0s of warm-up time and 8s of main duration for measurements.
spawning thread #1: 16 total client(s). Timing-based test with 0s of warm-up time and 8s of main duration for measurements.
spawning thread #2: 16 total client(s). Timing-based test with 0s of warm-up time and 8s of main duration for measurements.
spawning thread #3: 16 total client(s). Timing-based test with 0s of warm-up time and 8s of main duration for measurements.
Warm-up started for thread #2.
Warm-up started for thread #0.
Warm-up started for thread #1.
Warm-up started for thread #3.
progress: 6% of clients started
progress: 12% of clients started
progress: 18% of clients started
progress: 25% of clients started
progress: 31% of clients started
progress: 37% of clients started
progress: 43% of clients started
progress: 50% of clients started
progress: 56% of clients started
progress: 62% of clients started
progress: 68% of clients started
progress: 75% of clients started
progress: 81% of clients started
progress: 87% of clients started
progress: 93% of clients started
Warm-up phase is over for thread #2.
progress: 100% of clients started
Main benchmark duration is started for thread #2.
Warm-up phase is over for thread #1.
Main benchmark duration is started for thread #1.
Warm-up phase is over for thread #3.
Main benchmark duration is started for thread #3.
Warm-up phase is over for thread #0.
Main benchmark duration is started for thread #0.
Application protocol: http/1.1
Main benchmark duration is over for thread #2. Stopping all clients.
Stopped all clients for thread #2
Main benchmark duration is over for thread #3. Stopping all clients.
Stopped all clients for thread #3
Main benchmark duration is over for thread #1. Stopping all clients.
Stopped all clients for thread #1
Main benchmark duration is over for thread #0. Stopping all clients.
Stopped all clients for thread #0

finished in 8.00s, 11930.00 req/s, 466.02KB/s
requests: 95440 total, 95504 started, 95440 done, 95440 succeeded, 0 failed, 0 errored, 0 timeout
status codes: 95440 2xx, 0 3xx, 0 4xx, 0 5xx
traffic: 3.64MB (3817600) total, 1.37MB (1432095) headers (space savings 0.00%), 186.47KB (190946) data
                     min         max         mean         sd        +/- sd
time for request:     1.23ms    101.21ms      5.36ms      2.74ms    98.84%
time for connect:        2us       435us       206us       119us    59.38%
time to 1st byte:    80.47ms    101.21ms     93.34ms      5.45ms    71.88%
req/s           :     184.71      188.56      186.37        0.98    64.06%
