TRANSPORT transport=io_uring ringSize=128 cqSize=4096 singleIssuer=true bufferRing=on [bgId=1 entries=64 chunk=8192 incremental=true batchSize=32 batchAllocation=false alloc=slab3 allocClass=SlabV2BufferRingAllocator/slab3[256x8192 per loop, grow=true, maxRegion=33554432, timeHist=false, warmup=16384, reprovGap=65536, reprovRuns=1024, maxReprov=8, sizePolicy=rate]] zeroCopyThreshold=-1 | IoUring features: CQE_F_SOCK_NONEMPTY_SUPPORTED=true, UNIX_DOMAIN_SOCKET_INQ_SUPPORTED=true, SPLICE_SUPPORTED=true, ACCEPT_NO_WAIT_SUPPORTED=true, ACCEPT_MULTISHOT_SUPPORTED=true, POLL_ADD_MULTISHOT_SUPPORTED=true, RECV_MULTISHOT_SUPPORTED=true, IORING_RECVSEND_BUNDLE_SUPPORTED=true, REGISTER_IOWQ_MAX_WORKERS_SUPPORTED=true, SETUP_SUBMIT_ALL_SUPPORTED=true, SETUP_CQE_MIXED_SUPPORTED=true, SETUP_CQ_SIZE_SUPPORTED=true, SETUP_SINGLE_ISSUER_SUPPORTED=true, SETUP_DEFER_TASKRUN_SUPPORTED=true, SETUP_NO_SQARRAY_SUPPORTED=true, REGISTER_BUFFER_RING_SUPPORTED=true, REGISTER_BUFFER_RING_INC_SUPPORTED=true, SEND_ZC_SUPPORTED=true, SENDMSG_ZC_SUPPORTED=true, ENTER_NO_IOWAIT_SUPPORTED=true
READY adaptive h2 8080 loops=8 transport=io_uring
CHILDOPTS IO_URING_BUFFER_GROUP_ID=1 IO_URING_WRITE_ZERO_COPY_THRESHOLD=-1
User Event Triggered: io.netty.handler.codec.http2.CleartextHttp2ServerUpgradeHandler$PriorKnowledgeUpgradeEvent@37d2631a
User Event Triggered: io.netty.handler.codec.http2.CleartextHttp2ServerUpgradeHandler$PriorKnowledgeUpgradeEvent@37d2631a
User Event Triggered: io.netty.handler.codec.http2.CleartextHttp2ServerUpgradeHandler$PriorKnowledgeUpgradeEvent@37d2631a
User Event Triggered: io.netty.handler.codec.http2.CleartextHttp2ServerUpgradeHandler$PriorKnowledgeUpgradeEvent@37d2631a
User Event Triggered: io.netty.handler.codec.http2.CleartextHttp2ServerUpgradeHandler$PriorKnowledgeUpgradeEvent@37d2631a
User Event Triggered: io.netty.handler.codec.http2.CleartextHttp2ServerUpgradeHandler$PriorKnowledgeUpgradeEvent@37d2631a
User Event Triggered: io.netty.handler.codec.http2.CleartextHttp2ServerUpgradeHandler$PriorKnowledgeUpgradeEvent@37d2631a
User Event Triggered: io.netty.handler.codec.http2.CleartextHttp2ServerUpgradeHandler$PriorKnowledgeUpgradeEvent@37d2631a
User Event Triggered: io.netty.handler.codec.http2.CleartextHttp2ServerUpgradeHandler$PriorKnowledgeUpgradeEvent@37d2631a
User Event Triggered: io.netty.handler.codec.http2.CleartextHttp2ServerUpgradeHandler$PriorKnowledgeUpgradeEvent@37d2631a
User Event Triggered: io.netty.handler.codec.http2.CleartextHttp2ServerUpgradeHandler$PriorKnowledgeUpgradeEvent@37d2631a
User Event Triggered: io.netty.handler.codec.http2.CleartextHttp2ServerUpgradeHandler$PriorKnowledgeUpgradeEvent@37d2631a
User Event Triggered: io.netty.handler.codec.http2.CleartextHttp2ServerUpgradeHandler$PriorKnowledgeUpgradeEvent@37d2631a
User Event Triggered: io.netty.handler.codec.http2.CleartextHttp2ServerUpgradeHandler$PriorKnowledgeUpgradeEvent@37d2631a
User Event Triggered: io.netty.handler.codec.http2.CleartextHttp2ServerUpgradeHandler$PriorKnowledgeUpgradeEvent@37d2631a
User Event Triggered: io.netty.handler.codec.http2.CleartextHttp2ServerUpgradeHandler$PriorKnowledgeUpgradeEvent@37d2631a
RINGTELE transport=io_uring bufferRing=on ringAllocs=933556 ringReads=2665630 ringReadBytes=30630909060 bgId=1 entries=64 chunk=8192 incremental=true batchSize=32 batchAllocation=false alloc=slab3 allocClass=SlabV2BufferRingAllocator/slab3[256x8192 per loop, grow=true, maxRegion=33554432, timeHist=false, warmup=16384, reprovGap=65536, reprovRuns=1024, maxReprov=8, sizePolicy=rate] | SLAB2TELE name=slab3 instances=8 adaptiveSlot=true loopLocal=true align2M=false aligned=false finalSlots=256x65536/256x65536/256x65536/256x65536/256x65536/256x65536/256x65536/256x65536 regionBytes=134217728 acquires=933556 releases=933300 fallbacks=0 exhaustions=0 reprovSize=8 reprovGrow=0 foreignReleases=0 staleReleases=261 lastBytesReadCalls=2665630 maxInFlight=36 minFreeSlots=220 drains=0 wantAway=6275 wantNear=1917 wantMin=8192 wantMax=65536 longestRun=0 ratePolicy=true occupancy[0-25%:933556,25-50%:0,50-75%:0,75-100%:0,full:0] lifeSeq[<1ring:933300,<8ring:0,<64ring:0,>=64ring:0] | BUFRINGTELE refCntTele=false noSliceHandoff=false handoffs=0 slices=0 retireRefCnt=1:0,2:0,3:0,4:0,5:0,6:0,>=7:0
THPTELE anonHugePagesKb=0 vmasWithThp=0 rssKb=1006232 thpEnabled=always [madvise] never
