starting benchmark...
spawning thread #0: 2 total client(s). Timing-based test with 0s of warm-up time and 8s of main duration for measurements.
spawning thread #1: 2 total client(s). Timing-based test with 0s of warm-up time and 8s of main duration for measurements.
spawning thread #2: 2 total client(s). Timing-based test with 0s of warm-up time and 8s of main duration for measurements.
spawning thread #3: 2 total client(s). Timing-based test with 0s of warm-up time and 8s of main duration for measurements.
Warm-up started for thread #0.
Warm-up started for thread #2.
Warm-up started for thread #Warm-up started for thread #1.
3.
progress: 50% of clients started
progress: 100% of clients started
Warm-up phase is over for thread #2.
Main benchmark duration is started for thread #2.
Warm-up phase is over for thread #0.
Warm-up phase is over for thread #Main benchmark duration is started for thread #30.
Warm-up phase is over for thread #1.
.
Main benchmark duration is started for thread #3.
Main benchmark duration is started for thread #1.
Application protocol: h2c
Main benchmark duration is over for thread #2. Stopping all clients.
Stopped all clients for thread #2
Main benchmark duration is over for thread #0. Stopping all clients.
Stopped all clients for thread #0Main benchmark duration is over for thread #
3. Stopping all clients.
Stopped all clients for thread #3
Main benchmark duration is over for thread #1. Stopping all clients.
Stopped all clients for thread #1

finished in 8.00s, 15798.00 req/s, 996.91MB/s
requests: 126384 total, 126512 started, 126384 done, 126384 succeeded, 0 failed, 0 errored, 0 timeout
status codes: 126507 2xx, 0 3xx, 0 4xx, 0 5xx
traffic: 7.79GB (8362648327) total, 123.54KB (126507) headers (space savings 90.00%), 7.72GB (8286599506) data
                     min         max         mean         sd        +/- sd
time for request:     3.76ms    218.86ms      8.07ms     10.51ms    94.84%
time for connect:       12us        63us        32us        17us    62.50%
time to 1st byte:   111.61ms    112.63ms    112.06ms       447us    75.00%
req/s           :    1943.48     2010.48     1974.72       25.13    62.50%
