starting benchmark...
spawning thread #0: 2 total client(s). Timing-based test with 0s of warm-up time and 8s of main duration for measurements.
spawning thread #1: 2 total client(s). Timing-based test with 0s of warm-up time and 8s of main duration for measurements.
spawning thread #2: 2 total client(s). Timing-based test with 0s of warm-up time and 8s of main duration for measurements.
spawning thread #3: 2 total client(s). Timing-based test with 0s of warm-up time and 8s of main duration for measurements.
Warm-up started for thread #2.
Warm-up started for thread #1.
Warm-up started for thread #0.
Warm-up started for thread #3.
progress: 50% of clients started
Warm-up phase is over for thread #2.
Main benchmark duration is started for thread #2.
Warm-up phase is over for thread #1.
Main benchmark duration is started for thread #1.
progress: 100% of clients started
Warm-up phase is over for thread #Warm-up phase is over for thread #0.
Main benchmark duration is started for thread #0.
3Application protocol: .h2c

Main benchmark duration is started for thread #3.
Main benchmark duration is over for thread #2. Stopping all clients.
Stopped all clients for thread #2
Main benchmark duration is over for thread #Main benchmark duration is over for thread #13. Stopping all clients.. Stopping all clients.
Stopped all clients for thread #1

Stopped all clients for thread #3
Main benchmark duration is over for thread #0. Stopping all clients.
Stopped all clients for thread #0

finished in 8.00s, 13837.12 req/s, 873.21MB/s
requests: 110697 total, 110825 started, 110697 done, 110697 succeeded, 0 failed, 0 errored, 0 timeout
status codes: 110819 2xx, 0 3xx, 0 4xx, 0 5xx
traffic: 6.82GB (7325050318) total, 108.22KB (110819) headers (space savings 90.00%), 6.76GB (7258420143) data
                     min         max         mean         sd        +/- sd
time for request:     3.50ms    222.97ms      9.22ms     10.38ms    94.68%
time for connect:       13us        59us        30us        16us    62.50%
time to 1st byte:   111.36ms    112.78ms    111.92ms       614us    75.00%
req/s           :    1720.60     1739.73     1729.62        7.08    62.50%
