starting benchmark...
spawning thread #0: 2 total client(s). Timing-based test with 0s of warm-up time and 8s of main duration for measurements.
spawning thread #1: 2 total client(s). Timing-based test with 0s of warm-up time and 8s of main duration for measurements.
spawning thread #2: 2 total client(s). Timing-based test with 0s of warm-up time and 8s of main duration for measurements.
spawning thread #3: 2 total client(s). Timing-based test with 0s of warm-up time and 8s of main duration for measurements.
Warm-up started for thread #0.
Warm-up started for thread #3.
Warm-up started for thread #1.
Warm-up started for thread #2.
progress: 50% of clients started
progress: 100% of clients started
Warm-up phase is over for thread #3.
Warm-up phase is over for thread #0.
Warm-up phase is over for thread #Main benchmark duration is started for thread #2Main benchmark duration is started for thread #3.
Warm-up phase is over for thread #1.
0.
.
Application protocol: Main benchmark duration is started for thread #2.
h2c
Main benchmark duration is started for thread #1.
Main benchmark duration is over for thread #3. Stopping all clients.
Stopped all clients for thread #3
Main benchmark duration is over for thread #Main benchmark duration is over for thread #2. Stopping all clients.
Stopped all clients for thread #2
0. Stopping all clients.
Stopped all clients for thread #0
Main benchmark duration is over for thread #1. Stopping all clients.
Stopped all clients for thread #1

finished in 8.00s, 13119.00 req/s, 827.98MB/s
requests: 104952 total, 105080 started, 104952 done, 104952 succeeded, 0 failed, 0 errored, 0 timeout
status codes: 105078 2xx, 0 3xx, 0 4xx, 0 5xx
traffic: 6.47GB (6945595207) total, 102.62KB (105078) headers (space savings 90.00%), 6.41GB (6882245422) data
                     min         max         mean         sd        +/- sd
time for request:     3.99ms    238.62ms      9.73ms     10.95ms    94.17%
time for connect:       13us        51us        29us        13us    62.50%
time to 1st byte:   110.62ms    111.51ms    110.98ms       356us    75.00%
req/s           :    1616.74     1683.60     1639.85       27.26    75.00%
