starting benchmark...
spawning thread #0: 4 total client(s). Timing-based test with 0s of warm-up time and 12s of main duration for measurements.
spawning thread #1: 4 total client(s). Timing-based test with 0s of warm-up time and 12s of main duration for measurements.
spawning thread #2: 4 total client(s). Timing-based test with 0s of warm-up time and 12s of main duration for measurements.
spawning thread #3: 4 total client(s). Timing-based test with 0s of warm-up time and 12s of main duration for measurements.
Warm-up started for thread #Warm-up started for thread #Warm-up started for thread #01.
2.
.
Warm-up started for thread #3.
progress: 25% of clients started
progress: 50% of clients started
progress: 75% of clients started
Warm-up phase is over for thread #Warm-up phase is over for thread #13.Warm-up phase is over for thread #
.progress: 100% of clients started

Main benchmark duration is started for thread #3.
Warm-up phase is over for thread #0.
Main benchmark duration is started for thread #Main benchmark duration is started for thread #10..
2.

Main benchmark duration is started for thread #2.
Application protocol: h2c
Main benchmark duration is over for thread #0. Stopping all clients.
Stopped all clients for thread #0
Main benchmark duration is over for thread #3. Stopping all clients.
Stopped all clients for thread #3
Main benchmark duration is over for thread #1. Stopping all clients.
Stopped all clients for thread #1
Main benchmark duration is over for thread #2. Stopping all clients.
Stopped all clients for thread #2

finished in 12.00s, 45477.75 req/s, 157.16MB/s
requests: 545733 total, 546245 started, 545733 done, 545733 succeeded, 0 failed, 0 errored, 0 timeout
status codes: 545733 2xx, 0 3xx, 0 4xx, 0 5xx
traffic: 1.84GB (1977508321) total, 532.94KB (545733) headers (space savings 90.00%), 1.82GB (1956096603) data
                     min         max         mean         sd        +/- sd
time for request:      825us    148.92ms     11.25ms      3.95ms    97.21%
time for connect:        9us        91us        46us        25us    62.50%
time to 1st byte:   116.11ms    120.15ms    117.60ms       998us    68.75%
req/s           :    2825.11     2856.45     2842.29        9.51    62.50%
