starting benchmark...
spawning thread #0: 16 total client(s). Timing-based test with 0s of warm-up time and 12s of main duration for measurements.
spawning thread #1: 16 total client(s). Timing-based test with 0s of warm-up time and 12s of main duration for measurements.
spawning thread #2: 16 total client(s). Timing-based test with 0s of warm-up time and 12s of main duration for measurements.
spawning thread #3: 16 total client(s). Timing-based test with 0s of warm-up time and 12s of main duration for measurements.
Warm-up started for thread #0.
Warm-up started for thread #1Warm-up started for thread #.
3Warm-up started for thread #.
2.
progress: 6% of clients started
progress: 12% of clients started
progress: 18% of clients started
progress: 25% of clients started
progress: 31% of clients started
progress: 37% of clients started
progress: 43% of clients started
progress: 50% of clients started
progress: 56% of clients started
progress: 62% of clients started
progress: 68% of clients started
progress: 75% of clients started
progress: 81% of clients started
progress: 87% of clients started
progress: 93% of clients started
progress: 100% of clients started
Warm-up phase is over for thread #2.
Main benchmark duration is started for thread #2.
Warm-up phase is over for thread #0.
Main benchmark duration is started for thread #0.
Application protocol: http/1.1
Warm-up phase is over for thread #1.
Main benchmark duration is started for thread #1.
Warm-up phase is over for thread #3.
Main benchmark duration is started for thread #3.
Main benchmark duration is over for thread #0. Stopping all clients.
Stopped all clients for thread #0
Main benchmark duration is over for thread #Main benchmark duration is over for thread #3. Stopping all clients.1
. Stopping all clients.Stopped all clients for thread #3

Stopped all clients for thread #1
Main benchmark duration is over for thread #2. Stopping all clients.
Stopped all clients for thread #2

finished in 12.01s, 274926.75 req/s, 1.17GB/s
requests: 3299121 total, 3299185 started, 3299121 done, 3299121 succeeded, 0 failed, 0 errored, 0 timeout
status codes: 3299121 2xx, 0 3xx, 0 4xx, 0 5xx
traffic: 14.05GB (15086881037) total, 368.12MB (386001486) headers (space savings 0.00%), 13.57GB (14572381590) data
                     min         max         mean         sd        +/- sd
time for request:       36us    103.20ms       237us       550us    99.58%
time for connect:        1us       120us        61us        34us    59.38%
time to 1st byte:    60.03ms    103.21ms     74.87ms     17.02ms    70.31%
req/s           :    4267.09     4344.37     4295.67       21.13    75.00%
