starting benchmark...
spawning thread #0: 16 total client(s). Timing-based test with 0s of warm-up time and 8s of main duration for measurements.
spawning thread #1: 16 total client(s). Timing-based test with 0s of warm-up time and 8s of main duration for measurements.
spawning thread #2: 16 total client(s). Timing-based test with 0s of warm-up time and 8s of main duration for measurements.
spawning thread #3: 16 total client(s). Timing-based test with 0s of warm-up time and 8s of main duration for measurements.
Warm-up started for thread #3.Warm-up started for thread #Warm-up started for thread #Warm-up started for thread #
2.
01.
.
progress: 6% of clients started
progress: 12% of clients started
progress: 18% of clients started
progress: 25% of clients started
progress: 31% of clients started
progress: 37% of clients started
progress: 43% of clients started
progress: 50% of clients started
progress: 56% of clients started
progress: 62% of clients started
progress: 68% of clients started
progress: 75% of clients started
progress: 81% of clients started
progress: 87% of clients started
progress: 93% of clients started
Warm-up phase is over for thread #1.
Main benchmark duration is started for thread #1.
Warm-up phase is over for thread #3.
Warm-up phase is over for thread #Main benchmark duration is started for thread #3.
2.
Main benchmark duration is started for thread #2.
progress: 100% of clients started
Warm-up phase is over for thread #0.
Main benchmark duration is started for thread #0.
Application protocol: http/1.1
Main benchmark duration is over for thread #1. Stopping all clients.
Stopped all clients for thread #1
Main benchmark duration is over for thread #0. Stopping all clients.
Stopped all clients for thread #0
Main benchmark duration is over for thread #2. Stopping all clients.
Stopped all clients for thread #2
Main benchmark duration is over for thread #3. Stopping all clients.
Stopped all clients for thread #3

finished in 8.00s, 93851.38 req/s, 405.09MB/s
requests: 750811 total, 750875 started, 750811 done, 750811 succeeded, 0 failed, 0 errored, 0 timeout
status codes: 750823 2xx, 0 3xx, 0 4xx, 0 5xx
traffic: 3.16GB (3398173162) total, 83.78MB (87849216) headers (space savings 0.00%), 3.06GB (3281175874) data
                     min         max         mean         sd        +/- sd
time for request:       76us     96.56ms       681us      1.08ms    98.54%
time for connect:        2us       202us       104us        57us    64.06%
time to 1st byte:    94.36ms     96.56ms     95.03ms       797us    75.00%
req/s           :    1449.58     1491.42     1466.37        9.73    68.75%
