starting benchmark...
spawning thread #0: 16 total client(s). Timing-based test with 0s of warm-up time and 8s of main duration for measurements.
spawning thread #1: 16 total client(s). Timing-based test with 0s of warm-up time and 8s of main duration for measurements.
spawning thread #2: 16 total client(s). Timing-based test with 0s of warm-up time and 8s of main duration for measurements.
spawning thread #3: 16 total client(s). Timing-based test with 0s of warm-up time and 8s of main duration for measurements.
Warm-up started for thread #Warm-up started for thread #Warm-up started for thread #32.
.0.
Warm-up started for thread #1.

progress: 6% of clients started
progress: 12% of clients started
progress: 18% of clients started
progress: 25% of clients started
progress: 31% of clients started
progress: 37% of clients started
progress: 43% of clients started
progress: 50% of clients started
progress: 56% of clients started
progress: 62% of clients started
progress: 68% of clients started
progress: 75% of clients started
progress: 81% of clients started
progress: 87% of clients started
progress: 93% of clients started
Warm-up phase is over for thread #Warm-up phase is over for thread #1.
Warm-up phase is over for thread #Main benchmark duration is started for thread #31.
Main benchmark duration is started for thread #3.
.
2progress: 100% of clients started
.
Main benchmark duration is started for thread #2.
Warm-up phase is over for thread #0.
Main benchmark duration is started for thread #0.
Application protocol: http/1.1
Main benchmark duration is over for thread #3. Stopping all clients.
Stopped all clients for thread #3
Main benchmark duration is over for thread #Main benchmark duration is over for thread #1. Stopping all clients.2
. Stopping all clients.Stopped all clients for thread #1

Stopped all clients for thread #2
Main benchmark duration is over for thread #0. Stopping all clients.
Stopped all clients for thread #0

finished in 8.00s, 93573.75 req/s, 403.90MB/s
requests: 748590 total, 748654 started, 748590 done, 748590 succeeded, 0 failed, 0 errored, 0 timeout
status codes: 748590 2xx, 0 3xx, 0 4xx, 0 5xx
traffic: 3.16GB (3388119044) total, 83.53MB (87586902) headers (space savings 0.00%), 3.05GB (3271408924) data
                     min         max         mean         sd        +/- sd
time for request:       78us    121.11ms       683us      1.30ms    98.70%
time for connect:        2us       199us       104us        58us    59.38%
time to 1st byte:   119.39ms    121.14ms    120.28ms       545us    54.69%
req/s           :    1439.18     1484.79     1462.04       13.48    73.44%
