starting benchmark...
spawning thread #0: 2 total client(s). Timing-based test with 0s of warm-up time and 8s of main duration for measurements.
spawning thread #1: 2 total client(s). Timing-based test with 0s of warm-up time and 8s of main duration for measurements.
spawning thread #2: 2 total client(s). Timing-based test with 0s of warm-up time and 8s of main duration for measurements.
spawning thread #3: 2 total client(s). Timing-based test with 0s of warm-up time and 8s of main duration for measurements.
Warm-up started for thread #3.
Warm-up started for thread #0.
Warm-up started for thread #1.
Warm-up started for thread #2.
progress: 50% of clients started
Warm-up phase is over for thread #3.
Main benchmark duration is started for thread #3.
progress: 100% of clients started
Warm-up phase is over for thread #0.
Main benchmark duration is started for thread #0.
Warm-up phase is over for thread #1.
Main benchmark duration is started for thread #1.
Warm-up phase is over for thread #2.
Main benchmark duration is started for thread #2.
Application protocol: h2c
Main benchmark duration is over for thread #3. Stopping all clients.
Stopped all clients for thread #3
Main benchmark duration is over for thread #Main benchmark duration is over for thread #2. Stopping all clients.
Stopped all clients for thread #2
Main benchmark duration is over for thread #1. Stopping all clients.
Stopped all clients for thread #1
0. Stopping all clients.
Stopped all clients for thread #0

finished in 8.00s, 20347.75 req/s, 1.25GB/s
requests: 162782 total, 162910 started, 162782 done, 162782 succeeded, 0 failed, 0 errored, 0 timeout
status codes: 162906 2xx, 0 3xx, 0 4xx, 0 5xx
traffic: 10.03GB (10773472365) total, 159.09KB (162906) headers (space savings 90.00%), 9.94GB (10672147589) data
                     min         max         mean         sd        +/- sd
time for request:     3.26ms    236.94ms      6.26ms      7.65ms    97.10%
time for connect:       12us        76us        39us        22us    62.50%
time to 1st byte:   134.31ms    134.68ms    134.48ms       149us    62.50%
req/s           :    2505.72     2570.95     2543.42       29.17    75.00%
