starting benchmark...
spawning thread #0: 2 total client(s). Timing-based test with 0s of warm-up time and 8s of main duration for measurements.
spawning thread #1: 2 total client(s). Timing-based test with 0s of warm-up time and 8s of main duration for measurements.
spawning thread #2: 2 total client(s). Timing-based test with 0s of warm-up time and 8s of main duration for measurements.
spawning thread #3: 2 total client(s). Timing-based test with 0s of warm-up time and 8s of main duration for measurements.
Warm-up started for thread #3.
Warm-up started for thread #0.
Warm-up started for thread #2.
Warm-up started for thread #1.
progress: 50% of clients started
Warm-up phase is over for thread #3.Warm-up phase is over for thread #progress: 2
100% of clients started
Warm-up phase is over for thread #1.
Warm-up phase is over for thread #0.
Main benchmark duration is started for thread #0.
.
Main benchmark duration is started for thread #Main benchmark duration is started for thread #21.
Application protocol: h2c
Main benchmark duration is started for thread #3.
.
Main benchmark duration is over for thread #2. Stopping all clients.
Stopped all clients for thread #2
Main benchmark duration is over for thread #0. Stopping all clients.
Stopped all clients for thread #0
Main benchmark duration is over for thread #3. Stopping all clients.
Stopped all clients for thread #3
Main benchmark duration is over for thread #1. Stopping all clients.
Stopped all clients for thread #1

finished in 8.00s, 3645.50 req/s, 230.52MB/s
requests: 29164 total, 29292 started, 29164 done, 29164 succeeded, 0 failed, 0 errored, 0 timeout
status codes: 29288 2xx, 0 3xx, 0 4xx, 0 5xx
traffic: 1.80GB (1933760056) total, 28.60KB (29288) headers (space savings 90.00%), 1.78GB (1915474869) data
                     min         max         mean         sd        +/- sd
time for request:    20.21ms    304.69ms     35.03ms     19.49ms    95.31%
time for connect:       13us        57us        31us        15us    62.50%
time to 1st byte:   142.06ms    142.67ms    142.30ms       237us    75.00%
req/s           :     441.96      467.25      455.67        9.94    50.00%
