starting benchmark...
spawning thread #0: 2 total client(s). Timing-based test with 0s of warm-up time and 8s of main duration for measurements.
spawning thread #1: 2 total client(s). Timing-based test with 0s of warm-up time and 8s of main duration for measurements.
spawning thread #2: 2 total client(s). Timing-based test with 0s of warm-up time and 8s of main duration for measurements.
spawning thread #3: 2 total client(s). Timing-based test with 0s of warm-up time and 8s of main duration for measurements.
Warm-up started for thread #2.
Warm-up started for thread #Warm-up started for thread #13..

Warm-up started for thread #0.
progress: 50% of clients started
progress: 100% of clients started
Warm-up phase is over for thread #Warm-up phase is over for thread #Warm-up phase is over for thread #1.
Main benchmark duration is started for thread #1.
3.
Main benchmark duration is started for thread #3.
Warm-up phase is over for thread #0.
Main benchmark duration is started for thread #0.
Application protocol: h2c
2.
Main benchmark duration is started for thread #2.
Main benchmark duration is over for thread #3. Stopping all clients.
Stopped all clients for thread #3
Main benchmark duration is over for thread #0. Stopping all clients.
Stopped all clients for thread #0
Main benchmark duration is over for thread #2. Stopping all clients.
Stopped all clients for thread #2
Main benchmark duration is over for thread #1. Stopping all clients.
Stopped all clients for thread #1

finished in 8.00s, 3674.12 req/s, 232.32MB/s
requests: 29393 total, 29521 started, 29393 done, 29393 succeeded, 0 failed, 0 errored, 0 timeout
status codes: 29513 2xx, 0 3xx, 0 4xx, 0 5xx
traffic: 1.81GB (1948806005) total, 28.82KB (29513) headers (space savings 90.00%), 1.80GB (1930379637) data
                     min         max         mean         sd        +/- sd
time for request:    20.96ms    294.11ms     34.76ms     19.14ms    94.72%
time for connect:       13us        45us        27us        13us    50.00%
time to 1st byte:   139.97ms    140.41ms    140.11ms       176us    75.00%
req/s           :     452.21      463.24      459.25        4.08    75.00%
