starting benchmark...
spawning thread #0: 16 total client(s). Timing-based test with 0s of warm-up time and 8s of main duration for measurements.
spawning thread #1: 16 total client(s). Timing-based test with 0s of warm-up time and 8s of main duration for measurements.
spawning thread #2: 16 total client(s). Timing-based test with 0s of warm-up time and 8s of main duration for measurements.
spawning thread #3: 16 total client(s). Timing-based test with 0s of warm-up time and 8s of main duration for measurements.
Warm-up started for thread #1.
Warm-up started for thread #3.
Warm-up started for thread #Warm-up started for thread #0.
2.
progress: 6% of clients started
progress: 12% of clients started
progress: 18% of clients started
progress: 25% of clients started
progress: 31% of clients started
progress: 37% of clients started
progress: 43% of clients started
progress: 50% of clients started
progress: 56% of clients started
progress: 62% of clients started
progress: 68% of clients started
progress: 75% of clients started
progress: 81% of clients started
progress: 87% of clients started
progress: 93% of clients started
Warm-up phase is over for thread #3.
Main benchmark duration is started for thread #3.
progress: 100% of clients started
Warm-up phase is over for thread #1.
Main benchmark duration is started for thread #1.
Warm-up phase is over for thread #2.
Main benchmark duration is started for thread #2.
Warm-up phase is over for thread #0.
Main benchmark duration is started for thread #0.
Application protocol: http/1.1
Main benchmark duration is over for thread #3. Stopping all clients.
Stopped all clients for thread #3
Main benchmark duration is over for thread #1Main benchmark duration is over for thread #. Stopping all clients.
Stopped all clients for thread #1
2. Stopping all clients.
Stopped all clients for thread #2
Main benchmark duration is over for thread #0. Stopping all clients.
Stopped all clients for thread #0

finished in 8.00s, 160127.75 req/s, 692.00MB/s
requests: 1281022 total, 1281086 started, 1281022 done, 1281022 succeeded, 0 failed, 0 errored, 0 timeout
status codes: 1281032 2xx, 0 3xx, 0 4xx, 0 5xx
traffic: 5.41GB (5804956482) total, 142.94MB (149883786) headers (space savings 0.00%), 5.22GB (5605264268) data
                     min         max         mean         sd        +/- sd
time for request:       40us     44.44ms       403us       469us    98.27%
time for connect:        1us       108us        53us        31us    59.38%
time to 1st byte:    43.67ms     44.44ms     43.94ms       243us    73.44%
req/s           :    2470.15     2585.33     2501.93       23.65    56.25%
