starting benchmark...
spawning thread #0: 16 total client(s). Timing-based test with 0s of warm-up time and 8s of main duration for measurements.
spawning thread #1: 16 total client(s). Timing-based test with 0s of warm-up time and 8s of main duration for measurements.
spawning thread #2: 16 total client(s). Timing-based test with 0s of warm-up time and 8s of main duration for measurements.
spawning thread #3: 16 total client(s). Timing-based test with 0s of warm-up time and 8s of main duration for measurements.
Warm-up started for thread #0.
Warm-up started for thread #3.
Warm-up started for thread #2.
Warm-up started for thread #1.
progress: 6% of clients started
progress: 12% of clients started
progress: 18% of clients started
progress: 25% of clients started
progress: 31% of clients started
progress: 37% of clients started
progress: 43% of clients started
progress: 50% of clients started
progress: 56% of clients started
progress: 62% of clients started
progress: 68% of clients started
progress: 75% of clients started
Warm-up phase is over for thread #3Warm-up phase is over for thread #.
1Main benchmark duration is started for thread #3.
.
Main benchmark duration is started for thread #1.
progress: 81% of clients started
progress: 87% of clients started
progress: 93% of clients started
Warm-up phase is over for thread #2.
Main benchmark duration is started for thread #2.
progress: 100% of clients started
Warm-up phase is over for thread #0.
Main benchmark duration is started for thread #0.
Application protocol: http/1.1
Main benchmark duration is over for thread #1. Stopping all clients.
Stopped all clients for thread #1
Main benchmark duration is over for thread #3. Stopping all clients.
Stopped all clients for thread #3
Main benchmark duration is over for thread #2. Stopping all clients.
Stopped all clients for thread #2
Main benchmark duration is over for thread #0. Stopping all clients.
Stopped all clients for thread #0

finished in 8.00s, 154108.38 req/s, 665.99MB/s
requests: 1232867 total, 1232931 started, 1232867 done, 1232867 succeeded, 0 failed, 0 errored, 0 timeout
status codes: 1232883 2xx, 0 3xx, 0 4xx, 0 5xx
traffic: 5.20GB (5586742150) total, 137.57MB (144249885) headers (space savings 0.00%), 5.02GB (5394508641) data
                     min         max         mean         sd        +/- sd
time for request:       43us     66.56ms       420us       677us    98.52%
time for connect:        1us       140us        70us        38us    62.50%
time to 1st byte:    49.45ms     49.88ms     49.67ms       104us    71.88%
req/s           :    2373.28     2464.71     2407.89       20.42    68.75%
