starting benchmark...
spawning thread #0: 4 total client(s). Timing-based test with 0s of warm-up time and 8s of main duration for measurements.
spawning thread #1: 4 total client(s). Timing-based test with 0s of warm-up time and 8s of main duration for measurements.
spawning thread #2: 4 total client(s). Timing-based test with 0s of warm-up time and 8s of main duration for measurements.
spawning thread #3: 4 total client(s). Timing-based test with 0s of warm-up time and 8s of main duration for measurements.
Warm-up started for thread #0.
Warm-up started for thread #2.
Warm-up started for thread #3.
Warm-up started for thread #1.
progress: 25% of clients started
progress: 50% of clients started
progress: 75% of clients started
Warm-up phase is over for thread #2.
Main benchmark duration is started for thread #2.
progress: Warm-up phase is over for thread #1.
Warm-up phase is over for thread #Main benchmark duration is started for thread #1.
100% of clients started
3.
Main benchmark duration is started for thread #3.
Warm-up phase is over for thread #0.
Main benchmark duration is started for thread #0.
Application protocol: h2c
Main benchmark duration is over for thread #Main benchmark duration is over for thread #31. Stopping all clients.
. Stopping all clients.
Stopped all clients for thread #3
Stopped all clients for thread #1
Main benchmark duration is over for thread #0. Stopping all clients.
Stopped all clients for thread #0
Main benchmark duration is over for thread #2. Stopping all clients.
Stopped all clients for thread #2

finished in 8.00s, 306756.62 req/s, 9.25MB/s
requests: 2454053 total, 2454565 started, 2454053 done, 2454053 succeeded, 0 failed, 0 errored, 0 timeout
status codes: 2454440 2xx, 0 3xx, 0 4xx, 0 5xx
traffic: 74.02MB (77613599) total, 2.34MB (2454440) headers (space savings 90.00%), 25.74MB (26994583) data
                     min         max         mean         sd        +/- sd
time for request:      307us    172.27ms      2.03ms      4.44ms    95.59%
time for connect:       16us       146us        79us        46us    50.00%
time to 1st byte:   127.32ms    135.79ms    130.61ms      2.97ms    43.75%
req/s           :   18657.63    19669.64    19171.08      285.43    68.75%
