starting benchmark...
spawning thread #0: 4 total client(s). Timing-based test with 0s of warm-up time and 8s of main duration for measurements.
spawning thread #1: 4 total client(s). Timing-based test with 0s of warm-up time and 8s of main duration for measurements.
spawning thread #2: 4 total client(s). Timing-based test with 0s of warm-up time and 8s of main duration for measurements.
spawning thread #3: 4 total client(s). Timing-based test with 0s of warm-up time and 8s of main duration for measurements.
Warm-up started for thread #1.
Warm-up started for thread #0.
Warm-up started for thread #2.
Warm-up started for thread #3.
progress: 25% of clients started
progress: 50% of clients started
progress: 75% of clients started
progress: 100% of clients started
Warm-up phase is over for thread #1.
Main benchmark duration is started for thread #1.
Warm-up phase is over for thread #0.
Main benchmark duration is started for thread #0.
Warm-up phase is over for thread #2.
Main benchmark duration is started for thread #2.
Application protocol: h2c
Warm-up phase is over for thread #3.
Main benchmark duration is started for thread #3.
Main benchmark duration is over for thread #1. Stopping all clients.
Stopped all clients for thread #1
Main benchmark duration is over for thread #Main benchmark duration is over for thread #2. Stopping all clients.
Stopped all clients for thread #2
0. Stopping all clients.
Stopped all clients for thread #0
Main benchmark duration is over for thread #3. Stopping all clients.
Stopped all clients for thread #3

finished in 8.00s, 469276.62 req/s, 14.15MB/s
requests: 3754213 total, 3754725 started, 3754213 done, 3754213 succeeded, 0 failed, 0 errored, 0 timeout
status codes: 3754600 2xx, 0 3xx, 0 4xx, 0 5xx
traffic: 113.23MB (118731159) total, 3.58MB (3754600) headers (space savings 90.00%), 39.38MB (41296343) data
                     min         max         mean         sd        +/- sd
time for request:      357us    101.07ms      1.10ms      2.04ms    97.17%
time for connect:        9us        90us        50us        27us    50.00%
time to 1st byte:    76.77ms     83.23ms     79.04ms      2.00ms    50.00%
req/s           :   28451.52    30674.56    29329.45      778.06    56.25%
