starting benchmark...
spawning thread #0: 4 total client(s). Timing-based test with 0s of warm-up time and 8s of main duration for measurements.
spawning thread #1: 4 total client(s). Timing-based test with 0s of warm-up time and 8s of main duration for measurements.
spawning thread #2: 4 total client(s). Timing-based test with 0s of warm-up time and 8s of main duration for measurements.
spawning thread #3: 4 total client(s). Timing-based test with 0s of warm-up time and 8s of main duration for measurements.
Warm-up started for thread #Warm-up started for thread #2.
Warm-up started for thread #3.
Warm-up started for thread #1.
0.
progress: 25% of clients started
progress: 50% of clients started
progress: 75% of clients started
Warm-up phase is over for thread #1.
Warm-up phase is over for thread #Main benchmark duration is started for thread #1.
Warm-up phase is over for thread #2.
Main benchmark duration is started for thread #2.
3.
Main benchmark duration is started for thread #3.
progress: 100% of clients started
Warm-up phase is over for thread #0.
Main benchmark duration is started for thread #0.
Application protocol: h2c
Main benchmark duration is over for thread #1. Stopping all clients.
Stopped all clients for thread #1
Main benchmark duration is over for thread #2. Stopping all clients.
Stopped all clients for thread #2
Main benchmark duration is over for thread #0. Stopping all clients.
Stopped all clients for thread #0
Main benchmark duration is over for thread #3. Stopping all clients.
Stopped all clients for thread #3

finished in 8.00s, 493475.00 req/s, 14.88MB/s
requests: 3947800 total, 3948312 started, 3947800 done, 3947800 succeeded, 0 failed, 0 errored, 0 timeout
status codes: 3948184 2xx, 0 3xx, 0 4xx, 0 5xx
traffic: 119.07MB (124853313) total, 3.77MB (3948184) headers (space savings 90.00%), 41.41MB (43425800) data
                     min         max         mean         sd        +/- sd
time for request:      231us    122.01ms      1.03ms      2.11ms    97.43%
time for connect:        8us        75us        39us        23us    50.00%
time to 1st byte:    76.10ms     80.60ms     77.13ms      1.40ms    75.00%
req/s           :   30580.66    31598.34    30841.81      306.39    87.50%
