starting benchmark...
spawning thread #0: 2 total client(s). Timing-based test with 0s of warm-up time and 8s of main duration for measurements.
spawning thread #1: 2 total client(s). Timing-based test with 0s of warm-up time and 8s of main duration for measurements.
spawning thread #2: 2 total client(s). Timing-based test with 0s of warm-up time and 8s of main duration for measurements.
spawning thread #3: 2 total client(s). Timing-based test with 0s of warm-up time and 8s of main duration for measurements.
Warm-up started for thread #Warm-up started for thread #2Warm-up started for thread #Warm-up started for thread #3.0.

1.
.
progress: 50% of clients started
progress: 100% of clients started
Warm-up phase is over for thread #Warm-up phase is over for thread #21.
Main benchmark duration is started for thread #2.
.
Main benchmark duration is started for thread #1.
Warm-up phase is over for thread #0.
Main benchmark duration is started for thread #0.
Application protocol: h2c
Warm-up phase is over for thread #3.
Main benchmark duration is started for thread #3.
Main benchmark duration is over for thread #1. Stopping all clients.
Stopped all clients for thread #1
Main benchmark duration is over for thread #3. Stopping all clients.
Stopped all clients for thread #3
Main benchmark duration is over for thread #Main benchmark duration is over for thread #20. Stopping all clients.. Stopping all clients.
Stopped all clients for thread #0

Stopped all clients for thread #2

finished in 8.00s, 28694.62 req/s, 1.77GB/s
requests: 229557 total, 229685 started, 229557 done, 229557 succeeded, 0 failed, 0 errored, 0 timeout
status codes: 229674 2xx, 0 3xx, 0 4xx, 0 5xx
traffic: 14.14GB (15186079087) total, 224.29KB (229674) headers (space savings 90.00%), 14.01GB (15048002723) data
                     min         max         mean         sd        +/- sd
time for request:     2.18ms    139.00ms      4.45ms      4.22ms    92.17%
time for connect:        7us        27us        16us         7us    62.50%
time to 1st byte:    54.54ms     55.80ms     54.89ms       558us    75.00%
req/s           :    3533.98     3642.86     3586.80       40.11    50.00%
