starting benchmark...
spawning thread #0: 16 total client(s). Timing-based test with 0s of warm-up time and 8s of main duration for measurements.
spawning thread #1: 16 total client(s). Timing-based test with 0s of warm-up time and 8s of main duration for measurements.
spawning thread #2: 16 total client(s). Timing-based test with 0s of warm-up time and 8s of main duration for measurements.
spawning thread #3: 16 total client(s). Timing-based test with 0s of warm-up time and 8s of main duration for measurements.
Warm-up started for thread #Warm-up started for thread #0.Warm-up started for thread #2
3..
Warm-up started for thread #1.

progress: 6% of clients started
progress: 12% of clients started
progress: 18% of clients started
progress: 25% of clients started
progress: 31% of clients started
progress: 37% of clients started
progress: 43% of clients started
progress: 50% of clients started
progress: 56% of clients started
progress: 62% of clients started
progress: 68% of clients started
progress: 75% of clients started
progress: 81% of clients started
progress: 87% of clients started
progress: 93% of clients started
Warm-up phase is over for thread #1.
Main benchmark duration is started for thread #1.
Warm-up phase is over for thread #3.
Main benchmark duration is started for thread #3.
Warm-up phase is over for thread #2.
Main benchmark duration is started for thread #2.
progress: 100% of clients started
Warm-up phase is over for thread #0.
Main benchmark duration is started for thread #0.
Application protocol: http/1.1
Main benchmark duration is over for thread #3. Stopping all clients.
Stopped all clients for thread #3
Main benchmark duration is over for thread #1. Stopping all clients.
Stopped all clients for thread #1
Main benchmark duration is over for thread #2. Stopping all clients.
Stopped all clients for thread #2
Main benchmark duration is over for thread #0. Stopping all clients.
Stopped all clients for thread #0

finished in 8.00s, 21308.00 req/s, 832.34KB/s
requests: 170464 total, 170528 started, 170464 done, 170464 succeeded, 0 failed, 0 errored, 0 timeout
status codes: 170464 2xx, 0 3xx, 0 4xx, 0 5xx
traffic: 6.50MB (6818560) total, 2.44MB (2557335) headers (space savings 0.00%), 332.99KB (340978) data
                     min         max         mean         sd        +/- sd
time for request:      769us     58.17ms      3.00ms      1.26ms    98.11%
time for connect:        1us       220us       106us        64us    56.25%
time to 1st byte:    47.01ms     58.20ms     53.07ms      2.80ms    67.19%
req/s           :     329.47      336.57      332.90        1.53    64.06%
