starting benchmark...
spawning thread #0: 16 total client(s). Timing-based test with 0s of warm-up time and 8s of main duration for measurements.
spawning thread #1: 16 total client(s). Timing-based test with 0s of warm-up time and 8s of main duration for measurements.
spawning thread #2: 16 total client(s). Timing-based test with 0s of warm-up time and 8s of main duration for measurements.
spawning thread #3: 16 total client(s). Timing-based test with 0s of warm-up time and 8s of main duration for measurements.
Warm-up started for thread #2.
Warm-up started for thread #Warm-up started for thread #01..

Warm-up started for thread #3.
progress: 6% of clients started
progress: 12% of clients started
progress: 18% of clients started
progress: 25% of clients started
progress: 31% of clients started
progress: 37% of clients started
progress: 43% of clients started
progress: 50% of clients started
progress: 56% of clients started
progress: 62% of clients started
progress: 68% of clients started
progress: 75% of clients started
progress: 81% of clients started
progress: 87% of clients started
progress: 93% of clients started
Warm-up phase is over for thread #1.
Main benchmark duration is started for thread #1.
Warm-up phase is over for thread #2.
Main benchmark duration is started for thread #2.
Warm-up phase is over for thread #3.
Main benchmark duration is started for thread #3.
progress: 100% of clients started
Warm-up phase is over for thread #0.
Main benchmark duration is started for thread #0.
Application protocol: http/1.1
Main benchmark duration is over for thread #1. Stopping all clients.
Stopped all clients for thread #1
Main benchmark duration is over for thread #0. Stopping all clients.
Stopped all clients for thread #0
Main benchmark duration is over for thread #3. Stopping all clients.
Stopped all clients for thread #3
Main benchmark duration is over for thread #2. Stopping all clients.
Stopped all clients for thread #2

finished in 8.00s, 20371.62 req/s, 795.77KB/s
requests: 162973 total, 163037 started, 162973 done, 162973 succeeded, 0 failed, 0 errored, 0 timeout
status codes: 162973 2xx, 0 3xx, 0 4xx, 0 5xx
traffic: 6.22MB (6518920) total, 2.33MB (2445015) headers (space savings 0.00%), 318.36KB (326002) data
                     min         max         mean         sd        +/- sd
time for request:      718us     59.84ms      3.14ms      1.33ms    97.26%
time for connect:        1us       231us       109us        67us    57.81%
time to 1st byte:    48.41ms     59.84ms     54.95ms      2.84ms    67.19%
req/s           :     312.22      325.47      318.27        3.82    53.13%
