starting benchmark...
spawning thread #0: 16 total client(s). Timing-based test with 0s of warm-up time and 8s of main duration for measurements.
spawning thread #1: 16 total client(s). Timing-based test with 0s of warm-up time and 8s of main duration for measurements.
spawning thread #2: 16 total client(s). Timing-based test with 0s of warm-up time and 8s of main duration for measurements.
spawning thread #3: 16 total client(s). Timing-based test with 0s of warm-up time and 8s of main duration for measurements.
Warm-up started for thread #2.
Warm-up started for thread #Warm-up started for thread #3.
1.
Warm-up started for thread #0.
progress: 6% of clients started
progress: 12% of clients started
progress: 18% of clients started
progress: 25% of clients started
progress: 31% of clients started
progress: 37% of clients started
progress: 43% of clients started
progress: 50% of clients started
progress: 56% of clients started
progress: 62% of clients started
progress: 68% of clients started
progress: 75% of clients started
progress: 81% of clients started
Warm-up phase is over for thread #3.
Main benchmark duration is started for thread #3.
Warm-up phase is over for thread #1.
Main benchmark duration is started for thread #1.
Warm-up phase is over for thread #2.
Main benchmark duration is started for thread #2.
progress: 87% of clients started
progress: 93% of clients started
progress: 100% of clients started
Warm-up phase is over for thread #0.
Main benchmark duration is started for thread #0.
Application protocol: http/1.1
Main benchmark duration is over for thread #2. Stopping all clients.
Stopped all clients for thread #2
Main benchmark duration is over for thread #1. Stopping all clients.
Stopped all clients for thread #1
Main benchmark duration is over for thread #3. Stopping all clients.
Stopped all clients for thread #3
Main benchmark duration is over for thread #0. Stopping all clients.
Stopped all clients for thread #0

finished in 8.00s, 21220.38 req/s, 828.92KB/s
requests: 169763 total, 169827 started, 169763 done, 169763 succeeded, 0 failed, 0 errored, 0 timeout
status codes: 169763 2xx, 0 3xx, 0 4xx, 0 5xx
traffic: 6.48MB (6790520) total, 2.43MB (2546625) headers (space savings 0.00%), 331.59KB (339550) data
                     min         max         mean         sd        +/- sd
time for request:      559us     50.44ms      3.02ms      1.22ms    98.23%
time for connect:        1us       238us       116us        67us    59.38%
time to 1st byte:    38.71ms     50.46ms     45.34ms      3.01ms    68.75%
req/s           :     327.74      334.72      331.54        1.92    62.50%
