starting benchmark...
spawning thread #0: 16 total client(s). Timing-based test with 0s of warm-up time and 8s of main duration for measurements.
spawning thread #1: 16 total client(s). Timing-based test with 0s of warm-up time and 8s of main duration for measurements.
spawning thread #2: 16 total client(s). Timing-based test with 0s of warm-up time and 8s of main duration for measurements.
spawning thread #3: 16 total client(s). Timing-based test with 0s of warm-up time and 8s of main duration for measurements.
Warm-up started for thread #1.
Warm-up started for thread #3.
Warm-up started for thread #0.
Warm-up started for thread #2.
progress: 6% of clients started
progress: 12% of clients started
progress: 18% of clients started
progress: 25% of clients started
progress: 31% of clients started
progress: 37% of clients started
progress: 43% of clients started
progress: 50% of clients started
progress: 56% of clients started
progress: 62% of clients started
progress: 68% of clients started
progress: 75% of clients started
progress: 81% of clients started
progress: 87% of clients started
progress: 93% of clients started
Warm-up phase is over for thread #3.
Main benchmark duration is started for thread #3.
Warm-up phase is over for thread #1.
progress: Main benchmark duration is started for thread #1.
100% of clients started
Warm-up phase is over for thread #0.
Main benchmark duration is started for thread #0.
Application protocol: http/1.1
Warm-up phase is over for thread #2.
Main benchmark duration is started for thread #2.
Main benchmark duration is over for thread #1. Stopping all clients.
Stopped all clients for thread #1
Main benchmark duration is over for thread #3. Stopping all clients.
Stopped all clients for thread #3
Main benchmark duration is over for thread #0. Stopping all clients.
Stopped all clients for thread #0
Main benchmark duration is over for thread #2. Stopping all clients.
Stopped all clients for thread #2

finished in 8.00s, 87303.88 req/s, 377.39MB/s
requests: 698431 total, 698495 started, 698431 done, 698431 succeeded, 0 failed, 0 errored, 0 timeout
status codes: 698709 2xx, 0 3xx, 0 4xx, 0 5xx
traffic: 2.95GB (3165813799) total, 77.93MB (81718299) headers (space savings 0.00%), 2.85GB (3056886770) data
                     min         max         mean         sd        +/- sd
time for request:      177us     69.03ms       732us       734us    98.46%
time for connect:        1us       143us        64us        35us    62.50%
time to 1st byte:    66.72ms     68.43ms     67.56ms       461us    67.19%
req/s           :    1354.70     1379.98     1364.09        6.64    64.06%
