starting benchmark...
spawning thread #0: 16 total client(s). Timing-based test with 0s of warm-up time and 8s of main duration for measurements.
spawning thread #1: 16 total client(s). Timing-based test with 0s of warm-up time and 8s of main duration for measurements.
spawning thread #2: 16 total client(s). Timing-based test with 0s of warm-up time and 8s of main duration for measurements.
spawning thread #3: 16 total client(s). Timing-based test with 0s of warm-up time and 8s of main duration for measurements.
Warm-up started for thread #2.
Warm-up started for thread #0.
Warm-up started for thread #3.
Warm-up started for thread #1.
progress: 6% of clients started
progress: 12% of clients started
progress: 18% of clients started
progress: 25% of clients started
progress: 31% of clients started
progress: 37% of clients started
progress: 43% of clients started
progress: 50% of clients started
progress: 56% of clients started
progress: 62% of clients started
progress: 68% of clients started
progress: 75% of clients started
progress: 81% of clients started
progress: 87% of clients started
progress: 93% of clients started
Warm-up phase is over for thread #3.
Main benchmark duration is started for thread #3.
progress: 100% of clients started
Warm-up phase is over for thread #0.
Main benchmark duration is started for thread #0.
Application protocol: http/1.1
Warm-up phase is over for thread #2.
Main benchmark duration is started for thread #2.
Warm-up phase is over for thread #1.
Main benchmark duration is started for thread #1.
Main benchmark duration is over for thread #2. Stopping all clients.
Stopped all clients for thread #2
Main benchmark duration is over for thread #Main benchmark duration is over for thread #1. Stopping all clients.
Stopped all clients for thread #1
0. Stopping all clients.
Stopped all clients for thread #0
Main benchmark duration is over for thread #3. Stopping all clients.
Stopped all clients for thread #3

finished in 8.00s, 84360.25 req/s, 364.66MB/s
requests: 674882 total, 674946 started, 674882 done, 674882 succeeded, 0 failed, 0 errored, 0 timeout
status codes: 675189 2xx, 0 3xx, 0 4xx, 0 5xx
traffic: 2.85GB (3059004910) total, 75.31MB (78964587) headers (space savings 0.00%), 2.75GB (2953744665) data
                     min         max         mean         sd        +/- sd
time for request:      284us     66.83ms       758us       826us    98.71%
time for connect:        1us       115us        58us        31us    62.50%
time to 1st byte:    63.76ms     66.28ms     64.75ms       696us    71.88%
req/s           :    1309.45     1328.22     1318.10        5.24    57.81%
