starting benchmark...
spawning thread #0: 16 total client(s). Timing-based test with 0s of warm-up time and 8s of main duration for measurements.
spawning thread #1: 16 total client(s). Timing-based test with 0s of warm-up time and 8s of main duration for measurements.
spawning thread #2: 16 total client(s). Timing-based test with 0s of warm-up time and 8s of main duration for measurements.
spawning thread #3: 16 total client(s). Timing-based test with 0s of warm-up time and 8s of main duration for measurements.
Warm-up started for thread #1.
Warm-up started for thread #Warm-up started for thread #0.
Warm-up started for thread #2.
3.
progress: 6% of clients started
progress: 12% of clients started
progress: 18% of clients started
progress: 25% of clients started
progress: 31% of clients started
progress: 37% of clients started
progress: 43% of clients started
progress: 50% of clients started
progress: 56% of clients started
progress: 62% of clients started
progress: 68% of clients started
Warm-up phase is over for thread #3.
Main benchmark duration is started for thread #3.
Warm-up phase is over for thread #1.
Main benchmark duration is started for thread #1.
progress: 75% of clients started
Warm-up phase is over for thread #2.
Main benchmark duration is started for thread #2.
progress: 81% of clients started
progress: 87% of clients started
progress: 93% of clients started
progress: 100% of clients started
Warm-up phase is over for thread #0.
Main benchmark duration is started for thread #0.
Application protocol: http/1.1
Main benchmark duration is over for thread #1. Stopping all clients.
Stopped all clients for thread #1
Main benchmark duration is over for thread #2. Stopping all clients.
Stopped all clients for thread #2
Main benchmark duration is over for thread #3. Stopping all clients.
Stopped all clients for thread #3
Main benchmark duration is over for thread #0. Stopping all clients.
Stopped all clients for thread #0

finished in 8.00s, 84750.88 req/s, 366.35MB/s
requests: 678007 total, 678071 started, 678007 done, 678007 succeeded, 0 failed, 0 errored, 0 timeout
status codes: 678349 2xx, 0 3xx, 0 4xx, 0 5xx
traffic: 2.86GB (3073177228) total, 75.65MB (79329276) headers (space savings 0.00%), 2.76GB (2967431291) data
                     min         max         mean         sd        +/- sd
time for request:      145us     65.01ms       755us       791us    98.83%
time for connect:        1us       113us        59us        31us    60.94%
time to 1st byte:    61.67ms     64.52ms     63.23ms      1.00ms    54.69%
req/s           :    1312.73     1346.70     1324.20        8.13    70.31%
