starting benchmark...
spawning thread #0: 16 total client(s). Timing-based test with 0s of warm-up time and 8s of main duration for measurements.
spawning thread #1: 16 total client(s). Timing-based test with 0s of warm-up time and 8s of main duration for measurements.
spawning thread #2: 16 total client(s). Timing-based test with 0s of warm-up time and 8s of main duration for measurements.
spawning thread #3: 16 total client(s). Timing-based test with 0s of warm-up time and 8s of main duration for measurements.
Warm-up started for thread #2.
Warm-up started for thread #0.
Warm-up started for thread #1.
Warm-up started for thread #3.
progress: 6% of clients started
progress: 12% of clients started
progress: 18% of clients started
progress: 25% of clients started
progress: 31% of clients started
progress: 37% of clients started
progress: 43% of clients started
progress: 50% of clients started
progress: 56% of clients started
progress: 62% of clients started
progress: 68% of clients started
progress: 75% of clients started
progress: 81% of clients started
progress: 87% of clients started
progress: 93% of clients started
Warm-up phase is over for thread #3.
Main benchmark duration is started for thread #3.
progress: 100% of clients started
Warm-up phase is over for thread #0.
Main benchmark duration is started for thread #0.
Application protocol: http/1.1
Warm-up phase is over for thread #Warm-up phase is over for thread #1.
Main benchmark duration is started for thread #1.
2.
Main benchmark duration is started for thread #2.
Main benchmark duration is over for thread #3. Stopping all clients.
Stopped all clients for thread #3
Main benchmark duration is over for thread #0. Stopping all clients.
Stopped all clients for thread #0
Main benchmark duration is over for thread #1. Stopping all clients.
Stopped all clients for thread #1
Main benchmark duration is over for thread #2. Stopping all clients.
Stopped all clients for thread #2

finished in 8.00s, 71918.50 req/s, 310.81MB/s
requests: 575348 total, 575412 started, 575348 done, 575348 succeeded, 0 failed, 0 errored, 0 timeout
status codes: 575561 2xx, 0 3xx, 0 4xx, 0 5xx
traffic: 2.43GB (2607267516) total, 64.20MB (67319577) headers (space savings 0.00%), 2.34GB (2517508236) data
                     min         max         mean         sd        +/- sd
time for request:      120us     71.80ms       889us       903us    98.32%
time for connect:        1us       136us        70us        38us    60.94%
time to 1st byte:    69.27ms     71.63ms     70.52ms       593us    67.19%
req/s           :    1097.24     1152.11     1123.64       14.09    64.06%
