starting benchmark...
spawning thread #0: 16 total client(s). Timing-based test with 0s of warm-up time and 8s of main duration for measurements.
spawning thread #1: 16 total client(s). Timing-based test with 0s of warm-up time and 8s of main duration for measurements.
spawning thread #2: 16 total client(s). Timing-based test with 0s of warm-up time and 8s of main duration for measurements.
spawning thread #3: 16 total client(s). Timing-based test with 0s of warm-up time and 8s of main duration for measurements.
Warm-up started for thread #3.
Warm-up started for thread #1.
Warm-up started for thread #0.
Warm-up started for thread #2.
progress: 6% of clients started
progress: 12% of clients started
progress: 18% of clients started
progress: 25% of clients started
progress: 31% of clients started
progress: 37% of clients started
progress: 43% of clients started
progress: 50% of clients started
progress: 56% of clients started
progress: 62% of clients started
progress: 68% of clients started
progress: 75% of clients started
progress: 81% of clients started
progress: 87% of clients started
progress: 93% of clients started
Warm-up phase is over for thread #Warm-up phase is over for thread #Warm-up phase is over for thread #21.3
Main benchmark duration is started for thread #2.
.
progress: 100% of clients started
.
Main benchmark duration is started for thread #1.
Main benchmark duration is started for thread #3.
Warm-up phase is over for thread #0.
Main benchmark duration is started for thread #0.
Application protocol: http/1.1
Main benchmark duration is over for thread #Main benchmark duration is over for thread #10. Stopping all clients.. Stopping all clients.

Stopped all clients for thread #0
Stopped all clients for thread #1
Main benchmark duration is over for thread #3. Stopping all clients.
Stopped all clients for thread #3
Main benchmark duration is over for thread #2. Stopping all clients.
Stopped all clients for thread #2

finished in 8.01s, 10.62 req/s, 47.08KB/s
requests: 85 total, 149 started, 85 done, 85 succeeded, 0 failed, 0 errored, 0 timeout
status codes: 85 2xx, 0 3xx, 0 4xx, 0 5xx
traffic: 376.67KB (385711) total, 9.71KB (9945) headers (space savings 0.00%), 363.72KB (372451) data
                     min         max         mean         sd        +/- sd
time for request:      437us       3.24s       1.52s    835.98ms    61.18%
time for connect:        1us       118us        62us        34us    56.25%
time to 1st byte:   225.27ms       3.24s       1.73s    636.82ms    70.31%
req/s           :       0.12        0.50        0.17        0.09    92.19%
