starting benchmark...
spawning thread #0: 16 total client(s). Timing-based test with 0s of warm-up time and 8s of main duration for measurements.
spawning thread #1: 16 total client(s). Timing-based test with 0s of warm-up time and 8s of main duration for measurements.
spawning thread #2: 16 total client(s). Timing-based test with 0s of warm-up time and 8s of main duration for measurements.
spawning thread #3: 16 total client(s). Timing-based test with 0s of warm-up time and 8s of main duration for measurements.
Warm-up started for thread #2.
Warm-up started for thread #3.
Warm-up started for thread #0.
Warm-up started for thread #1.
progress: 6% of clients started
progress: 12% of clients started
progress: 18% of clients started
progress: 25% of clients started
progress: 31% of clients started
progress: 37% of clients started
progress: 43% of clients started
progress: 50% of clients started
progress: 56% of clients started
progress: 62% of clients started
progress: 68% of clients started
progress: 75% of clients started
progress: 81% of clients started
progress: 87% of clients started
progress: 93% of clients started
Warm-up phase is over for thread #Warm-up phase is over for thread #2.
Warm-up phase is over for thread #1.
Main benchmark duration is started for thread #1.
Main benchmark duration is started for thread #2.
progress: 100% of clients started
3.
Main benchmark duration is started for thread #3.
Warm-up phase is over for thread #0.
Main benchmark duration is started for thread #0.
Application protocol: http/1.1
Main benchmark duration is over for thread #3. Stopping all clients.
Stopped all clients for thread #3
Main benchmark duration is over for thread #1. Stopping all clients.
Stopped all clients for thread #1
Main benchmark duration is over for thread #2. Stopping all clients.
Stopped all clients for thread #2
Main benchmark duration is over for thread #0. Stopping all clients.
Stopped all clients for thread #0

finished in 8.01s, 10.25 req/s, 45.95KB/s
requests: 82 total, 146 started, 82 done, 82 succeeded, 0 failed, 0 errored, 0 timeout
status codes: 83 2xx, 0 3xx, 0 4xx, 0 5xx
traffic: 367.63KB (376452) total, 9.48KB (9711) headers (space savings 0.00%), 354.98KB (363504) data
                     min         max         mean         sd        +/- sd
time for request:      541us       3.04s       1.63s    881.29ms    63.41%
time for connect:        1us       116us        59us        32us    62.50%
time to 1st byte:   224.82ms       2.84s       1.76s    545.39ms    92.19%
req/s           :       0.00        0.50        0.16        0.08    78.13%
