TRANSPORT transport=epoll available=true
READY arena h2 8080 loops=8 transport=epoll
CHILDOPTS transport=epoll (no io_uring child options)
User Event Triggered: io.netty.handler.codec.http2.CleartextHttp2ServerUpgradeHandler$PriorKnowledgeUpgradeEvent@4aca95c5
User Event Triggered: io.netty.handler.codec.http2.CleartextHttp2ServerUpgradeHandler$PriorKnowledgeUpgradeEvent@4aca95c5
User Event Triggered: io.netty.handler.codec.http2.CleartextHttp2ServerUpgradeHandler$PriorKnowledgeUpgradeEvent@4aca95c5
User Event Triggered: io.netty.handler.codec.http2.CleartextHttp2ServerUpgradeHandler$PriorKnowledgeUpgradeEvent@4aca95c5
User Event Triggered: io.netty.handler.codec.http2.CleartextHttp2ServerUpgradeHandler$PriorKnowledgeUpgradeEvent@4aca95c5
User Event Triggered: io.netty.handler.codec.http2.CleartextHttp2ServerUpgradeHandler$PriorKnowledgeUpgradeEvent@4aca95c5
User Event Triggered: io.netty.handler.codec.http2.CleartextHttp2ServerUpgradeHandler$PriorKnowledgeUpgradeEvent@4aca95c5
User Event Triggered: io.netty.handler.codec.http2.CleartextHttp2ServerUpgradeHandler$PriorKnowledgeUpgradeEvent@4aca95c5
User Event Triggered: io.netty.handler.codec.http2.CleartextHttp2ServerUpgradeHandler$PriorKnowledgeUpgradeEvent@4aca95c5
User Event Triggered: io.netty.handler.codec.http2.CleartextHttp2ServerUpgradeHandler$PriorKnowledgeUpgradeEvent@4aca95c5
User Event Triggered: io.netty.handler.codec.http2.CleartextHttp2ServerUpgradeHandler$PriorKnowledgeUpgradeEvent@4aca95c5
User Event Triggered: io.netty.handler.codec.http2.CleartextHttp2ServerUpgradeHandler$PriorKnowledgeUpgradeEvent@4aca95c5
User Event Triggered: io.netty.handler.codec.http2.CleartextHttp2ServerUpgradeHandler$PriorKnowledgeUpgradeEvent@4aca95c5
User Event Triggered: io.netty.handler.codec.http2.CleartextHttp2ServerUpgradeHandler$PriorKnowledgeUpgradeEvent@4aca95c5
User Event Triggered: io.netty.handler.codec.http2.CleartextHttp2ServerUpgradeHandler$PriorKnowledgeUpgradeEvent@4aca95c5
User Event Triggered: io.netty.handler.codec.http2.CleartextHttp2ServerUpgradeHandler$PriorKnowledgeUpgradeEvent@4aca95c5
RINGTELE transport=epoll ringAllocs=0 ringReads=0 ringReadBytes=0 (no buffer ring)
ARENATELE blockSize=262144 maxBlocks=8 cap=8192 maxObjects=16384 debug=false ring=true ringStats=false arenaHeap=0 arenaDirect=68657260 delegateHeap=0 delegateDirect=3223023 arenaShare=95.52% blocksHeap=8 blocksDirect=8 pinned=0 reusable=0 maxPinnedHeap=0 maxPinnedDirect=0 blockReuses=0 blockGrowths=0 blockSwitches=0 ringWraps=0 ringResets=0 ringScans=0 ringStalls=0 stallBytes=0 strandedBytes=0 strandedShare=n/a holes<=256=0 holes<=1k=0 holes<=4k=0 holes<=8k=0 holes>8k=0 hooks=2939406 hookRejections=0 violations=0 earlyReuses=0 reallocInPlace=0 reallocMoved=0 reallocDelegated=16 trims=0 trimmedBlocks=0 leakedBlocks=0 objects=712 bytesHeap=0 bytesDirect=4741254144 liveHeap=0 liveDirect=0
ARENALOOP thread=multiThreadIoEventLoopGroup-3-1 arenaHeap=0 arenaDirect=8596105 delegateHeap=0 delegateDirect=396777 arenaShare=95.59% blocksHeap=1 blocksDirect=1 pinned=0 reusable=0 maxPinnedHeap=0 maxPinnedDirect=0 blockReuses=0 blockGrowths=0 blockSwitches=0 ringWraps=0 ringResets=0 ringScans=0 ringStalls=0 stallBytes=0 strandedBytes=0 strandedShare=n/a holes<=256=0 holes<=1k=0 holes<=4k=0 holes<=8k=0 holes>8k=0 hooks=350718 hookRejections=0 violations=0 earlyReuses=0 reallocInPlace=0 reallocMoved=0 reallocDelegated=2 trims=0 trimmedBlocks=0 leakedBlocks=0 objects=89 bytesHeap=0 bytesDirect=602665552 liveHeap=0 liveDirect=0
ARENALOOP thread=multiThreadIoEventLoopGroup-3-3 arenaHeap=0 arenaDirect=8586377 delegateHeap=0 delegateDirect=397598 arenaShare=95.57% blocksHeap=1 blocksDirect=1 pinned=0 reusable=0 maxPinnedHeap=0 maxPinnedDirect=0 blockReuses=0 blockGrowths=0 blockSwitches=0 ringWraps=0 ringResets=0 ringScans=0 ringStalls=0 stallBytes=0 strandedBytes=0 strandedShare=n/a holes<=256=0 holes<=1k=0 holes<=4k=0 holes<=8k=0 holes>8k=0 hooks=353304 hookRejections=0 violations=0 earlyReuses=0 reallocInPlace=0 reallocMoved=0 reallocDelegated=2 trims=0 trimmedBlocks=0 leakedBlocks=0 objects=89 bytesHeap=0 bytesDirect=600048576 liveHeap=0 liveDirect=0
ARENALOOP thread=multiThreadIoEventLoopGroup-3-7 arenaHeap=0 arenaDirect=8660696 delegateHeap=0 delegateDirect=402797 arenaShare=95.56% blocksHeap=1 blocksDirect=1 pinned=0 reusable=0 maxPinnedHeap=0 maxPinnedDirect=0 blockReuses=0 blockGrowths=0 blockSwitches=0 ringWraps=0 ringResets=0 ringScans=0 ringStalls=0 stallBytes=0 strandedBytes=0 strandedShare=n/a holes<=256=0 holes<=1k=0 holes<=4k=0 holes<=8k=0 holes>8k=0 hooks=359566 hookRejections=0 violations=0 earlyReuses=0 reallocInPlace=0 reallocMoved=0 reallocDelegated=2 trims=0 trimmedBlocks=0 leakedBlocks=0 objects=89 bytesHeap=0 bytesDirect=606537664 liveHeap=0 liveDirect=0
ARENALOOP thread=multiThreadIoEventLoopGroup-3-4 arenaHeap=0 arenaDirect=8575116 delegateHeap=0 delegateDirect=396445 arenaShare=95.58% blocksHeap=1 blocksDirect=1 pinned=0 reusable=0 maxPinnedHeap=0 maxPinnedDirect=0 blockReuses=0 blockGrowths=0 blockSwitches=0 ringWraps=0 ringResets=0 ringScans=0 ringStalls=0 stallBytes=0 strandedBytes=0 strandedShare=n/a holes<=256=0 holes<=1k=0 holes<=4k=0 holes<=8k=0 holes>8k=0 hooks=351820 hookRejections=0 violations=0 earlyReuses=0 reallocInPlace=0 reallocMoved=0 reallocDelegated=2 trims=0 trimmedBlocks=0 leakedBlocks=0 objects=89 bytesHeap=0 bytesDirect=599391200 liveHeap=0 liveDirect=0
ARENALOOP thread=multiThreadIoEventLoopGroup-3-6 arenaHeap=0 arenaDirect=8495884 delegateHeap=0 delegateDirect=415069 arenaShare=95.34% blocksHeap=1 blocksDirect=1 pinned=0 reusable=0 maxPinnedHeap=0 maxPinnedDirect=0 blockReuses=0 blockGrowths=0 blockSwitches=0 ringWraps=0 ringResets=0 ringScans=0 ringStalls=0 stallBytes=0 strandedBytes=0 strandedShare=n/a holes<=256=0 holes<=1k=0 holes<=4k=0 holes<=8k=0 holes>8k=0 hooks=406814 hookRejections=0 violations=0 earlyReuses=0 reallocInPlace=0 reallocMoved=0 reallocDelegated=2 trims=0 trimmedBlocks=0 leakedBlocks=0 objects=89 bytesHeap=0 bytesDirect=561867472 liveHeap=0 liveDirect=0
ARENALOOP thread=multiThreadIoEventLoopGroup-3-8 arenaHeap=0 arenaDirect=8659146 delegateHeap=0 delegateDirect=402159 arenaShare=95.56% blocksHeap=1 blocksDirect=1 pinned=0 reusable=0 maxPinnedHeap=0 maxPinnedDirect=0 blockReuses=0 blockGrowths=0 blockSwitches=0 ringWraps=0 ringResets=0 ringScans=0 ringStalls=0 stallBytes=0 strandedBytes=0 strandedShare=n/a holes<=256=0 holes<=1k=0 holes<=4k=0 holes<=8k=0 holes>8k=0 hooks=358615 hookRejections=0 violations=0 earlyReuses=0 reallocInPlace=0 reallocMoved=0 reallocDelegated=2 trims=0 trimmedBlocks=0 leakedBlocks=0 objects=89 bytesHeap=0 bytesDirect=606524448 liveHeap=0 liveDirect=0
ARENALOOP thread=multiThreadIoEventLoopGroup-3-2 arenaHeap=0 arenaDirect=8602040 delegateHeap=0 delegateDirect=397907 arenaShare=95.58% blocksHeap=1 blocksDirect=1 pinned=0 reusable=0 maxPinnedHeap=0 maxPinnedDirect=0 blockReuses=0 blockGrowths=0 blockSwitches=0 ringWraps=0 ringResets=0 ringScans=0 ringStalls=0 stallBytes=0 strandedBytes=0 strandedShare=n/a holes<=256=0 holes<=1k=0 holes<=4k=0 holes<=8k=0 holes>8k=0 hooks=352841 hookRejections=0 violations=0 earlyReuses=0 reallocInPlace=0 reallocMoved=0 reallocDelegated=2 trims=0 trimmedBlocks=0 leakedBlocks=0 objects=89 bytesHeap=0 bytesDirect=602632800 liveHeap=0 liveDirect=0
ARENALOOP thread=multiThreadIoEventLoopGroup-3-5 arenaHeap=0 arenaDirect=8481896 delegateHeap=0 delegateDirect=414271 arenaShare=95.34% blocksHeap=1 blocksDirect=1 pinned=0 reusable=0 maxPinnedHeap=0 maxPinnedDirect=0 blockReuses=0 blockGrowths=0 blockSwitches=0 ringWraps=0 ringResets=0 ringScans=0 ringStalls=0 stallBytes=0 strandedBytes=0 strandedShare=n/a holes<=256=0 holes<=1k=0 holes<=4k=0 holes<=8k=0 holes>8k=0 hooks=405728 hookRejections=0 violations=0 earlyReuses=0 reallocInPlace=0 reallocMoved=0 reallocDelegated=2 trims=0 trimmedBlocks=0 leakedBlocks=0 objects=89 bytesHeap=0 bytesDirect=561586432 liveHeap=0 liveDirect=0
