TRANSPORT transport=epoll available=true
READY mimalloc h2 8080 loops=8 transport=epoll
CHILDOPTS transport=epoll (no io_uring child options)
User Event Triggered: io.netty.handler.codec.http2.CleartextHttp2ServerUpgradeHandler$PriorKnowledgeUpgradeEvent@339b6e79
User Event Triggered: io.netty.handler.codec.http2.CleartextHttp2ServerUpgradeHandler$PriorKnowledgeUpgradeEvent@339b6e79
User Event Triggered: io.netty.handler.codec.http2.CleartextHttp2ServerUpgradeHandler$PriorKnowledgeUpgradeEvent@339b6e79
User Event Triggered: io.netty.handler.codec.http2.CleartextHttp2ServerUpgradeHandler$PriorKnowledgeUpgradeEvent@339b6e79
User Event Triggered: io.netty.handler.codec.http2.CleartextHttp2ServerUpgradeHandler$PriorKnowledgeUpgradeEvent@339b6e79
User Event Triggered: io.netty.handler.codec.http2.CleartextHttp2ServerUpgradeHandler$PriorKnowledgeUpgradeEvent@339b6e79
User Event Triggered: io.netty.handler.codec.http2.CleartextHttp2ServerUpgradeHandler$PriorKnowledgeUpgradeEvent@339b6e79
User Event Triggered: io.netty.handler.codec.http2.CleartextHttp2ServerUpgradeHandler$PriorKnowledgeUpgradeEvent@339b6e79
User Event Triggered: io.netty.handler.codec.http2.CleartextHttp2ServerUpgradeHandler$PriorKnowledgeUpgradeEvent@339b6e79
User Event Triggered: io.netty.handler.codec.http2.CleartextHttp2ServerUpgradeHandler$PriorKnowledgeUpgradeEvent@339b6e79
User Event Triggered: io.netty.handler.codec.http2.CleartextHttp2ServerUpgradeHandler$PriorKnowledgeUpgradeEvent@339b6e79
User Event Triggered: io.netty.handler.codec.http2.CleartextHttp2ServerUpgradeHandler$PriorKnowledgeUpgradeEvent@339b6e79
User Event Triggered: io.netty.handler.codec.http2.CleartextHttp2ServerUpgradeHandler$PriorKnowledgeUpgradeEvent@339b6e79
User Event Triggered: io.netty.handler.codec.http2.CleartextHttp2ServerUpgradeHandler$PriorKnowledgeUpgradeEvent@339b6e79
User Event Triggered: io.netty.handler.codec.http2.CleartextHttp2ServerUpgradeHandler$PriorKnowledgeUpgradeEvent@339b6e79
User Event Triggered: io.netty.handler.codec.http2.CleartextHttp2ServerUpgradeHandler$PriorKnowledgeUpgradeEvent@339b6e79
RINGTELE transport=epoll ringAllocs=0 ringReads=0 ringReadBytes=0 (no buffer ring)
