# JMH version: 1.37
# VM version: JDK 21, Java HotSpot(TM) 64-Bit Server VM, 21+35-LTS-2513
# VM invoker: /home/forked_franz/.sdkman/candidates/java/21-oracle/bin/java
# VM options: -server -dsa -da -XX:InitialRAMPercentage=40.0 -XX:MaxRAMPercentage=40.0 -Dio.netty.leakDetection.level=disabled -Djmh.executor=CUSTOM -Djmh.executor.class=io.github.neoionet.netty.microbenchmark.executor.FastThreadLocalThreadHarnessExecutor -XX:MaxRAM=60g -Darena.ring=true
# Blackhole mode: compiler (auto-detected, use -Djmh.blackhole.autoDetect=false to disable)
# Warmup: 10 iterations, 1 s each
# Measurement: 10 iterations, 1 s each
# Timeout: 10 min per iteration
# Threads: 1 thread, will synchronize iterations
# Benchmark mode: Average time, time/op
# Benchmark: io.github.neoionet.netty.microbenchmark.CycleScopedAllocBenchmark.cycleDirect
# Parameters: (allocatorType = ARENA, k = 64, releaseOrder = FIFO, sizes = SMALL)

# Run progress: 0.00% complete, ETA 00:02:00
# Fork: 1 of 3
# Warmup Iteration   1: 1871.880 ns/op
# Warmup Iteration   2: 1631.666 ns/op
# Warmup Iteration   3: 1630.206 ns/op
# Warmup Iteration   4: 1629.411 ns/op
# Warmup Iteration   5: 1630.847 ns/op
# Warmup Iteration   6: 1633.193 ns/op
# Warmup Iteration   7: 1629.015 ns/op
# Warmup Iteration   8: 1630.418 ns/op
# Warmup Iteration   9: 1628.659 ns/op
# Warmup Iteration  10: 1633.205 ns/op
Iteration   1: 1638.365 ns/op
Iteration   2: 1630.107 ns/op
Iteration   3: 1631.299 ns/op
Iteration   4: 1630.326 ns/op
Iteration   5: 1629.590 ns/op
Iteration   6: 1629.557 ns/op
Iteration   7: 1628.605 ns/op
Iteration   8: 1628.353 ns/op
Iteration   9: 1628.862 ns/op
Iteration  10: ARENATELE blockSize=262144 maxBlocks=8 cap=8192 maxObjects=16384 debug=false ring=true ringStats=false arenaHeap=0 arenaDirect=779999424 delegateHeap=0 delegateDirect=0 arenaShare=100.00% blocksHeap=1 blocksDirect=1 pinned=0 reusable=0 maxPinnedHeap=0 maxPinnedDirect=0 blockReuses=0 blockGrowths=0 blockSwitches=0 ringWraps=0 ringResets=0 ringScans=0 ringStalls=0 stallBytes=0 strandedBytes=0 strandedShare=n/a holes<=256=0 holes<=1k=0 holes<=4k=0 holes<=8k=0 holes>8k=0 hooks=12187491 hookRejections=0 violations=0 earlyReuses=0 reallocInPlace=0 reallocMoved=0 reallocDelegated=0 trims=0 trimmedBlocks=0 leakedBlocks=0 objects=64 bytesHeap=0 bytesDirect=187199861760 liveHeap=0 liveDirect=0
ARENALOOP thread=io.github.neoionet.netty.microbenchmark.CycleScopedAllocBenchmark.cycleDirect-1-1 arenaHeap=0 arenaDirect=779999424 delegateHeap=0 delegateDirect=0 arenaShare=100.00% blocksHeap=1 blocksDirect=1 pinned=0 reusable=0 maxPinnedHeap=0 maxPinnedDirect=0 blockReuses=0 blockGrowths=0 blockSwitches=0 ringWraps=0 ringResets=0 ringScans=0 ringStalls=0 stallBytes=0 strandedBytes=0 strandedShare=n/a holes<=256=0 holes<=1k=0 holes<=4k=0 holes<=8k=0 holes>8k=0 hooks=12187491 hookRejections=0 violations=0 earlyReuses=0 reallocInPlace=0 reallocMoved=0 reallocDelegated=0 trims=0 trimmedBlocks=0 leakedBlocks=0 objects=64 bytesHeap=0 bytesDirect=187199861760 liveHeap=0 liveDirect=0
1630.407 ns/op

# Run progress: 16.67% complete, ETA 00:01:42
# Fork: 2 of 3
# Warmup Iteration   1: 1869.850 ns/op
# Warmup Iteration   2: 1635.245 ns/op
# Warmup Iteration   3: 1635.230 ns/op
# Warmup Iteration   4: 1636.846 ns/op
# Warmup Iteration   5: 1637.263 ns/op
# Warmup Iteration   6: 1636.324 ns/op
# Warmup Iteration   7: 1635.024 ns/op
# Warmup Iteration   8: 1633.448 ns/op
# Warmup Iteration   9: 1634.051 ns/op
# Warmup Iteration  10: 1633.137 ns/op
Iteration   1: 1635.287 ns/op
Iteration   2: 1634.051 ns/op
Iteration   3: 1633.212 ns/op
Iteration   4: 1634.765 ns/op
Iteration   5: 1634.479 ns/op
Iteration   6: 1633.884 ns/op
Iteration   7: 1632.632 ns/op
Iteration   8: 1635.729 ns/op
Iteration   9: 1636.483 ns/op
Iteration  10: ARENATELE blockSize=262144 maxBlocks=8 cap=8192 maxObjects=16384 debug=false ring=true ringStats=false arenaHeap=0 arenaDirect=778146304 delegateHeap=0 delegateDirect=0 arenaShare=100.00% blocksHeap=1 blocksDirect=1 pinned=0 reusable=0 maxPinnedHeap=0 maxPinnedDirect=0 blockReuses=0 blockGrowths=0 blockSwitches=0 ringWraps=0 ringResets=0 ringScans=0 ringStalls=0 stallBytes=0 strandedBytes=0 strandedShare=n/a holes<=256=0 holes<=1k=0 holes<=4k=0 holes<=8k=0 holes>8k=0 hooks=12158536 hookRejections=0 violations=0 earlyReuses=0 reallocInPlace=0 reallocMoved=0 reallocDelegated=0 trims=0 trimmedBlocks=0 leakedBlocks=0 objects=64 bytesHeap=0 bytesDirect=186755112960 liveHeap=0 liveDirect=0
ARENALOOP thread=io.github.neoionet.netty.microbenchmark.CycleScopedAllocBenchmark.cycleDirect-1-1 arenaHeap=0 arenaDirect=778146304 delegateHeap=0 delegateDirect=0 arenaShare=100.00% blocksHeap=1 blocksDirect=1 pinned=0 reusable=0 maxPinnedHeap=0 maxPinnedDirect=0 blockReuses=0 blockGrowths=0 blockSwitches=0 ringWraps=0 ringResets=0 ringScans=0 ringStalls=0 stallBytes=0 strandedBytes=0 strandedShare=n/a holes<=256=0 holes<=1k=0 holes<=4k=0 holes<=8k=0 holes>8k=0 hooks=12158536 hookRejections=0 violations=0 earlyReuses=0 reallocInPlace=0 reallocMoved=0 reallocDelegated=0 trims=0 trimmedBlocks=0 leakedBlocks=0 objects=64 bytesHeap=0 bytesDirect=186755112960 liveHeap=0 liveDirect=0
1633.374 ns/op

# Run progress: 33.33% complete, ETA 00:01:21
# Fork: 3 of 3
# Warmup Iteration   1: 1844.485 ns/op
# Warmup Iteration   2: 1632.034 ns/op
# Warmup Iteration   3: 1632.690 ns/op
# Warmup Iteration   4: 1631.108 ns/op
# Warmup Iteration   5: 1631.544 ns/op
# Warmup Iteration   6: 1631.812 ns/op
# Warmup Iteration   7: 1631.885 ns/op
# Warmup Iteration   8: 1631.230 ns/op
# Warmup Iteration   9: 1633.808 ns/op
# Warmup Iteration  10: 1633.051 ns/op
Iteration   1: 1636.668 ns/op
Iteration   2: 1636.035 ns/op
Iteration   3: 1633.592 ns/op
Iteration   4: 1633.259 ns/op
Iteration   5: 1632.784 ns/op
Iteration   6: 1632.580 ns/op
Iteration   7: 1632.285 ns/op
Iteration   8: 1632.952 ns/op
Iteration   9: 1632.785 ns/op
Iteration  10: ARENATELE blockSize=262144 maxBlocks=8 cap=8192 maxObjects=16384 debug=false ring=true ringStats=false arenaHeap=0 arenaDirect=779500864 delegateHeap=0 delegateDirect=0 arenaShare=100.00% blocksHeap=1 blocksDirect=1 pinned=0 reusable=0 maxPinnedHeap=0 maxPinnedDirect=0 blockReuses=0 blockGrowths=0 blockSwitches=0 ringWraps=0 ringResets=0 ringScans=0 ringStalls=0 stallBytes=0 strandedBytes=0 strandedShare=n/a holes<=256=0 holes<=1k=0 holes<=4k=0 holes<=8k=0 holes>8k=0 hooks=12179701 hookRejections=0 violations=0 earlyReuses=0 reallocInPlace=0 reallocMoved=0 reallocDelegated=0 trims=0 trimmedBlocks=0 leakedBlocks=0 objects=64 bytesHeap=0 bytesDirect=187080207360 liveHeap=0 liveDirect=0
ARENALOOP thread=io.github.neoionet.netty.microbenchmark.CycleScopedAllocBenchmark.cycleDirect-1-1 arenaHeap=0 arenaDirect=779500864 delegateHeap=0 delegateDirect=0 arenaShare=100.00% blocksHeap=1 blocksDirect=1 pinned=0 reusable=0 maxPinnedHeap=0 maxPinnedDirect=0 blockReuses=0 blockGrowths=0 blockSwitches=0 ringWraps=0 ringResets=0 ringScans=0 ringStalls=0 stallBytes=0 strandedBytes=0 strandedShare=n/a holes<=256=0 holes<=1k=0 holes<=4k=0 holes<=8k=0 holes>8k=0 hooks=12179701 hookRejections=0 violations=0 earlyReuses=0 reallocInPlace=0 reallocMoved=0 reallocDelegated=0 trims=0 trimmedBlocks=0 leakedBlocks=0 objects=64 bytesHeap=0 bytesDirect=187080207360 liveHeap=0 liveDirect=0
1631.812 ns/op


Result "io.github.neoionet.netty.microbenchmark.CycleScopedAllocBenchmark.cycleDirect":
  1632.804 ±(99.9%) 1.719 ns/op [Average]
  (min, avg, max) = (1628.353, 1632.804, 1638.365), stdev = 2.572
  CI (99.9%): [1631.085, 1634.523] (assumes normal distribution)


# JMH version: 1.37
# VM version: JDK 21, Java HotSpot(TM) 64-Bit Server VM, 21+35-LTS-2513
# VM invoker: /home/forked_franz/.sdkman/candidates/java/21-oracle/bin/java
# VM options: -server -dsa -da -XX:InitialRAMPercentage=40.0 -XX:MaxRAMPercentage=40.0 -Dio.netty.leakDetection.level=disabled -Djmh.executor=CUSTOM -Djmh.executor.class=io.github.neoionet.netty.microbenchmark.executor.FastThreadLocalThreadHarnessExecutor -XX:MaxRAM=60g -Darena.ring=true
# Blackhole mode: compiler (auto-detected, use -Djmh.blackhole.autoDetect=false to disable)
# Warmup: 10 iterations, 1 s each
# Measurement: 10 iterations, 1 s each
# Timeout: 10 min per iteration
# Threads: 1 thread, will synchronize iterations
# Benchmark mode: Average time, time/op
# Benchmark: io.github.neoionet.netty.microbenchmark.CycleScopedAllocBenchmark.cycleHeap
# Parameters: (allocatorType = ARENA, k = 64, releaseOrder = FIFO, sizes = SMALL)

# Run progress: 50.00% complete, ETA 00:01:01
# Fork: 1 of 3
# Warmup Iteration   1: 2053.275 ns/op
# Warmup Iteration   2: 2103.240 ns/op
# Warmup Iteration   3: 1789.536 ns/op
# Warmup Iteration   4: 1787.018 ns/op
# Warmup Iteration   5: 1787.002 ns/op
# Warmup Iteration   6: 1785.422 ns/op
# Warmup Iteration   7: 1788.292 ns/op
# Warmup Iteration   8: 1786.727 ns/op
# Warmup Iteration   9: 1786.851 ns/op
# Warmup Iteration  10: 1788.545 ns/op
Iteration   1: 1784.386 ns/op
Iteration   2: 1790.889 ns/op
Iteration   3: 1786.531 ns/op
Iteration   4: 1784.741 ns/op
Iteration   5: 1786.791 ns/op
Iteration   6: 1785.781 ns/op
Iteration   7: 1787.344 ns/op
Iteration   8: 1785.545 ns/op
Iteration   9: 1788.029 ns/op
Iteration  10: ARENATELE blockSize=262144 maxBlocks=8 cap=8192 maxObjects=16384 debug=false ring=true ringStats=false arenaHeap=706329344 arenaDirect=0 delegateHeap=0 delegateDirect=0 arenaShare=100.00% blocksHeap=1 blocksDirect=1 pinned=0 reusable=0 maxPinnedHeap=0 maxPinnedDirect=0 blockReuses=0 blockGrowths=0 blockSwitches=0 ringWraps=0 ringResets=0 ringScans=0 ringStalls=0 stallBytes=0 strandedBytes=0 strandedShare=n/a holes<=256=0 holes<=1k=0 holes<=4k=0 holes<=8k=0 holes>8k=0 hooks=11036396 hookRejections=0 violations=0 earlyReuses=0 reallocInPlace=0 reallocMoved=0 reallocDelegated=0 trims=0 trimmedBlocks=0 leakedBlocks=0 objects=64 bytesHeap=169519042560 bytesDirect=0 liveHeap=0 liveDirect=0
ARENALOOP thread=io.github.neoionet.netty.microbenchmark.CycleScopedAllocBenchmark.cycleHeap-1-1 arenaHeap=706329344 arenaDirect=0 delegateHeap=0 delegateDirect=0 arenaShare=100.00% blocksHeap=1 blocksDirect=1 pinned=0 reusable=0 maxPinnedHeap=0 maxPinnedDirect=0 blockReuses=0 blockGrowths=0 blockSwitches=0 ringWraps=0 ringResets=0 ringScans=0 ringStalls=0 stallBytes=0 strandedBytes=0 strandedShare=n/a holes<=256=0 holes<=1k=0 holes<=4k=0 holes<=8k=0 holes>8k=0 hooks=11036396 hookRejections=0 violations=0 earlyReuses=0 reallocInPlace=0 reallocMoved=0 reallocDelegated=0 trims=0 trimmedBlocks=0 leakedBlocks=0 objects=64 bytesHeap=169519042560 bytesDirect=0 liveHeap=0 liveDirect=0
1786.447 ns/op

# Run progress: 66.67% complete, ETA 00:00:40
# Fork: 2 of 3
# Warmup Iteration   1: 1946.996 ns/op
# Warmup Iteration   2: 1731.312 ns/op
# Warmup Iteration   3: 1728.821 ns/op
# Warmup Iteration   4: 1728.905 ns/op
# Warmup Iteration   5: 1731.083 ns/op
# Warmup Iteration   6: 1729.245 ns/op
# Warmup Iteration   7: 1729.518 ns/op
# Warmup Iteration   8: 1728.806 ns/op
# Warmup Iteration   9: 1729.660 ns/op
# Warmup Iteration  10: 1731.895 ns/op
Iteration   1: 1729.272 ns/op
Iteration   2: 1731.176 ns/op
Iteration   3: 1729.824 ns/op
Iteration   4: 1729.796 ns/op
Iteration   5: 1730.323 ns/op
Iteration   6: 1731.638 ns/op
Iteration   7: 1728.757 ns/op
Iteration   8: 1729.797 ns/op
Iteration   9: 1730.096 ns/op
Iteration  10: ARENATELE blockSize=262144 maxBlocks=8 cap=8192 maxObjects=16384 debug=false ring=true ringStats=false arenaHeap=735814656 arenaDirect=0 delegateHeap=0 delegateDirect=0 arenaShare=100.00% blocksHeap=1 blocksDirect=1 pinned=0 reusable=0 maxPinnedHeap=0 maxPinnedDirect=0 blockReuses=0 blockGrowths=0 blockSwitches=0 ringWraps=0 ringResets=0 ringScans=0 ringStalls=0 stallBytes=0 strandedBytes=0 strandedShare=n/a holes<=256=0 holes<=1k=0 holes<=4k=0 holes<=8k=0 holes>8k=0 hooks=11497104 hookRejections=0 violations=0 earlyReuses=0 reallocInPlace=0 reallocMoved=0 reallocDelegated=0 trims=0 trimmedBlocks=0 leakedBlocks=0 objects=64 bytesHeap=176595517440 bytesDirect=0 liveHeap=0 liveDirect=0
ARENALOOP thread=io.github.neoionet.netty.microbenchmark.CycleScopedAllocBenchmark.cycleHeap-1-1 arenaHeap=735814656 arenaDirect=0 delegateHeap=0 delegateDirect=0 arenaShare=100.00% blocksHeap=1 blocksDirect=1 pinned=0 reusable=0 maxPinnedHeap=0 maxPinnedDirect=0 blockReuses=0 blockGrowths=0 blockSwitches=0 ringWraps=0 ringResets=0 ringScans=0 ringStalls=0 stallBytes=0 strandedBytes=0 strandedShare=n/a holes<=256=0 holes<=1k=0 holes<=4k=0 holes<=8k=0 holes>8k=0 hooks=11497104 hookRejections=0 violations=0 earlyReuses=0 reallocInPlace=0 reallocMoved=0 reallocDelegated=0 trims=0 trimmedBlocks=0 leakedBlocks=0 objects=64 bytesHeap=176595517440 bytesDirect=0 liveHeap=0 liveDirect=0
1731.040 ns/op

# Run progress: 83.33% complete, ETA 00:00:20
# Fork: 3 of 3
# Warmup Iteration   1: 1958.542 ns/op
# Warmup Iteration   2: 1723.996 ns/op
# Warmup Iteration   3: 1723.280 ns/op
# Warmup Iteration   4: 1723.092 ns/op
# Warmup Iteration   5: 1723.428 ns/op
# Warmup Iteration   6: 1723.363 ns/op
# Warmup Iteration   7: 1723.168 ns/op
# Warmup Iteration   8: 1723.064 ns/op
# Warmup Iteration   9: 1723.212 ns/op
# Warmup Iteration  10: 1722.601 ns/op
Iteration   1: 1723.983 ns/op
Iteration   2: 1723.953 ns/op
Iteration   3: 1723.371 ns/op
Iteration   4: 1723.251 ns/op
Iteration   5: 1723.714 ns/op
Iteration   6: 1723.614 ns/op
Iteration   7: 1723.437 ns/op
Iteration   8: 1723.279 ns/op
Iteration   9: 1723.701 ns/op
Iteration  10: ARENATELE blockSize=262144 maxBlocks=8 cap=8192 maxObjects=16384 debug=false ring=true ringStats=false arenaHeap=738331712 arenaDirect=0 delegateHeap=0 delegateDirect=0 arenaShare=100.00% blocksHeap=1 blocksDirect=1 pinned=0 reusable=0 maxPinnedHeap=0 maxPinnedDirect=0 blockReuses=0 blockGrowths=0 blockSwitches=0 ringWraps=0 ringResets=0 ringScans=0 ringStalls=0 stallBytes=0 strandedBytes=0 strandedShare=n/a holes<=256=0 holes<=1k=0 holes<=4k=0 holes<=8k=0 holes>8k=0 hooks=11536433 hookRejections=0 violations=0 earlyReuses=0 reallocInPlace=0 reallocMoved=0 reallocDelegated=0 trims=0 trimmedBlocks=0 leakedBlocks=0 objects=64 bytesHeap=177199610880 bytesDirect=0 liveHeap=0 liveDirect=0
ARENALOOP thread=io.github.neoionet.netty.microbenchmark.CycleScopedAllocBenchmark.cycleHeap-1-1 arenaHeap=738331712 arenaDirect=0 delegateHeap=0 delegateDirect=0 arenaShare=100.00% blocksHeap=1 blocksDirect=1 pinned=0 reusable=0 maxPinnedHeap=0 maxPinnedDirect=0 blockReuses=0 blockGrowths=0 blockSwitches=0 ringWraps=0 ringResets=0 ringScans=0 ringStalls=0 stallBytes=0 strandedBytes=0 strandedShare=n/a holes<=256=0 holes<=1k=0 holes<=4k=0 holes<=8k=0 holes>8k=0 hooks=11536433 hookRejections=0 violations=0 earlyReuses=0 reallocInPlace=0 reallocMoved=0 reallocDelegated=0 trims=0 trimmedBlocks=0 leakedBlocks=0 objects=64 bytesHeap=177199610880 bytesDirect=0 liveHeap=0 liveDirect=0
1723.606 ns/op


Result "io.github.neoionet.netty.microbenchmark.CycleScopedAllocBenchmark.cycleHeap":
  1746.804 ±(99.9%) 19.248 ns/op [Average]
  (min, avg, max) = (1723.251, 1746.804, 1790.889), stdev = 28.809
  CI (99.9%): [1727.556, 1766.052] (assumes normal distribution)


# Run complete. Total time: 00:02:02

REMEMBER: The numbers below are just data. To gain reusable insights, you need to follow up on
why the numbers are the way they are. Use profilers (see -prof, -lprof), design factorial
experiments, perform baseline and negative tests that provide experimental control, make sure
the benchmarking environment is safe on JVM/OS/HW level, ask for reviews from the domain experts.
Do not assume the numbers tell you what you want them to tell.

NOTE: Current JVM experimentally supports Compiler Blackholes, and they are in use. Please exercise
extra caution when trusting the results, look into the generated code to check the benchmark still
works, and factor in a small probability of new VM bugs. Additionally, while comparisons between
different JVMs are already problematic, the performance difference caused by different Blackhole
modes can be very significant. Please make sure you use the consistent Blackhole mode for comparisons.

Benchmark                              (allocatorType)  (k)  (releaseOrder)  (sizes)  Mode  Cnt     Score    Error  Units
CycleScopedAllocBenchmark.cycleDirect            ARENA   64            FIFO    SMALL  avgt   30  1632.804 ±  1.719  ns/op
CycleScopedAllocBenchmark.cycleHeap              ARENA   64            FIFO    SMALL  avgt   30  1746.804 ± 19.248  ns/op

Benchmark result is saved to /home/forked_franz/IdeaProjects/netty-bench/results/h2h-merged-x86-2026-09-22/arena-v3/ring/flat/ns-flat-true.json
