# JMH version: 1.37
# VM version: JDK 21, Java HotSpot(TM) 64-Bit Server VM, 21+35-LTS-2513
# VM invoker: /home/forked_franz/.sdkman/candidates/java/21-oracle/bin/java
# VM options: -server -dsa -da -XX:InitialRAMPercentage=40.0 -XX:MaxRAMPercentage=40.0 -Dio.netty.leakDetection.level=disabled -Djmh.executor=CUSTOM -Djmh.executor.class=io.github.neoionet.netty.microbenchmark.executor.FastThreadLocalThreadHarnessExecutor -XX:MaxRAM=60g -Darena.ring=false
# Blackhole mode: compiler (auto-detected, use -Djmh.blackhole.autoDetect=false to disable)
# Warmup: 10 iterations, 1 s each
# Measurement: 10 iterations, 1 s each
# Timeout: 10 min per iteration
# Threads: 1 thread, will synchronize iterations
# Benchmark mode: Average time, time/op
# Benchmark: io.github.neoionet.netty.microbenchmark.CycleScopedAllocBenchmark.cycleDirect
# Parameters: (allocatorType = ARENA, k = 64, releaseOrder = FIFO, sizes = SMALL)

# Run progress: 0.00% complete, ETA 00:02:00
# Fork: 1 of 3
# Warmup Iteration   1: 1659.171 ns/op
# Warmup Iteration   2: 1455.154 ns/op
# Warmup Iteration   3: 1443.464 ns/op
# Warmup Iteration   4: 1444.597 ns/op
# Warmup Iteration   5: 1443.412 ns/op
# Warmup Iteration   6: 1444.102 ns/op
# Warmup Iteration   7: 1448.220 ns/op
# Warmup Iteration   8: 1447.443 ns/op
# Warmup Iteration   9: 1443.611 ns/op
# Warmup Iteration  10: 1443.911 ns/op
Iteration   1: 1443.098 ns/op
Iteration   2: 1444.446 ns/op
Iteration   3: 1446.135 ns/op
Iteration   4: 1444.870 ns/op
Iteration   5: 1443.885 ns/op
Iteration   6: 1443.406 ns/op
Iteration   7: 1443.547 ns/op
Iteration   8: 1443.206 ns/op
Iteration   9: 1443.351 ns/op
Iteration  10: ARENATELE blockSize=262144 maxBlocks=8 cap=8192 maxObjects=16384 debug=false ring=false ringStats=false arenaHeap=0 arenaDirect=880235968 delegateHeap=0 delegateDirect=0 arenaShare=100.00% blocksHeap=1 blocksDirect=1 pinned=0 reusable=0 maxPinnedHeap=0 maxPinnedDirect=0 blockReuses=0 blockGrowths=0 blockSwitches=0 ringWraps=0 ringResets=0 ringScans=0 ringStalls=0 stallBytes=0 strandedBytes=0 strandedShare=n/a holes<=256=0 holes<=1k=0 holes<=4k=0 holes<=8k=0 holes>8k=0 hooks=13753687 hookRejections=0 violations=0 earlyReuses=0 reallocInPlace=0 reallocMoved=0 reallocDelegated=0 trims=0 trimmedBlocks=0 leakedBlocks=0 objects=64 bytesHeap=0 bytesDirect=211256632320 liveHeap=0 liveDirect=0
ARENALOOP thread=io.github.neoionet.netty.microbenchmark.CycleScopedAllocBenchmark.cycleDirect-1-1 arenaHeap=0 arenaDirect=880235968 delegateHeap=0 delegateDirect=0 arenaShare=100.00% blocksHeap=1 blocksDirect=1 pinned=0 reusable=0 maxPinnedHeap=0 maxPinnedDirect=0 blockReuses=0 blockGrowths=0 blockSwitches=0 ringWraps=0 ringResets=0 ringScans=0 ringStalls=0 stallBytes=0 strandedBytes=0 strandedShare=n/a holes<=256=0 holes<=1k=0 holes<=4k=0 holes<=8k=0 holes>8k=0 hooks=13753687 hookRejections=0 violations=0 earlyReuses=0 reallocInPlace=0 reallocMoved=0 reallocDelegated=0 trims=0 trimmedBlocks=0 leakedBlocks=0 objects=64 bytesHeap=0 bytesDirect=211256632320 liveHeap=0 liveDirect=0
1443.427 ns/op

# Run progress: 16.67% complete, ETA 00:01:42
# Fork: 2 of 3
# Warmup Iteration   1: 1583.575 ns/op
# Warmup Iteration   2: 1423.902 ns/op
# Warmup Iteration   3: 1404.373 ns/op
# Warmup Iteration   4: 1404.778 ns/op
# Warmup Iteration   5: 1404.289 ns/op
# Warmup Iteration   6: 1404.137 ns/op
# Warmup Iteration   7: 1404.535 ns/op
# Warmup Iteration   8: 1404.274 ns/op
# Warmup Iteration   9: 1404.741 ns/op
# Warmup Iteration  10: 1405.673 ns/op
Iteration   1: 1404.885 ns/op
Iteration   2: 1404.600 ns/op
Iteration   3: 1404.902 ns/op
Iteration   4: 1405.079 ns/op
Iteration   5: 1405.036 ns/op
Iteration   6: 1405.053 ns/op
Iteration   7: 1404.566 ns/op
Iteration   8: 1403.868 ns/op
Iteration   9: 1405.131 ns/op
Iteration  10: ARENATELE blockSize=262144 maxBlocks=8 cap=8192 maxObjects=16384 debug=false ring=false ringStats=false arenaHeap=0 arenaDirect=905549120 delegateHeap=0 delegateDirect=0 arenaShare=100.00% blocksHeap=1 blocksDirect=1 pinned=0 reusable=0 maxPinnedHeap=0 maxPinnedDirect=0 blockReuses=0 blockGrowths=0 blockSwitches=0 ringWraps=0 ringResets=0 ringScans=0 ringStalls=0 stallBytes=0 strandedBytes=0 strandedShare=n/a holes<=256=0 holes<=1k=0 holes<=4k=0 holes<=8k=0 holes>8k=0 hooks=14149205 hookRejections=0 violations=0 earlyReuses=0 reallocInPlace=0 reallocMoved=0 reallocDelegated=0 trims=0 trimmedBlocks=0 leakedBlocks=0 objects=64 bytesHeap=0 bytesDirect=217331788800 liveHeap=0 liveDirect=0
ARENALOOP thread=io.github.neoionet.netty.microbenchmark.CycleScopedAllocBenchmark.cycleDirect-1-1 arenaHeap=0 arenaDirect=905549120 delegateHeap=0 delegateDirect=0 arenaShare=100.00% blocksHeap=1 blocksDirect=1 pinned=0 reusable=0 maxPinnedHeap=0 maxPinnedDirect=0 blockReuses=0 blockGrowths=0 blockSwitches=0 ringWraps=0 ringResets=0 ringScans=0 ringStalls=0 stallBytes=0 strandedBytes=0 strandedShare=n/a holes<=256=0 holes<=1k=0 holes<=4k=0 holes<=8k=0 holes>8k=0 hooks=14149205 hookRejections=0 violations=0 earlyReuses=0 reallocInPlace=0 reallocMoved=0 reallocDelegated=0 trims=0 trimmedBlocks=0 leakedBlocks=0 objects=64 bytesHeap=0 bytesDirect=217331788800 liveHeap=0 liveDirect=0
1404.805 ns/op

# Run progress: 33.33% complete, ETA 00:01:21
# Fork: 3 of 3
# Warmup Iteration   1: 1706.731 ns/op
# Warmup Iteration   2: 1517.175 ns/op
# Warmup Iteration   3: 1515.481 ns/op
# Warmup Iteration   4: 1513.982 ns/op
# Warmup Iteration   5: 1513.969 ns/op
# Warmup Iteration   6: 1515.094 ns/op
# Warmup Iteration   7: 1514.654 ns/op
# Warmup Iteration   8: 1513.830 ns/op
# Warmup Iteration   9: 1513.395 ns/op
# Warmup Iteration  10: 1514.496 ns/op
Iteration   1: 1513.695 ns/op
Iteration   2: 1512.783 ns/op
Iteration   3: 1513.707 ns/op
Iteration   4: 1512.621 ns/op
Iteration   5: 1513.499 ns/op
Iteration   6: 1512.256 ns/op
Iteration   7: 1513.000 ns/op
Iteration   8: 1512.889 ns/op
Iteration   9: 1512.708 ns/op
Iteration  10: ARENATELE blockSize=262144 maxBlocks=8 cap=8192 maxObjects=16384 debug=false ring=false ringStats=false arenaHeap=0 arenaDirect=840869184 delegateHeap=0 delegateDirect=0 arenaShare=100.00% blocksHeap=1 blocksDirect=1 pinned=0 reusable=0 maxPinnedHeap=0 maxPinnedDirect=0 blockReuses=0 blockGrowths=0 blockSwitches=0 ringWraps=0 ringResets=0 ringScans=0 ringStalls=0 stallBytes=0 strandedBytes=0 strandedShare=n/a holes<=256=0 holes<=1k=0 holes<=4k=0 holes<=8k=0 holes>8k=0 hooks=13138581 hookRejections=0 violations=0 earlyReuses=0 reallocInPlace=0 reallocMoved=0 reallocDelegated=0 trims=0 trimmedBlocks=0 leakedBlocks=0 objects=64 bytesHeap=0 bytesDirect=201808604160 liveHeap=0 liveDirect=0
ARENALOOP thread=io.github.neoionet.netty.microbenchmark.CycleScopedAllocBenchmark.cycleDirect-1-1 arenaHeap=0 arenaDirect=840869184 delegateHeap=0 delegateDirect=0 arenaShare=100.00% blocksHeap=1 blocksDirect=1 pinned=0 reusable=0 maxPinnedHeap=0 maxPinnedDirect=0 blockReuses=0 blockGrowths=0 blockSwitches=0 ringWraps=0 ringResets=0 ringScans=0 ringStalls=0 stallBytes=0 strandedBytes=0 strandedShare=n/a holes<=256=0 holes<=1k=0 holes<=4k=0 holes<=8k=0 holes>8k=0 hooks=13138581 hookRejections=0 violations=0 earlyReuses=0 reallocInPlace=0 reallocMoved=0 reallocDelegated=0 trims=0 trimmedBlocks=0 leakedBlocks=0 objects=64 bytesHeap=0 bytesDirect=201808604160 liveHeap=0 liveDirect=0
1512.992 ns/op


Result "io.github.neoionet.netty.microbenchmark.CycleScopedAllocBenchmark.cycleDirect":
  1453.915 ±(99.9%) 30.406 ns/op [Average]
  (min, avg, max) = (1403.868, 1453.915, 1513.707), stdev = 45.511
  CI (99.9%): [1423.509, 1484.321] (assumes normal distribution)


# JMH version: 1.37
# VM version: JDK 21, Java HotSpot(TM) 64-Bit Server VM, 21+35-LTS-2513
# VM invoker: /home/forked_franz/.sdkman/candidates/java/21-oracle/bin/java
# VM options: -server -dsa -da -XX:InitialRAMPercentage=40.0 -XX:MaxRAMPercentage=40.0 -Dio.netty.leakDetection.level=disabled -Djmh.executor=CUSTOM -Djmh.executor.class=io.github.neoionet.netty.microbenchmark.executor.FastThreadLocalThreadHarnessExecutor -XX:MaxRAM=60g -Darena.ring=false
# Blackhole mode: compiler (auto-detected, use -Djmh.blackhole.autoDetect=false to disable)
# Warmup: 10 iterations, 1 s each
# Measurement: 10 iterations, 1 s each
# Timeout: 10 min per iteration
# Threads: 1 thread, will synchronize iterations
# Benchmark mode: Average time, time/op
# Benchmark: io.github.neoionet.netty.microbenchmark.CycleScopedAllocBenchmark.cycleHeap
# Parameters: (allocatorType = ARENA, k = 64, releaseOrder = FIFO, sizes = SMALL)

# Run progress: 50.00% complete, ETA 00:01:01
# Fork: 1 of 3
# Warmup Iteration   1: 1848.227 ns/op
# Warmup Iteration   2: 1600.316 ns/op
# Warmup Iteration   3: 1636.521 ns/op
# Warmup Iteration   4: 1635.309 ns/op
# Warmup Iteration   5: 1636.389 ns/op
# Warmup Iteration   6: 1635.586 ns/op
# Warmup Iteration   7: 1636.864 ns/op
# Warmup Iteration   8: 1636.192 ns/op
# Warmup Iteration   9: 1636.819 ns/op
# Warmup Iteration  10: 1637.917 ns/op
Iteration   1: 1636.524 ns/op
Iteration   2: 1636.403 ns/op
Iteration   3: 1640.065 ns/op
Iteration   4: 1637.484 ns/op
Iteration   5: 1635.174 ns/op
Iteration   6: 1635.324 ns/op
Iteration   7: 1635.520 ns/op
Iteration   8: 1635.349 ns/op
Iteration   9: 1635.446 ns/op
Iteration  10: ARENATELE blockSize=262144 maxBlocks=8 cap=8192 maxObjects=16384 debug=false ring=false ringStats=false arenaHeap=778677440 arenaDirect=0 delegateHeap=0 delegateDirect=0 arenaShare=100.00% blocksHeap=1 blocksDirect=1 pinned=0 reusable=0 maxPinnedHeap=0 maxPinnedDirect=0 blockReuses=0 blockGrowths=0 blockSwitches=0 ringWraps=0 ringResets=0 ringScans=0 ringStalls=0 stallBytes=0 strandedBytes=0 strandedShare=n/a holes<=256=0 holes<=1k=0 holes<=4k=0 holes<=8k=0 holes>8k=0 hooks=12166835 hookRejections=0 violations=0 earlyReuses=0 reallocInPlace=0 reallocMoved=0 reallocDelegated=0 trims=0 trimmedBlocks=0 leakedBlocks=0 objects=64 bytesHeap=186882585600 bytesDirect=0 liveHeap=0 liveDirect=0
ARENALOOP thread=io.github.neoionet.netty.microbenchmark.CycleScopedAllocBenchmark.cycleHeap-1-1 arenaHeap=778677440 arenaDirect=0 delegateHeap=0 delegateDirect=0 arenaShare=100.00% blocksHeap=1 blocksDirect=1 pinned=0 reusable=0 maxPinnedHeap=0 maxPinnedDirect=0 blockReuses=0 blockGrowths=0 blockSwitches=0 ringWraps=0 ringResets=0 ringScans=0 ringStalls=0 stallBytes=0 strandedBytes=0 strandedShare=n/a holes<=256=0 holes<=1k=0 holes<=4k=0 holes<=8k=0 holes>8k=0 hooks=12166835 hookRejections=0 violations=0 earlyReuses=0 reallocInPlace=0 reallocMoved=0 reallocDelegated=0 trims=0 trimmedBlocks=0 leakedBlocks=0 objects=64 bytesHeap=186882585600 bytesDirect=0 liveHeap=0 liveDirect=0
1636.762 ns/op

# Run progress: 66.67% complete, ETA 00:00:40
# Fork: 2 of 3
# Warmup Iteration   1: 1778.916 ns/op
# Warmup Iteration   2: 1583.794 ns/op
# Warmup Iteration   3: 1574.832 ns/op
# Warmup Iteration   4: 1575.075 ns/op
# Warmup Iteration   5: 1575.900 ns/op
# Warmup Iteration   6: 1573.639 ns/op
# Warmup Iteration   7: 1574.042 ns/op
# Warmup Iteration   8: 1573.870 ns/op
# Warmup Iteration   9: 1575.186 ns/op
# Warmup Iteration  10: 1574.799 ns/op
Iteration   1: 1574.772 ns/op
Iteration   2: 1573.163 ns/op
Iteration   3: 1573.736 ns/op
Iteration   4: 1575.238 ns/op
Iteration   5: 1579.757 ns/op
Iteration   6: 1573.777 ns/op
Iteration   7: 1574.656 ns/op
Iteration   8: 1574.413 ns/op
Iteration   9: 1577.285 ns/op
Iteration  10: ARENATELE blockSize=262144 maxBlocks=8 cap=8192 maxObjects=16384 debug=false ring=false ringStats=false arenaHeap=807874240 arenaDirect=0 delegateHeap=0 delegateDirect=0 arenaShare=100.00% blocksHeap=1 blocksDirect=1 pinned=0 reusable=0 maxPinnedHeap=0 maxPinnedDirect=0 blockReuses=0 blockGrowths=0 blockSwitches=0 ringWraps=0 ringResets=0 ringScans=0 ringStalls=0 stallBytes=0 strandedBytes=0 strandedShare=n/a holes<=256=0 holes<=1k=0 holes<=4k=0 holes<=8k=0 holes>8k=0 hooks=12623035 hookRejections=0 violations=0 earlyReuses=0 reallocInPlace=0 reallocMoved=0 reallocDelegated=0 trims=0 trimmedBlocks=0 leakedBlocks=0 objects=64 bytesHeap=193889817600 bytesDirect=0 liveHeap=0 liveDirect=0
ARENALOOP thread=io.github.neoionet.netty.microbenchmark.CycleScopedAllocBenchmark.cycleHeap-1-1 arenaHeap=807874240 arenaDirect=0 delegateHeap=0 delegateDirect=0 arenaShare=100.00% blocksHeap=1 blocksDirect=1 pinned=0 reusable=0 maxPinnedHeap=0 maxPinnedDirect=0 blockReuses=0 blockGrowths=0 blockSwitches=0 ringWraps=0 ringResets=0 ringScans=0 ringStalls=0 stallBytes=0 strandedBytes=0 strandedShare=n/a holes<=256=0 holes<=1k=0 holes<=4k=0 holes<=8k=0 holes>8k=0 hooks=12623035 hookRejections=0 violations=0 earlyReuses=0 reallocInPlace=0 reallocMoved=0 reallocDelegated=0 trims=0 trimmedBlocks=0 leakedBlocks=0 objects=64 bytesHeap=193889817600 bytesDirect=0 liveHeap=0 liveDirect=0
1576.956 ns/op

# Run progress: 83.33% complete, ETA 00:00:20
# Fork: 3 of 3
# Warmup Iteration   1: 1876.076 ns/op
# Warmup Iteration   2: 1677.906 ns/op
# Warmup Iteration   3: 1653.232 ns/op
# Warmup Iteration   4: 1666.265 ns/op
# Warmup Iteration   5: 1653.286 ns/op
# Warmup Iteration   6: 1655.090 ns/op
# Warmup Iteration   7: 1651.481 ns/op
# Warmup Iteration   8: 1649.779 ns/op
# Warmup Iteration   9: 1656.000 ns/op
# Warmup Iteration  10: 1651.433 ns/op
Iteration   1: 1653.340 ns/op
Iteration   2: 1653.074 ns/op
Iteration   3: 1653.054 ns/op
Iteration   4: 1656.181 ns/op
Iteration   5: 1650.676 ns/op
Iteration   6: 1653.456 ns/op
Iteration   7: 1652.829 ns/op
Iteration   8: 1659.538 ns/op
Iteration   9: 1654.306 ns/op
Iteration  10: ARENATELE blockSize=262144 maxBlocks=8 cap=8192 maxObjects=16384 debug=false ring=false ringStats=false arenaHeap=768731328 arenaDirect=0 delegateHeap=0 delegateDirect=0 arenaShare=100.00% blocksHeap=1 blocksDirect=1 pinned=0 reusable=0 maxPinnedHeap=0 maxPinnedDirect=0 blockReuses=0 blockGrowths=0 blockSwitches=0 ringWraps=0 ringResets=0 ringScans=0 ringStalls=0 stallBytes=0 strandedBytes=0 strandedShare=n/a holes<=256=0 holes<=1k=0 holes<=4k=0 holes<=8k=0 holes>8k=0 hooks=12011427 hookRejections=0 violations=0 earlyReuses=0 reallocInPlace=0 reallocMoved=0 reallocDelegated=0 trims=0 trimmedBlocks=0 leakedBlocks=0 objects=64 bytesHeap=184495518720 bytesDirect=0 liveHeap=0 liveDirect=0
ARENALOOP thread=io.github.neoionet.netty.microbenchmark.CycleScopedAllocBenchmark.cycleHeap-1-1 arenaHeap=768731328 arenaDirect=0 delegateHeap=0 delegateDirect=0 arenaShare=100.00% blocksHeap=1 blocksDirect=1 pinned=0 reusable=0 maxPinnedHeap=0 maxPinnedDirect=0 blockReuses=0 blockGrowths=0 blockSwitches=0 ringWraps=0 ringResets=0 ringScans=0 ringStalls=0 stallBytes=0 strandedBytes=0 strandedShare=n/a holes<=256=0 holes<=1k=0 holes<=4k=0 holes<=8k=0 holes>8k=0 hooks=12011427 hookRejections=0 violations=0 earlyReuses=0 reallocInPlace=0 reallocMoved=0 reallocDelegated=0 trims=0 trimmedBlocks=0 leakedBlocks=0 objects=64 bytesHeap=184495518720 bytesDirect=0 liveHeap=0 liveDirect=0
1652.914 ns/op


Result "io.github.neoionet.netty.microbenchmark.CycleScopedAllocBenchmark.cycleHeap":
  1621.906 ±(99.9%) 22.918 ns/op [Average]
  (min, avg, max) = (1573.163, 1621.906, 1659.538), stdev = 34.302
  CI (99.9%): [1598.988, 1644.823] (assumes normal distribution)


# Run complete. Total time: 00:02:02

REMEMBER: The numbers below are just data. To gain reusable insights, you need to follow up on
why the numbers are the way they are. Use profilers (see -prof, -lprof), design factorial
experiments, perform baseline and negative tests that provide experimental control, make sure
the benchmarking environment is safe on JVM/OS/HW level, ask for reviews from the domain experts.
Do not assume the numbers tell you what you want them to tell.

NOTE: Current JVM experimentally supports Compiler Blackholes, and they are in use. Please exercise
extra caution when trusting the results, look into the generated code to check the benchmark still
works, and factor in a small probability of new VM bugs. Additionally, while comparisons between
different JVMs are already problematic, the performance difference caused by different Blackhole
modes can be very significant. Please make sure you use the consistent Blackhole mode for comparisons.

Benchmark                              (allocatorType)  (k)  (releaseOrder)  (sizes)  Mode  Cnt     Score    Error  Units
CycleScopedAllocBenchmark.cycleDirect            ARENA   64            FIFO    SMALL  avgt   30  1453.915 ± 30.406  ns/op
CycleScopedAllocBenchmark.cycleHeap              ARENA   64            FIFO    SMALL  avgt   30  1621.906 ± 22.918  ns/op

Benchmark result is saved to /home/forked_franz/IdeaProjects/netty-bench/results/h2h-merged-x86-2026-09-22/arena-v3/ring/flat/ns-ring-false.json
