# JMH version: 1.37
# VM version: JDK 21, Java HotSpot(TM) 64-Bit Server VM, 21+35-LTS-2513
# VM invoker: /home/forked_franz/.sdkman/candidates/java/21-oracle/bin/java
# VM options: -server -dsa -da -XX:InitialRAMPercentage=40.0 -XX:MaxRAMPercentage=40.0 -Dio.netty.leakDetection.level=disabled -Djmh.executor=CUSTOM -Djmh.executor.class=io.github.neoionet.netty.microbenchmark.executor.FastThreadLocalThreadHarnessExecutor -XX:MaxRAM=60g -Darena.ring=true
# Blackhole mode: compiler (auto-detected, use -Djmh.blackhole.autoDetect=false to disable)
# Warmup: 5 iterations, 1 s each
# Measurement: 5 iterations, 1 s each
# Timeout: 10 min per iteration
# Threads: 1 thread, will synchronize iterations
# Benchmark mode: Average time, time/op
# Benchmark: io.github.neoionet.netty.microbenchmark.CycleScopedAllocBenchmark.cycleDirect
# Parameters: (allocatorType = ARENA, k = 64, releaseOrder = FIFO, sizes = SMALL)

# Run progress: 0.00% complete, ETA 00:00:10
# Fork: 1 of 1
# Preparing profilers: LinuxPerfAsmProfiler 
# Profilers consume stdout and stderr from target VM, use -v EXTRA to copy to console
# Warmup Iteration   1: 3343733.293 ns/op
# Warmup Iteration   2: 1803.317 ns/op
# Warmup Iteration   3: 1673.421 ns/op
# Warmup Iteration   4: 1676.011 ns/op
# Warmup Iteration   5: 1675.114 ns/op
Iteration   1: 1675.519 ns/op
Iteration   2: 1676.601 ns/op
Iteration   3: 1675.993 ns/op
Iteration   4: 1676.077 ns/op
Iteration   5: ARENATELE blockSize=262144 maxBlocks=8 cap=8192 maxObjects=16384 debug=false ring=true ringStats=false arenaHeap=0 arenaDirect=341144768 delegateHeap=0 delegateDirect=0 arenaShare=100.00% blocksHeap=1 blocksDirect=1 pinned=0 reusable=0 maxPinnedHeap=0 maxPinnedDirect=0 blockReuses=0 blockGrowths=0 blockSwitches=0 ringWraps=0 ringResets=0 ringScans=0 ringStalls=0 stallBytes=0 strandedBytes=0 strandedShare=n/a holes<=256=0 holes<=1k=0 holes<=4k=0 holes<=8k=0 holes>8k=0 hooks=5330387 hookRejections=0 violations=0 earlyReuses=0 reallocInPlace=0 reallocMoved=0 reallocDelegated=0 trims=0 trimmedBlocks=0 leakedBlocks=0 objects=64 bytesHeap=0 bytesDirect=81874744320 liveHeap=0 liveDirect=0
ARENALOOP thread=io.github.neoionet.netty.microbenchmark.CycleScopedAllocBenchmark.cycleDirect-1-1 arenaHeap=0 arenaDirect=341144768 delegateHeap=0 delegateDirect=0 arenaShare=100.00% blocksHeap=1 blocksDirect=1 pinned=0 reusable=0 maxPinnedHeap=0 maxPinnedDirect=0 blockReuses=0 blockGrowths=0 blockSwitches=0 ringWraps=0 ringResets=0 ringScans=0 ringStalls=0 stallBytes=0 strandedBytes=0 strandedShare=n/a holes<=256=0 holes<=1k=0 holes<=4k=0 holes<=8k=0 holes>8k=0 hooks=5330387 hookRejections=0 violations=0 earlyReuses=0 reallocInPlace=0 reallocMoved=0 reallocDelegated=0 trims=0 trimmedBlocks=0 leakedBlocks=0 objects=64 bytesHeap=0 bytesDirect=81874744320 liveHeap=0 liveDirect=0
1676.320 ns/op
# Processing profiler results: LinuxPerfAsmProfiler 


Result "io.github.neoionet.netty.microbenchmark.CycleScopedAllocBenchmark.cycleDirect":
  1676.102 ±(99.9%) 1.550 ns/op [Average]
  (min, avg, max) = (1675.519, 1676.102, 1676.601), stdev = 0.403
  CI (99.9%): [1674.551, 1677.652] (assumes normal distribution)

Secondary result "io.github.neoionet.netty.microbenchmark.CycleScopedAllocBenchmark.cycleDirect:asm":
PrintAssembly processed: 339041 total address lines.
Perf output processed (skipped 15.258 seconds):
 Column 1: cycles (4542 events)

Hottest code regions (>10.00% "cycles" events):
 Event counts are percents of total event count.

....[Hottest Region 1]..............................................................................
c2, level 4, io.github.neoionet.netty.microbenchmark.CycleScopedAllocBenchmark::cycle, version 3, compile id 1409 

                                                                       ; - io.github.neoionet.netty.microbenchmark.CycleScopedAllocBenchmark::cycle@24 (line 84)
             0x00007f9ee861ffed:   mov    0x2c(%rsi),%edi              ;*getfield sizeTable {reexecute=0 rethrow=0 return_oop=0}
                                                                       ; - io.github.neoionet.netty.microbenchmark.CycleScopedAllocBenchmark::cycle@6 (line 82)
             0x00007f9ee861fff0:   mov    0xc(%r12,%rdi,8),%esi        ; implicit exception: dispatches to 0x00007f9ee86213cc
                                                                       ;*iaload {reexecute=0 rethrow=0 return_oop=0}
                                                                       ; - io.github.neoionet.netty.microbenchmark.CycleScopedAllocBenchmark::cycle@31 (line 85)
             0x00007f9ee861fff5:   mov    %ecx,%ebp
             0x00007f9ee861fff7:   test   %ecx,%ecx
             0x00007f9ee861fff9:   je     0x00007f9ee86213ce
             0x00007f9ee861ffff:   cmp    $0x102ac58,%r13d             ;   {metadata(&apos;io/netty/util/concurrent/FastThreadLocalThread&apos;)}
   0.02%     0x00007f9ee8620006:   jne    0x00007f9ee86213ce
             0x00007f9ee862000c:   cmp    %edx,%r11d
             0x00007f9ee862000f:   jae    0x00007f9ee86213ce
             0x00007f9ee8620015:   mov    %r14d,0x54(%rsp)
             0x00007f9ee862001a:   mov    %ecx,0x50(%rsp)
             0x00007f9ee862001e:   mov    %rbx,%r14
             0x00007f9ee8620021:   mov    0x54(%rsp),%ebx
   0.02%     0x00007f9ee8620025:   mov    0x8(%r12,%rbx,8),%ebx        ;*aastore {reexecute=0 rethrow=0 return_oop=0}
                                                                       ; - io.github.neoionet.netty.microbenchmark.CycleScopedAllocBenchmark::cycle@98 (line 89)
             0x00007f9ee862002a:   cmp    $0x1088000,%ebx              ;   {metadata(&apos;io/netty/buffer/ByteBuf&apos;[])}
   0.02%     0x00007f9ee8620030:   jne    0x00007f9ee86213fc
             0x00007f9ee8620036:   mov    %r9,%rbp                     ;*instanceof {reexecute=0 rethrow=0 return_oop=0}
                                                                       ; - io.netty.util.internal.InternalThreadLocalMap::get@5 (line 112)
                                                                       ; - io.netty.util.concurrent.FastThreadLocal::get@0 (line 137)
                                                                       ; - io.netty.buffer.CycleArenaAllocator::newDirectBuffer@4 (line 246)
                                                                       ; - io.netty.buffer.AbstractByteBufAllocator::directBuffer@21 (line 168)
                                                                       ; - io.netty.buffer.AbstractByteBufAllocator::directBuffer@4 (line 159)
                                                                       ; - io.github.neoionet.netty.microbenchmark.CycleScopedAllocBenchmark::cycle@64 (line 87)
   0.04%     0x00007f9ee8620039:   lea    (%r12,%rdi,8),%rcx           ;*getfield sizeTable {reexecute=0 rethrow=0 return_oop=0}
                                                                       ; - io.github.neoionet.netty.microbenchmark.CycleScopedAllocBenchmark::cycle@6 (line 82)
             0x00007f9ee862003d:   xor    %ebx,%ebx
             0x00007f9ee862003f:   mov    %r8,0x10(%rsp)
             0x00007f9ee8620044:   mov    %r11d,0x4(%rsp)
             0x00007f9ee8620049:   mov    %r9,0x18(%rsp)
   0.04%     0x00007f9ee862004e:   mov    %r13d,0x8(%rsp)
             0x00007f9ee8620053:   mov    %edi,0x58(%rsp)
             0x00007f9ee8620057:   mov    %esi,0x20(%rsp)
   0.04%     0x00007f9ee862005b:   mov    %rbp,0x28(%rsp)
             0x00007f9ee8620060:   mov    %rcx,0x30(%rsp)
             0x00007f9ee8620065:   mov    %ebx,0xc(%rsp)
   0.02%     0x00007f9ee8620069:   jmp    0x00007f9ee862034b
             0x00007f9ee862006e:   xchg   %ax,%ax
             0x00007f9ee8620070:   mov    0x24(%rsp),%r10d             ;*aload {reexecute=0 rethrow=0 return_oop=0}
                                                                       ; - io.github.neoionet.netty.microbenchmark.CycleScopedAllocBenchmark::cycle@27 (line 85)
   0.07%     0x00007f9ee8620075:   cmp    0x20(%rsp),%r10d
   0.02%     0x00007f9ee862007a:   jae    0x00007f9ee8620b3e
             0x00007f9ee8620080:   mov    0x30(%rsp),%rbx
   1.01%     0x00007f9ee8620085:   mov    0x10(%rbx,%r10,4),%r9d       ;*iaload {reexecute=0 rethrow=0 return_oop=0}
                                                                       ; - io.github.neoionet.netty.microbenchmark.CycleScopedAllocBenchmark::cycle@31 (line 85)
             0x00007f9ee862008a:   mov    0x20(%r14),%r8d              ;*getfield allocator {reexecute=0 rethrow=0 return_oop=0}
                                                                       ; - io.github.neoionet.netty.microbenchmark.CycleScopedAllocBenchmark::cycle@59 (line 87)
   0.02%     0x00007f9ee862008e:   mov    0x8(%r12,%r8,8),%r11d        ; implicit exception: dispatches to 0x00007f9ee86216ac
   0.02%     0x00007f9ee8620093:   inc    %r10d                        ;*iadd {reexecute=0 rethrow=0 return_oop=0}
                                                                       ; - io.github.neoionet.netty.microbenchmark.CycleScopedAllocBenchmark::cycle@37 (line 86)
   0.33%     0x00007f9ee8620096:   xor    %ebx,%ebx
             0x00007f9ee8620098:   cmp    0x20(%rsp),%r10d
   0.02%     0x00007f9ee862009d:   cmove  %ebx,%r10d                   ;*istore {reexecute=0 rethrow=0 return_oop=0}
                                                                       ; - io.github.neoionet.netty.microbenchmark.CycleScopedAllocBenchmark::cycle@52 (line 86)
             0x00007f9ee86200a1:   cmp    $0x1082b98,%r11d             ;   {metadata(&apos;io/netty/buffer/CycleArenaAllocator&apos;)}
   0.75%     0x00007f9ee86200a8:   jne    0x00007f9ee8620d08
             0x00007f9ee86200ae:   lea    (%r12,%r8,8),%rax            ;*invokeinterface directBuffer {reexecute=0 rethrow=0 return_oop=0}
                                                                       ; - io.github.neoionet.netty.microbenchmark.CycleScopedAllocBenchmark::cycle@64 (line 87)
             0x00007f9ee86200b2:   test   %r9d,%r9d
             0x00007f9ee86200b5:   je     0x00007f9ee8620f14           ;*ifne {reexecute=0 rethrow=0 return_oop=0}
                                                                       ; - io.netty.buffer.AbstractByteBufAllocator::directBuffer@1 (line 164)
                                                                       ; - io.netty.buffer.AbstractByteBufAllocator::directBuffer@4 (line 159)
                                                                       ; - io.github.neoionet.netty.microbenchmark.CycleScopedAllocBenchmark::cycle@64 (line 87)
             0x00007f9ee86200bb:   test   %r9d,%r9d
             0x00007f9ee86200be:   jl     0x00007f9ee8620f4c           ;*ifge {reexecute=0 rethrow=0 return_oop=0}
                                                                       ; - io.netty.util.internal.ObjectUtil::checkPositiveOrZero@1 (line 155)
                                                                       ; - io.netty.buffer.AbstractByteBufAllocator::validate@3 (line 208)
                                                                       ; - io.netty.buffer.AbstractByteBufAllocator::directBuffer@15 (line 167)
                                                                       ; - io.netty.buffer.AbstractByteBufAllocator::directBuffer@4 (line 159)
                                                                       ; - io.github.neoionet.netty.microbenchmark.CycleScopedAllocBenchmark::cycle@64 (line 87)
             0x00007f9ee86200c4:   mov    0x28(%rax),%ecx              ;*getfield directSpaces {reexecute=0 rethrow=0 return_oop=0}
                                                                       ; - io.netty.buffer.CycleArenaAllocator::newDirectBuffer@1 (line 246)
                                                                       ; - io.netty.buffer.AbstractByteBufAllocator::directBuffer@21 (line 168)
                                                                       ; - io.netty.buffer.AbstractByteBufAllocator::directBuffer@4 (line 159)
                                                                       ; - io.github.neoionet.netty.microbenchmark.CycleScopedAllocBenchmark::cycle@64 (line 87)
   0.35%     0x00007f9ee86200c7:   mov    0xc(%r12,%rcx,8),%ebx        ; implicit exception: dispatches to 0x00007f9ee86216c4
                                                                       ;*getfield index {reexecute=0 rethrow=0 return_oop=0}
                                                                       ; - io.netty.util.concurrent.FastThreadLocal::get@6 (line 138)
                                                                       ; - io.netty.buffer.CycleArenaAllocator::newDirectBuffer@4 (line 246)
                                                                       ; - io.netty.buffer.AbstractByteBufAllocator::directBuffer@21 (line 168)
                                                                       ; - io.netty.buffer.AbstractByteBufAllocator::directBuffer@4 (line 159)
                                                                       ; - io.github.neoionet.netty.microbenchmark.CycleScopedAllocBenchmark::cycle@64 (line 87)
   0.11%     0x00007f9ee86200cc:   mov    0x28(%rsp),%rbp
   0.11%     0x00007f9ee86200d1:   mov    0x78(%rbp),%r8d              ;*getfield threadLocalMap {reexecute=0 rethrow=0 return_oop=0}
                                                                       ; - io.netty.util.concurrent.FastThreadLocalThread::threadLocalMap@36 (line 91)
                                                                       ; - io.netty.util.internal.InternalThreadLocalMap::fastGet@1 (line 120)
                                                                       ; - io.netty.util.internal.InternalThreadLocalMap::get@15 (line 113)
                                                                       ; - io.netty.util.concurrent.FastThreadLocal::get@0 (line 137)
                                                                       ; - io.netty.buffer.CycleArenaAllocator::newDirectBuffer@4 (line 246)
                                                                       ; - io.netty.buffer.AbstractByteBufAllocator::directBuffer@21 (line 168)
                                                                       ; - io.netty.buffer.AbstractByteBufAllocator::directBuffer@4 (line 159)
                                                                       ; - io.github.neoionet.netty.microbenchmark.CycleScopedAllocBenchmark::cycle@64 (line 87)
             0x00007f9ee86200d5:   mov    0x54(%r12,%r8,8),%edi        ; implicit exception: dispatches to 0x00007f9ee8621838
                                                                       ;*getfield indexedVariables {reexecute=0 rethrow=0 return_oop=0}
                                                                       ; - io.netty.util.internal.InternalThreadLocalMap::indexedVariable@1 (line 318)
                                                                       ; - io.netty.util.concurrent.FastThreadLocal::get@9 (line 138)
                                                                       ; - io.netty.buffer.CycleArenaAllocator::newDirectBuffer@4 (line 246)
                                                                       ; - io.netty.buffer.AbstractByteBufAllocator::directBuffer@21 (line 168)
                                                                       ; - io.netty.buffer.AbstractByteBufAllocator::directBuffer@4 (line 159)
                                                                       ; - io.github.neoionet.netty.microbenchmark.CycleScopedAllocBenchmark::cycle@64 (line 87)
   1.03%     0x00007f9ee86200da:   mov    0xc(%r12,%rdi,8),%edx        ; implicit exception: dispatches to 0x00007f9ee86216dc
                                                                       ;*arraylength {reexecute=0 rethrow=0 return_oop=0}
                                                                       ; - io.netty.util.internal.InternalThreadLocalMap::indexedVariable@7 (line 319)
                                                                       ; - io.netty.util.concurrent.FastThreadLocal::get@9 (line 138)
                                                                       ; - io.netty.buffer.CycleArenaAllocator::newDirectBuffer@4 (line 246)
                                                                       ; - io.netty.buffer.AbstractByteBufAllocator::directBuffer@21 (line 168)
                                                                       ; - io.netty.buffer.AbstractByteBufAllocator::directBuffer@4 (line 159)
                                                                       ; - io.github.neoionet.netty.microbenchmark.CycleScopedAllocBenchmark::cycle@64 (line 87)
   0.66%     0x00007f9ee86200df:   cmp    %edx,%ebx
             0x00007f9ee86200e1:   jge    0x00007f9ee8620f84           ;*if_icmpge {reexecute=0 rethrow=0 return_oop=0}
                                                                       ; - io.netty.util.internal.InternalThreadLocalMap::indexedVariable@8 (line 319)
                                                                       ; - io.netty.util.concurrent.FastThreadLocal::get@9 (line 138)
                                                                       ; - io.netty.buffer.CycleArenaAllocator::newDirectBuffer@4 (line 246)
                                                                       ; - io.netty.buffer.AbstractByteBufAllocator::directBuffer@21 (line 168)
                                                                       ; - io.netty.buffer.AbstractByteBufAllocator::directBuffer@4 (line 159)
                                                                       ; - io.github.neoionet.netty.microbenchmark.CycleScopedAllocBenchmark::cycle@64 (line 87)
             0x00007f9ee86200e7:   cmp    %edx,%ebx
             0x00007f9ee86200e9:   jae    0x00007f9ee8620b70
             0x00007f9ee86200ef:   lea    (%r12,%rdi,8),%r11
             0x00007f9ee86200f3:   mov    0x10(%r11,%rbx,4),%r11d      ;*aaload {reexecute=0 rethrow=0 return_oop=0}
                                                                       ; - io.netty.util.internal.InternalThreadLocalMap::indexedVariable@13 (line 319)
                                                                       ; - io.netty.util.concurrent.FastThreadLocal::get@9 (line 138)
                                                                       ; - io.netty.buffer.CycleArenaAllocator::newDirectBuffer@4 (line 246)
                                                                       ; - io.netty.buffer.AbstractByteBufAllocator::directBuffer@21 (line 168)
                                                                       ; - io.netty.buffer.AbstractByteBufAllocator::directBuffer@4 (line 159)
                                                                       ; - io.github.neoionet.netty.microbenchmark.CycleScopedAllocBenchmark::cycle@64 (line 87)
   0.64%     0x00007f9ee86200f8:   cmp    $0xffcdce94,%r11d            ;   {oop(a &apos;java/lang/Object&apos;{0x00000007fe6e74a0})}
   0.59%     0x00007f9ee86200ff:   je     0x00007f9ee8620fc8           ;*if_acmpeq {reexecute=0 rethrow=0 return_oop=0}
                                                                       ; - io.netty.util.concurrent.FastThreadLocal::get@17 (line 139)
                                                                       ; - io.netty.buffer.CycleArenaAllocator::newDirectBuffer@4 (line 246)
                                                                       ; - io.netty.buffer.AbstractByteBufAllocator::directBuffer@21 (line 168)
                                                                       ; - io.netty.buffer.AbstractByteBufAllocator::directBuffer@4 (line 159)
                                                                       ; - io.github.neoionet.netty.microbenchmark.CycleScopedAllocBenchmark::cycle@64 (line 87)
             0x00007f9ee8620105:   mov    0x8(%r12,%r11,8),%ecx        ; implicit exception: dispatches to 0x00007f9ee86216f4
   3.79%     0x00007f9ee862010a:   cmp    $0x10a1ef0,%ecx              ;   {metadata(&apos;io/netty/buffer/CycleArenaAllocator$Space&apos;)}
   2.99%     0x00007f9ee8620110:   jne    0x00007f9ee8621674
             0x00007f9ee8620116:   shl    $0x3,%r11                    ;*checkcast {reexecute=0 rethrow=0 return_oop=0}
                                                                       ; - io.netty.buffer.CycleArenaAllocator::newDirectBuffer@7 (line 246)
                                                                       ; - io.netty.buffer.AbstractByteBufAllocator::directBuffer@21 (line 168)
                                                                       ; - io.netty.buffer.AbstractByteBufAllocator::directBuffer@4 (line 159)
                                                                       ; - io.github.neoionet.netty.microbenchmark.CycleScopedAllocBenchmark::cycle@64 (line 87)
   0.40%     0x00007f9ee862011a:   mov    0xc(%r11),%ecx               ;*getfield cap {reexecute=0 rethrow=0 return_oop=0}
                                                                       ; - io.netty.buffer.CycleArenaAllocator$Space::allocate@2 (line 495)
                                                                       ; - io.netty.buffer.CycleArenaAllocator::newDirectBuffer@14 (line 247)
                                                                       ; - io.netty.buffer.AbstractByteBufAllocator::directBuffer@21 (line 168)
                                                                       ; - io.netty.buffer.AbstractByteBufAllocator::directBuffer@4 (line 159)
                                                                       ; - io.github.neoionet.netty.microbenchmark.CycleScopedAllocBenchmark::cycle@64 (line 87)
             0x00007f9ee862011e:   cmp    %ecx,%r9d
             0x00007f9ee8620121:   jg     0x00007f9ee8621008           ;*if_icmple {reexecute=0 rethrow=0 return_oop=0}
                                                                       ; - io.netty.buffer.CycleArenaAllocator$Space::allocate@5 (line 495)
                                                                       ; - io.netty.buffer.CycleArenaAllocator::newDirectBuffer@14 (line 247)
                                                                       ; - io.netty.buffer.AbstractByteBufAllocator::directBuffer@21 (line 168)
                                                                       ; - io.netty.buffer.AbstractByteBufAllocator::directBuffer@4 (line 159)
                                                                       ; - io.github.neoionet.netty.microbenchmark.CycleScopedAllocBenchmark::cycle@64 (line 87)
   0.04%     0x00007f9ee8620127:   movzbl 0x145(%r11),%r8d             ;*getfield exhausted {reexecute=0 rethrow=0 return_oop=0}
                                                                       ; - io.netty.buffer.CycleArenaAllocator$Space::allocate@11 (line 498)
                                                                       ; - io.netty.buffer.CycleArenaAllocator::newDirectBuffer@14 (line 247)
                                                                       ; - io.netty.buffer.AbstractByteBufAllocator::directBuffer@21 (line 168)
                                                                       ; - io.netty.buffer.AbstractByteBufAllocator::directBuffer@4 (line 159)
                                                                       ; - io.github.neoionet.netty.microbenchmark.CycleScopedAllocBenchmark::cycle@64 (line 87)
   0.66%     0x00007f9ee862012f:   test   %r8d,%r8d
   3.63%     0x00007f9ee8620132:   jne    0x00007f9ee8621048           ;*ifeq {reexecute=0 rethrow=0 return_oop=0}
                                                                       ; - io.netty.buffer.CycleArenaAllocator$Space::allocate@14 (line 498)
                                                                       ; - io.netty.buffer.CycleArenaAllocator::newDirectBuffer@14 (line 247)
                                                                       ; - io.netty.buffer.AbstractByteBufAllocator::directBuffer@21 (line 168)
                                                                       ; - io.netty.buffer.AbstractByteBufAllocator::directBuffer@4 (line 159)
                                                                       ; - io.github.neoionet.netty.microbenchmark.CycleScopedAllocBenchmark::cycle@64 (line 87)
             0x00007f9ee8620138:   mov    0x170(%r11),%ecx
   0.68%     0x00007f9ee862013f:   test   %ecx,%ecx
   0.18%     0x00007f9ee8620141:   jne    0x00007f9ee8620d38           ;*getfield hook {reexecute=0 rethrow=0 return_oop=0}
                                                                       ; - io.netty.buffer.CycleArenaAllocator$Space::allocate@27 (line 501)
                                                                       ; - io.netty.buffer.CycleArenaAllocator::newDirectBuffer@14 (line 247)
                                                                       ; - io.netty.buffer.AbstractByteBufAllocator::directBuffer@21 (line 168)
                                                                       ; - io.netty.buffer.AbstractByteBufAllocator::directBuffer@4 (line 159)
                                                                       ; - io.github.neoionet.netty.microbenchmark.CycleScopedAllocBenchmark::cycle@64 (line 87)
             0x00007f9ee8620147:   mov    0x124(%r11),%ebx             ;*getfield curLimit {reexecute=0 rethrow=0 return_oop=0}
                                                                       ; - io.netty.buffer.CycleArenaAllocator$Space::allocate@73 (line 507)
                                                                       ; - io.netty.buffer.CycleArenaAllocator::newDirectBuffer@14 (line 247)
                                                                       ; - io.netty.buffer.AbstractByteBufAllocator::directBuffer@21 (line 168)
                                                                       ; - io.netty.buffer.AbstractByteBufAllocator::directBuffer@4 (line 159)
                                                                       ; - io.github.neoionet.netty.microbenchmark.CycleScopedAllocBenchmark::cycle@64 (line 87)
   0.04%     0x00007f9ee862014e:   mov    0x120(%r11),%ecx             ;*getfield curBump {reexecute=0 rethrow=0 return_oop=0}
                                                                       ; - io.netty.buffer.CycleArenaAllocator$Space::allocate@47 (line 505)
                                                                       ; - io.netty.buffer.CycleArenaAllocator::newDirectBuffer@14 (line 247)
                                                                       ; - io.netty.buffer.AbstractByteBufAllocator::directBuffer@21 (line 168)
                                                                       ; - io.netty.buffer.AbstractByteBufAllocator::directBuffer@4 (line 159)
                                                                       ; - io.github.neoionet.netty.microbenchmark.CycleScopedAllocBenchmark::cycle@64 (line 87)
   0.26%     0x00007f9ee8620155:   lea    0x7(%r9),%edx
   0.18%     0x00007f9ee8620159:   and    $0xfffffff8,%edx
   1.28%     0x00007f9ee862015c:   add    %ecx,%edx                    ;*iadd {reexecute=0 rethrow=0 return_oop=0}
                                                                       ; - io.netty.buffer.CycleArenaAllocator$Space::allocate@61 (line 506)
                                                                       ; - io.netty.buffer.CycleArenaAllocator::newDirectBuffer@14 (line 247)
                                                                       ; - io.netty.buffer.AbstractByteBufAllocator::directBuffer@21 (line 168)
                                                                       ; - io.netty.buffer.AbstractByteBufAllocator::directBuffer@4 (line 159)
                                                                       ; - io.github.neoionet.netty.microbenchmark.CycleScopedAllocBenchmark::cycle@64 (line 87)
   0.11%     0x00007f9ee862015e:   cmp    %ebx,%edx
   0.88%     0x00007f9ee8620160:   jg     0x00007f9ee8621088           ;*if_icmple {reexecute=0 rethrow=0 return_oop=0}
                                                                       ; - io.netty.buffer.CycleArenaAllocator$Space::allocate@82 (line 507)
                                                                       ; - io.netty.buffer.CycleArenaAllocator::newDirectBuffer@14 (line 247)
                                                                       ; - io.netty.buffer.AbstractByteBufAllocator::directBuffer@21 (line 168)
                                                                       ; - io.netty.buffer.AbstractByteBufAllocator::directBuffer@4 (line 159)
                                                                       ; - io.github.neoionet.netty.microbenchmark.CycleScopedAllocBenchmark::cycle@64 (line 87)
             0x00007f9ee8620166:   mov    0x130(%r11),%r8d             ;*getfield freeTop {reexecute=0 rethrow=0 return_oop=0}
                                                                       ; - io.netty.buffer.CycleArenaAllocator$Space::allocate@93 (line 510)
                                                                       ; - io.netty.buffer.CycleArenaAllocator::newDirectBuffer@14 (line 247)
                                                                       ; - io.netty.buffer.AbstractByteBufAllocator::directBuffer@21 (line 168)
                                                                       ; - io.netty.buffer.AbstractByteBufAllocator::directBuffer@4 (line 159)
                                                                       ; - io.github.neoionet.netty.microbenchmark.CycleScopedAllocBenchmark::cycle@64 (line 87)
   0.37%     0x00007f9ee862016d:   lea    -0x1(%r8),%edi
   0.09%     0x00007f9ee8620171:   test   %edi,%edi
   0.13%     0x00007f9ee8620173:   jl     0x00007f9ee86210cc           ;*ifge {reexecute=0 rethrow=0 return_oop=0}
                                                                       ; - io.netty.buffer.CycleArenaAllocator$Space::allocate@102 (line 511)
                                                                       ; - io.netty.buffer.CycleArenaAllocator::newDirectBuffer@14 (line 247)
                                                                       ; - io.netty.buffer.AbstractByteBufAllocator::directBuffer@21 (line 168)
                                                                       ; - io.netty.buffer.AbstractByteBufAllocator::directBuffer@4 (line 159)
                                                                       ; - io.github.neoionet.netty.microbenchmark.CycleScopedAllocBenchmark::cycle@64 (line 87)
             0x00007f9ee8620179:   mov    %edi,0x130(%r11)             ;*putfield freeTop {reexecute=0 rethrow=0 return_oop=0}
                                                                       ; - io.netty.buffer.CycleArenaAllocator$Space::allocate@119 (line 514)
                                                                       ; - io.netty.buffer.CycleArenaAllocator::newDirectBuffer@14 (line 247)
                                                                       ; - io.netty.buffer.AbstractByteBufAllocator::directBuffer@21 (line 168)
                                                                       ; - io.netty.buffer.AbstractByteBufAllocator::directBuffer@4 (line 159)
                                                                       ; - io.github.neoionet.netty.microbenchmark.CycleScopedAllocBenchmark::cycle@64 (line 87)
   0.02%     0x00007f9ee8620180:   mov    %edx,0x120(%r11)             ;*putfield curBump {reexecute=0 rethrow=0 return_oop=0}
                                                                       ; - io.netty.buffer.CycleArenaAllocator$Space::allocate@125 (line 515)
                                                                       ; - io.netty.buffer.CycleArenaAllocator::newDirectBuffer@14 (line 247)
                                                                       ; - io.netty.buffer.AbstractByteBufAllocator::directBuffer@21 (line 168)
                                                                       ; - io.netty.buffer.AbstractByteBufAllocator::directBuffer@4 (line 159)
                                                                       ; - io.github.neoionet.netty.microbenchmark.CycleScopedAllocBenchmark::cycle@64 (line 87)
             0x00007f9ee8620187:   mov    0x150(%r11),%ebx             ;*getfield allocs {reexecute=0 rethrow=0 return_oop=0}
                                                                       ; - io.netty.buffer.CycleArenaAllocator$Space::allocate@129 (line 516)
                                                                       ; - io.netty.buffer.CycleArenaAllocator::newDirectBuffer@14 (line 247)
                                                                       ; - io.netty.buffer.AbstractByteBufAllocator::directBuffer@21 (line 168)
                                                                       ; - io.netty.buffer.AbstractByteBufAllocator::directBuffer@4 (line 159)
                                                                       ; - io.github.neoionet.netty.microbenchmark.CycleScopedAllocBenchmark::cycle@64 (line 87)
   0.07%     0x00007f9ee862018e:   mov    0x11c(%r11),%edx             ;*getfield curId {reexecute=0 rethrow=0 return_oop=0}
                                                                       ; - io.netty.buffer.CycleArenaAllocator$Space::allocate@133 (line 516)
                                                                       ; - io.netty.buffer.CycleArenaAllocator::newDirectBuffer@14 (line 247)
                                                                       ; - io.netty.buffer.AbstractByteBufAllocator::directBuffer@21 (line 168)
                                                                       ; - io.netty.buffer.AbstractByteBufAllocator::directBuffer@4 (line 159)
                                                                       ; - io.github.neoionet.netty.microbenchmark.CycleScopedAllocBenchmark::cycle@64 (line 87)
   0.07%     0x00007f9ee8620195:   mov    0xc(%r12,%rbx,8),%ebp        ; implicit exception: dispatches to 0x00007f9ee8621724
                                                                       ;*iaload {reexecute=0 rethrow=0 return_oop=0}
                                                                       ; - io.netty.buffer.CycleArenaAllocator$Space::allocate@137 (line 516)
                                                                       ; - io.netty.buffer.CycleArenaAllocator::newDirectBuffer@14 (line 247)
                                                                       ; - io.netty.buffer.AbstractByteBufAllocator::directBuffer@21 (line 168)
                                                                       ; - io.netty.buffer.AbstractByteBufAllocator::directBuffer@4 (line 159)
                                                                       ; - io.github.neoionet.netty.microbenchmark.CycleScopedAllocBenchmark::cycle@64 (line 87)
   8.01%     0x00007f9ee862019a:   cmp    %ebp,%edx
             0x00007f9ee862019c:   jae    0x00007f9ee8620bb4
             0x00007f9ee86201a2:   mov    %r10d,0x24(%rsp)
             0x00007f9ee86201a7:   mov    0x128(%r11),%esi             ;*getfield curBitsBase {reexecute=0 rethrow=0 return_oop=0}
                                                                       ; - io.netty.buffer.CycleArenaAllocator$Space::allocate@152 (line 518)
                                                                       ; - io.netty.buffer.CycleArenaAllocator::newDirectBuffer@14 (line 247)
                                                                       ; - io.netty.buffer.AbstractByteBufAllocator::directBuffer@21 (line 168)
                                                                       ; - io.netty.buffer.AbstractByteBufAllocator::directBuffer@4 (line 159)
                                                                       ; - io.github.neoionet.netty.microbenchmark.CycleScopedAllocBenchmark::cycle@64 (line 87)
             0x00007f9ee86201ae:   mov    0x160(%r11),%ebp             ;*getfield startBits {reexecute=0 rethrow=0 return_oop=0}
                                                                       ; - io.netty.buffer.CycleArenaAllocator$Space::allocate@148 (line 518)
                                                                       ; - io.netty.buffer.CycleArenaAllocator::newDirectBuffer@14 (line 247)
                                                                       ; - io.netty.buffer.AbstractByteBufAllocator::directBuffer@21 (line 168)
                                                                       ; - io.netty.buffer.AbstractByteBufAllocator::directBuffer@4 (line 159)
                                                                       ; - io.github.neoionet.netty.microbenchmark.CycleScopedAllocBenchmark::cycle@64 (line 87)
             0x00007f9ee86201b5:   lea    (%r12,%rbx,8),%r10
   0.02%     0x00007f9ee86201b9:   incl   0x10(%r10,%rdx,4)            ;*iastore {reexecute=0 rethrow=0 return_oop=0}
                                                                       ; - io.netty.buffer.CycleArenaAllocator$Space::allocate@140 (line 516)
                                                                       ; - io.netty.buffer.CycleArenaAllocator::newDirectBuffer@14 (line 247)
                                                                       ; - io.netty.buffer.AbstractByteBufAllocator::directBuffer@21 (line 168)
                                                                       ; - io.netty.buffer.AbstractByteBufAllocator::directBuffer@4 (line 159)
                                                                       ; - io.github.neoionet.netty.microbenchmark.CycleScopedAllocBenchmark::cycle@64 (line 87)
   2.73%     0x00007f9ee86201be:   mov    %ecx,%r13d
             0x00007f9ee86201c1:   shr    $0x9,%r13d                   ;*iushr {reexecute=0 rethrow=0 return_oop=0}
                                                                       ; - io.netty.buffer.CycleArenaAllocator$Space::allocate@159 (line 518)
                                                                       ; - io.netty.buffer.CycleArenaAllocator::newDirectBuffer@14 (line 247)
                                                                       ; - io.netty.buffer.AbstractByteBufAllocator::directBuffer@21 (line 168)
                                                                       ; - io.netty.buffer.AbstractByteBufAllocator::directBuffer@4 (line 159)
                                                                       ; - io.github.neoionet.netty.microbenchmark.CycleScopedAllocBenchmark::cycle@64 (line 87)
             0x00007f9ee86201c5:   lea    (%rsi,%r13,1),%ebx
   0.02%     0x00007f9ee86201c9:   mov    0xc(%r12,%rbp,8),%r10d       ; implicit exception: dispatches to 0x00007f9ee862173c
   0.33%     0x00007f9ee86201ce:   cmp    %r10d,%ebx
             0x00007f9ee86201d1:   jae    0x00007f9ee8620c14
             0x00007f9ee86201d7:   mov    0x16c(%r11),%r10d            ;*getfield free {reexecute=0 rethrow=0 return_oop=0}
                                                                       ; - io.netty.buffer.CycleArenaAllocator$Space::allocate@176 (line 520)
                                                                       ; - io.netty.buffer.CycleArenaAllocator::newDirectBuffer@14 (line 247)
                                                                       ; - io.netty.buffer.AbstractByteBufAllocator::directBuffer@21 (line 168)
                                                                       ; - io.netty.buffer.AbstractByteBufAllocator::directBuffer@4 (line 159)
                                                                       ; - io.github.neoionet.netty.microbenchmark.CycleScopedAllocBenchmark::cycle@64 (line 87)
             0x00007f9ee86201de:   movslq %esi,%rbx
             0x00007f9ee86201e1:   lea    (%r12,%rbp,8),%rsi
             0x00007f9ee86201e5:   movslq %r13d,%rbp
             0x00007f9ee86201e8:   add    %rbx,%rbp                    ;*laload {reexecute=0 rethrow=0 return_oop=0}
                                                                       ; - io.netty.buffer.CycleArenaAllocator$Space::allocate@162 (line 518)
                                                                       ; - io.netty.buffer.CycleArenaAllocator::newDirectBuffer@14 (line 247)
                                                                       ; - io.netty.buffer.AbstractByteBufAllocator::directBuffer@21 (line 168)
                                                                       ; - io.netty.buffer.AbstractByteBufAllocator::directBuffer@4 (line 159)
                                                                       ; - io.github.neoionet.netty.microbenchmark.CycleScopedAllocBenchmark::cycle@64 (line 87)
   0.77%     0x00007f9ee86201eb:   mov    %ecx,%ebx
             0x00007f9ee86201ed:   shr    $0x3,%ebx
             0x00007f9ee86201f0:   mov    $0x1,%r13d
             0x00007f9ee86201f6:   shlx   %rbx,%r13,%rbx
   0.40%     0x00007f9ee86201fb:   or     %rbx,0x10(%rsi,%rbp,8)       ;*lastore {reexecute=0 rethrow=0 return_oop=0}
                                                                       ; - io.netty.buffer.CycleArenaAllocator$Space::allocate@170 (line 518)
                                                                       ; - io.netty.buffer.CycleArenaAllocator::newDirectBuffer@14 (line 247)
                                                                       ; - io.netty.buffer.AbstractByteBufAllocator::directBuffer@21 (line 168)
                                                                       ; - io.netty.buffer.AbstractByteBufAllocator::directBuffer@4 (line 159)
                                                                       ; - io.github.neoionet.netty.microbenchmark.CycleScopedAllocBenchmark::cycle@64 (line 87)
   2.31%     0x00007f9ee8620200:   mov    0xc(%r12,%r10,8),%ebp        ; implicit exception: dispatches to 0x00007f9ee8621754
   0.02%     0x00007f9ee8620205:   mov    0x168(%r11),%ebx             ;*getfield objects {reexecute=0 rethrow=0 return_oop=0}
                                                                       ; - io.netty.buffer.CycleArenaAllocator$Space::allocate@172 (line 520)
                                                                       ; - io.netty.buffer.CycleArenaAllocator::newDirectBuffer@14 (line 247)
                                                                       ; - io.netty.buffer.AbstractByteBufAllocator::directBuffer@21 (line 168)
                                                                       ; - io.netty.buffer.AbstractByteBufAllocator::directBuffer@4 (line 159)
                                                                       ; - io.github.neoionet.netty.microbenchmark.CycleScopedAllocBenchmark::cycle@64 (line 87)
                                                                       ;   {no_reloc}
   0.02%     0x00007f9ee862020c:   cmp    %ebp,%edi
             0x00007f9ee862020e:   jae    0x00007f9ee8620c58
             0x00007f9ee8620214:   shl    $0x3,%r10
             0x00007f9ee8620218:   mov    0xc(%r10,%r8,4),%r8d         ;*iaload {reexecute=0 rethrow=0 return_oop=0}
                                                                       ; - io.netty.buffer.CycleArenaAllocator$Space::allocate@181 (line 520)
                                                                       ; - io.netty.buffer.CycleArenaAllocator::newDirectBuffer@14 (line 247)
                                                                       ; - io.netty.buffer.AbstractByteBufAllocator::directBuffer@21 (line 168)
                                                                       ; - io.netty.buffer.AbstractByteBufAllocator::directBuffer@4 (line 159)
                                                                       ; - io.github.neoionet.netty.microbenchmark.CycleScopedAllocBenchmark::cycle@64 (line 87)
   0.18%     0x00007f9ee862021d:   mov    0xc(%r12,%rbx,8),%r10d       ; implicit exception: dispatches to 0x00007f9ee862176c
   0.37%     0x00007f9ee8620222:   cmp    %r10d,%r8d
             0x00007f9ee8620225:   jae    0x00007f9ee8620cb0
             0x00007f9ee862022b:   lea    (%r12,%rbx,8),%r10
             0x00007f9ee862022f:   mov    0x10(%r10,%r8,4),%ebx        ;*aaload {reexecute=0 rethrow=0 return_oop=0}
                                                                       ; - io.netty.buffer.CycleArenaAllocator$Space::allocate@182 (line 520)
                                                                       ; - io.netty.buffer.CycleArenaAllocator::newDirectBuffer@14 (line 247)
                                                                       ; - io.netty.buffer.AbstractByteBufAllocator::directBuffer@21 (line 168)
                                                                       ; - io.netty.buffer.AbstractByteBufAllocator::directBuffer@4 (line 159)
                                                                       ; - io.github.neoionet.netty.microbenchmark.CycleScopedAllocBenchmark::cycle@64 (line 87)
   0.84%     0x00007f9ee8620234:   mov    0x38(%r12,%rbx,8),%r10d      ; implicit exception: dispatches to 0x00007f9ee8621784
                                                                       ;*getfield space {reexecute=0 rethrow=0 return_oop=0}
                                                                       ; - io.netty.buffer.CycleArenaAllocator$ArenaBuf::init@21 (line 1153)
                                                                       ; - io.netty.buffer.CycleArenaAllocator$Space::allocate@195 (line 521)
                                                                       ; - io.netty.buffer.CycleArenaAllocator::newDirectBuffer@14 (line 247)
                                                                       ; - io.netty.buffer.AbstractByteBufAllocator::directBuffer@21 (line 168)
                                                                       ; - io.netty.buffer.AbstractByteBufAllocator::directBuffer@4 (line 159)
                                                                       ; - io.github.neoionet.netty.microbenchmark.CycleScopedAllocBenchmark::cycle@64 (line 87)
   5.64%     0x00007f9ee8620239:   mov    %r9d,0x2c(%r12,%rbx,8)       ;*putfield length {reexecute=0 rethrow=0 return_oop=0}
                                                                       ; - io.netty.buffer.CycleArenaAllocator$ArenaBuf::init@12 (line 1151)
                                                                       ; - io.netty.buffer.CycleArenaAllocator$Space::allocate@195 (line 521)
                                                                       ; - io.netty.buffer.CycleArenaAllocator::newDirectBuffer@14 (line 247)
                                                                       ; - io.netty.buffer.AbstractByteBufAllocator::directBuffer@21 (line 168)
                                                                       ; - io.netty.buffer.AbstractByteBufAllocator::directBuffer@4 (line 159)
                                                                       ; - io.github.neoionet.netty.microbenchmark.CycleScopedAllocBenchmark::cycle@64 (line 87)
   0.42%     0x00007f9ee862023e:   mov    %ecx,0x28(%r12,%rbx,8)       ;*putfield start {reexecute=0 rethrow=0 return_oop=0}
                                                                       ; - io.netty.buffer.CycleArenaAllocator$ArenaBuf::init@7 (line 1150)
                                                                       ; - io.netty.buffer.CycleArenaAllocator$Space::allocate@195 (line 521)
                                                                       ; - io.netty.buffer.CycleArenaAllocator::newDirectBuffer@14 (line 247)
                                                                       ; - io.netty.buffer.AbstractByteBufAllocator::directBuffer@21 (line 168)
                                                                       ; - io.netty.buffer.AbstractByteBufAllocator::directBuffer@4 (line 159)
                                                                       ; - io.github.neoionet.netty.microbenchmark.CycleScopedAllocBenchmark::cycle@64 (line 87)
   0.24%     0x00007f9ee8620243:   mov    %edx,0x24(%r12,%rbx,8)       ;*putfield blockId {reexecute=0 rethrow=0 return_oop=0}
                                                                       ; - io.netty.buffer.CycleArenaAllocator$ArenaBuf::init@2 (line 1149)
                                                                       ; - io.netty.buffer.CycleArenaAllocator$Space::allocate@195 (line 521)
                                                                       ; - io.netty.buffer.CycleArenaAllocator::newDirectBuffer@14 (line 247)
                                                                       ; - io.netty.buffer.AbstractByteBufAllocator::directBuffer@21 (line 168)
                                                                       ; - io.netty.buffer.AbstractByteBufAllocator::directBuffer@4 (line 159)
                                                                       ; - io.github.neoionet.netty.microbenchmark.CycleScopedAllocBenchmark::cycle@64 (line 87)
   1.37%     0x00007f9ee8620248:   movl   $0x1,0x30(%r12,%rbx,8)       ;*putfield refCnt {reexecute=0 rethrow=0 return_oop=0}
                                                                       ; - io.netty.buffer.CycleArenaAllocator$ArenaBuf::init@17 (line 1152)
                                                                       ; - io.netty.buffer.CycleArenaAllocator$Space::allocate@195 (line 521)
                                                                       ; - io.netty.buffer.CycleArenaAllocator::newDirectBuffer@14 (line 247)
                                                                       ; - io.netty.buffer.AbstractByteBufAllocator::directBuffer@21 (line 168)
                                                                       ; - io.netty.buffer.AbstractByteBufAllocator::directBuffer@4 (line 159)
                                                                       ; - io.github.neoionet.netty.microbenchmark.CycleScopedAllocBenchmark::cycle@64 (line 87)
   0.20%     0x00007f9ee8620251:   mov    0x164(%r12,%r10,8),%edi      ; implicit exception: dispatches to 0x00007f9ee86217a4
                                                                       ;*getfield curRoot {reexecute=0 rethrow=0 return_oop=0}
                                                                       ; - io.netty.buffer.CycleArenaAllocator$ArenaBuf::init@24 (line 1153)
                                                                       ; - io.netty.buffer.CycleArenaAllocator$Space::allocate@195 (line 521)
                                                                       ; - io.netty.buffer.CycleArenaAllocator::newDirectBuffer@14 (line 247)
                                                                       ; - io.netty.buffer.AbstractByteBufAllocator::directBuffer@21 (line 168)
                                                                       ; - io.netty.buffer.AbstractByteBufAllocator::directBuffer@4 (line 159)
                                                                       ; - io.github.neoionet.netty.microbenchmark.CycleScopedAllocBenchmark::cycle@64 (line 87)
   3.24%     0x00007f9ee8620259:   mov    0x40(%r12,%rbx,8),%r10d      ;*getfield rootParent {reexecute=0 rethrow=0 return_oop=0}
                                                                       ; - io.netty.buffer.CycleArenaAllocator$ArenaBuf::init@30 (line 1154)
                                                                       ; - io.netty.buffer.CycleArenaAllocator$Space::allocate@195 (line 521)
                                                                       ; - io.netty.buffer.CycleArenaAllocator::newDirectBuffer@14 (line 247)
                                                                       ; - io.netty.buffer.AbstractByteBufAllocator::directBuffer@21 (line 168)
                                                                       ; - io.netty.buffer.AbstractByteBufAllocator::directBuffer@4 (line 159)
                                                                       ; - io.github.neoionet.netty.microbenchmark.CycleScopedAllocBenchmark::cycle@64 (line 87)
   0.02%     0x00007f9ee862025e:   cmp    %edi,%r10d
   0.57%     0x00007f9ee8620261:   jne    0x00007f9ee862111c           ;*if_acmpeq {reexecute=0 rethrow=0 return_oop=0}
                                                                       ; - io.netty.buffer.CycleArenaAllocator$ArenaBuf::init@35 (line 1154)
                                                                       ; - io.netty.buffer.CycleArenaAllocator$Space::allocate@195 (line 521)
                                                                       ; - io.netty.buffer.CycleArenaAllocator::newDirectBuffer@14 (line 247)
                                                                       ; - io.netty.buffer.AbstractByteBufAllocator::directBuffer@21 (line 168)
                                                                       ; - io.netty.buffer.AbstractByteBufAllocator::directBuffer@4 (line 159)
                                                                       ; - io.github.neoionet.netty.microbenchmark.CycleScopedAllocBenchmark::cycle@64 (line 87)
             0x00007f9ee8620267:   mov    0x48(%r12,%rbx,8),%r8d       ;*getfield tmpNioBuf {reexecute=0 rethrow=0 return_oop=0}
                                                                       ; - io.netty.buffer.CycleArenaAllocator$ArenaBuf::init@45 (line 1157)
                                                                       ; - io.netty.buffer.CycleArenaAllocator$Space::allocate@195 (line 521)
                                                                       ; - io.netty.buffer.CycleArenaAllocator::newDirectBuffer@14 (line 247)
                                                                       ; - io.netty.buffer.AbstractByteBufAllocator::directBuffer@21 (line 168)
                                                                       ; - io.netty.buffer.AbstractByteBufAllocator::directBuffer@4 (line 159)
                                                                       ; - io.github.neoionet.netty.microbenchmark.CycleScopedAllocBenchmark::cycle@64 (line 87)
   0.07%     0x00007f9ee862026c:   test   %r8d,%r8d
             0x00007f9ee862026f:   jne    0x00007f9ee8621164           ;*ifnull {reexecute=0 rethrow=0 return_oop=0}
                                                                       ; - io.netty.buffer.CycleArenaAllocator$ArenaBuf::init@48 (line 1157)
                                                                       ; - io.netty.buffer.CycleArenaAllocator$Space::allocate@195 (line 521)
                                                                       ; - io.netty.buffer.CycleArenaAllocator::newDirectBuffer@14 (line 247)
                                                                       ; - io.netty.buffer.AbstractByteBufAllocator::directBuffer@21 (line 168)
                                                                       ; - io.netty.buffer.AbstractByteBufAllocator::directBuffer@4 (line 159)
                                                                       ; - io.github.neoionet.netty.microbenchmark.CycleScopedAllocBenchmark::cycle@64 (line 87)
             0x00007f9ee8620275:   mov    %r12d,0x14(%r12,%rbx,8)      ;*putfield markedReaderIndex {reexecute=0 rethrow=0 return_oop=0}
                                                                       ; - io.netty.buffer.AbstractByteBuf::resetForReuse@17 (line 104)
                                                                       ; - io.netty.buffer.CycleArenaAllocator$ArenaBuf::init@59 (line 1160)
                                                                       ; - io.netty.buffer.CycleArenaAllocator$Space::allocate@195 (line 521)
                                                                       ; - io.netty.buffer.CycleArenaAllocator::newDirectBuffer@14 (line 247)
                                                                       ; - io.netty.buffer.AbstractByteBufAllocator::directBuffer@21 (line 168)
                                                                       ; - io.netty.buffer.AbstractByteBufAllocator::directBuffer@4 (line 159)
                                                                       ; - io.github.neoionet.netty.microbenchmark.CycleScopedAllocBenchmark::cycle@64 (line 87)
   0.04%     0x00007f9ee862027a:   mov    %r12d,0x10(%r12,%rbx,8)      ;*putfield writerIndex {reexecute=0 rethrow=0 return_oop=0}
                                                                       ; - io.netty.buffer.AbstractByteBuf::resetForReuse@12 (line 103)
                                                                       ; - io.netty.buffer.CycleArenaAllocator$ArenaBuf::init@59 (line 1160)
                                                                       ; - io.netty.buffer.CycleArenaAllocator$Space::allocate@195 (line 521)
                                                                       ; - io.netty.buffer.CycleArenaAllocator::newDirectBuffer@14 (line 247)
                                                                       ; - io.netty.buffer.AbstractByteBufAllocator::directBuffer@21 (line 168)
                                                                       ; - io.netty.buffer.AbstractByteBufAllocator::directBuffer@4 (line 159)
                                                                       ; - io.github.neoionet.netty.microbenchmark.CycleScopedAllocBenchmark::cycle@64 (line 87)
   0.13%     0x00007f9ee862027f:   mov    %r12d,0x18(%r12,%rbx,8)      ;*putfield markedWriterIndex {reexecute=0 rethrow=0 return_oop=0}
                                                                       ; - io.netty.buffer.AbstractByteBuf::resetForReuse@22 (line 105)
                                                                       ; - io.netty.buffer.CycleArenaAllocator$ArenaBuf::init@59 (line 1160)
                                                                       ; - io.netty.buffer.CycleArenaAllocator$Space::allocate@195 (line 521)
                                                                       ; - io.netty.buffer.CycleArenaAllocator::newDirectBuffer@14 (line 247)
                                                                       ; - io.netty.buffer.AbstractByteBufAllocator::directBuffer@21 (line 168)
                                                                       ; - io.netty.buffer.AbstractByteBufAllocator::directBuffer@4 (line 159)
                                                                       ; - io.github.neoionet.netty.microbenchmark.CycleScopedAllocBenchmark::cycle@64 (line 87)
   0.07%     0x00007f9ee8620284:   movl   $0x7fffffff,0x1c(%r12,%rbx,8);*putfield maxCapacity {reexecute=0 rethrow=0 return_oop=0}
                                                                       ; - io.netty.buffer.AbstractByteBuf::resetForReuse@2 (line 101)
                                                                       ; - io.netty.buffer.CycleArenaAllocator$ArenaBuf::init@59 (line 1160)
                                                                       ; - io.netty.buffer.CycleArenaAllocator$Space::allocate@195 (line 521)
                                                                       ; - io.netty.buffer.CycleArenaAllocator::newDirectBuffer@14 (line 247)
                                                                       ; - io.netty.buffer.AbstractByteBufAllocator::directBuffer@21 (line 168)
                                                                       ; - io.netty.buffer.AbstractByteBufAllocator::directBuffer@4 (line 159)
                                                                       ; - io.github.neoionet.netty.microbenchmark.CycleScopedAllocBenchmark::cycle@64 (line 87)
   0.11%     0x00007f9ee862028d:   mov    %r12d,0xc(%r12,%rbx,8)       ;*putfield readerIndex {reexecute=0 rethrow=0 return_oop=0}
                                                                       ; - io.netty.buffer.AbstractByteBuf::resetForReuse@7 (line 102)
                                                                       ; - io.netty.buffer.CycleArenaAllocator$ArenaBuf::init@59 (line 1160)
                                                                       ; - io.netty.buffer.CycleArenaAllocator$Space::allocate@195 (line 521)
                                                                       ; - io.netty.buffer.CycleArenaAllocator::newDirectBuffer@14 (line 247)
                                                                       ; - io.netty.buffer.AbstractByteBufAllocator::directBuffer@21 (line 168)
                                                                       ; - io.netty.buffer.AbstractByteBufAllocator::directBuffer@4 (line 159)
                                                                       ; - io.github.neoionet.netty.microbenchmark.CycleScopedAllocBenchmark::cycle@64 (line 87)
   0.04%     0x00007f9ee8620292:   cmp    $0x1,%r9d
             0x00007f9ee8620296:   jl     0x00007f9ee8620ebc           ;*if_icmpgt {reexecute=0 rethrow=0 return_oop=0}
                                                                       ; - io.netty.buffer.AbstractByteBuf::ensureWritable0@23 (line 300)
                                                                       ; - io.netty.buffer.AbstractByteBuf::writeByte@2 (line 1003)
                                                                       ; - io.github.neoionet.netty.microbenchmark.CycleScopedAllocBenchmark::cycle@89 (line 88)
             0x00007f9ee862029c:   movl   $0x1,0x10(%r12,%rbx,8)       ;*putfield writerIndex {reexecute=0 rethrow=0 return_oop=0}
                                                                       ; - io.netty.buffer.AbstractByteBuf::writeByte@14 (line 1004)
                                                                       ; - io.github.neoionet.netty.microbenchmark.CycleScopedAllocBenchmark::cycle@89 (line 88)
   0.97%     0x00007f9ee86202a5:   mov    0x8(%r12,%r10,8),%r8d        ; implicit exception: dispatches to 0x00007f9ee862187c
   0.73%     0x00007f9ee86202aa:   cmp    $0x10a8600,%r8d              ;   {metadata(&apos;io/netty/buffer/UnpooledUnsafeDirectByteBuf&apos;)}
   0.18%     0x00007f9ee86202b1:   jne    0x00007f9ee8620d78           ;*invokevirtual _setByte {reexecute=0 rethrow=0 return_oop=0}
                                                                       ; - io.netty.buffer.CycleArenaAllocator$ArenaBuf::_setByte@10 (line 1559)
                                                                       ; - io.netty.buffer.AbstractByteBuf::writeByte@18 (line 1004)
                                                                       ; - io.github.neoionet.netty.microbenchmark.CycleScopedAllocBenchmark::cycle@89 (line 88)
             0x00007f9ee86202b7:   mov    0x10(%rsp),%r11
   0.02%     0x00007f9ee86202bc:   mov    0xc(%rsp),%ebp
   0.02%     0x00007f9ee86202c0:   lea    0x10(%r11,%rbp,4),%rbp       ;*aastore {reexecute=0 rethrow=0 return_oop=0}
                                                                       ; - io.github.neoionet.netty.microbenchmark.CycleScopedAllocBenchmark::cycle@98 (line 89)
   0.02%     0x00007f9ee86202c5:   movslq %ecx,%r11
             0x00007f9ee86202c8:   shl    $0x3,%r10                    ;*invokevirtual _setByte {reexecute=0 rethrow=0 return_oop=0}
                                                                       ; - io.netty.buffer.CycleArenaAllocator$ArenaBuf::_setByte@10 (line 1559)
                                                                       ; - io.netty.buffer.AbstractByteBuf::writeByte@18 (line 1004)
                                                                       ; - io.github.neoionet.netty.microbenchmark.CycleScopedAllocBenchmark::cycle@89 (line 88)
   2.31%     0x00007f9ee86202cc:   mov    0x40(%r10),%r10
   0.04%     0x00007f9ee86202d0:   mov    %r9b,(%r10,%r11,1)           ;*invokestatic currentThread {reexecute=0 rethrow=0 return_oop=0}
                                                                       ; - io.netty.util.internal.InternalThreadLocalMap::get@0 (line 111)
                                                                       ; - io.netty.util.concurrent.FastThreadLocal::get@0 (line 137)
                                                                       ; - io.netty.buffer.CycleArenaAllocator::newDirectBuffer@4 (line 246)
                                                                       ; - io.netty.buffer.AbstractByteBufAllocator::directBuffer@21 (line 168)
                                                                       ; - io.netty.buffer.AbstractByteBufAllocator::directBuffer@4 (line 159)
                                                                       ; - io.github.neoionet.netty.microbenchmark.CycleScopedAllocBenchmark::cycle@64 (line 87)
   4.87%     0x00007f9ee86202d4:   cmpb   $0x0,0x40(%r15)
   0.59%     0x00007f9ee86202d9:   jne    0x00007f9ee8620381
   0.09%     0x00007f9ee86202df:   mov    %ebx,0x0(%rbp)               ;*aastore {reexecute=0 rethrow=0 return_oop=0}
                                                                       ; - io.github.neoionet.netty.microbenchmark.CycleScopedAllocBenchmark::cycle@98 (line 89)
   0.02%     0x00007f9ee86202e2:   mov    0xc(%rsp),%r10d
             0x00007f9ee86202e7:   inc    %r10d                        ;*iinc {reexecute=0 rethrow=0 return_oop=0}
                                                                       ; - io.github.neoionet.netty.microbenchmark.CycleScopedAllocBenchmark::cycle@99 (line 84)
   0.09%     0x00007f9ee86202ea:   mov    %r10d,0xc(%rsp)
   0.22%     0x00007f9ee86202ef:   lea    (%r12,%rbx,8),%r10
   0.02%     0x00007f9ee86202f3:   mov    %rbp,%r11
   1.23%     0x00007f9ee86202f6:   xor    %r11,%r10
             0x00007f9ee86202f9:   shr    $0x18,%r10
   0.02%     0x00007f9ee86202fd:   test   %r10,%r10
          ╭  0x00007f9ee8620300:   je     0x00007f9ee862031c
          │  0x00007f9ee8620302:   shr    $0x9,%r11
          │  0x00007f9ee8620306:   movabs $0x7f9ed9a00000,%rdi
          │  0x00007f9ee8620310:   add    %r11,%rdi
          │  0x00007f9ee8620313:   cmpb   $0x2,(%rdi)
          │  0x00007f9ee8620316:   jne    0x00007f9ee86203b8           ;*aload {reexecute=0 rethrow=0 return_oop=0}
          │                                                            ; - io.github.neoionet.netty.microbenchmark.CycleScopedAllocBenchmark::cycle@27 (line 85)
          ↘  0x00007f9ee862031c:   mov    0xc(%rsp),%r11d
   0.13%     0x00007f9ee8620321:   cmp    (%rsp),%r11d
   0.88%     0x00007f9ee8620325:   jl     0x00007f9ee8620070           ;*invokestatic currentThread {reexecute=0 rethrow=0 return_oop=0}
....................................................................................................
  61.47%  <total for region 1>

....[Hottest Region 2]..............................................................................
c2, level 4, io.github.neoionet.netty.microbenchmark.CycleScopedAllocBenchmark::cycle, version 3, compile id 1409 

             0x00007f9ee862054b:   cmp    %edx,%r11d
             0x00007f9ee862054e:   jae    0x00007f9ee86214ec
             0x00007f9ee8620554:   mov    0x48(%rsp),%r11
             0x00007f9ee8620559:   test   %r11,%r11
             0x00007f9ee862055c:   je     0x00007f9ee86214f1
             0x00007f9ee8620562:   mov    $0x1,%r10d
             0x00007f9ee8620568:   xor    %ebp,%ebp
             0x00007f9ee862056a:   jmp    0x00007f9ee8620730           ;   {no_reloc}
             0x00007f9ee862056f:   nop
          ↗  0x00007f9ee8620570:   mov    0xc(%rsp),%edx
   0.04%  │  0x00007f9ee8620574:   mov    0x10(%rsp),%r9
          │  0x00007f9ee8620579:   mov    0x18(%rsp),%r13d             ;*aload_1 {reexecute=0 rethrow=0 return_oop=0}
          │                                                            ; - io.github.neoionet.netty.microbenchmark.CycleScopedAllocBenchmark::cycle@177 (line 100)
          │  0x00007f9ee862057e:   mov    0x10(%r8,%rbp,4),%r11d       ;*aaload {reexecute=0 rethrow=0 return_oop=0}
          │                                                            ; - io.github.neoionet.netty.microbenchmark.CycleScopedAllocBenchmark::cycle@181 (line 100)
   1.06%  │  0x00007f9ee8620583:   mov    0x8(%r12,%r11,8),%r10d       ; implicit exception: dispatches to 0x00007f9ee86217bc
   0.22%  │  0x00007f9ee8620588:   cmp    $0x10a20f8,%r10d             ;   {metadata(&apos;io/netty/buffer/CycleArenaAllocator$ArenaBuf&apos;)}
   0.40%  │  0x00007f9ee862058f:   jne    0x00007f9ee8620e58
          │  0x00007f9ee8620595:   lea    (%r12,%r11,8),%rbx           ;*invokevirtual readByte {reexecute=0 rethrow=0 return_oop=0}
          │                                                            ; - io.github.neoionet.netty.microbenchmark.CycleScopedAllocBenchmark::cycle@182 (line 100)
   0.31%  │  0x00007f9ee8620599:   mov    0x30(%rbx),%r11d             ;*getfield refCnt {reexecute=0 rethrow=0 return_oop=0}
          │                                                            ; - io.netty.buffer.CycleArenaAllocator$ArenaBuf::refCnt@1 (line 1181)
          │                                                            ; - io.netty.buffer.ByteBuf::isAccessible@1 (line 2506)
          │                                                            ; - io.netty.buffer.AbstractByteBuf::ensureAccessible@7 (line 1491)
          │                                                            ; - io.netty.buffer.AbstractByteBuf::checkReadableBytes0@1 (line 1478)
          │                                                            ; - io.netty.buffer.AbstractByteBuf::readByte@2 (line 749)
          │                                                            ; - io.github.neoionet.netty.microbenchmark.CycleScopedAllocBenchmark::cycle@182 (line 100)
   0.29%  │  0x00007f9ee862059d:   test   %r11d,%r11d
          │  0x00007f9ee86205a0:   je     0x00007f9ee86211ce           ;*ifeq {reexecute=0 rethrow=0 return_oop=0}
          │                                                            ; - io.netty.buffer.ByteBuf::isAccessible@4 (line 2506)
          │                                                            ; - io.netty.buffer.AbstractByteBuf::ensureAccessible@7 (line 1491)
          │                                                            ; - io.netty.buffer.AbstractByteBuf::checkReadableBytes0@1 (line 1478)
          │                                                            ; - io.netty.buffer.AbstractByteBuf::readByte@2 (line 749)
          │                                                            ; - io.github.neoionet.netty.microbenchmark.CycleScopedAllocBenchmark::cycle@182 (line 100)
          │  0x00007f9ee86205a6:   mov    0x10(%rbx),%edi
   0.26%  │  0x00007f9ee86205a9:   mov    0xc(%rbx),%r10d              ;*getfield readerIndex {reexecute=0 rethrow=0 return_oop=0}
          │                                                            ; - io.netty.buffer.AbstractByteBuf::checkReadableBytes0@11 (line 1479)
          │                                                            ; - io.netty.buffer.AbstractByteBuf::readByte@2 (line 749)
          │                                                            ; - io.github.neoionet.netty.microbenchmark.CycleScopedAllocBenchmark::cycle@182 (line 100)
   0.31%  │  0x00007f9ee86205ad:   dec    %edi                         ;*isub {reexecute=0 rethrow=0 return_oop=0}
          │                                                            ; - io.netty.buffer.AbstractByteBuf::checkReadableBytes0@19 (line 1479)
          │                                                            ; - io.netty.buffer.AbstractByteBuf::readByte@2 (line 749)
          │                                                            ; - io.github.neoionet.netty.microbenchmark.CycleScopedAllocBenchmark::cycle@182 (line 100)
   0.86%  │  0x00007f9ee86205af:   cmp    %edi,%r10d
          │  0x00007f9ee86205b2:   jg     0x00007f9ee86211fc           ;*if_icmple {reexecute=0 rethrow=0 return_oop=0}
          │                                                            ; - io.netty.buffer.AbstractByteBuf::checkReadableBytes0@20 (line 1479)
          │                                                            ; - io.netty.buffer.AbstractByteBuf::readByte@2 (line 749)
          │                                                            ; - io.github.neoionet.netty.microbenchmark.CycleScopedAllocBenchmark::cycle@182 (line 100)
          │  0x00007f9ee86205b8:   mov    0x40(%rbx),%ecx              ;*getfield rootParent {reexecute=0 rethrow=0 return_oop=0}
          │                                                            ; - io.netty.buffer.CycleArenaAllocator$ArenaBuf::rootParent@1 (line 1165)
          │                                                            ; - io.netty.buffer.CycleArenaAllocator$ArenaBuf::_getByte@1 (line 1514)
          │                                                            ; - io.netty.buffer.AbstractByteBuf::readByte@12 (line 751)
          │                                                            ; - io.github.neoionet.netty.microbenchmark.CycleScopedAllocBenchmark::cycle@182 (line 100)
   0.37%  │  0x00007f9ee86205bb:   mov    0x8(%r12,%rcx,8),%edi        ; implicit exception: dispatches to 0x00007f9ee86218bc
   3.59%  │  0x00007f9ee86205c0:   mov    %r13d,0x18(%rsp)
   0.04%  │  0x00007f9ee86205c5:   mov    %r9,0x10(%rsp)
   0.11%  │  0x00007f9ee86205ca:   vmovq  %r8,%xmm0
   0.04%  │  0x00007f9ee86205cf:   mov    %edx,0xc(%rsp)
   0.09%  │  0x00007f9ee86205d3:   mov    0x28(%rbx),%eax              ;*getfield start {reexecute=0 rethrow=0 return_oop=0}
          │                                                            ; - io.netty.buffer.CycleArenaAllocator$ArenaBuf::idx@2 (line 1174)
          │                                                            ; - io.netty.buffer.CycleArenaAllocator$ArenaBuf::_getByte@6 (line 1514)
          │                                                            ; - io.netty.buffer.AbstractByteBuf::readByte@12 (line 751)
          │                                                            ; - io.github.neoionet.netty.microbenchmark.CycleScopedAllocBenchmark::cycle@182 (line 100)
          │  0x00007f9ee86205d6:   lea    (%r10,%rax,1),%edx
   0.11%  │  0x00007f9ee86205da:   cmp    $0x10a8600,%edi              ;   {metadata(&apos;io/netty/buffer/UnpooledUnsafeDirectByteBuf&apos;)}
   1.06%  │  0x00007f9ee86205e0:   jne    0x00007f9ee8620e84           ;*invokevirtual _getByte {reexecute=0 rethrow=0 return_oop=0}
          │                                                            ; - io.netty.buffer.CycleArenaAllocator$ArenaBuf::_getByte@9 (line 1514)
          │                                                            ; - io.netty.buffer.AbstractByteBuf::readByte@12 (line 751)
          │                                                            ; - io.github.neoionet.netty.microbenchmark.CycleScopedAllocBenchmark::cycle@182 (line 100)
          │  0x00007f9ee86205e6:   mov    0x3c(%rbx),%r8d              ;*getfield owner {reexecute=0 rethrow=0 return_oop=0}
          │                                                            ; - io.netty.buffer.CycleArenaAllocator$ArenaBuf::release@4 (line 1222)
          │                                                            ; - io.github.neoionet.netty.microbenchmark.CycleScopedAllocBenchmark::cycle@192 (line 101)
          │  0x00007f9ee86205ea:   inc    %r10d
   0.02%  │  0x00007f9ee86205ed:   mov    %r10d,0xc(%rbx)              ;*putfield readerIndex {reexecute=0 rethrow=0 return_oop=0}
          │                                                            ; - io.netty.buffer.AbstractByteBuf::readByte@20 (line 752)
          │                                                            ; - io.github.neoionet.netty.microbenchmark.CycleScopedAllocBenchmark::cycle@182 (line 100)
   0.15%  │  0x00007f9ee86205f1:   mov    %r8,%r9
   0.09%  │  0x00007f9ee86205f4:   shl    $0x3,%r9
          │  0x00007f9ee86205f8:   lea    (%r12,%rcx,8),%r10           ;*invokevirtual _getByte {reexecute=0 rethrow=0 return_oop=0}
          │                                                            ; - io.netty.buffer.CycleArenaAllocator$ArenaBuf::_getByte@9 (line 1514)
          │                                                            ; - io.netty.buffer.AbstractByteBuf::readByte@12 (line 751)
          │                                                            ; - io.github.neoionet.netty.microbenchmark.CycleScopedAllocBenchmark::cycle@182 (line 100)
   0.09%  │  0x00007f9ee86205fc:   mov    0x40(%r10),%r10
   0.40%  │  0x00007f9ee8620600:   movslq %edx,%rcx
   0.11%  │  0x00007f9ee8620603:   movsbl (%r10,%rcx,1),%r10d          ;*invokestatic consumeCompiler {reexecute=0 rethrow=0 return_oop=0}
          │                                                            ; - org.openjdk.jmh.infra.Blackhole::consume@7 (line 336)
          │                                                            ; - io.github.neoionet.netty.microbenchmark.CycleScopedAllocBenchmark::cycle@185 (line 100)
   5.81%  │  0x00007f9ee8620608:   mov    0x10(%rsp),%r10
          │  0x00007f9ee862060d:   cmp    %r9,%r10
          │  0x00007f9ee8620610:   jne    0x00007f9ee8621230           ;*if_acmpeq {reexecute=0 rethrow=0 return_oop=0}
          │                                                            ; - io.netty.buffer.CycleArenaAllocator$ArenaBuf::release@7 (line 1222)
          │                                                            ; - io.github.neoionet.netty.microbenchmark.CycleScopedAllocBenchmark::cycle@192 (line 101)
          │  0x00007f9ee8620616:   test   %r11d,%r11d
   0.04%  │  0x00007f9ee8620619:   jle    0x00007f9ee8621254           ;*ifgt {reexecute=0 rethrow=0 return_oop=0}
          │                                                            ; - io.netty.buffer.CycleArenaAllocator$ArenaBuf::release@23 (line 1226)
          │                                                            ; - io.github.neoionet.netty.microbenchmark.CycleScopedAllocBenchmark::cycle@192 (line 101)
          │  0x00007f9ee862061f:   lea    -0x1(%r11),%r10d
   0.02%  │  0x00007f9ee8620623:   mov    %r10d,0x30(%rbx)             ;*putfield refCnt {reexecute=0 rethrow=0 return_oop=0}
          │                                                            ; - io.netty.buffer.CycleArenaAllocator$ArenaBuf::release@40 (line 1229)
          │                                                            ; - io.github.neoionet.netty.microbenchmark.CycleScopedAllocBenchmark::cycle@192 (line 101)
   0.02%  │  0x00007f9ee8620627:   cmp    $0x1,%r11d
          │  0x00007f9ee862062b:   jne    0x00007f9ee8621274           ;*if_icmpeq {reexecute=0 rethrow=0 return_oop=0}
          │                                                            ; - io.netty.buffer.CycleArenaAllocator$ArenaBuf::release@45 (line 1230)
          │                                                            ; - io.github.neoionet.netty.microbenchmark.CycleScopedAllocBenchmark::cycle@192 (line 101)
          │  0x00007f9ee8620631:   mov    0x38(%rbx),%r13d             ;*getfield space {reexecute=0 rethrow=0 return_oop=0}
          │                                                            ; - io.netty.buffer.CycleArenaAllocator$ArenaBuf::release@51 (line 1233)
          │                                                            ; - io.github.neoionet.netty.microbenchmark.CycleScopedAllocBenchmark::cycle@192 (line 101)
   0.07%  │  0x00007f9ee8620635:   mov    0x154(%r12,%r13,8),%r11d     ; implicit exception: dispatches to 0x00007f9ee86217d4
          │                                                            ;*getfield frees {reexecute=0 rethrow=0 return_oop=0}
          │                                                            ; - io.netty.buffer.CycleArenaAllocator$ArenaBuf::release@61 (line 1235)
          │                                                            ; - io.github.neoionet.netty.microbenchmark.CycleScopedAllocBenchmark::cycle@192 (line 101)
   0.15%  │  0x00007f9ee862063d:   mov    0x24(%rbx),%r9d              ;*getfield blockId {reexecute=0 rethrow=0 return_oop=0}
          │                                                            ; - io.netty.buffer.CycleArenaAllocator$ArenaBuf::release@56 (line 1234)
          │                                                            ; - io.github.neoionet.netty.microbenchmark.CycleScopedAllocBenchmark::cycle@192 (line 101)
          │  0x00007f9ee8620641:   mov    0xc(%r12,%r11,8),%r8d        ; implicit exception: dispatches to 0x00007f9ee86217ec
          │                                                            ;*iaload {reexecute=0 rethrow=0 return_oop=0}
          │                                                            ; - io.netty.buffer.CycleArenaAllocator$ArenaBuf::release@66 (line 1235)
          │                                                            ; - io.github.neoionet.netty.microbenchmark.CycleScopedAllocBenchmark::cycle@192 (line 101)
   2.95%  │  0x00007f9ee8620646:   cmp    %r8d,%r9d
          │  0x00007f9ee8620649:   jae    0x00007f9ee8620db8
          │  0x00007f9ee862064f:   mov    0x160(%r12,%r13,8),%r10d     ;*getfield startBits {reexecute=0 rethrow=0 return_oop=0}
          │                                                            ; - io.netty.buffer.CycleArenaAllocator$ArenaBuf::release@83 (line 1238)
          │                                                            ; - io.github.neoionet.netty.microbenchmark.CycleScopedAllocBenchmark::cycle@192 (line 101)
          │  0x00007f9ee8620657:   mov    %r9d,%esi
   0.02%  │  0x00007f9ee862065a:   shl    $0x9,%esi                    ;*ishl {reexecute=0 rethrow=0 return_oop=0}
          │                                                            ; - io.netty.buffer.CycleArenaAllocator$ArenaBuf::release@90 (line 1238)
          │                                                            ; - io.github.neoionet.netty.microbenchmark.CycleScopedAllocBenchmark::cycle@192 (line 101)
          │  0x00007f9ee862065d:   shl    $0x3,%r11
          │  0x00007f9ee8620661:   incl   0x10(%r11,%r9,4)             ;*iastore {reexecute=0 rethrow=0 return_oop=0}
          │                                                            ; - io.netty.buffer.CycleArenaAllocator$ArenaBuf::release@69 (line 1235)
          │                                                            ; - io.github.neoionet.netty.microbenchmark.CycleScopedAllocBenchmark::cycle@192 (line 101)
   1.41%  │  0x00007f9ee8620666:   mov    %eax,%edi
          │  0x00007f9ee8620668:   shr    $0x9,%edi                    ;*iushr {reexecute=0 rethrow=0 return_oop=0}
          │                                                            ; - io.netty.buffer.CycleArenaAllocator$ArenaBuf::release@95 (line 1238)
          │                                                            ; - io.github.neoionet.netty.microbenchmark.CycleScopedAllocBenchmark::cycle@192 (line 101)
          │  0x00007f9ee862066b:   lea    (%rsi,%rdi,1),%r11d
   0.31%  │  0x00007f9ee862066f:   mov    0xc(%r12,%r10,8),%r8d        ; implicit exception: dispatches to 0x00007f9ee8621804
   0.40%  │  0x00007f9ee8620674:   cmp    %r8d,%r11d
          │  0x00007f9ee8620677:   jae    0x00007f9ee8620dec
          │  0x00007f9ee862067d:   mov    0x20(%rbx),%ecx              ;*getfield index {reexecute=0 rethrow=0 return_oop=0}
          │                                                            ; - io.netty.buffer.CycleArenaAllocator$ArenaBuf::release@127 (line 1240)
          │                                                            ; - io.github.neoionet.netty.microbenchmark.CycleScopedAllocBenchmark::cycle@192 (line 101)
   0.04%  │  0x00007f9ee8620680:   mov    0x16c(%r12,%r13,8),%edx      ;*getfield free {reexecute=0 rethrow=0 return_oop=0}
          │                                                            ; - io.netty.buffer.CycleArenaAllocator$ArenaBuf::release@112 (line 1240)
          │                                                            ; - io.github.neoionet.netty.microbenchmark.CycleScopedAllocBenchmark::cycle@192 (line 101)
          │  0x00007f9ee8620688:   mov    0x130(%r12,%r13,8),%r11d     ;*getfield freeTop {reexecute=0 rethrow=0 return_oop=0}
          │                                                            ; - io.netty.buffer.CycleArenaAllocator$ArenaBuf::release@117 (line 1240)
          │                                                            ; - io.github.neoionet.netty.microbenchmark.CycleScopedAllocBenchmark::cycle@192 (line 101)
          │  0x00007f9ee8620690:   movslq %edi,%rdi
   0.81%  │  0x00007f9ee8620693:   lea    0x1(%r11),%r8d
   0.02%  │  0x00007f9ee8620697:   mov    %r8d,0x130(%r12,%r13,8)      ;*putfield freeTop {reexecute=0 rethrow=0 return_oop=0}
          │                                                            ; - io.netty.buffer.CycleArenaAllocator$ArenaBuf::release@123 (line 1240)
          │                                                            ; - io.github.neoionet.netty.microbenchmark.CycleScopedAllocBenchmark::cycle@192 (line 101)
          │  0x00007f9ee862069f:   movslq %esi,%r8
   0.35%  │  0x00007f9ee86206a2:   add    %rdi,%r8                     ;*laload {reexecute=0 rethrow=0 return_oop=0}
          │                                                            ; - io.netty.buffer.CycleArenaAllocator$ArenaBuf::release@98 (line 1238)
          │                                                            ; - io.github.neoionet.netty.microbenchmark.CycleScopedAllocBenchmark::cycle@192 (line 101)
   0.22%  │  0x00007f9ee86206a5:   shr    $0x3,%eax
   0.02%  │  0x00007f9ee86206a8:   mov    $0x1,%edi
          │  0x00007f9ee86206ad:   shlx   %rax,%rdi,%rdi
          │  0x00007f9ee86206b2:   shl    $0x3,%r10
   0.99%  │  0x00007f9ee86206b6:   not    %rdi
          │  0x00007f9ee86206b9:   and    %rdi,0x10(%r10,%r8,8)        ;*lastore {reexecute=0 rethrow=0 return_oop=0}
          │                                                            ; - io.netty.buffer.CycleArenaAllocator$ArenaBuf::release@110 (line 1238)
          │                                                            ; - io.github.neoionet.netty.microbenchmark.CycleScopedAllocBenchmark::cycle@192 (line 101)
   0.04%  │  0x00007f9ee86206be:   mov    0xc(%r12,%rdx,8),%r10d       ; implicit exception: dispatches to 0x00007f9ee862181c
   0.64%  │  0x00007f9ee86206c3:   cmp    %r10d,%r11d
          │  0x00007f9ee86206c6:   jae    0x00007f9ee8620e24
          │  0x00007f9ee86206cc:   lea    (%r12,%rdx,8),%r10
   0.07%  │  0x00007f9ee86206d0:   mov    %ecx,0x10(%r10,%r11,4)       ;*iastore {reexecute=0 rethrow=0 return_oop=0}
          │                                                            ; - io.netty.buffer.CycleArenaAllocator$ArenaBuf::release@130 (line 1240)
          │                                                            ; - io.github.neoionet.netty.microbenchmark.CycleScopedAllocBenchmark::cycle@192 (line 101)
   0.24%  │  0x00007f9ee86206d5:   cmp    $0x8,%r9d
          │  0x00007f9ee86206d9:   je     0x00007f9ee8621294           ;*invokestatic currentThread {reexecute=0 rethrow=0 return_oop=0}
          │                                                            ; - io.netty.util.internal.InternalThreadLocalMap::get@0 (line 111)
          │                                                            ; - io.netty.util.concurrent.FastThreadLocal::get@0 (line 137)
          │                                                            ; - io.netty.buffer.CycleArenaAllocator::newDirectBuffer@4 (line 246)
          │                                                            ; - io.netty.buffer.AbstractByteBufAllocator::directBuffer@21 (line 168)
          │                                                            ; - io.netty.buffer.AbstractByteBufAllocator::directBuffer@4 (line 159)
          │                                                            ; - io.github.neoionet.netty.microbenchmark.CycleScopedAllocBenchmark::cycle@64 (line 87)
          │                                                            ;   {no_reloc}
          │  0x00007f9ee86206df:   cmpb   $0x0,0x40(%r15)
          │  0x00007f9ee86206e4:   jne    0x00007f9ee862076e
   0.88%  │  0x00007f9ee86206ea:   vmovq  %xmm0,%r8
          │  0x00007f9ee86206ef:   mov    %r12d,0x10(%r8,%rbp,4)       ;*aastore {reexecute=0 rethrow=0 return_oop=0}
          │                                                            ; - io.github.neoionet.netty.microbenchmark.CycleScopedAllocBenchmark::cycle@200 (line 102)
   0.04%  │  0x00007f9ee86206f4:   inc    %ebp                         ;*iinc {reexecute=0 rethrow=0 return_oop=0}
          │                                                            ; - io.github.neoionet.netty.microbenchmark.CycleScopedAllocBenchmark::cycle@201 (line 99)
   0.31%  │  0x00007f9ee86206f6:   cmp    0x1c(%rsp),%ebp
   0.22%  ╰  0x00007f9ee86206fa:   jl     0x00007f9ee8620570           ;*invokestatic currentThread {reexecute=0 rethrow=0 return_oop=0}
                                                                       ; - io.netty.util.internal.InternalThreadLocalMap::get@0 (line 111)
                                                                       ; - io.netty.util.concurrent.FastThreadLocal::get@0 (line 137)
                                                                       ; - io.netty.buffer.CycleArenaAllocator::newDirectBuffer@4 (line 246)
                                                                       ; - io.netty.buffer.AbstractByteBufAllocator::directBuffer@21 (line 168)
                                                                       ; - io.netty.buffer.AbstractByteBufAllocator::directBuffer@4 (line 159)
                                                                       ; - io.github.neoionet.netty.microbenchmark.CycleScopedAllocBenchmark::cycle@64 (line 87)
             0x00007f9ee8620700:   mov    0x458(%r15),%r10             ; ImmutableOopMap {r8=Oop r14=NarrowOop [0]=Oop [16]=Oop [56]=Oop }
                                                                       ;*goto {reexecute=1 rethrow=0 return_oop=0}
                                                                       ; - (reexecute) io.github.neoionet.netty.microbenchmark.CycleScopedAllocBenchmark::cycle@204 (line 99)
             0x00007f9ee8620707:   test   %eax,(%r10)                  ;*goto {reexecute=0 rethrow=0 return_oop=0}
....................................................................................................
  26.13%  <total for region 2>

....[Hottest Regions]...............................................................................
  61.47%         c2, level 4  io.github.neoionet.netty.microbenchmark.CycleScopedAllocBenchmark::cycle, version 3, compile id 1409 
  26.13%         c2, level 4  io.github.neoionet.netty.microbenchmark.CycleScopedAllocBenchmark::cycle, version 3, compile id 1409 
   1.01%   [kernel.kallsyms]  __perf_event_task_sched_in 
   1.01%         c2, level 4  io.github.neoionet.netty.microbenchmark.CycleScopedAllocBenchmark::cycle, version 3, compile id 1409 
   0.84%           libc.so.6  __internal_syscall_cancel 
   0.48%           libjvm.so  os::current_thread_id() 
   0.40%   [kernel.kallsyms]  perf_ctx_unlock 
   0.40%           libc.so.6  __syscall_cancel_arch_end 
   0.35%   [kernel.kallsyms]  entry_SYSCALL_64 
   0.35%         c2, level 4  io.github.neoionet.netty.microbenchmark.CycleScopedAllocBenchmark::cycle, version 3, compile id 1409 
   0.35%           libc.so.6  syscall 
   0.33%   [kernel.kallsyms]  entry_SYSCALL_64_after_hwframe 
   0.20%   [kernel.kallsyms]  __rcu_read_unlock 
   0.20%   [kernel.kallsyms]  _copy_from_iter 
   0.20%         c2, level 4  io.github.neoionet.netty.microbenchmark.CycleScopedAllocBenchmark::cycle, version 3, compile id 1409 
   0.20%         c2, level 4  io.github.neoionet.netty.microbenchmark.CycleScopedAllocBenchmark::cycle, version 3, compile id 1409 
   0.20%         c2, level 4  io.github.neoionet.netty.microbenchmark.CycleScopedAllocBenchmark::cycle, version 3, compile id 1409 
   0.18%         c2, level 4  io.github.neoionet.netty.microbenchmark.CycleScopedAllocBenchmark::cycle, version 3, compile id 1409 
   0.18%           libjvm.so  ElfSymbolTable::lookup(unsigned char*, int*, int*, int*, ElfFuncDescTable*) 
   0.11%   [kernel.kallsyms]  entry_SYSRETQ_unsafe_stack 
   5.42%  <...other 173 warm regions...>
....................................................................................................
 100.00%  <totals>

....[Hottest Methods (after inlining)]..............................................................
  90.22%         c2, level 4  io.github.neoionet.netty.microbenchmark.CycleScopedAllocBenchmark::cycle, version 3, compile id 1409 
   1.01%   [kernel.kallsyms]  __perf_event_task_sched_in 
   0.88%           libc.so.6  __internal_syscall_cancel 
   0.62%                      <unknown> 
   0.48%           libjvm.so  os::current_thread_id() 
   0.40%   [kernel.kallsyms]  perf_ctx_unlock 
   0.40%           libc.so.6  __syscall_cancel_arch_end 
   0.35%   [kernel.kallsyms]  entry_SYSCALL_64 
   0.35%           libc.so.6  syscall 
   0.33%   [kernel.kallsyms]  entry_SYSCALL_64_after_hwframe 
   0.33%   [kernel.kallsyms]  anon_pipe_write 
   0.20%   [kernel.kallsyms]  __rcu_read_unlock 
   0.20%           libjvm.so  defaultStream::write(char const*, unsigned long) 
   0.20%   [kernel.kallsyms]  _copy_from_iter 
   0.18%           libjvm.so  ElfSymbolTable::lookup(unsigned char*, int*, int*, int*, ElfFuncDescTable*) 
   0.15%      hsdis-amd64.so  print_insn 
   0.13%   [kernel.kallsyms]  vfs_write 
   0.11%   [kernel.kallsyms]  do_syscall_64 
   0.11%           libc.so.6  __GI___libc_write 
   0.11%   [kernel.kallsyms]  entry_SYSRETQ_unsafe_stack 
   3.24%  <...other 115 warm methods...>
....................................................................................................
 100.00%  <totals>

....[Distribution by Source]........................................................................
  90.27%         c2, level 4
   4.82%   [kernel.kallsyms]
   1.96%           libc.so.6
   1.83%           libjvm.so
   0.62%                    
   0.24%         interpreter
   0.22%      hsdis-amd64.so
   0.02%         c1, level 3
   0.02%    Unknown, level 0
....................................................................................................
 100.00%  <totals>



# Run complete. Total time: 00:00:23

REMEMBER: The numbers below are just data. To gain reusable insights, you need to follow up on
why the numbers are the way they are. Use profilers (see -prof, -lprof), design factorial
experiments, perform baseline and negative tests that provide experimental control, make sure
the benchmarking environment is safe on JVM/OS/HW level, ask for reviews from the domain experts.
Do not assume the numbers tell you what you want them to tell.

NOTE: Current JVM experimentally supports Compiler Blackholes, and they are in use. Please exercise
extra caution when trusting the results, look into the generated code to check the benchmark still
works, and factor in a small probability of new VM bugs. Additionally, while comparisons between
different JVMs are already problematic, the performance difference caused by different Blackhole
modes can be very significant. Please make sure you use the consistent Blackhole mode for comparisons.

Benchmark                                  (allocatorType)  (k)  (releaseOrder)  (sizes)  Mode  Cnt     Score   Error  Units
CycleScopedAllocBenchmark.cycleDirect                ARENA   64            FIFO    SMALL  avgt    5  1676.102 ± 1.550  ns/op
CycleScopedAllocBenchmark.cycleDirect:asm            ARENA   64            FIFO    SMALL  avgt            NaN            ---
