# JMH version: 1.37
# VM version: JDK 21, Java HotSpot(TM) 64-Bit Server VM, 21+35-LTS-2513
# VM invoker: /home/forked_franz/.sdkman/candidates/java/21-oracle/bin/java
# VM options: -server -dsa -da -XX:InitialRAMPercentage=40.0 -XX:MaxRAMPercentage=40.0 -Dio.netty.leakDetection.level=disabled -Djmh.executor=CUSTOM -Djmh.executor.class=io.github.neoionet.netty.microbenchmark.executor.FastThreadLocalThreadHarnessExecutor -XX:MaxRAM=60g -Dexpt.hookEvery=64
# Blackhole mode: compiler (auto-detected, use -Djmh.blackhole.autoDetect=false to disable)
# Warmup: 10 iterations, 1 s each
# Measurement: 10 iterations, 1 s each
# Timeout: 10 min per iteration
# Threads: 1 thread, will synchronize iterations
# Benchmark mode: Average time, time/op
# Benchmark: io.github.neoionet.netty.microbenchmark.ByteBufAllocatorAllocPatternBenchmark.heapAllocation
# Parameters: (MAX_LIVE_BUFFERS = 1024, allocatorType = ARENA, enableReadWrite = true, sizePattern = E_COMMERCE)

# Run progress: 0.00% complete, ETA 00:01:00
# Fork: 1 of 3
# Warmup Iteration   1: 71.707 ns/op
# Warmup Iteration   2: 68.501 ns/op
# Warmup Iteration   3: 67.658 ns/op
# Warmup Iteration   4: 67.568 ns/op
# Warmup Iteration   5: 67.792 ns/op
# Warmup Iteration   6: 67.812 ns/op
# Warmup Iteration   7: 67.685 ns/op
# Warmup Iteration   8: 67.770 ns/op
# Warmup Iteration   9: 67.552 ns/op
# Warmup Iteration  10: 67.604 ns/op
Iteration   1: 67.759 ns/op
Iteration   2: 67.764 ns/op
Iteration   3: 67.707 ns/op
Iteration   4: 67.725 ns/op
Iteration   5: 67.701 ns/op
Iteration   6: 67.698 ns/op
Iteration   7: 67.563 ns/op
Iteration   8: 67.775 ns/op
Iteration   9: 67.559 ns/op
Iteration  10: cRSS-pRSS:[1094, 1094]
;used-memory:[0]
ARENATELE blockSize=262144 maxBlocks=8 cap=8192 maxObjects=16384 debug=false arenaHeap=259987767 arenaDirect=0 delegateHeap=34534767 delegateDirect=0 arenaShare=88.27% blocksHeap=7 blocksDirect=1 pinned=4 reusable=2 maxPinnedHeap=7 maxPinnedDirect=0 blockReuses=948176 blockGrowths=6 hooks=4601898 hookRejections=0 violations=0 earlyReuses=0 reallocInPlace=984 reallocMoved=0 reallocDelegated=0 trims=0 trimmedBlocks=0 leakedBlocks=0 objects=944
ARENALOOP thread=io.github.neoionet.netty.microbenchmark.ByteBufAllocatorAllocPatternBenchmark.heapAllocation-1-1 arenaHeap=259987767 arenaDirect=0 delegateHeap=34534767 delegateDirect=0 arenaShare=88.27% blocksHeap=7 blocksDirect=1 pinned=4 reusable=2 maxPinnedHeap=7 maxPinnedDirect=0 blockReuses=948176 blockGrowths=6 hooks=4601898 hookRejections=0 violations=0 earlyReuses=0 reallocInPlace=984 reallocMoved=0 reallocDelegated=0 trims=0 trimmedBlocks=0 leakedBlocks=0 objects=944
67.580 ns/op

# Run progress: 33.33% complete, ETA 00:00:45
# Fork: 2 of 3
# Warmup Iteration   1: 64.107 ns/op
# Warmup Iteration   2: 60.907 ns/op
# Warmup Iteration   3: 60.932 ns/op
# Warmup Iteration   4: 60.923 ns/op
# Warmup Iteration   5: 60.938 ns/op
# Warmup Iteration   6: 60.979 ns/op
# Warmup Iteration   7: 60.861 ns/op
# Warmup Iteration   8: 60.863 ns/op
# Warmup Iteration   9: 60.914 ns/op
# Warmup Iteration  10: 60.791 ns/op
Iteration   1: 60.840 ns/op
Iteration   2: 60.904 ns/op
Iteration   3: 60.848 ns/op
Iteration   4: 60.864 ns/op
Iteration   5: 60.799 ns/op
Iteration   6: 60.823 ns/op
Iteration   7: 60.861 ns/op
Iteration   8: 60.843 ns/op
Iteration   9: 60.874 ns/op
Iteration  10: cRSS-pRSS:[1095, 1096]
;used-memory:[0]
ARENATELE blockSize=262144 maxBlocks=8 cap=8192 maxObjects=16384 debug=false arenaHeap=289322113 arenaDirect=0 delegateHeap=38431165 delegateDirect=0 arenaShare=88.27% blocksHeap=7 blocksDirect=1 pinned=5 reusable=2 maxPinnedHeap=7 maxPinnedDirect=0 blockReuses=1055158 blockGrowths=6 hooks=5121128 hookRejections=0 violations=0 earlyReuses=0 reallocInPlace=1095 reallocMoved=0 reallocDelegated=0 trims=0 trimmedBlocks=0 leakedBlocks=0 objects=944
ARENALOOP thread=io.github.neoionet.netty.microbenchmark.ByteBufAllocatorAllocPatternBenchmark.heapAllocation-1-1 arenaHeap=289322113 arenaDirect=0 delegateHeap=38431165 delegateDirect=0 arenaShare=88.27% blocksHeap=7 blocksDirect=1 pinned=5 reusable=2 maxPinnedHeap=7 maxPinnedDirect=0 blockReuses=1055158 blockGrowths=6 hooks=5121128 hookRejections=0 violations=0 earlyReuses=0 reallocInPlace=1095 reallocMoved=0 reallocDelegated=0 trims=0 trimmedBlocks=0 leakedBlocks=0 objects=944
60.854 ns/op

# Run progress: 66.67% complete, ETA 00:00:22
# Fork: 3 of 3
# Warmup Iteration   1: 76.166 ns/op
# Warmup Iteration   2: 67.407 ns/op
# Warmup Iteration   3: 67.064 ns/op
# Warmup Iteration   4: 67.132 ns/op
# Warmup Iteration   5: 67.203 ns/op
# Warmup Iteration   6: 67.168 ns/op
# Warmup Iteration   7: 67.014 ns/op
# Warmup Iteration   8: 66.932 ns/op
# Warmup Iteration   9: 66.940 ns/op
# Warmup Iteration  10: 66.973 ns/op
Iteration   1: 66.993 ns/op
Iteration   2: 67.000 ns/op
Iteration   3: 67.054 ns/op
Iteration   4: 66.986 ns/op
Iteration   5: 67.076 ns/op
Iteration   6: 67.048 ns/op
Iteration   7: 67.129 ns/op
Iteration   8: 66.942 ns/op
Iteration   9: 66.986 ns/op
Iteration  10: cRSS-pRSS:[1092, 1092]
;used-memory:[0]
ARENATELE blockSize=262144 maxBlocks=8 cap=8192 maxObjects=16384 debug=false arenaHeap=261748379 arenaDirect=0 delegateHeap=34768567 delegateDirect=0 arenaShare=88.27% blocksHeap=7 blocksDirect=1 pinned=4 reusable=3 maxPinnedHeap=7 maxPinnedDirect=0 blockReuses=954592 blockGrowths=6 hooks=4633061 hookRejections=0 violations=0 earlyReuses=0 reallocInPlace=993 reallocMoved=0 reallocDelegated=0 trims=0 trimmedBlocks=0 leakedBlocks=0 objects=944
ARENALOOP thread=io.github.neoionet.netty.microbenchmark.ByteBufAllocatorAllocPatternBenchmark.heapAllocation-1-1 arenaHeap=261748379 arenaDirect=0 delegateHeap=34768567 delegateDirect=0 arenaShare=88.27% blocksHeap=7 blocksDirect=1 pinned=4 reusable=3 maxPinnedHeap=7 maxPinnedDirect=0 blockReuses=954592 blockGrowths=6 hooks=4633061 hookRejections=0 violations=0 earlyReuses=0 reallocInPlace=993 reallocMoved=0 reallocDelegated=0 trims=0 trimmedBlocks=0 leakedBlocks=0 objects=944
66.958 ns/op


Result "io.github.neoionet.netty.microbenchmark.ByteBufAllocatorAllocPatternBenchmark.heapAllocation":
  65.184 ±(99.9%) 2.090 ns/op [Average]
  (min, avg, max) = (60.799, 65.184, 67.775), stdev = 3.129
  CI (99.9%): [63.093, 67.274] (assumes normal distribution)


# Run complete. Total time: 00:01:08

REMEMBER: The numbers below are just data. To gain reusable insights, you need to follow up on
why the numbers are the way they are. Use profilers (see -prof, -lprof), design factorial
experiments, perform baseline and negative tests that provide experimental control, make sure
the benchmarking environment is safe on JVM/OS/HW level, ask for reviews from the domain experts.
Do not assume the numbers tell you what you want them to tell.

NOTE: Current JVM experimentally supports Compiler Blackholes, and they are in use. Please exercise
extra caution when trusting the results, look into the generated code to check the benchmark still
works, and factor in a small probability of new VM bugs. Additionally, while comparisons between
different JVMs are already problematic, the performance difference caused by different Blackhole
modes can be very significant. Please make sure you use the consistent Blackhole mode for comparisons.

Benchmark                                             (MAX_LIVE_BUFFERS)  (allocatorType)  (enableReadWrite)  (sizePattern)  Mode  Cnt   Score   Error  Units
ByteBufAllocatorAllocPatternBenchmark.heapAllocation                1024            ARENA               true     E_COMMERCE  avgt   30  65.184 ± 2.090  ns/op

Benchmark result is saved to /home/forked_franz/IdeaProjects/netty-bench/results/h2h-merged-x86-2026-09-22/arena-v3/micro/t1-heap-hook64-v3b.json
