# JMH version: 1.37
# VM version: JDK 21, Java HotSpot(TM) 64-Bit Server VM, 21+35-LTS-2513
# VM invoker: /home/forked_franz/.sdkman/candidates/java/21-oracle/bin/java
# VM options: -server -dsa -da -XX:InitialRAMPercentage=40.0 -XX:MaxRAMPercentage=40.0 -Dio.netty.leakDetection.level=disabled -Djmh.executor=CUSTOM -Djmh.executor.class=io.github.neoionet.netty.microbenchmark.executor.FastThreadLocalThreadHarnessExecutor -XX:MaxRAM=60g -Xlog:gc -Dexpt.randomRelease=true
# Blackhole mode: compiler (auto-detected, use -Djmh.blackhole.autoDetect=false to disable)
# Warmup: 10 iterations, 1 s each
# Measurement: 10 iterations, 1 s each
# Timeout: 10 min per iteration
# Threads: 1 thread, will synchronize iterations
# Benchmark mode: Average time, time/op
# Benchmark: io.github.neoionet.netty.microbenchmark.ByteBufAllocatorAllocPatternBenchmark.heapAllocation
# Parameters: (MAX_LIVE_BUFFERS = 1024, allocatorType = ADAPTIVE, enableReadWrite = true, sizePattern = E_COMMERCE)

# Run progress: 0.00% complete, ETA 00:04:00
# Fork: 1 of 3
[0.002s][info][gc] Using G1
# Warmup Iteration   1: 90.000 ns/op
# Warmup Iteration   2: 87.443 ns/op
# Warmup Iteration   3: 84.871 ns/op
# Warmup Iteration   4: 84.894 ns/op
# Warmup Iteration   5: 84.825 ns/op
# Warmup Iteration   6: 84.773 ns/op
# Warmup Iteration   7: 84.814 ns/op
# Warmup Iteration   8: 84.832 ns/op
# Warmup Iteration   9: 84.806 ns/op
# Warmup Iteration  10: 84.813 ns/op
Iteration   1: 84.682 ns/op
Iteration   2: 84.772 ns/op
Iteration   3: 84.761 ns/op
Iteration   4: 84.780 ns/op
Iteration   5: 84.834 ns/op
Iteration   6: 85.016 ns/op
Iteration   7: 84.904 ns/op
Iteration   8: 84.888 ns/op
Iteration   9: 84.917 ns/op
Iteration  10: cRSS-pRSS:[1072, 1072]
;used-memory:[12]
84.891 ns/op

# Run progress: 8.33% complete, ETA 00:04:11
# Fork: 2 of 3
[0.002s][info][gc] Using G1
# Warmup Iteration   1: 91.406 ns/op
# Warmup Iteration   2: 85.854 ns/op
# Warmup Iteration   3: 85.160 ns/op
# Warmup Iteration   4: 85.011 ns/op
# Warmup Iteration   5: 85.054 ns/op
# Warmup Iteration   6: 84.965 ns/op
# Warmup Iteration   7: 84.912 ns/op
# Warmup Iteration   8: 85.158 ns/op
# Warmup Iteration   9: 84.957 ns/op
# Warmup Iteration  10: 84.930 ns/op
Iteration   1: 85.023 ns/op
Iteration   2: 85.008 ns/op
Iteration   3: 84.991 ns/op
Iteration   4: 84.885 ns/op
Iteration   5: 85.162 ns/op
Iteration   6: 84.944 ns/op
Iteration   7: 85.050 ns/op
Iteration   8: 84.888 ns/op
Iteration   9: 85.074 ns/op
Iteration  10: cRSS-pRSS:[1069, 1069]
;used-memory:[11]
85.152 ns/op

# Run progress: 16.67% complete, ETA 00:03:48
# Fork: 3 of 3
[0.002s][info][gc] Using G1
# Warmup Iteration   1: 93.976 ns/op
# Warmup Iteration   2: 90.177 ns/op
# Warmup Iteration   3: 88.841 ns/op
# Warmup Iteration   4: 88.826 ns/op
# Warmup Iteration   5: 88.963 ns/op
# Warmup Iteration   6: 89.147 ns/op
# Warmup Iteration   7: 89.249 ns/op
# Warmup Iteration   8: 88.979 ns/op
# Warmup Iteration   9: 88.991 ns/op
# Warmup Iteration  10: 88.869 ns/op
Iteration   1: 88.924 ns/op
Iteration   2: 88.661 ns/op
Iteration   3: 88.794 ns/op
Iteration   4: 88.786 ns/op
Iteration   5: 88.056 ns/op
Iteration   6: 87.898 ns/op
Iteration   7: 87.957 ns/op
Iteration   8: 88.032 ns/op
Iteration   9: 88.059 ns/op
Iteration  10: cRSS-pRSS:[1069, 1069]
;used-memory:[11]
88.090 ns/op


Result "io.github.neoionet.netty.microbenchmark.ByteBufAllocatorAllocPatternBenchmark.heapAllocation":
  86.063 ±(99.9%) 1.100 ns/op [Average]
  (min, avg, max) = (84.682, 86.063, 88.924), stdev = 1.647
  CI (99.9%): [84.962, 87.163] (assumes normal distribution)


# JMH version: 1.37
# VM version: JDK 21, Java HotSpot(TM) 64-Bit Server VM, 21+35-LTS-2513
# VM invoker: /home/forked_franz/.sdkman/candidates/java/21-oracle/bin/java
# VM options: -server -dsa -da -XX:InitialRAMPercentage=40.0 -XX:MaxRAMPercentage=40.0 -Dio.netty.leakDetection.level=disabled -Djmh.executor=CUSTOM -Djmh.executor.class=io.github.neoionet.netty.microbenchmark.executor.FastThreadLocalThreadHarnessExecutor -XX:MaxRAM=60g -Xlog:gc -Dexpt.randomRelease=true
# Blackhole mode: compiler (auto-detected, use -Djmh.blackhole.autoDetect=false to disable)
# Warmup: 10 iterations, 1 s each
# Measurement: 10 iterations, 1 s each
# Timeout: 10 min per iteration
# Threads: 1 thread, will synchronize iterations
# Benchmark mode: Average time, time/op
# Benchmark: io.github.neoionet.netty.microbenchmark.ByteBufAllocatorAllocPatternBenchmark.heapAllocation
# Parameters: (MAX_LIVE_BUFFERS = 1024, allocatorType = ARENA, enableReadWrite = true, sizePattern = E_COMMERCE)

# Run progress: 25.00% complete, ETA 00:03:25
# Fork: 1 of 3
[0.002s][info][gc] Using G1
# Warmup Iteration   1: 101.184 ns/op
# Warmup Iteration   2: 96.315 ns/op
# Warmup Iteration   3: 95.027 ns/op
# Warmup Iteration   4: 95.058 ns/op
# Warmup Iteration   5: 95.079 ns/op
# Warmup Iteration   6: 94.970 ns/op
# Warmup Iteration   7: 94.993 ns/op
# Warmup Iteration   8: 94.997 ns/op
# Warmup Iteration   9: 95.163 ns/op
# Warmup Iteration  10: 94.933 ns/op
Iteration   1: 94.959 ns/op
Iteration   2: 94.937 ns/op
Iteration   3: 94.997 ns/op
Iteration   4: 94.894 ns/op
Iteration   5: 95.185 ns/op
Iteration   6: 95.045 ns/op
Iteration   7: 95.002 ns/op
Iteration   8: 95.000 ns/op
Iteration   9: 94.941 ns/op
Iteration  10: cRSS-pRSS:[1073, 1073]
;used-memory:[0]
ARENATELE blockSize=262144 maxBlocks=8 cap=8192 maxObjects=16384 debug=false arenaHeap=2842 arenaDirect=0 delegateHeap=209760582 delegateDirect=0 arenaShare=0.00% blocksHeap=8 blocksDirect=1 pinned=0 reusable=0 maxPinnedHeap=0 maxPinnedDirect=0 blockReuses=0 blockGrowths=7 hooks=0 hookRejections=0 violations=0 earlyReuses=0 reallocInPlace=0 reallocMoved=0 reallocDelegated=700 trims=0 trimmedBlocks=0 leakedBlocks=0 objects=916
ARENALOOP thread=io.github.neoionet.netty.microbenchmark.ByteBufAllocatorAllocPatternBenchmark.heapAllocation-1-1 arenaHeap=2842 arenaDirect=0 delegateHeap=209760582 delegateDirect=0 arenaShare=0.00% blocksHeap=8 blocksDirect=1 pinned=0 reusable=0 maxPinnedHeap=0 maxPinnedDirect=0 blockReuses=0 blockGrowths=7 hooks=0 hookRejections=0 violations=0 earlyReuses=0 reallocInPlace=0 reallocMoved=0 reallocDelegated=700 trims=0 trimmedBlocks=0 leakedBlocks=0 objects=916
94.822 ns/op

# Run progress: 33.33% complete, ETA 00:03:02
# Fork: 2 of 3
[0.002s][info][gc] Using G1
# Warmup Iteration   1: 99.180 ns/op
# Warmup Iteration   2: 94.236 ns/op
# Warmup Iteration   3: 93.218 ns/op
# Warmup Iteration   4: 93.074 ns/op
# Warmup Iteration   5: 93.019 ns/op
# Warmup Iteration   6: 93.020 ns/op
# Warmup Iteration   7: 93.017 ns/op
# Warmup Iteration   8: 93.152 ns/op
# Warmup Iteration   9: 93.014 ns/op
# Warmup Iteration  10: 92.948 ns/op
Iteration   1: 92.850 ns/op
Iteration   2: 92.869 ns/op
Iteration   3: 93.062 ns/op
Iteration   4: 93.032 ns/op
Iteration   5: 92.960 ns/op
Iteration   6: 92.711 ns/op
Iteration   7: 92.868 ns/op
Iteration   8: 92.966 ns/op
Iteration   9: 92.838 ns/op
Iteration  10: cRSS-pRSS:[1070, 1070]
;used-memory:[0]
ARENATELE blockSize=262144 maxBlocks=8 cap=8192 maxObjects=16384 debug=false arenaHeap=2858 arenaDirect=0 delegateHeap=214286186 delegateDirect=0 arenaShare=0.00% blocksHeap=8 blocksDirect=1 pinned=0 reusable=0 maxPinnedHeap=0 maxPinnedDirect=0 blockReuses=0 blockGrowths=7 hooks=0 hookRejections=0 violations=0 earlyReuses=0 reallocInPlace=0 reallocMoved=0 reallocDelegated=716 trims=0 trimmedBlocks=0 leakedBlocks=0 objects=916
ARENALOOP thread=io.github.neoionet.netty.microbenchmark.ByteBufAllocatorAllocPatternBenchmark.heapAllocation-1-1 arenaHeap=2858 arenaDirect=0 delegateHeap=214286186 delegateDirect=0 arenaShare=0.00% blocksHeap=8 blocksDirect=1 pinned=0 reusable=0 maxPinnedHeap=0 maxPinnedDirect=0 blockReuses=0 blockGrowths=7 hooks=0 hookRejections=0 violations=0 earlyReuses=0 reallocInPlace=0 reallocMoved=0 reallocDelegated=716 trims=0 trimmedBlocks=0 leakedBlocks=0 objects=916
93.205 ns/op

# Run progress: 41.67% complete, ETA 00:02:40
# Fork: 3 of 3
[0.002s][info][gc] Using G1
# Warmup Iteration   1: 98.392 ns/op
# Warmup Iteration   2: 93.948 ns/op
# Warmup Iteration   3: 92.450 ns/op
# Warmup Iteration   4: 92.469 ns/op
# Warmup Iteration   5: 92.546 ns/op
# Warmup Iteration   6: 92.530 ns/op
# Warmup Iteration   7: 92.526 ns/op
# Warmup Iteration   8: 92.475 ns/op
# Warmup Iteration   9: 92.628 ns/op
# Warmup Iteration  10: 92.444 ns/op
Iteration   1: 92.531 ns/op
Iteration   2: 92.491 ns/op
Iteration   3: 92.471 ns/op
Iteration   4: 92.253 ns/op
Iteration   5: 92.316 ns/op
Iteration   6: 92.475 ns/op
Iteration   7: 92.509 ns/op
Iteration   8: 92.546 ns/op
Iteration   9: 92.449 ns/op
Iteration  10: cRSS-pRSS:[1072, 1072]
;used-memory:[0]
ARENATELE blockSize=262144 maxBlocks=8 cap=8192 maxObjects=16384 debug=false arenaHeap=2862 arenaDirect=0 delegateHeap=215421590 delegateDirect=0 arenaShare=0.00% blocksHeap=8 blocksDirect=1 pinned=0 reusable=0 maxPinnedHeap=0 maxPinnedDirect=0 blockReuses=0 blockGrowths=7 hooks=0 hookRejections=0 violations=0 earlyReuses=0 reallocInPlace=0 reallocMoved=0 reallocDelegated=720 trims=0 trimmedBlocks=0 leakedBlocks=0 objects=916
ARENALOOP thread=io.github.neoionet.netty.microbenchmark.ByteBufAllocatorAllocPatternBenchmark.heapAllocation-1-1 arenaHeap=2862 arenaDirect=0 delegateHeap=215421590 delegateDirect=0 arenaShare=0.00% blocksHeap=8 blocksDirect=1 pinned=0 reusable=0 maxPinnedHeap=0 maxPinnedDirect=0 blockReuses=0 blockGrowths=7 hooks=0 hookRejections=0 violations=0 earlyReuses=0 reallocInPlace=0 reallocMoved=0 reallocDelegated=720 trims=0 trimmedBlocks=0 leakedBlocks=0 objects=916
92.905 ns/op


Result "io.github.neoionet.netty.microbenchmark.ByteBufAllocatorAllocPatternBenchmark.heapAllocation":
  93.470 ±(99.9%) 0.741 ns/op [Average]
  (min, avg, max) = (92.253, 93.470, 95.185), stdev = 1.108
  CI (99.9%): [92.729, 94.210] (assumes normal distribution)


# JMH version: 1.37
# VM version: JDK 21, Java HotSpot(TM) 64-Bit Server VM, 21+35-LTS-2513
# VM invoker: /home/forked_franz/.sdkman/candidates/java/21-oracle/bin/java
# VM options: -server -dsa -da -XX:InitialRAMPercentage=40.0 -XX:MaxRAMPercentage=40.0 -Dio.netty.leakDetection.level=disabled -Djmh.executor=CUSTOM -Djmh.executor.class=io.github.neoionet.netty.microbenchmark.executor.FastThreadLocalThreadHarnessExecutor -XX:MaxRAM=60g -Xlog:gc -Dexpt.randomRelease=true
# Blackhole mode: compiler (auto-detected, use -Djmh.blackhole.autoDetect=false to disable)
# Warmup: 10 iterations, 1 s each
# Measurement: 10 iterations, 1 s each
# Timeout: 10 min per iteration
# Threads: 1 thread, will synchronize iterations
# Benchmark mode: Average time, time/op
# Benchmark: io.github.neoionet.netty.microbenchmark.ByteBufAllocatorAllocPatternBenchmark.heapAllocation
# Parameters: (MAX_LIVE_BUFFERS = 4096, allocatorType = ADAPTIVE, enableReadWrite = true, sizePattern = E_COMMERCE)

# Run progress: 50.00% complete, ETA 00:02:17
# Fork: 1 of 3
[0.002s][info][gc] Using G1
# Warmup Iteration   1: 115.612 ns/op
# Warmup Iteration   2: 109.883 ns/op
# Warmup Iteration   3: 109.134 ns/op
# Warmup Iteration   4: 109.154 ns/op
# Warmup Iteration   5: 108.878 ns/op
# Warmup Iteration   6: 108.831 ns/op
# Warmup Iteration   7: 108.734 ns/op
# Warmup Iteration   8: 108.967 ns/op
# Warmup Iteration   9: 109.192 ns/op
# Warmup Iteration  10: 109.018 ns/op
Iteration   1: 109.010 ns/op
Iteration   2: 109.028 ns/op
Iteration   3: 108.759 ns/op
Iteration   4: 108.781 ns/op
Iteration   5: 108.826 ns/op
Iteration   6: 108.827 ns/op
Iteration   7: 108.874 ns/op
Iteration   8: 109.039 ns/op
Iteration   9: 108.932 ns/op
Iteration  10: cRSS-pRSS:[1091, 1091]
;used-memory:[27]
108.742 ns/op

# Run progress: 58.33% complete, ETA 00:01:54
# Fork: 2 of 3
[0.002s][info][gc] Using G1
# Warmup Iteration   1: 114.421 ns/op
# Warmup Iteration   2: 109.798 ns/op
# Warmup Iteration   3: 108.628 ns/op
# Warmup Iteration   4: 108.357 ns/op
# Warmup Iteration   5: 108.261 ns/op
# Warmup Iteration   6: 108.276 ns/op
# Warmup Iteration   7: 108.211 ns/op
# Warmup Iteration   8: 108.137 ns/op
# Warmup Iteration   9: 108.176 ns/op
# Warmup Iteration  10: 108.102 ns/op
Iteration   1: 108.644 ns/op
Iteration   2: 108.253 ns/op
Iteration   3: 108.325 ns/op
Iteration   4: 108.122 ns/op
Iteration   5: 108.307 ns/op
Iteration   6: 108.211 ns/op
Iteration   7: 108.051 ns/op
Iteration   8: 107.922 ns/op
Iteration   9: 108.115 ns/op
Iteration  10: cRSS-pRSS:[1090, 1090]
;used-memory:[26]
107.918 ns/op

# Run progress: 66.67% complete, ETA 00:01:31
# Fork: 3 of 3
[0.002s][info][gc] Using G1
# Warmup Iteration   1: 110.735 ns/op
# Warmup Iteration   2: 105.870 ns/op
# Warmup Iteration   3: 104.233 ns/op
# Warmup Iteration   4: 104.115 ns/op
# Warmup Iteration   5: 104.194 ns/op
# Warmup Iteration   6: 104.036 ns/op
# Warmup Iteration   7: 104.192 ns/op
# Warmup Iteration   8: 104.150 ns/op
# Warmup Iteration   9: 104.368 ns/op
# Warmup Iteration  10: 104.108 ns/op
Iteration   1: 104.020 ns/op
Iteration   2: 104.109 ns/op
Iteration   3: 104.050 ns/op
Iteration   4: 103.990 ns/op
Iteration   5: 103.996 ns/op
Iteration   6: 104.129 ns/op
Iteration   7: 104.012 ns/op
Iteration   8: 104.235 ns/op
Iteration   9: 104.015 ns/op
Iteration  10: cRSS-pRSS:[1089, 1089]
;used-memory:[25]
104.050 ns/op


Result "io.github.neoionet.netty.microbenchmark.ByteBufAllocatorAllocPatternBenchmark.heapAllocation":
  107.043 ±(99.9%) 1.449 ns/op [Average]
  (min, avg, max) = (103.990, 107.043, 109.039), stdev = 2.169
  CI (99.9%): [105.594, 108.492] (assumes normal distribution)


# JMH version: 1.37
# VM version: JDK 21, Java HotSpot(TM) 64-Bit Server VM, 21+35-LTS-2513
# VM invoker: /home/forked_franz/.sdkman/candidates/java/21-oracle/bin/java
# VM options: -server -dsa -da -XX:InitialRAMPercentage=40.0 -XX:MaxRAMPercentage=40.0 -Dio.netty.leakDetection.level=disabled -Djmh.executor=CUSTOM -Djmh.executor.class=io.github.neoionet.netty.microbenchmark.executor.FastThreadLocalThreadHarnessExecutor -XX:MaxRAM=60g -Xlog:gc -Dexpt.randomRelease=true
# Blackhole mode: compiler (auto-detected, use -Djmh.blackhole.autoDetect=false to disable)
# Warmup: 10 iterations, 1 s each
# Measurement: 10 iterations, 1 s each
# Timeout: 10 min per iteration
# Threads: 1 thread, will synchronize iterations
# Benchmark mode: Average time, time/op
# Benchmark: io.github.neoionet.netty.microbenchmark.ByteBufAllocatorAllocPatternBenchmark.heapAllocation
# Parameters: (MAX_LIVE_BUFFERS = 4096, allocatorType = ARENA, enableReadWrite = true, sizePattern = E_COMMERCE)

# Run progress: 75.00% complete, ETA 00:01:08
# Fork: 1 of 3
[0.002s][info][gc] Using G1
# Warmup Iteration   1: 116.987 ns/op
# Warmup Iteration   2: 110.428 ns/op
# Warmup Iteration   3: 109.507 ns/op
# Warmup Iteration   4: 108.898 ns/op
# Warmup Iteration   5: 109.064 ns/op
# Warmup Iteration   6: 109.041 ns/op
# Warmup Iteration   7: 109.202 ns/op
# Warmup Iteration   8: 109.380 ns/op
# Warmup Iteration   9: 109.164 ns/op
# Warmup Iteration  10: 108.839 ns/op
Iteration   1: 109.061 ns/op
Iteration   2: 109.044 ns/op
Iteration   3: 109.116 ns/op
Iteration   4: 109.096 ns/op
Iteration   5: 109.080 ns/op
Iteration   6: 109.163 ns/op
Iteration   7: 108.720 ns/op
Iteration   8: 108.712 ns/op
Iteration   9: 109.083 ns/op
Iteration  10: cRSS-pRSS:[1098, 1098]
;used-memory:[0]
ARENATELE blockSize=262144 maxBlocks=8 cap=8192 maxObjects=16384 debug=false arenaHeap=2854 arenaDirect=0 delegateHeap=182676757 delegateDirect=0 arenaShare=0.00% blocksHeap=8 blocksDirect=1 pinned=0 reusable=0 maxPinnedHeap=0 maxPinnedDirect=0 blockReuses=0 blockGrowths=7 hooks=0 hookRejections=0 violations=0 earlyReuses=0 reallocInPlace=0 reallocMoved=0 reallocDelegated=613 trims=0 trimmedBlocks=0 leakedBlocks=0 objects=2240
ARENALOOP thread=io.github.neoionet.netty.microbenchmark.ByteBufAllocatorAllocPatternBenchmark.heapAllocation-1-1 arenaHeap=2854 arenaDirect=0 delegateHeap=182676757 delegateDirect=0 arenaShare=0.00% blocksHeap=8 blocksDirect=1 pinned=0 reusable=0 maxPinnedHeap=0 maxPinnedDirect=0 blockReuses=0 blockGrowths=7 hooks=0 hookRejections=0 violations=0 earlyReuses=0 reallocInPlace=0 reallocMoved=0 reallocDelegated=613 trims=0 trimmedBlocks=0 leakedBlocks=0 objects=2240
108.877 ns/op

# Run progress: 83.33% complete, ETA 00:00:45
# Fork: 2 of 3
[0.002s][info][gc] Using G1
# Warmup Iteration   1: 125.585 ns/op
# Warmup Iteration   2: 118.545 ns/op
# Warmup Iteration   3: 117.974 ns/op
# Warmup Iteration   4: 117.962 ns/op
# Warmup Iteration   5: 117.792 ns/op
# Warmup Iteration   6: 117.665 ns/op
# Warmup Iteration   7: 116.758 ns/op
# Warmup Iteration   8: 116.718 ns/op
# Warmup Iteration   9: 116.478 ns/op
# Warmup Iteration  10: 117.221 ns/op
Iteration   1: 116.790 ns/op
Iteration   2: 116.825 ns/op
Iteration   3: 116.914 ns/op
Iteration   4: 116.865 ns/op
Iteration   5: 116.982 ns/op
Iteration   6: 116.721 ns/op
Iteration   7: 116.764 ns/op
Iteration   8: 116.747 ns/op
Iteration   9: 116.671 ns/op
Iteration  10: cRSS-pRSS:[1097, 1097]
;used-memory:[0]
ARENATELE blockSize=262144 maxBlocks=8 cap=8192 maxObjects=16384 debug=false arenaHeap=2812 arenaDirect=0 delegateHeap=170225433 delegateDirect=0 arenaShare=0.00% blocksHeap=8 blocksDirect=1 pinned=0 reusable=0 maxPinnedHeap=0 maxPinnedDirect=0 blockReuses=0 blockGrowths=7 hooks=0 hookRejections=0 violations=0 earlyReuses=0 reallocInPlace=0 reallocMoved=0 reallocDelegated=571 trims=0 trimmedBlocks=0 leakedBlocks=0 objects=2240
ARENALOOP thread=io.github.neoionet.netty.microbenchmark.ByteBufAllocatorAllocPatternBenchmark.heapAllocation-1-1 arenaHeap=2812 arenaDirect=0 delegateHeap=170225433 delegateDirect=0 arenaShare=0.00% blocksHeap=8 blocksDirect=1 pinned=0 reusable=0 maxPinnedHeap=0 maxPinnedDirect=0 blockReuses=0 blockGrowths=7 hooks=0 hookRejections=0 violations=0 earlyReuses=0 reallocInPlace=0 reallocMoved=0 reallocDelegated=571 trims=0 trimmedBlocks=0 leakedBlocks=0 objects=2240
116.747 ns/op

# Run progress: 91.67% complete, ETA 00:00:22
# Fork: 3 of 3
[0.002s][info][gc] Using G1
# Warmup Iteration   1: 121.993 ns/op
# Warmup Iteration   2: 114.196 ns/op
# Warmup Iteration   3: 115.073 ns/op
# Warmup Iteration   4: 114.716 ns/op
# Warmup Iteration   5: 114.636 ns/op
# Warmup Iteration   6: 114.804 ns/op
# Warmup Iteration   7: 114.829 ns/op
# Warmup Iteration   8: 114.761 ns/op
# Warmup Iteration   9: 115.074 ns/op
# Warmup Iteration  10: 114.697 ns/op
Iteration   1: 114.637 ns/op
Iteration   2: 114.594 ns/op
Iteration   3: 114.643 ns/op
Iteration   4: 114.790 ns/op
Iteration   5: 114.864 ns/op
Iteration   6: 114.657 ns/op
Iteration   7: 114.581 ns/op
Iteration   8: 114.790 ns/op
Iteration   9: 114.708 ns/op
Iteration  10: cRSS-pRSS:[1097, 1099]
;used-memory:[0]
ARENATELE blockSize=262144 maxBlocks=8 cap=8192 maxObjects=16384 debug=false arenaHeap=2823 arenaDirect=0 delegateHeap=173844033 delegateDirect=0 arenaShare=0.00% blocksHeap=8 blocksDirect=1 pinned=0 reusable=0 maxPinnedHeap=0 maxPinnedDirect=0 blockReuses=0 blockGrowths=7 hooks=0 hookRejections=0 violations=0 earlyReuses=0 reallocInPlace=0 reallocMoved=0 reallocDelegated=582 trims=0 trimmedBlocks=0 leakedBlocks=0 objects=2240
ARENALOOP thread=io.github.neoionet.netty.microbenchmark.ByteBufAllocatorAllocPatternBenchmark.heapAllocation-1-1 arenaHeap=2823 arenaDirect=0 delegateHeap=173844033 delegateDirect=0 arenaShare=0.00% blocksHeap=8 blocksDirect=1 pinned=0 reusable=0 maxPinnedHeap=0 maxPinnedDirect=0 blockReuses=0 blockGrowths=7 hooks=0 hookRejections=0 violations=0 earlyReuses=0 reallocInPlace=0 reallocMoved=0 reallocDelegated=582 trims=0 trimmedBlocks=0 leakedBlocks=0 objects=2240
114.560 ns/op


Result "io.github.neoionet.netty.microbenchmark.ByteBufAllocatorAllocPatternBenchmark.heapAllocation":
  113.493 ±(99.9%) 2.241 ns/op [Average]
  (min, avg, max) = (108.712, 113.493, 116.982), stdev = 3.355
  CI (99.9%): [111.252, 115.735] (assumes normal distribution)


# Run complete. Total time: 00:04:34

REMEMBER: The numbers below are just data. To gain reusable insights, you need to follow up on
why the numbers are the way they are. Use profilers (see -prof, -lprof), design factorial
experiments, perform baseline and negative tests that provide experimental control, make sure
the benchmarking environment is safe on JVM/OS/HW level, ask for reviews from the domain experts.
Do not assume the numbers tell you what you want them to tell.

NOTE: Current JVM experimentally supports Compiler Blackholes, and they are in use. Please exercise
extra caution when trusting the results, look into the generated code to check the benchmark still
works, and factor in a small probability of new VM bugs. Additionally, while comparisons between
different JVMs are already problematic, the performance difference caused by different Blackhole
modes can be very significant. Please make sure you use the consistent Blackhole mode for comparisons.

Benchmark                                             (MAX_LIVE_BUFFERS)  (allocatorType)  (enableReadWrite)  (sizePattern)  Mode  Cnt    Score   Error  Units
ByteBufAllocatorAllocPatternBenchmark.heapAllocation                1024         ADAPTIVE               true     E_COMMERCE  avgt   30   86.063 ± 1.100  ns/op
ByteBufAllocatorAllocPatternBenchmark.heapAllocation                1024            ARENA               true     E_COMMERCE  avgt   30   93.470 ± 0.741  ns/op
ByteBufAllocatorAllocPatternBenchmark.heapAllocation                4096         ADAPTIVE               true     E_COMMERCE  avgt   30  107.043 ± 1.449  ns/op
ByteBufAllocatorAllocPatternBenchmark.heapAllocation                4096            ARENA               true     E_COMMERCE  avgt   30  113.493 ± 2.241  ns/op

Benchmark result is saved to /home/forked_franz/IdeaProjects/netty-bench/results/h2h-merged-x86-2026-09-22/arena-v3/micro/t1-heap-random.json
