=== w1-io_uring-arena-noring-ringtrue
TRANSPORT transport=io_uring ringSize=128 cqSize=4096 singleIssuer=true bufferRing=off [(BUFFER_RING=off: no IoUringBufferRingConfig, no IO_URING_BUFFER_GROUP_ID, recv into channel-allocator buffers, one-shot)] zeroCopyThreshold=4096 | IoUring features: CQE_F_SOCK_NONEMPTY_SUPPORTED=true, UNIX_DOMAIN_SOCKET_INQ_SUPPORTED=true, SPLICE_SUPPORTED=true, ACCEPT_NO_WAIT_SUPPORTED=true, ACCEPT_MULTISHOT_SUPPORTED=true, POLL_ADD_MULTISHOT_SUPPORTED=true, RECV_MULTISHOT_SUPPORTED=true, IORING_RECVSEND_BUNDLE_SUPPORTED=true, REGISTER_IOWQ_MAX_WORKERS_SUPPORTED=true, SETUP_SUBMIT_ALL_SUPPORTED=true, SETUP_CQE_MIXED_SUPPORTED=true, SETUP_CQ_SIZE_SUPPORTED=true, SETUP_SINGLE_ISSUER_SUPPORTED=true, SETUP_DEFER_TASKRUN_SUPPORTED=true, SETUP_NO_SQARRAY_SUPPORTED=true, REGISTER_BUFFER_RING_SUPPORTED=true, REGISTER_BUFFER_RING_INC_SUPPORTED=true, SEND_ZC_SUPPORTED=true, SENDMSG_ZC_SUPPORTED=true, ENTER_NO_IOWAIT_SUPPORTED=true
WINDOW DONE
-rw-r--r--. 1 forked_franz forked_franz 278982 Sep 23 08:26 /home/forked_franz/IdeaProjects/netty-eventloop-arena-poc/results/ryzen9-7950x-node0/arena-v3/uring-noring/topology/w1-io_uring-arena-noring-ringtrue.jfr
Main benchmark duration is started for thread #0.
Application protocol: http/1.1
Main benchmark duration is over for thread #1. Stopping all clients.
Stopped all clients for thread #1
Main benchmark duration is over for thread #3. Stopping all clients.
Stopped all clients for thread #3
Main benchmark duration is over for thread #2. Stopping all clients.
Stopped all clients for thread #2
Main benchmark duration is over for thread #0. Stopping all clients.
Stopped all clients for thread #0

finished in 8.00s, 99340.50 req/s, 428.79MB/s
requests: 794724 total, 794788 started, 794724 done, 794724 succeeded, 0 failed, 0 errored, 0 timeout
status codes: 794740 2xx, 0 3xx, 0 4xx, 0 5xx
traffic: 3.35GB (3596924024) total, 88.68MB (92986218) headers (space savings 0.00%), 3.23GB (3473049464) data
                     min         max         mean         sd        +/- sd
time for request:       90us    119.04ms       644us      1.21ms    99.31%
time for connect:        2us       199us       105us        57us    59.38%
time to 1st byte:   118.55ms    119.08ms    118.80ms       128us    64.06%
req/s           :    1537.04     1569.44     1552.14       11.49    54.69%
dumped 13281 events -> /home/forked_franz/IdeaProjects/netty-eventloop-arena-poc/results/ryzen9-7950x-node0/arena-v3/uring-noring/topology/w1-io_uring-arena-noring-ringtrue.tsv
================================================================================================
WORKLOAD w1-io_uring-arena-noring-ringtrue   (w1-io_uring-arena-noring-ringtrue.tsv)
================================================================================================
events: AllocateBuffer=0 FreeBuffer=0 ReallocateBuffer=0 IterationEnd=13281
pairs=0  unpaired releases (alloc before window)=0  still live at window end=0  truncated stacks=0  address reused with no release event=0
BALANCE CHECK: allocs(0) - pairs(0) - live-at-end(0) - reuse(0) = 0  (must be 0)
=== w2-io_uring-arena-noring-ringtrue
TRANSPORT transport=io_uring ringSize=128 cqSize=4096 singleIssuer=true bufferRing=off [(BUFFER_RING=off: no IoUringBufferRingConfig, no IO_URING_BUFFER_GROUP_ID, recv into channel-allocator buffers, one-shot)] zeroCopyThreshold=4096 | IoUring features: CQE_F_SOCK_NONEMPTY_SUPPORTED=true, UNIX_DOMAIN_SOCKET_INQ_SUPPORTED=true, SPLICE_SUPPORTED=true, ACCEPT_NO_WAIT_SUPPORTED=true, ACCEPT_MULTISHOT_SUPPORTED=true, POLL_ADD_MULTISHOT_SUPPORTED=true, RECV_MULTISHOT_SUPPORTED=true, IORING_RECVSEND_BUNDLE_SUPPORTED=true, REGISTER_IOWQ_MAX_WORKERS_SUPPORTED=true, SETUP_SUBMIT_ALL_SUPPORTED=true, SETUP_CQE_MIXED_SUPPORTED=true, SETUP_CQ_SIZE_SUPPORTED=true, SETUP_SINGLE_ISSUER_SUPPORTED=true, SETUP_DEFER_TASKRUN_SUPPORTED=true, SETUP_NO_SQARRAY_SUPPORTED=true, REGISTER_BUFFER_RING_SUPPORTED=true, REGISTER_BUFFER_RING_INC_SUPPORTED=true, SEND_ZC_SUPPORTED=true, SENDMSG_ZC_SUPPORTED=true, ENTER_NO_IOWAIT_SUPPORTED=true
WINDOW DONE
-rw-r--r--. 1 forked_franz forked_franz 12664604 Sep 23 08:26 /home/forked_franz/IdeaProjects/netty-eventloop-arena-poc/results/ryzen9-7950x-node0/arena-v3/uring-noring/topology/w2-io_uring-arena-noring-ringtrue.jfr
Main benchmark duration is started for thread #0.
Application protocol: h2c
Main benchmark duration is over for thread #0. Stopping all clients.
Stopped all clients for thread #0
Main benchmark duration is over for thread #2. Stopping all clients.
Stopped all clients for thread #2
Main benchmark duration is over for thread #3. Stopping all clients.
Stopped all clients for thread #3
Main benchmark duration is over for thread #1. Stopping all clients.
Stopped all clients for thread #1

finished in 8.00s, 297614.00 req/s, 8.98MB/s
requests: 2380912 total, 2381424 started, 2380912 done, 2380912 succeeded, 0 failed, 0 errored, 0 timeout
status codes: 2381296 2xx, 0 3xx, 0 4xx, 0 5xx
traffic: 71.81MB (75300480) total, 2.27MB (2381296) headers (space savings 90.00%), 24.98MB (26190032) data
                     min         max         mean         sd        +/- sd
time for request:      687us    196.27ms      1.70ms      3.88ms    97.25%
time for connect:       16us       170us        73us        45us    50.00%
time to 1st byte:   163.99ms    164.31ms    164.14ms        93us    68.75%
req/s           :   18237.81    19120.81    18600.66      309.95    56.25%
dumped 425910 events -> /home/forked_franz/IdeaProjects/netty-eventloop-arena-poc/results/ryzen9-7950x-node0/arena-v3/uring-noring/topology/w2-io_uring-arena-noring-ringtrue.tsv
================================================================================================
WORKLOAD w2-io_uring-arena-noring-ringtrue   (w2-io_uring-arena-noring-ringtrue.tsv)
================================================================================================
events: AllocateBuffer=212819 FreeBuffer=212619 ReallocateBuffer=192 IterationEnd=280
pairs=212793  unpaired releases (alloc before window)=18  still live at window end=26  truncated stacks=212601  address reused with no release event=0
BALANCE CHECK: allocs(212819) - pairs(212793) - live-at-end(26) - reuse(0) = 0  (must be 0)
event-loop threads with markers: 4  iterations total=280  with reads>0=268 (95.7%)

(a) lifetime in event-loop ITERATIONS of the allocating thread
     iters : 0=98.32%  1=1.68%  2-3=0.00%  4-7=0.00%  8+=0.00%
  read-its : 0=98.32%  1=1.68%  2-3=0.00%  4-7=0.00%  8+=0.00%   (only iterations that saw >=1 channelRead)
  iters p50=0 p90=0 p99=1 p99.9=1 max=1
  wall-clock lifetime us: p50=184.9 p90=764.9 p99=2049.6 p99.9=3471.7 max=7710.8

(b) released on the allocating thread: 100.000%  (cross-thread: 0)

(c) nesting class at release: only=0.91%  youngest=0.00%  oldest=30.62%  middle=68.47%
     within same-iteration releases (209209, 98.32% of all): only=0.92%  youngest=0.00%  oldest=30.60%  middle=68.48%

(d) size bucket (power-of-two ceiling of the requested capacity)
     65536=11.27%  32768=0.10%  16=88.63%
     exact sizes: 11=88.63%  65536=11.27%  32768=0.10%

(e) release cause (first non-allocator frame of the FreeBuffer stack)
     write-completion        88.631%  top site: io.netty.channel.ChannelOutboundBuffer.remove
     decoder/cumulation      11.279%  top site: io.netty.handler.codec.ByteToMessageDecoder.channelRead
     realloc-grow             0.090%  top site: io.netty.buffer.AdaptiveByteBuf.capacity

    cause x lifetime-in-iterations (row %% of all pairs)
    cause                         0        1      2-3      4-7       8+     share
    write-completion        87.130%   1.501%   0.000%   0.000%   0.000%   88.631%
    decoder/cumulation      11.097%   0.182%   0.000%   0.000%   0.000%   11.279%
    realloc-grow             0.089%   0.001%   0.000%   0.000%   0.000%    0.090%

    cause x size bucket (row %% of all pairs)
    cause                         16     65536     32768
    write-completion         88.631%    0.000%    0.000%
    decoder/cumulation        0.000%   11.270%    0.009%
    realloc-grow              0.000%    0.000%    0.090%

    max lifetime: 1 iterations (2163.1 us), size=11, cause=write-completion, site=io.netty.channel.ChannelOutboundBuffer.remove
    max wall-clock: 7710.8 us (0 iterations), size=65536, cause=decoder/cumulation

(f) live buffers at end of iteration, per event-loop thread
    thread                          iters  avgLive  maxLive   avgAlloc maxAlloc
    multiThreadIoEventLoopGroup-3-1       65    13.20       32     787.45      892
    multiThreadIoEventLoopGroup-3-2       82    14.02       27     774.56      853
    multiThreadIoEventLoopGroup-3-3       64    13.19       33     788.47      912
    multiThreadIoEventLoopGroup-3-4       69    10.61       32     662.65      931
    live-at-marker over all markers: mean=12.800 p50=10 p90=25 p99=32 p99.9=33 max=33 ; markers with >0 live=259 (92.50%)
    allocations per iteration (all EL threads): mean=753.15 p50=775 p90=848 p99=911 max=931  zero-alloc iterations=4.3%
    channelReads per iteration: mean=85.57 p50=87 p90=99 p99=111 max=113

(g) the buffers that DO cross an iteration boundary (3584, 1.684% of pairs)
     io.netty.channel.ChannelOutboundBuffer.remove               1.501% of all  iters p50=1 p99=1 max=1  bytes=0.0 MiB
     io.netty.handler.codec.ByteToMessageDecoder.channelRead     0.181% of all  iters p50=1 p99=1 max=1  bytes=24.1 MiB
     io.netty.buffer.AdaptiveByteBuf.capacity                    0.001% of all  iters p50=1 p99=1 max=1  bytes=0.1 MiB
     io.netty.handler.codec.ByteToMessageDecoder$1.cumulate      0.001% of all  iters p50=1 p99=1 max=1  bytes=0.1 MiB
     sizes of the crossing buffers: 65536=10.80%  32768=0.08%  16=89.12%
     bytes held across a boundary: 24.3 MiB of 1507.4 MiB allocated in the window (1.61%)

    diagnostics: pairs whose stack had no non-plumbing frame=0 (0.000%); pairs crossing >=1 marker=3584 (1.684%)

HEADLINE CLASSIFICATION
    ii-same-iter-out-of-order                 97.411%  (207283)
    iii-cross-iter-write-completion            1.501%  (3194)
    i-same-iter-LIFO                           0.905%  (1926)
    iv-cross-iter-cumulation/aggregation       0.182%  (387)
    vi-cross-iter-other:realloc-grow           0.001%  (3)
=== w3-io_uring-arena-noring-ringtrue
TRANSPORT transport=io_uring ringSize=128 cqSize=4096 singleIssuer=true bufferRing=off [(BUFFER_RING=off: no IoUringBufferRingConfig, no IO_URING_BUFFER_GROUP_ID, recv into channel-allocator buffers, one-shot)] zeroCopyThreshold=4096 | IoUring features: CQE_F_SOCK_NONEMPTY_SUPPORTED=true, UNIX_DOMAIN_SOCKET_INQ_SUPPORTED=true, SPLICE_SUPPORTED=true, ACCEPT_NO_WAIT_SUPPORTED=true, ACCEPT_MULTISHOT_SUPPORTED=true, POLL_ADD_MULTISHOT_SUPPORTED=true, RECV_MULTISHOT_SUPPORTED=true, IORING_RECVSEND_BUNDLE_SUPPORTED=true, REGISTER_IOWQ_MAX_WORKERS_SUPPORTED=true, SETUP_SUBMIT_ALL_SUPPORTED=true, SETUP_CQE_MIXED_SUPPORTED=true, SETUP_CQ_SIZE_SUPPORTED=true, SETUP_SINGLE_ISSUER_SUPPORTED=true, SETUP_DEFER_TASKRUN_SUPPORTED=true, SETUP_NO_SQARRAY_SUPPORTED=true, REGISTER_BUFFER_RING_SUPPORTED=true, REGISTER_BUFFER_RING_INC_SUPPORTED=true, SEND_ZC_SUPPORTED=true, SENDMSG_ZC_SUPPORTED=true, ENTER_NO_IOWAIT_SUPPORTED=true
WINDOW DONE
-rw-r--r--. 1 forked_franz forked_franz 5664375 Sep 23 08:26 /home/forked_franz/IdeaProjects/netty-eventloop-arena-poc/results/ryzen9-7950x-node0/arena-v3/uring-noring/topology/w3-io_uring-arena-noring-ringtrue.jfr
Main benchmark duration is started for thread #0.
Application protocol: h2c
Main benchmark duration is over for thread #2. Stopping all clients.
Stopped all clients for thread #2
Main benchmark duration is over for thread #1. Stopping all clients.
Stopped all clients for thread #1
Main benchmark duration is over for thread #0. Stopping all clients.
Stopped all clients for thread #0
Main benchmark duration is over for thread #3. Stopping all clients.
Stopped all clients for thread #3

finished in 8.00s, 20710.00 req/s, 1.28GB/s
requests: 165680 total, 165808 started, 165680 done, 165680 succeeded, 0 failed, 0 errored, 0 timeout
status codes: 165803 2xx, 0 3xx, 0 4xx, 0 5xx
traffic: 10.21GB (10965060860) total, 161.92KB (165803) headers (space savings 90.00%), 10.12GB (10861942452) data
                     min         max         mean         sd        +/- sd
time for request:     3.07ms    240.63ms      6.15ms      7.53ms    97.58%
time for connect:       12us        40us        25us        12us    62.50%
time to 1st byte:   135.87ms    136.21ms    136.06ms       126us    50.00%
req/s           :    2568.09     2623.21     2588.71       22.10    75.00%
dumped 176985 events -> /home/forked_franz/IdeaProjects/netty-eventloop-arena-poc/results/ryzen9-7950x-node0/arena-v3/uring-noring/topology/w3-io_uring-arena-noring-ringtrue.tsv
================================================================================================
WORKLOAD w3-io_uring-arena-noring-ringtrue   (w3-io_uring-arena-noring-ringtrue.tsv)
================================================================================================
events: AllocateBuffer=81274 FreeBuffer=81031 ReallocateBuffer=245 IterationEnd=14435
pairs=81039  unpaired releases (alloc before window)=237  still live at window end=235  truncated stacks=80794  address reused with no release event=0
BALANCE CHECK: allocs(81274) - pairs(81039) - live-at-end(235) - reuse(0) = 0  (must be 0)
event-loop threads with markers: 4  iterations total=14435  with reads>0=1238 (8.6%)

(a) lifetime in event-loop ITERATIONS of the allocating thread
     iters : 0=34.96%  1=46.42%  2-3=7.26%  4-7=1.27%  8+=10.09%
  read-its : 0=34.96%  1=48.89%  2-3=14.85%  4-7=1.16%  8+=0.13%   (only iterations that saw >=1 channelRead)
  iters p50=1 p90=8 p99=218 p99.9=553 max=1531
  wall-clock lifetime us: p50=4406.4 p90=9354.3 p99=16061.3 p99.9=32947.0 max=50221.0

(b) released on the allocating thread: 100.000%  (cross-thread: 0)

(c) nesting class at release: only=0.00%  youngest=0.00%  oldest=14.66%  middle=85.34%
     within same-iteration releases (28335, 34.96% of all): only=0.00%  youngest=0.00%  oldest=0.14%  middle=99.86%

(d) size bucket (power-of-two ceiling of the requested capacity)
     131072=0.19%  65536=75.21%  32768=13.73%  16384=10.87%
     exact sizes: 65536=75.21%  32768=13.73%  16384=10.87%  131072=0.19%

(e) release cause (first non-allocator frame of the FreeBuffer stack)
     other:no-site           69.202%  top site: io.netty.buffer.CompositeByteBuf$Component.free
     decoder/cumulation      30.200%  top site: io.netty.handler.codec.ByteToMessageDecoder$1.cumulate
     realloc-grow             0.302%  top site: io.netty.buffer.AdaptiveByteBuf.capacity
     write-completion         0.295%  top site: io.netty.channel.ChannelOutboundBuffer.remove

    cause x lifetime-in-iterations (row %% of all pairs)
    cause                         0        1      2-3      4-7       8+     share
    other:no-site            4.949%  45.752%   7.218%   1.254%  10.030%   69.202%
    decoder/cumulation      29.724%   0.454%   0.001%   0.005%   0.016%   30.200%
    realloc-grow             0.285%   0.015%   0.000%   0.000%   0.002%    0.302%
    write-completion         0.006%   0.197%   0.039%   0.009%   0.043%    0.295%

    cause x size bucket (row %% of all pairs)
    cause                      65536     32768     16384    131072
    other:no-site            46.153%   12.487%   10.380%    0.183%
    decoder/cumulation       28.943%    1.132%    0.126%    0.000%
    realloc-grow              0.000%    0.000%    0.302%    0.000%
    write-completion          0.111%    0.116%    0.065%    0.002%

    max lifetime: 1531 iterations (6113.9 us), size=16384, cause=other:no-site, site=io.netty.buffer.CompositeByteBuf$Component.free
    max wall-clock: 50221.0 us (2 iterations), size=131072, cause=other:no-site

(f) live buffers at end of iteration, per event-loop thread
    thread                          iters  avgLive  maxLive   avgAlloc maxAlloc
    multiThreadIoEventLoopGroup-3-1     3968    58.12       70       5.17       96
    multiThreadIoEventLoopGroup-3-2     2896    57.51       68       6.91       97
    multiThreadIoEventLoopGroup-3-3     2959    57.84       69       6.83       97
    multiThreadIoEventLoopGroup-3-4     4612    58.67       68       4.44      101
    live-at-marker over all markers: mean=58.117 p50=58 p90=64 p99=68 p99.9=70 max=70 ; markers with >0 live=14435 (100.00%)
    allocations per iteration (all EL threads): mean=5.62 p50=0 p90=0 p99=87 max=101  zero-alloc iterations=91.4%
    channelReads per iteration: mean=4.39 p50=0 p90=0 p99=66 max=78

(g) the buffers that DO cross an iteration boundary (52704, 65.035% of pairs)
     io.netty.buffer.CompositeByteBuf$Component.free            64.253% of all  iters p50=1 p99=260 max=1531  bytes=2633.4 MiB
     io.netty.handler.codec.ByteToMessageDecoder$1.cumulate      0.332% of all  iters p50=1 p99=1 max=1  bytes=16.8 MiB
     io.netty.channel.ChannelOutboundBuffer.remove               0.289% of all  iters p50=1 p99=187 max=382  bytes=9.5 MiB
     io.netty.handler.codec.ByteToMessageDecoder.channelRead     0.144% of all  iters p50=1 p99=108 max=113  bytes=6.3 MiB
     io.netty.buffer.AdaptiveByteBuf.capacity                    0.017% of all  iters p50=1 p99=22 max=22  bytes=0.2 MiB
     sizes of the crossing buffers: 131072=0.28%  65536=68.55%  32768=16.10%  16384=15.06%
     bytes held across a boundary: 2666.1 MiB of 4313.4 MiB allocated in the window (61.81%)

    diagnostics: pairs whose stack had no non-plumbing frame=56081 (69.202%); pairs crossing >=1 marker=52704 (65.035%)

HEADLINE CLASSIFICATION
    vi-cross-iter-other:other:no-site         64.253%  (52070)
    ii-same-iter-out-of-order                 34.963%  (28334)
    iv-cross-iter-cumulation/aggregation       0.476%  (386)
    iii-cross-iter-write-completion            0.289%  (234)
    vi-cross-iter-other:realloc-grow           0.017%  (14)
    i-same-iter-LIFO                           0.001%  (1)
=== w4-io_uring-arena-noring-ringtrue
TRANSPORT transport=io_uring ringSize=128 cqSize=4096 singleIssuer=true bufferRing=off [(BUFFER_RING=off: no IoUringBufferRingConfig, no IO_URING_BUFFER_GROUP_ID, recv into channel-allocator buffers, one-shot)] zeroCopyThreshold=4096 | IoUring features: CQE_F_SOCK_NONEMPTY_SUPPORTED=true, UNIX_DOMAIN_SOCKET_INQ_SUPPORTED=true, SPLICE_SUPPORTED=true, ACCEPT_NO_WAIT_SUPPORTED=true, ACCEPT_MULTISHOT_SUPPORTED=true, POLL_ADD_MULTISHOT_SUPPORTED=true, RECV_MULTISHOT_SUPPORTED=true, IORING_RECVSEND_BUNDLE_SUPPORTED=true, REGISTER_IOWQ_MAX_WORKERS_SUPPORTED=true, SETUP_SUBMIT_ALL_SUPPORTED=true, SETUP_CQE_MIXED_SUPPORTED=true, SETUP_CQ_SIZE_SUPPORTED=true, SETUP_SINGLE_ISSUER_SUPPORTED=true, SETUP_DEFER_TASKRUN_SUPPORTED=true, SETUP_NO_SQARRAY_SUPPORTED=true, REGISTER_BUFFER_RING_SUPPORTED=true, REGISTER_BUFFER_RING_INC_SUPPORTED=true, SEND_ZC_SUPPORTED=true, SENDMSG_ZC_SUPPORTED=true, ENTER_NO_IOWAIT_SUPPORTED=true
WINDOW DONE
-rw-r--r--. 1 forked_franz forked_franz 224586613 Sep 23 08:26 /home/forked_franz/IdeaProjects/netty-eventloop-arena-poc/results/ryzen9-7950x-node0/arena-v3/uring-noring/topology/w4-io_uring-arena-noring-ringtrue.jfr
requests=384 bytes=100282324 errors=0
dumped 18549799 events -> /home/forked_franz/IdeaProjects/netty-eventloop-arena-poc/results/ryzen9-7950x-node0/arena-v3/uring-noring/topology/w4-io_uring-arena-noring-ringtrue.tsv
================================================================================================
WORKLOAD w4-io_uring-arena-noring-ringtrue   (w4-io_uring-arena-noring-ringtrue.tsv)
================================================================================================
events: AllocateBuffer=320 FreeBuffer=320 ReallocateBuffer=0 IterationEnd=18549159
pairs=320  unpaired releases (alloc before window)=0  still live at window end=0  truncated stacks=320  address reused with no release event=0
BALANCE CHECK: allocs(320) - pairs(320) - live-at-end(0) - reuse(0) = 0  (must be 0)
event-loop threads with markers: 4  iterations total=18549159  with reads>0=5 (0.0%)

(a) lifetime in event-loop ITERATIONS of the allocating thread
     iters : 0=31.25%  1=15.00%  2-3=0.00%  4-7=0.00%  8+=53.75%
  read-its : 0=31.25%  1=63.44%  2-3=5.31%  4-7=0.00%  8+=0.00%   (only iterations that saw >=1 channelRead)
  iters p50=1053 p90=14553 p99=27503 p99.9=27503 max=27503
  wall-clock lifetime us: p50=25994.1 p90=39692.2 p99=45061.3 p99.9=47871.0 max=47871.0

(b) released on the allocating thread: 100.000%  (cross-thread: 0)

(c) nesting class at release: only=1.25%  youngest=0.00%  oldest=14.06%  middle=84.69%
     within same-iteration releases (100, 31.25% of all): only=0.00%  youngest=0.00%  oldest=8.00%  middle=92.00%

(d) size bucket (power-of-two ceiling of the requested capacity)
     65536=100.00%
     exact sizes: 65536=100.00%

(e) release cause (first non-allocator frame of the FreeBuffer stack)
     other:io.netty.channel.uring.IoUringSocketChannel$IoUringSocketUnsafe.handleWriteCompleteZeroCopy  80.000%  top site: io.netty.channel.uring.IoUringSocketChannel$IoUringSocketUnsafe.handleWriteCompleteZeroCopy
     write-completion        20.000%  top site: io.netty.channel.ChannelOutboundBuffer.remove

    cause x lifetime-in-iterations (row %% of all pairs)
    cause                         0        1      2-3      4-7       8+     share
    other:io.netty.channel.uring.IoUringSocketChannel$IoUringSocketUnsafe.handleWriteCompleteZeroCopy  31.250%  14.688%   0.000%   0.000%  34.062%   80.000%
    write-completion         0.000%   0.312%   0.000%   0.000%  19.688%   20.000%

    cause x size bucket (row %% of all pairs)
    cause                      65536
    other:io.netty.channel.uring.IoUringSocketChannel$IoUringSocketUnsafe.handleWriteCompleteZeroCopy   80.000%
    write-completion         20.000%

    max lifetime: 27503 iterations (27633.9 us), size=65536, cause=other:io.netty.channel.uring.IoUringSocketChannel$IoUringSocketUnsafe.handleWriteCompleteZeroCopy, site=io.netty.channel.uring.IoUringSocketChannel$IoUringSocketUnsafe.handleWriteCompleteZeroCopy
    max wall-clock: 47871.0 us (6481 iterations), size=65536, cause=other:io.netty.channel.uring.IoUringSocketChannel$IoUringSocketUnsafe.handleWriteCompleteZeroCopy

(f) live buffers at end of iteration, per event-loop thread
    thread                          iters  avgLive  maxLive   avgAlloc maxAlloc
    multiThreadIoEventLoopGroup-3-1  4460942     0.10       45       0.00       45
    multiThreadIoEventLoopGroup-3-2  4396297     0.07       57       0.00       80
    multiThreadIoEventLoopGroup-3-3  4646610     0.13       57       0.00       80
    multiThreadIoEventLoopGroup-3-4  5045310     0.03       51       0.00       80
    live-at-marker over all markers: mean=0.084 p50=0 p90=0 p99=0 p99.9=35 max=57 ; markers with >0 live=75779 (0.41%)
    allocations per iteration (all EL threads): mean=0.00 p50=0 p90=0 p99=0 max=80  zero-alloc iterations=100.0%
    channelReads per iteration: mean=0.00 p50=0 p90=0 p99=0 max=80

(g) the buffers that DO cross an iteration boundary (220, 68.750% of pairs)
     io.netty.channel.uring.IoUringSocketChannel$IoUringSocketU 48.750% of all  iters p50=5766 p99=27503 max=27503  bytes=9.8 MiB
     io.netty.channel.ChannelOutboundBuffer.remove              20.000% of all  iters p50=9207 p99=27503 max=27503  bytes=4.0 MiB
     sizes of the crossing buffers: 65536=100.00%
     bytes held across a boundary: 13.8 MiB of 20.0 MiB allocated in the window (68.75%)

    diagnostics: pairs whose stack had no non-plumbing frame=0 (0.000%); pairs crossing >=1 marker=220 (68.750%)

HEADLINE CLASSIFICATION
    vi-cross-iter-other:other:io.netty.channel.uring.IoUringSocketChannel$IoUringSocketUnsafe.handleWriteCompleteZeroCopy  48.750%  (156)
    ii-same-iter-out-of-order                 31.250%  (100)
    iii-cross-iter-write-completion           20.000%  (64)
=== w5-io_uring-arena-noring-ringtrue
TRANSPORT transport=io_uring ringSize=128 cqSize=4096 singleIssuer=true bufferRing=off [(BUFFER_RING=off: no IoUringBufferRingConfig, no IO_URING_BUFFER_GROUP_ID, recv into channel-allocator buffers, one-shot)] zeroCopyThreshold=4096 | IoUring features: CQE_F_SOCK_NONEMPTY_SUPPORTED=true, UNIX_DOMAIN_SOCKET_INQ_SUPPORTED=true, SPLICE_SUPPORTED=true, ACCEPT_NO_WAIT_SUPPORTED=true, ACCEPT_MULTISHOT_SUPPORTED=true, POLL_ADD_MULTISHOT_SUPPORTED=true, RECV_MULTISHOT_SUPPORTED=true, IORING_RECVSEND_BUNDLE_SUPPORTED=true, REGISTER_IOWQ_MAX_WORKERS_SUPPORTED=true, SETUP_SUBMIT_ALL_SUPPORTED=true, SETUP_CQE_MIXED_SUPPORTED=true, SETUP_CQ_SIZE_SUPPORTED=true, SETUP_SINGLE_ISSUER_SUPPORTED=true, SETUP_DEFER_TASKRUN_SUPPORTED=true, SETUP_NO_SQARRAY_SUPPORTED=true, REGISTER_BUFFER_RING_SUPPORTED=true, REGISTER_BUFFER_RING_INC_SUPPORTED=true, SEND_ZC_SUPPORTED=true, SENDMSG_ZC_SUPPORTED=true, ENTER_NO_IOWAIT_SUPPORTED=true
WINDOW DONE
-rw-r--r--. 1 forked_franz forked_franz 138935917 Sep 23 08:28 /home/forked_franz/IdeaProjects/netty-eventloop-arena-poc/results/ryzen9-7950x-node0/arena-v3/uring-noring/topology/w5-io_uring-arena-noring-ringtrue.jfr
Main benchmark duration is started for thread #0.
Application protocol: http/1.1
Main benchmark duration is over for thread #0. Stopping all clients.
Stopped all clients for thread #0
Main benchmark duration is over for thread #1. Stopping all clients.
Stopped all clients for thread #1
Main benchmark duration is over for thread #2. Stopping all clients.
Stopped all clients for thread #2
Main benchmark duration is over for thread #3. Stopping all clients.
Stopped all clients for thread #3

finished in 8.00s, 12425.12 req/s, 485.36KB/s
requests: 99401 total, 99465 started, 99401 done, 99401 succeeded, 0 failed, 0 errored, 0 timeout
status codes: 99401 2xx, 0 3xx, 0 4xx, 0 5xx
traffic: 3.79MB (3976040) total, 1.42MB (1491375) headers (space savings 0.00%), 194.19KB (198850) data
                     min         max         mean         sd        +/- sd
time for request:      646us    131.22ms      5.15ms      3.46ms    99.54%
time for connect:        2us       390us       193us       114us    56.25%
time to 1st byte:   129.35ms    131.38ms    130.34ms       535us    65.63%
req/s           :     193.28      194.74      194.09        0.29    68.75%
dumped 10533407 events -> /home/forked_franz/IdeaProjects/netty-eventloop-arena-poc/results/ryzen9-7950x-node0/arena-v3/uring-noring/topology/w5-io_uring-arena-noring-ringtrue.tsv
================================================================================================
WORKLOAD w5-io_uring-arena-noring-ringtrue   (w5-io_uring-arena-noring-ringtrue.tsv)
================================================================================================
events: AllocateBuffer=267145 FreeBuffer=267113 ReallocateBuffer=0 IterationEnd=9999149
pairs=267089  unpaired releases (alloc before window)=24  still live at window end=56  truncated stacks=267089  address reused with no release event=0
BALANCE CHECK: allocs(267145) - pairs(267089) - live-at-end(56) - reuse(0) = 0  (must be 0)
event-loop threads with markers: 4  iterations total=9999149  with reads>0=165520 (1.7%)

(a) lifetime in event-loop ITERATIONS of the allocating thread
     iters : 0=18.34%  1=0.48%  2-3=0.66%  4-7=1.24%  8+=79.29%
  read-its : 0=18.34%  1=7.49%  2-3=13.70%  4-7=23.36%  8+=37.11%   (only iterations that saw >=1 channelRead)
  iters p50=122 p90=486 p99=9119 p99.9=10146 max=15436
  wall-clock lifetime us: p50=173.0 p90=292.5 p99=4928.2 p99.9=5151.0 max=15163.3

(b) released on the allocating thread: 100.000%  (cross-thread: 0)

(c) nesting class at release: only=0.08%  youngest=0.00%  oldest=3.74%  middle=96.17%
     within same-iteration releases (48975, 18.34% of all): only=0.41%  youngest=0.00%  oldest=4.51%  middle=95.08%

(d) size bucket (power-of-two ceiling of the requested capacity)
     65536=42.04%  32768=40.09%  16384=17.87%
     exact sizes: 65536=42.04%  32768=40.09%  16384=17.87%

(e) release cause (first non-allocator frame of the FreeBuffer stack)
     aggregator              99.993%  top site: io.netty.handler.codec.http.HttpObjectAggregator$AggregatedFullHttpMessage.release
     other:no-site            0.007%  top site: io.netty.buffer.CompositeByteBuf$Component.free

    cause x lifetime-in-iterations (row %% of all pairs)
    cause                         0        1      2-3      4-7       8+     share
    aggregator              18.335%   0.477%   0.665%   1.236%  79.281%   99.993%
    other:no-site            0.002%   0.000%   0.000%   0.000%   0.005%    0.007%

    cause x size bucket (row %% of all pairs)
    cause                      65536     32768     16384
    aggregator               42.037%   40.084%   17.872%
    other:no-site             0.004%    0.002%    0.001%

    max lifetime: 15436 iterations (7573.7 us), size=65536, cause=aggregator, site=io.netty.handler.codec.http.HttpObjectAggregator$AggregatedFullHttpMessage.release
    max wall-clock: 15163.3 us (9067 iterations), size=65536, cause=aggregator

(f) live buffers at end of iteration, per event-loop thread
    thread                          iters  avgLive  maxLive   avgAlloc maxAlloc
    multiThreadIoEventLoopGroup-3-1  2535502     7.56       47       0.02      207
    multiThreadIoEventLoopGroup-3-2  2515837     8.55       45       0.03      176
    multiThreadIoEventLoopGroup-3-3  2443081    13.06       37       0.03      236
    multiThreadIoEventLoopGroup-3-4  2504729     9.41       41       0.03      155
    live-at-marker over all markers: mean=9.614 p50=8 p90=18 p99=25 p99.9=32 max=47 ; markers with >0 live=9951781 (99.53%)
    allocations per iteration (all EL threads): mean=0.03 p50=0 p90=0 p99=1 max=236  zero-alloc iterations=98.3%
    channelReads per iteration: mean=0.03 p50=0 p90=0 p99=1 max=250

(g) the buffers that DO cross an iteration boundary (218114, 81.663% of pairs)
     io.netty.handler.codec.http.HttpObjectAggregator$Aggregate 81.659% of all  iters p50=178 p99=9320 max=15436  bytes=8594.4 MiB
     io.netty.buffer.CompositeByteBuf$Component.free             0.005% of all  iters p50=116 p99=617 max=617  bytes=0.5 MiB
     sizes of the crossing buffers: 65536=35.67%  32768=45.19%  16384=19.14%
     bytes held across a boundary: 8594.9 MiB of 11109.5 MiB allocated in the window (77.36%)

    diagnostics: pairs whose stack had no non-plumbing frame=18 (0.007%); pairs crossing >=1 marker=218114 (81.663%)

HEADLINE CLASSIFICATION
    iv-cross-iter-cumulation/aggregation      81.659%  (218101)
    ii-same-iter-out-of-order                 18.261%  (48773)
    i-same-iter-LIFO                           0.076%  (202)
    vi-cross-iter-other:other:no-site          0.005%  (13)
=== w6a-io_uring-arena-noring-ringtrue
READY h1snoop port=18081 loops=2 markers=2 allocator=arena transport=io_uring pid=1386421
READY proxy port=18443 loops=4 markers=4 allocator=arena transport=io_uring pid=1386422
WINDOW DONE
-rw-r--r--. 1 forked_franz forked_franz 28714432 Sep 23 08:29 /home/forked_franz/IdeaProjects/netty-eventloop-arena-poc/results/ryzen9-7950x-node0/arena-v3/uring-noring/topology/w6a-io_uring-arena-noring-ringtrue.jfr
finished in 8.00s, 55991.75 req/s, 241.68MB/s
requests: 447934 total, 447998 started, 447934 done, 447934 succeeded, 0 failed, 0 errored, 0 timeout
status codes: 447946 2xx, 0 3xx, 0 4xx, 0 5xx
dumped 1950520 events -> /home/forked_franz/IdeaProjects/netty-eventloop-arena-poc/results/ryzen9-7950x-node0/arena-v3/uring-noring/topology/w6a-io_uring-arena-noring-ringtrue.tsv
================================================================================================
WORKLOAD w6a-io_uring-arena-noring-ringtrue   (w6a-io_uring-arena-noring-ringtrue.tsv)
================================================================================================
events: AllocateBuffer=117529 FreeBuffer=117529 ReallocateBuffer=0 IterationEnd=1715462
pairs=117519  unpaired releases (alloc before window)=10  still live at window end=10  truncated stacks=0  address reused with no release event=0
BALANCE CHECK: allocs(117529) - pairs(117519) - live-at-end(10) - reuse(0) = 0  (must be 0)
event-loop threads with markers: 4  iterations total=1715462  with reads>0=18483 (1.1%)

(a) lifetime in event-loop ITERATIONS of the allocating thread
     iters : 0=96.60%  1=0.26%  2-3=0.10%  4-7=0.19%  8+=2.83%
  read-its : 0=96.60%  1=2.86%  2-3=0.42%  4-7=0.11%  8+=0.00%   (only iterations that saw >=1 channelRead)
  iters p50=0 p90=0 p99=56 p99.9=434 max=2226
  wall-clock lifetime us: p50=86.8 p90=170.3 p99=734.0 p99.9=1298.6 max=8891.7

(b) released on the allocating thread: 100.000%  (cross-thread: 0)

(c) nesting class at release: only=27.12%  youngest=0.00%  oldest=51.32%  middle=21.56%
     within same-iteration releases (113528, 96.60% of all): only=26.26%  youngest=0.00%  oldest=51.76%  middle=21.98%

(d) size bucket (power-of-two ceiling of the requested capacity)
     65536=20.01%  32768=40.00%  16384=39.99%
     exact sizes: 32768=40.00%  16384=39.99%  65536=20.01%

(e) release cause (first non-allocator frame of the FreeBuffer stack)
     write-completion        59.762%  top site: io.netty.channel.ChannelOutboundBuffer.remove
     other:io.netty.channel.uring.IoUringSocketChannel$IoUringSocketUnsafe.handleWriteCompleteZeroCopy  40.238%  top site: io.netty.channel.uring.IoUringSocketChannel$IoUringSocketUnsafe.handleWriteCompleteZeroCopy

    cause x lifetime-in-iterations (row %% of all pairs)
    cause                         0        1      2-3      4-7       8+     share
    write-completion        59.238%   0.111%   0.014%   0.017%   0.383%   59.762%
    other:io.netty.channel.uring.IoUringSocketChannel$IoUringSocketUnsafe.handleWriteCompleteZeroCopy  37.366%   0.154%   0.091%   0.178%   2.449%   40.238%

    cause x size bucket (row %% of all pairs)
    cause                      32768     16384     65536
    write-completion         19.913%   19.840%   20.009%
    other:io.netty.channel.uring.IoUringSocketChannel$IoUringSocketUnsafe.handleWriteCompleteZeroCopy   20.089%   20.149%    0.000%

    max lifetime: 2226 iterations (8721.9 us), size=16384, cause=write-completion, site=io.netty.channel.ChannelOutboundBuffer.remove
    max wall-clock: 8891.7 us (2007 iterations), size=16384, cause=write-completion

(f) live buffers at end of iteration, per event-loop thread
    thread                          iters  avgLive  maxLive   avgAlloc maxAlloc
    multiThreadIoEventLoopGroup-3-1   398279     0.16        8       0.07       86
    multiThreadIoEventLoopGroup-3-2   473241     0.17        8       0.06       80
    multiThreadIoEventLoopGroup-3-3   437052     0.18        6       0.07       82
    multiThreadIoEventLoopGroup-3-4   406890     0.16        7       0.07       86
    live-at-marker over all markers: mean=0.170 p50=0 p90=1 p99=3 p99.9=5 max=8 ; markers with >0 live=207316 (12.09%)
    allocations per iteration (all EL threads): mean=0.07 p50=0 p90=0 p99=0 max=86  zero-alloc iterations=99.1%
    channelReads per iteration: mean=0.18 p50=0 p90=0 p99=1 max=336

(g) the buffers that DO cross an iteration boundary (3991, 3.396% of pairs)
     io.netty.channel.uring.IoUringSocketChannel$IoUringSocketU  2.872% of all  iters p50=35 p99=361 max=1160  bytes=79.7 MiB
     io.netty.channel.ChannelOutboundBuffer.remove               0.524% of all  iters p50=60 p99=1374 max=2226  bytes=14.9 MiB
     sizes of the crossing buffers: 65536=0.75%  32768=49.49%  16384=49.76%
     bytes held across a boundary: 94.6 MiB of 3673.0 MiB allocated in the window (2.58%)

    diagnostics: pairs whose stack had no non-plumbing frame=0 (0.000%); pairs crossing >=1 marker=3991 (3.396%)

HEADLINE CLASSIFICATION
    ii-same-iter-out-of-order                 71.237%  (83717)
    i-same-iter-LIFO                          25.367%  (29811)
    vi-cross-iter-other:other:io.netty.channel.uring.IoUringSocketChannel$IoUringSocketUnsafe.handleWriteCompleteZeroCopy   2.872%  (3375)
    iii-cross-iter-write-completion            0.524%  (616)
=== w6b-io_uring-arena-noring-ringtrue
READY h1snoop port=18081 loops=2 markers=2 allocator=arena transport=io_uring pid=1386887
READY proxy2 port=18443 loops=4 markers=8 allocator=arena transport=io_uring pid=1386888
WINDOW DONE
-rw-r--r--. 1 forked_franz forked_franz 255821010 Sep 23 08:29 /home/forked_franz/IdeaProjects/netty-eventloop-arena-poc/results/ryzen9-7950x-node0/arena-v3/uring-noring/topology/w6b-io_uring-arena-noring-ringtrue.jfr
finished in 8.01s, 24.00 req/s, 106.16KB/s
requests: 192 total, 256 started, 192 done, 192 succeeded, 0 failed, 0 errored, 0 timeout
status codes: 192 2xx, 0 3xx, 0 4xx, 0 5xx
dumped 21122615 events -> /home/forked_franz/IdeaProjects/netty-eventloop-arena-poc/results/ryzen9-7950x-node0/arena-v3/uring-noring/topology/w6b-io_uring-arena-noring-ringtrue.tsv
================================================================================================
WORKLOAD w6b-io_uring-arena-noring-ringtrue   (w6b-io_uring-arena-noring-ringtrue.tsv)
================================================================================================
events: AllocateBuffer=0 FreeBuffer=0 ReallocateBuffer=0 IterationEnd=21122615
pairs=0  unpaired releases (alloc before window)=0  still live at window end=0  truncated stacks=0  address reused with no release event=0
BALANCE CHECK: allocs(0) - pairs(0) - live-at-end(0) - reuse(0) = 0  (must be 0)

== ARENATELE / RINGTELE lines, io_uring ==
RINGTELE transport=io_uring bufferRing=off ringAllocs=0 ringReads=0 ringReadBytes=0 (BUFFER_RING=off: no IoUringBufferRingConfig, no IO_URING_BUFFER_GROUP_ID, recv into channel-allocator buffers, one-shot)
RINGTELE transport=io_uring bufferRing=off ringAllocs=0 ringReads=0 ringReadBytes=0 (BUFFER_RING=off: no IoUringBufferRingConfig, no IO_URING_BUFFER_GROUP_ID, recv into channel-allocator buffers, one-shot)
ARENATELE blockSize=262144 maxBlocks=8 cap=8192 maxObjects=16384 debug=false ring=false ringStats=false arenaHeap=0 arenaDirect=1150352 delegateHeap=0 delegateDirect=1384037 arenaShare=45.39% blocksHeap=4 blocksDirect=32 pinned=0 reusable=28 maxPinnedHeap=0 maxPinnedDirect=17 blockReuses=20285 blockGrowths=28 blockSwitches=23162 ringWraps=0 ringResets=0 ringScans=0 ringReentries=0 ringStalls=0 stallBytes=0 strandedBytes=0 strandedShare=n/a holes<=256=0 holes<=1k=0 holes<=4k=0 holes<=8k=0 holes>8k=0 hooks=3716 hookRejections=0 violations=0 earlyReuses=0 reallocInPlace=0 reallocMoved=0 reallocDelegated=0 trims=0 trimmedBlocks=0 leakedBlocks=0 objects=128 bytesHeap=0 bytesDirect=6717883912 liveHeap=0 liveDirect=0
RINGTELE transport=io_uring bufferRing=off ringAllocs=0 ringReads=0 ringReadBytes=0 (BUFFER_RING=off: no IoUringBufferRingConfig, no IO_URING_BUFFER_GROUP_ID, recv into channel-allocator buffers, one-shot)
ARENATELE blockSize=262144 maxBlocks=8 cap=8192 maxObjects=16384 debug=false ring=true ringStats=false arenaHeap=0 arenaDirect=3178823 delegateHeap=0 delegateDirect=256 arenaShare=99.99% blocksHeap=4 blocksDirect=14 pinned=0 reusable=10 maxPinnedHeap=0 maxPinnedDirect=14 blockReuses=5065 blockGrowths=10 blockSwitches=49607 ringWraps=48211 ringResets=0 ringScans=187423 ringReentries=44532 ringStalls=0 stallBytes=0 strandedBytes=0 strandedShare=n/a holes<=256=0 holes<=1k=0 holes<=4k=0 holes<=8k=0 holes>8k=0 hooks=3824 hookRejections=0 violations=0 earlyReuses=0 reallocInPlace=0 reallocMoved=0 reallocDelegated=0 trims=0 trimmedBlocks=0 leakedBlocks=0 objects=128 bytesHeap=0 bytesDirect=16661664440 liveHeap=0 liveDirect=0
RINGTELE transport=io_uring bufferRing=off ringAllocs=0 ringReads=0 ringReadBytes=0 (BUFFER_RING=off: no IoUringBufferRingConfig, no IO_URING_BUFFER_GROUP_ID, recv into channel-allocator buffers, one-shot)
RINGTELE transport=io_uring bufferRing=off ringAllocs=0 ringReads=0 ringReadBytes=0 (BUFFER_RING=off: no IoUringBufferRingConfig, no IO_URING_BUFFER_GROUP_ID, recv into channel-allocator buffers, one-shot)
ARENATELE blockSize=262144 maxBlocks=8 cap=8192 maxObjects=16384 debug=false ring=false ringStats=false arenaHeap=0 arenaDirect=7718120 delegateHeap=0 delegateDirect=352294 arenaShare=95.63% blocksHeap=4 blocksDirect=8 pinned=0 reusable=4 maxPinnedHeap=0 maxPinnedDirect=8 blockReuses=2118 blockGrowths=4 blockSwitches=2122 ringWraps=0 ringResets=0 ringScans=0 ringReentries=0 ringStalls=0 stallBytes=0 strandedBytes=0 strandedShare=n/a holes<=256=0 holes<=1k=0 holes<=4k=0 holes<=8k=0 holes>8k=0 hooks=10908 hookRejections=0 violations=0 earlyReuses=0 reallocInPlace=0 reallocMoved=0 reallocDelegated=16 trims=0 trimmedBlocks=0 leakedBlocks=0 objects=1296 bytesHeap=0 bytesDirect=716335632 liveHeap=0 liveDirect=0
RINGTELE transport=io_uring bufferRing=off ringAllocs=0 ringReads=0 ringReadBytes=0 (BUFFER_RING=off: no IoUringBufferRingConfig, no IO_URING_BUFFER_GROUP_ID, recv into channel-allocator buffers, one-shot)
ARENATELE blockSize=262144 maxBlocks=8 cap=8192 maxObjects=16384 debug=false ring=true ringStats=false arenaHeap=0 arenaDirect=7441514 delegateHeap=0 delegateDirect=353519 arenaShare=95.46% blocksHeap=4 blocksDirect=5 pinned=0 reusable=1 maxPinnedHeap=0 maxPinnedDirect=4 blockReuses=0 blockGrowths=1 blockSwitches=1 ringWraps=2114 ringResets=8 ringScans=3722 ringReentries=0 ringStalls=0 stallBytes=0 strandedBytes=0 strandedShare=n/a holes<=256=0 holes<=1k=0 holes<=4k=0 holes<=8k=0 holes>8k=0 hooks=16293 hookRejections=0 violations=0 earlyReuses=0 reallocInPlace=0 reallocMoved=0 reallocDelegated=16 trims=0 trimmedBlocks=0 leakedBlocks=0 objects=1296 bytesHeap=0 bytesDirect=690666336 liveHeap=0 liveDirect=0
RINGTELE transport=io_uring bufferRing=off ringAllocs=0 ringReads=0 ringReadBytes=0 (BUFFER_RING=off: no IoUringBufferRingConfig, no IO_URING_BUFFER_GROUP_ID, recv into channel-allocator buffers, one-shot)
RINGTELE transport=io_uring bufferRing=off ringAllocs=0 ringReads=0 ringReadBytes=0 (BUFFER_RING=off: no IoUringBufferRingConfig, no IO_URING_BUFFER_GROUP_ID, recv into channel-allocator buffers, one-shot)
ARENATELE blockSize=262144 maxBlocks=8 cap=8192 maxObjects=16384 debug=false ring=false ringStats=false arenaHeap=0 arenaDirect=11517459 delegateHeap=0 delegateDirect=504830 arenaShare=95.80% blocksHeap=4 blocksDirect=8 pinned=0 reusable=4 maxPinnedHeap=0 maxPinnedDirect=8 blockReuses=251 blockGrowths=4 blockSwitches=255 ringWraps=0 ringResets=0 ringScans=0 ringReentries=0 ringStalls=0 stallBytes=0 strandedBytes=0 strandedShare=n/a holes<=256=0 holes<=1k=0 holes<=4k=0 holes<=8k=0 holes>8k=0 hooks=10275 hookRejections=0 violations=0 earlyReuses=0 reallocInPlace=0 reallocMoved=0 reallocDelegated=141 trims=0 trimmedBlocks=0 leakedBlocks=0 objects=524 bytesHeap=0 bytesDirect=241429800 liveHeap=0 liveDirect=0
RINGTELE transport=io_uring bufferRing=off ringAllocs=0 ringReads=0 ringReadBytes=0 (BUFFER_RING=off: no IoUringBufferRingConfig, no IO_URING_BUFFER_GROUP_ID, recv into channel-allocator buffers, one-shot)
ARENATELE blockSize=262144 maxBlocks=8 cap=8192 maxObjects=16384 debug=false ring=true ringStats=false arenaHeap=0 arenaDirect=11455371 delegateHeap=0 delegateDirect=514530 arenaShare=95.70% blocksHeap=4 blocksDirect=6 pinned=0 reusable=2 maxPinnedHeap=0 maxPinnedDirect=5 blockReuses=0 blockGrowths=2 blockSwitches=2 ringWraps=146 ringResets=14 ringScans=220 ringReentries=0 ringStalls=0 stallBytes=0 strandedBytes=0 strandedShare=n/a holes<=256=0 holes<=1k=0 holes<=4k=0 holes<=8k=0 holes>8k=0 hooks=13005 hookRejections=0 violations=0 earlyReuses=0 reallocInPlace=0 reallocMoved=0 reallocDelegated=206 trims=0 trimmedBlocks=0 leakedBlocks=0 objects=520 bytesHeap=0 bytesDirect=238076184 liveHeap=0 liveDirect=0
RINGTELE transport=io_uring bufferRing=off ringAllocs=0 ringReads=0 ringReadBytes=0 (BUFFER_RING=off: no IoUringBufferRingConfig, no IO_URING_BUFFER_GROUP_ID, recv into channel-allocator buffers, one-shot)
RINGTELE transport=io_uring bufferRing=off ringAllocs=0 ringReads=0 ringReadBytes=0 (BUFFER_RING=off: no IoUringBufferRingConfig, no IO_URING_BUFFER_GROUP_ID, recv into channel-allocator buffers, one-shot)
ARENATELE blockSize=262144 maxBlocks=8 cap=8192 maxObjects=16384 debug=false ring=false ringStats=false arenaHeap=0 arenaDirect=13184 delegateHeap=0 delegateDirect=1984 arenaShare=86.92% blocksHeap=4 blocksDirect=4 pinned=4 reusable=0 maxPinnedHeap=0 maxPinnedDirect=4 blockReuses=0 blockGrowths=0 blockSwitches=0 ringWraps=0 ringResets=0 ringScans=0 ringReentries=0 ringStalls=0 stallBytes=0 strandedBytes=0 strandedShare=n/a holes<=256=0 holes<=1k=0 holes<=4k=0 holes<=8k=0 holes>8k=0 hooks=78 hookRejections=0 violations=0 earlyReuses=0 reallocInPlace=0 reallocMoved=0 reallocDelegated=0 trims=0 trimmedBlocks=0 leakedBlocks=0 objects=2240 bytesHeap=0 bytesDirect=442368 liveHeap=0 liveDirect=0
RINGTELE transport=io_uring bufferRing=off ringAllocs=0 ringReads=0 ringReadBytes=0 (BUFFER_RING=off: no IoUringBufferRingConfig, no IO_URING_BUFFER_GROUP_ID, recv into channel-allocator buffers, one-shot)
ARENATELE blockSize=262144 maxBlocks=8 cap=8192 maxObjects=16384 debug=false ring=true ringStats=false arenaHeap=0 arenaDirect=13184 delegateHeap=0 delegateDirect=1984 arenaShare=86.92% blocksHeap=4 blocksDirect=4 pinned=4 reusable=0 maxPinnedHeap=0 maxPinnedDirect=4 blockReuses=0 blockGrowths=0 blockSwitches=0 ringWraps=0 ringResets=0 ringScans=0 ringReentries=0 ringStalls=0 stallBytes=0 strandedBytes=0 strandedShare=n/a holes<=256=0 holes<=1k=0 holes<=4k=0 holes<=8k=0 holes>8k=0 hooks=73 hookRejections=0 violations=0 earlyReuses=0 reallocInPlace=0 reallocMoved=0 reallocDelegated=0 trims=0 trimmedBlocks=0 leakedBlocks=0 objects=2240 bytesHeap=0 bytesDirect=442368 liveHeap=0 liveDirect=0
RINGTELE transport=io_uring bufferRing=off ringAllocs=0 ringReads=0 ringReadBytes=0 (BUFFER_RING=off: no IoUringBufferRingConfig, no IO_URING_BUFFER_GROUP_ID, recv into channel-allocator buffers, one-shot)
RINGTELE transport=io_uring bufferRing=off ringAllocs=0 ringReads=0 ringReadBytes=0 (BUFFER_RING=off: no IoUringBufferRingConfig, no IO_URING_BUFFER_GROUP_ID, recv into channel-allocator buffers, one-shot)
ARENATELE blockSize=262144 maxBlocks=8 cap=8192 maxObjects=16384 debug=false ring=false ringStats=false arenaHeap=0 arenaDirect=202028 delegateHeap=0 delegateDirect=1332045 arenaShare=13.17% blocksHeap=4 blocksDirect=4 pinned=0 reusable=0 maxPinnedHeap=0 maxPinnedDirect=4 blockReuses=0 blockGrowths=0 blockSwitches=0 ringWraps=0 ringResets=0 ringScans=0 ringReentries=0 ringStalls=0 stallBytes=0 strandedBytes=0 strandedShare=n/a holes<=256=0 holes<=1k=0 holes<=4k=0 holes<=8k=0 holes>8k=0 hooks=66442 hookRejections=0 violations=0 earlyReuses=0 reallocInPlace=0 reallocMoved=0 reallocDelegated=0 trims=0 trimmedBlocks=0 leakedBlocks=0 objects=72 bytesHeap=0 bytesDirect=6785920 liveHeap=0 liveDirect=0
RINGTELE transport=io_uring bufferRing=off ringAllocs=0 ringReads=0 ringReadBytes=0 (BUFFER_RING=off: no IoUringBufferRingConfig, no IO_URING_BUFFER_GROUP_ID, recv into channel-allocator buffers, one-shot)
ARENATELE blockSize=262144 maxBlocks=8 cap=8192 maxObjects=16384 debug=false ring=true ringStats=false arenaHeap=0 arenaDirect=199000 delegateHeap=0 delegateDirect=1440261 arenaShare=12.14% blocksHeap=4 blocksDirect=4 pinned=0 reusable=0 maxPinnedHeap=0 maxPinnedDirect=4 blockReuses=0 blockGrowths=0 blockSwitches=0 ringWraps=0 ringResets=0 ringScans=0 ringReentries=0 ringStalls=0 stallBytes=0 strandedBytes=0 strandedShare=n/a holes<=256=0 holes<=1k=0 holes<=4k=0 holes<=8k=0 holes>8k=0 hooks=81206 hookRejections=0 violations=0 earlyReuses=0 reallocInPlace=0 reallocMoved=0 reallocDelegated=0 trims=0 trimmedBlocks=0 leakedBlocks=0 objects=72 bytesHeap=0 bytesDirect=6689024 liveHeap=0 liveDirect=0
RINGTELE transport=io_uring bufferRing=off ringAllocs=0 ringReads=0 ringReadBytes=0 (BUFFER_RING=off: no IoUringBufferRingConfig, no IO_URING_BUFFER_GROUP_ID, recv into channel-allocator buffers, one-shot)
RINGTELE transport=io_uring bufferRing=off ringAllocs=0 ringReads=0 ringReadBytes=0 (BUFFER_RING=off: no IoUringBufferRingConfig, no IO_URING_BUFFER_GROUP_ID, recv into channel-allocator buffers, one-shot)
ARENATELE blockSize=262144 maxBlocks=8 cap=8192 maxObjects=16384 debug=false ring=false ringStats=false arenaHeap=0 arenaDirect=857256 delegateHeap=0 delegateDirect=530754 arenaShare=61.76% blocksHeap=4 blocksDirect=32 pinned=1 reusable=28 maxPinnedHeap=0 maxPinnedDirect=12 blockReuses=25158 blockGrowths=28 blockSwitches=25210 ringWraps=0 ringResets=0 ringScans=0 ringReentries=0 ringStalls=0 stallBytes=0 strandedBytes=0 strandedShare=n/a holes<=256=0 holes<=1k=0 holes<=4k=0 holes<=8k=0 holes>8k=0 hooks=106169 hookRejections=0 violations=0 earlyReuses=0 reallocInPlace=0 reallocMoved=0 reallocDelegated=0 trims=0 trimmedBlocks=0 leakedBlocks=0 objects=102 bytesHeap=0 bytesDirect=6594576384 liveHeap=0 liveDirect=0
RINGTELE transport=io_uring bufferRing=off ringAllocs=0 ringReads=0 ringReadBytes=0 (BUFFER_RING=off: no IoUringBufferRingConfig, no IO_URING_BUFFER_GROUP_ID, recv into channel-allocator buffers, one-shot)
ARENATELE blockSize=262144 maxBlocks=8 cap=8192 maxObjects=16384 debug=false ring=true ringStats=false arenaHeap=0 arenaDirect=895426 delegateHeap=0 delegateDirect=553155 arenaShare=61.81% blocksHeap=4 blocksDirect=8 pinned=3 reusable=3 maxPinnedHeap=0 maxPinnedDirect=8 blockReuses=411 blockGrowths=4 blockSwitches=499 ringWraps=26200 ringResets=0 ringScans=80393 ringReentries=84 ringStalls=0 stallBytes=0 strandedBytes=0 strandedShare=n/a holes<=256=0 holes<=1k=0 holes<=4k=0 holes<=8k=0 holes>8k=0 hooks=100920 hookRejections=0 violations=0 earlyReuses=0 reallocInPlace=0 reallocMoved=0 reallocDelegated=0 trims=0 trimmedBlocks=0 leakedBlocks=0 objects=100 bytesHeap=0 bytesDirect=6881267712 liveHeap=0 liveDirect=0
RINGTELE transport=io_uring bufferRing=off ringAllocs=0 ringReads=0 ringReadBytes=0 (BUFFER_RING=off: no IoUringBufferRingConfig, no IO_URING_BUFFER_GROUP_ID, recv into channel-allocator buffers, one-shot)
RINGTELE transport=io_uring bufferRing=off ringAllocs=0 ringReads=0 ringReadBytes=0 (BUFFER_RING=off: no IoUringBufferRingConfig, no IO_URING_BUFFER_GROUP_ID, recv into channel-allocator buffers, one-shot)
ARENATELE blockSize=262144 maxBlocks=8 cap=8192 maxObjects=16384 debug=false ring=false ringStats=false arenaHeap=0 arenaDirect=408 delegateHeap=0 delegateDirect=384 arenaShare=51.52% blocksHeap=8 blocksDirect=13 pinned=9 reusable=0 maxPinnedHeap=0 maxPinnedDirect=9 blockReuses=0 blockGrowths=5 blockSwitches=5 ringWraps=0 ringResets=0 ringScans=0 ringReentries=0 ringStalls=0 stallBytes=0 strandedBytes=0 strandedShare=n/a holes<=256=0 holes<=1k=0 holes<=4k=0 holes<=8k=0 holes>8k=0 hooks=111 hookRejections=0 violations=470 earlyReuses=0 reallocInPlace=0 reallocMoved=0 reallocDelegated=0 trims=0 trimmedBlocks=0 leakedBlocks=0 objects=370 bytesHeap=0 bytesDirect=2187264 liveHeap=0 liveDirect=344
RINGTELE transport=io_uring bufferRing=off ringAllocs=0 ringReads=0 ringReadBytes=0 (BUFFER_RING=off: no IoUringBufferRingConfig, no IO_URING_BUFFER_GROUP_ID, recv into channel-allocator buffers, one-shot)
ARENATELE blockSize=262144 maxBlocks=8 cap=8192 maxObjects=16384 debug=false ring=true ringStats=false arenaHeap=0 arenaDirect=422 delegateHeap=0 delegateDirect=384 arenaShare=52.36% blocksHeap=8 blocksDirect=15 pinned=11 reusable=0 maxPinnedHeap=0 maxPinnedDirect=11 blockReuses=0 blockGrowths=7 blockSwitches=7 ringWraps=0 ringResets=0 ringScans=7 ringReentries=0 ringStalls=0 stallBytes=0 strandedBytes=0 strandedShare=n/a holes<=256=0 holes<=1k=0 holes<=4k=0 holes<=8k=0 holes>8k=0 hooks=136 hookRejections=0 violations=486 earlyReuses=0 reallocInPlace=0 reallocMoved=0 reallocDelegated=0 trims=0 trimmedBlocks=0 leakedBlocks=0 objects=403 bytesHeap=0 bytesDirect=2320384 liveHeap=0 liveDirect=358
