starting benchmark...
spawning thread #0: 16 total client(s). Timing-based test with 0s of warm-up time and 8s of main duration for measurements.
spawning thread #1: 16 total client(s). Timing-based test with 0s of warm-up time and 8s of main duration for measurements.
spawning thread #2: 16 total client(s). Timing-based test with 0s of warm-up time and 8s of main duration for measurements.
spawning thread #3: 16 total client(s). Timing-based test with 0s of warm-up time and 8s of main duration for measurements.
Warm-up started for thread #1.
Warm-up started for thread #3.
Warm-up started for thread #2.
Warm-up started for thread #0.
progress: 6% of clients started
progress: 12% of clients started
progress: 18% of clients started
progress: 25% of clients started
progress: 31% of clients started
progress: 37% of clients started
progress: 43% of clients started
progress: 50% of clients started
progress: 56% of clients started
progress: 62% of clients started
progress: 68% of clients started
progress: 75% of clients started
progress: 81% of clients started
progress: 87% of clients started
progress: 93% of clients started
Warm-up phase is over for thread #2.
Warm-up phase is over for thread #3.
Main benchmark duration is started for thread #3.
Warm-up phase is over for thread #1.
Main benchmark duration is started for thread #1.
progress: 100% of clients started
Main benchmark duration is started for thread #2.
Warm-up phase is over for thread #0.
Main benchmark duration is started for thread #0.
Application protocol: http/1.1
Main benchmark duration is over for thread #3. Stopping all clients.
Stopped all clients for thread #3
Main benchmark duration is over for thread #1. Stopping all clients.
Stopped all clients for thread #1
Main benchmark duration is over for thread #2. Stopping all clients.
Stopped all clients for thread #2
Main benchmark duration is over for thread #0. Stopping all clients.
Stopped all clients for thread #0

finished in 8.00s, 93624.25 req/s, 404.11MB/s
requests: 748994 total, 749058 started, 748994 done, 748994 succeeded, 0 failed, 0 errored, 0 timeout
status codes: 749011 2xx, 0 3xx, 0 4xx, 0 5xx
traffic: 3.16GB (3389950200) total, 83.58MB (87635574) headers (space savings 0.00%), 3.05GB (3273196254) data
                     min         max         mean         sd        +/- sd
time for request:       84us    118.11ms       683us      1.27ms    99.18%
time for connect:        2us       214us       116us        62us    60.94%
time to 1st byte:   116.90ms    118.14ms    117.45ms       364us    59.38%
req/s           :    1443.95     1483.06     1462.83       10.48    54.69%
