starting benchmark...
spawning thread #0: 16 total client(s). Timing-based test with 0s of warm-up time and 8s of main duration for measurements.
spawning thread #1: 16 total client(s). Timing-based test with 0s of warm-up time and 8s of main duration for measurements.
spawning thread #2: 16 total client(s). Timing-based test with 0s of warm-up time and 8s of main duration for measurements.
spawning thread #3: 16 total client(s). Timing-based test with 0s of warm-up time and 8s of main duration for measurements.
Warm-up started for thread #0.
Warm-up started for thread #1.
Warm-up started for thread #3.
Warm-up started for thread #2.
progress: 6% of clients started
progress: 12% of clients started
progress: 18% of clients started
progress: 25% of clients started
progress: 31% of clients started
progress: 37% of clients started
progress: 43% of clients started
progress: 50% of clients started
progress: 56% of clients started
progress: 62% of clients started
progress: 68% of clients started
progress: 75% of clients started
progress: 81% of clients started
Warm-up phase is over for thread #1.
Main benchmark duration is started for thread #1.
progress: 87% of clients started
Warm-up phase is over for thread #3.
Main benchmark duration is started for thread #3.
Warm-up phase is over for thread #2.
Main benchmark duration is started for thread #2.
progress: 93% of clients started
progress: 100% of clients started
Warm-up phase is over for thread #0.
Main benchmark duration is started for thread #0.
Application protocol: http/1.1
Main benchmark duration is over for thread #1. Stopping all clients.
Stopped all clients for thread #1
Main benchmark duration is over for thread #3. Stopping all clients.
Stopped all clients for thread #3
Main benchmark duration is over for thread #2. Stopping all clients.
Stopped all clients for thread #2
Main benchmark duration is over for thread #0. Stopping all clients.
Stopped all clients for thread #0

finished in 8.00s, 99340.50 req/s, 428.79MB/s
requests: 794724 total, 794788 started, 794724 done, 794724 succeeded, 0 failed, 0 errored, 0 timeout
status codes: 794740 2xx, 0 3xx, 0 4xx, 0 5xx
traffic: 3.35GB (3596924024) total, 88.68MB (92986218) headers (space savings 0.00%), 3.23GB (3473049464) data
                     min         max         mean         sd        +/- sd
time for request:       90us    119.04ms       644us      1.21ms    99.31%
time for connect:        2us       199us       105us        57us    59.38%
time to 1st byte:   118.55ms    119.08ms    118.80ms       128us    64.06%
req/s           :    1537.04     1569.44     1552.14       11.49    54.69%
