starting benchmark...
spawning thread #0: 4 total client(s). Timing-based test with 0s of warm-up time and 8s of main duration for measurements.
spawning thread #1: 4 total client(s). Timing-based test with 0s of warm-up time and 8s of main duration for measurements.
spawning thread #2: 4 total client(s). Timing-based test with 0s of warm-up time and 8s of main duration for measurements.
spawning thread #3: 4 total client(s). Timing-based test with 0s of warm-up time and 8s of main duration for measurements.
Warm-up started for thread #0.
Warm-up started for thread #1.
Warm-up started for thread #2.
Warm-up started for thread #3.
progress: 25% of clients started
progress: 50% of clients started
progress: 75% of clients started
progress: 100% of clients started
Warm-up phase is over for thread #1.
Main benchmark duration is started for thread #1.
Warm-up phase is over for thread #2.
Warm-up phase is over for thread #0.
Main benchmark duration is started for thread #0.
Warm-up phase is over for thread #Application protocol: h2c
3.
Main benchmark duration is started for thread #3.
Main benchmark duration is started for thread #2.
Main benchmark duration is over for thread #2. Stopping all clients.
Main benchmark duration is over for thread #Stopped all clients for thread #2
0. Stopping all clients.
Stopped all clients for thread #0
Main benchmark duration is over for thread #Main benchmark duration is over for thread #3. Stopping all clients.1
Stopped all clients for thread #3
. Stopping all clients.
Stopped all clients for thread #1

finished in 8.00s, 308677.00 req/s, 9.31MB/s
requests: 2469416 total, 2469928 started, 2469416 done, 2469416 succeeded, 0 failed, 0 errored, 0 timeout
status codes: 2469800 2xx, 0 3xx, 0 4xx, 0 5xx
traffic: 74.48MB (78099419) total, 2.36MB (2469800) headers (space savings 90.00%), 25.91MB (27163576) data
                     min         max         mean         sd        +/- sd
time for request:      582us    202.75ms      1.67ms      3.94ms    97.24%
time for connect:       16us       146us        77us        45us    50.00%
time to 1st byte:   168.01ms    168.44ms    168.23ms       153us    56.25%
req/s           :   18562.34    19702.80    19291.90      457.11    75.00%
