starting benchmark...
spawning thread #0: 4 total client(s). Timing-based test with 0s of warm-up time and 8s of main duration for measurements.
spawning thread #1: 4 total client(s). Timing-based test with 0s of warm-up time and 8s of main duration for measurements.
spawning thread #2: 4 total client(s). Timing-based test with 0s of warm-up time and 8s of main duration for measurements.
spawning thread #3: 4 total client(s). Timing-based test with 0s of warm-up time and 8s of main duration for measurements.
Warm-up started for thread #3.
Warm-up started for thread #0.
Warm-up started for thread #2.
Warm-up started for thread #1.
progress: 25% of clients started
progress: 50% of clients started
progress: 75% of clients started
progress: 100% of clients started
Warm-up phase is over for thread #3.
Main benchmark duration is started for thread #3.
Warm-up phase is over for thread #0.
Main benchmark duration is started for thread #0.Warm-up phase is over for thread #1
Warm-up phase is over for thread #2.
Main benchmark duration is started for thread #2.
Application protocol: h2c
.
Main benchmark duration is started for thread #1.
Main benchmark duration is over for thread #0. Stopping all clients.
Stopped all clients for thread #0
Main benchmark duration is over for thread #1. Stopping all clients.
Stopped all clients for thread #1
Main benchmark duration is over for thread #3. Stopping all clients.
Stopped all clients for thread #3
Main benchmark duration is over for thread #2. Stopping all clients.
Stopped all clients for thread #2

finished in 8.00s, 257262.00 req/s, 7.76MB/s
requests: 2058096 total, 2058608 started, 2058096 done, 2058096 succeeded, 0 failed, 0 errored, 0 timeout
status codes: 2058480 2xx, 0 3xx, 0 4xx, 0 5xx
traffic: 62.08MB (65091424) total, 1.96MB (2058480) headers (space savings 90.00%), 21.59MB (22639056) data
                     min         max         mean         sd        +/- sd
time for request:      444us    198.03ms      1.85ms      4.36ms    97.39%
time for connect:       16us       146us        75us        43us    62.50%
time to 1st byte:   163.32ms    164.15ms    163.70ms       330us    62.50%
req/s           :   15850.54    16236.68    16078.56      125.27    75.00%
