starting benchmark...
spawning thread #0: 2 total client(s). Timing-based test with 0s of warm-up time and 8s of main duration for measurements.
spawning thread #1: 2 total client(s). Timing-based test with 0s of warm-up time and 8s of main duration for measurements.
spawning thread #2: 2 total client(s). Timing-based test with 0s of warm-up time and 8s of main duration for measurements.
spawning thread #3: 2 total client(s). Timing-based test with 0s of warm-up time and 8s of main duration for measurements.
Warm-up started for thread #3.
Warm-up started for thread #1.
Warm-up started for thread #0.
Warm-up started for thread #2.
progress: 50% of clients started
Warm-up phase is over for thread #3.
Main benchmark duration is started for thread #3.
Warm-up phase is over for thread #1.
Main benchmark duration is started for thread #1.
progress: 100% of clients started
Warm-up phase is over for thread #2.
Main benchmark duration is started for thread #2.
Warm-up phase is over for thread #0.
Main benchmark duration is started for thread #0.
Application protocol: h2c
Main benchmark duration is over for thread #3. Stopping all clients.
Stopped all clients for thread #3
Main benchmark duration is over for thread #0. Stopping all clients.
Stopped all clients for thread #0
Main benchmark duration is over for thread #1. Stopping all clients.
Stopped all clients for thread #1
Main benchmark duration is over for thread #2. Stopping all clients.
Stopped all clients for thread #2

finished in 8.00s, 20769.38 req/s, 1.28GB/s
requests: 166155 total, 166283 started, 166155 done, 166155 succeeded, 0 failed, 0 errored, 0 timeout
status codes: 166274 2xx, 0 3xx, 0 4xx, 0 5xx
traffic: 10.24GB (10996773088) total, 162.38KB (166274) headers (space savings 90.00%), 10.15GB (10893111081) data
                     min         max         mean         sd        +/- sd
time for request:     3.46ms    242.08ms      6.14ms      7.91ms    97.48%
time for connect:       13us        47us        29us        13us    62.50%
time to 1st byte:   140.79ms    141.06ms    140.93ms       118us    50.00%
req/s           :    2559.68     2632.84     2596.14       29.89    50.00%
