starting benchmark...
spawning thread #0: 2 total client(s). Timing-based test with 0s of warm-up time and 8s of main duration for measurements.
spawning thread #1: 2 total client(s). Timing-based test with 0s of warm-up time and 8s of main duration for measurements.
spawning thread #2: 2 total client(s). Timing-based test with 0s of warm-up time and 8s of main duration for measurements.
spawning thread #3: 2 total client(s). Timing-based test with 0s of warm-up time and 8s of main duration for measurements.
Warm-up started for thread #0.
Warm-up started for thread #2.
Warm-up started for thread #1.
Warm-up started for thread #3.
progress: 50% of clients started
progress: 100% of clients started
Warm-up phase is over for thread #2.
Warm-up phase is over for thread #0.
Main benchmark duration is started for thread #Main benchmark duration is started for thread #0.
Warm-up phase is over for thread #1.
2.
Main benchmark duration is started for thread #1.
Application protocol: h2c
Warm-up phase is over for thread #3.
Main benchmark duration is started for thread #3.
Main benchmark duration is over for thread #2. Stopping all clients.
Stopped all clients for thread #2
Main benchmark duration is over for thread #0. Stopping all clients.
Stopped all clients for thread #0
Main benchmark duration is over for thread #3. Stopping all clients.Main benchmark duration is over for thread #
1. Stopping all clients.Stopped all clients for thread #3

Stopped all clients for thread #1

finished in 8.00s, 16784.62 req/s, 1.03GB/s
requests: 134277 total, 134405 started, 134277 done, 134277 succeeded, 0 failed, 0 errored, 0 timeout
status codes: 134398 2xx, 0 3xx, 0 4xx, 0 5xx
traffic: 8.28GB (8887591417) total, 131.25KB (134398) headers (space savings 90.00%), 8.20GB (8803948256) data
                     min         max         mean         sd        +/- sd
time for request:     3.29ms    237.40ms      7.60ms     10.35ms    95.18%
time for connect:       12us        55us        33us        17us    50.00%
time to 1st byte:   134.41ms    134.60ms    134.47ms        79us    75.00%
req/s           :    2072.85     2125.46     2098.05       22.41    75.00%
