starting benchmark...
spawning thread #0: 16 total client(s). Timing-based test with 0s of warm-up time and 8s of main duration for measurements.
spawning thread #1: 16 total client(s). Timing-based test with 0s of warm-up time and 8s of main duration for measurements.
spawning thread #2: 16 total client(s). Timing-based test with 0s of warm-up time and 8s of main duration for measurements.
spawning thread #3: 16 total client(s). Timing-based test with 0s of warm-up time and 8s of main duration for measurements.
Warm-up started for thread #Warm-up started for thread #Warm-up started for thread #0.
1.
Warm-up started for thread #2.
3.
progress: 6% of clients started
progress: 12% of clients started
progress: 18% of clients started
progress: 25% of clients started
progress: 31% of clients started
progress: 37% of clients started
progress: 43% of clients started
progress: 50% of clients started
progress: 56% of clients started
progress: 62% of clients started
progress: 68% of clients started
progress: 75% of clients started
progress: 81% of clients started
progress: 87% of clients started
progress: 93% of clients started
Warm-up phase is over for thread #2.
Main benchmark duration is started for thread #2.
Warm-up phase is over for thread #3.Warm-up phase is over for thread #
1.
progress: 100Main benchmark duration is started for thread #% of clients started1
.
Main benchmark duration is started for thread #3.
Warm-up phase is over for thread #0.
Main benchmark duration is started for thread #0.
Application protocol: http/1.1
Main benchmark duration is over for thread #0. Stopping all clients.
Stopped all clients for thread #0
Main benchmark duration is over for thread #1. Stopping all clients.
Stopped all clients for thread #1
Main benchmark duration is over for thread #2. Stopping all clients.
Stopped all clients for thread #2
Main benchmark duration is over for thread #3. Stopping all clients.
Stopped all clients for thread #3

finished in 8.00s, 12425.12 req/s, 485.36KB/s
requests: 99401 total, 99465 started, 99401 done, 99401 succeeded, 0 failed, 0 errored, 0 timeout
status codes: 99401 2xx, 0 3xx, 0 4xx, 0 5xx
traffic: 3.79MB (3976040) total, 1.42MB (1491375) headers (space savings 0.00%), 194.19KB (198850) data
                     min         max         mean         sd        +/- sd
time for request:      646us    131.22ms      5.15ms      3.46ms    99.54%
time for connect:        2us       390us       193us       114us    56.25%
time to 1st byte:   129.35ms    131.38ms    130.34ms       535us    65.63%
req/s           :     193.28      194.74      194.09        0.29    68.75%
