starting benchmark...
spawning thread #0: 16 total client(s). Timing-based test with 0s of warm-up time and 8s of main duration for measurements.
spawning thread #1: 16 total client(s). Timing-based test with 0s of warm-up time and 8s of main duration for measurements.
spawning thread #2: 16 total client(s). Timing-based test with 0s of warm-up time and 8s of main duration for measurements.
spawning thread #3: 16 total client(s). Timing-based test with 0s of warm-up time and 8s of main duration for measurements.
Warm-up started for thread #0.
Warm-up started for thread #3.
Warm-up started for thread #1.
Warm-up started for thread #2.
progress: 6% of clients started
progress: 12% of clients started
progress: 18% of clients started
progress: 25% of clients started
progress: 31% of clients started
progress: 37% of clients started
progress: 43% of clients started
progress: 50% of clients started
progress: 56% of clients started
progress: 62% of clients started
progress: 68% of clients started
progress: 75% of clients started
progress: 81% of clients started
progress: 87% of clients started
progress: 93% of clients started
Warm-up phase is over for thread #1.
Main benchmark duration is started for thread #1.
Warm-up phase is over for thread #3.
Main benchmark duration is started for thread #3.
progress: 100% of clients started
Warm-up phase is over for thread #0.
Main benchmark duration is started for thread #0.
Application protocol: http/1.1
Warm-up phase is over for thread #2.
Main benchmark duration is started for thread #2.
Main benchmark duration is over for thread #3. Stopping all clients.
Stopped all clients for thread #3
Main benchmark duration is over for thread #1. Stopping all clients.
Stopped all clients for thread #1
Main benchmark duration is over for thread #2. Stopping all clients.
Stopped all clients for thread #2
Main benchmark duration is over for thread #0. Stopping all clients.
Stopped all clients for thread #0

finished in 8.00s, 12519.00 req/s, 489.02KB/s
requests: 100152 total, 100216 started, 100152 done, 100152 succeeded, 0 failed, 0 errored, 0 timeout
status codes: 100152 2xx, 0 3xx, 0 4xx, 0 5xx
traffic: 3.82MB (4006080) total, 1.43MB (1502805) headers (space savings 0.00%), 195.68KB (200374) data
                     min         max         mean         sd        +/- sd
time for request:      429us    120.44ms      5.11ms      3.07ms    99.50%
time for connect:        2us       404us       198us       118us    59.38%
time to 1st byte:   111.84ms    120.52ms    114.52ms      3.11ms    79.69%
req/s           :     194.09      196.79      195.55        0.77    64.06%
