starting benchmark...
spawning thread #0: 16 total client(s). Timing-based test with 0s of warm-up time and 8s of main duration for measurements.
spawning thread #1: 16 total client(s). Timing-based test with 0s of warm-up time and 8s of main duration for measurements.
spawning thread #2: 16 total client(s). Timing-based test with 0s of warm-up time and 8s of main duration for measurements.
spawning thread #3: 16 total client(s). Timing-based test with 0s of warm-up time and 8s of main duration for measurements.
Warm-up started for thread #2.
Warm-up started for thread #1.
Warm-up started for thread #0.
Warm-up started for thread #3.
progress: 6% of clients started
progress: 12% of clients started
progress: 18% of clients started
progress: 25% of clients started
progress: 31% of clients started
progress: 37% of clients started
progress: 43% of clients started
progress: 50% of clients started
progress: 56% of clients started
progress: 62% of clients started
progress: 68% of clients started
progress: 75% of clients started
progress: 81% of clients started
progress: 87% of clients started
progress: 93% of clients started
Warm-up phase is over for thread #Warm-up phase is over for thread #2.
1Main benchmark duration is started for thread #2.
.
Main benchmark duration is started for thread #1.
progress: 100% of clients started
Warm-up phase is over for thread #3.
Main benchmark duration is started for thread #3.
Warm-up phase is over for thread #0.
Main benchmark duration is started for thread #0.
Application protocol: http/1.1
Main benchmark duration is over for thread #2. Stopping all clients.
Stopped all clients for thread #2
Main benchmark duration is over for thread #1. Stopping all clients.
Stopped all clients for thread #1
Main benchmark duration is over for thread #3. Stopping all clients.
Stopped all clients for thread #3
Main benchmark duration is over for thread #0. Stopping all clients.
Stopped all clients for thread #0

finished in 8.00s, 53720.75 req/s, 231.88MB/s
requests: 429766 total, 429830 started, 429766 done, 429766 succeeded, 0 failed, 0 errored, 0 timeout
status codes: 429784 2xx, 0 3xx, 0 4xx, 0 5xx
traffic: 1.81GB (1945128524) total, 47.96MB (50285313) headers (space savings 0.00%), 1.75GB (1878104344) data
                     min         max         mean         sd        +/- sd
time for request:      463us    136.38ms      1.19ms      1.75ms    98.45%
time for connect:        2us       253us       120us        64us    62.50%
time to 1st byte:   128.48ms    134.84ms    130.68ms      1.72ms    75.00%
req/s           :     833.13      845.73      839.33        3.70    64.06%
