starting benchmark...
spawning thread #0: 16 total client(s). Timing-based test with 0s of warm-up time and 8s of main duration for measurements.
spawning thread #1: 16 total client(s). Timing-based test with 0s of warm-up time and 8s of main duration for measurements.
spawning thread #2: 16 total client(s). Timing-based test with 0s of warm-up time and 8s of main duration for measurements.
spawning thread #3: 16 total client(s). Timing-based test with 0s of warm-up time and 8s of main duration for measurements.
Warm-up started for thread #3.
Warm-up started for thread #Warm-up started for thread #2.
1Warm-up started for thread #0.
.
progress: 6% of clients started
progress: 12% of clients started
progress: 18% of clients started
progress: 25% of clients started
progress: 31% of clients started
progress: 37% of clients started
progress: 43% of clients started
progress: 50% of clients started
progress: 56% of clients started
progress: 62% of clients started
progress: 68% of clients started
progress: 75% of clients started
Warm-up phase is over for thread #2.
Main benchmark duration is started for thread #2.
Warm-up phase is over for thread #3.
Main benchmark duration is started for thread #3.
progress: 81% of clients started
progress: 87% of clients started
progress: 93% of clients started
progress: Warm-up phase is over for thread #1001.% of clients started
Main benchmark duration is started for thread #1.

Warm-up phase is over for thread #0.
Main benchmark duration is started for thread #0.
Application protocol: http/1.1
Main benchmark duration is over for thread #2. Stopping all clients.
Stopped all clients for thread #2
Main benchmark duration is over for thread #3. Stopping all clients.
Stopped all clients for thread #3
Main benchmark duration is over for thread #0. Stopping all clients.
Stopped all clients for thread #0
Main benchmark duration is over for thread #1. Stopping all clients.
Stopped all clients for thread #1

finished in 8.00s, 55592.00 req/s, 239.95MB/s
requests: 444736 total, 444800 started, 444736 done, 444736 succeeded, 0 failed, 0 errored, 0 timeout
status codes: 444748 2xx, 0 3xx, 0 4xx, 0 5xx
traffic: 1.87GB (2012877712) total, 49.63MB (52035867) headers (space savings 0.00%), 1.81GB (1943510134) data
                     min         max         mean         sd        +/- sd
time for request:      418us    133.70ms      1.15ms      1.69ms    98.56%
time for connect:        2us       245us       118us        67us    60.94%
time to 1st byte:   126.97ms    130.75ms    128.93ms      1.11ms    57.81%
req/s           :     858.72      876.49      868.55        5.54    53.13%
