# JMH version: 1.37
# VM version: JDK 21, Java HotSpot(TM) 64-Bit Server VM, 21+35-LTS-2513
# VM invoker: /home/forked_franz/.sdkman/candidates/java/21-oracle/bin/java
# VM options: -server -dsa -da -XX:InitialRAMPercentage=40.0 -XX:MaxRAMPercentage=40.0 -Dio.netty.leakDetection.level=disabled -Djmh.executor=CUSTOM -Djmh.executor.class=io.github.neoionet.netty.microbenchmark.executor.FastThreadLocalThreadHarnessExecutor -XX:MaxRAM=60g
# Blackhole mode: compiler (auto-detected, use -Djmh.blackhole.autoDetect=false to disable)
# Warmup: 10 iterations, 1 s each
# Measurement: 10 iterations, 1 s each
# Timeout: 10 min per iteration
# Threads: 32 threads, will synchronize iterations
# Benchmark mode: Average time, time/op
# Benchmark: io.github.neoionet.netty.microbenchmark.ByteBufAllocatorAllocPatternBenchmark.directAllocation
# Parameters: (MAX_LIVE_BUFFERS = 128, allocatorType = ADAPTIVE, enableReadWrite = true, sizePattern = E_COMMERCE)

# Run progress: 0.00% complete, ETA 00:28:00
# Fork: 1 of 3
# Warmup Iteration   1: 270.319 ±(99.9%) 26.623 ns/op
# Warmup Iteration   2: 299.465 ±(99.9%) 69.102 ns/op
# Warmup Iteration   3: 228.485 ±(99.9%) 32.211 ns/op
# Warmup Iteration   4: 242.499 ±(99.9%) 50.609 ns/op
# Warmup Iteration   5: 242.011 ±(99.9%) 52.030 ns/op
# Warmup Iteration   6: 292.242 ±(99.9%) 115.643 ns/op
# Warmup Iteration   7: 261.624 ±(99.9%) 65.837 ns/op
# Warmup Iteration   8: 245.573 ±(99.9%) 51.879 ns/op
# Warmup Iteration   9: 240.903 ±(99.9%) 49.192 ns/op
# Warmup Iteration  10: 231.656 ±(99.9%) 39.263 ns/op
Iteration   1: 247.114 ±(99.9%) 59.218 ns/op
Iteration   2: 241.392 ±(99.9%) 52.656 ns/op
Iteration   3: 233.437 ±(99.9%) 42.591 ns/op
Iteration   4: 245.082 ±(99.9%) 54.387 ns/op
Iteration   5: 245.776 ±(99.9%) 58.405 ns/op
Iteration   6: 231.222 ±(99.9%) 36.174 ns/op
Iteration   7: 231.894 ±(99.9%) 40.465 ns/op
Iteration   8: 230.462 ±(99.9%) 39.013 ns/op
Iteration   9: 240.905 ±(99.9%) 49.651 ns/op
Iteration  10: cRSS-pRSS:[1798, 1798]
;used-memory:[195]
240.049 ±(99.9%) 49.817 ns/op

# Run progress: 1.19% complete, ETA 00:33:14
# Fork: 2 of 3
# Warmup Iteration   1: 275.402 ±(99.9%) 29.847 ns/op
# Warmup Iteration   2: 376.592 ±(99.9%) 55.367 ns/op
# Warmup Iteration   3: 225.031 ±(99.9%) 31.127 ns/op
# Warmup Iteration   4: 226.514 ±(99.9%) 37.855 ns/op
# Warmup Iteration   5: 232.602 ±(99.9%) 37.625 ns/op
# Warmup Iteration   6: 251.521 ±(99.9%) 65.362 ns/op
# Warmup Iteration   7: 246.357 ±(99.9%) 60.441 ns/op
# Warmup Iteration   8: 231.505 ±(99.9%) 45.644 ns/op
# Warmup Iteration   9: 231.630 ±(99.9%) 42.648 ns/op
# Warmup Iteration  10: 240.461 ±(99.9%) 56.938 ns/op
Iteration   1: 235.355 ±(99.9%) 42.306 ns/op
Iteration   2: 244.573 ±(99.9%) 57.868 ns/op
Iteration   3: 219.249 ±(99.9%) 25.480 ns/op
Iteration   4: 228.364 ±(99.9%) 38.818 ns/op
Iteration   5: 237.618 ±(99.9%) 52.808 ns/op
Iteration   6: 238.163 ±(99.9%) 47.917 ns/op
Iteration   7: 249.356 ±(99.9%) 70.111 ns/op
Iteration   8: 225.122 ±(99.9%) 31.215 ns/op
Iteration   9: 231.144 ±(99.9%) 44.846 ns/op
Iteration  10: cRSS-pRSS:[1825, 1825]
;used-memory:[221]
228.166 ±(99.9%) 39.963 ns/op

# Run progress: 2.38% complete, ETA 00:32:40
# Fork: 3 of 3
# Warmup Iteration   1: 274.479 ±(99.9%) 35.601 ns/op
# Warmup Iteration   2: 295.527 ±(99.9%) 34.341 ns/op
# Warmup Iteration   3: 219.167 ±(99.9%) 22.507 ns/op
# Warmup Iteration   4: 221.821 ±(99.9%) 26.442 ns/op
# Warmup Iteration   5: 253.284 ±(99.9%) 58.934 ns/op
# Warmup Iteration   6: 235.036 ±(99.9%) 39.796 ns/op
# Warmup Iteration   7: 240.717 ±(99.9%) 49.635 ns/op
# Warmup Iteration   8: 246.568 ±(99.9%) 55.989 ns/op
# Warmup Iteration   9: 243.006 ±(99.9%) 55.358 ns/op
# Warmup Iteration  10: 227.789 ±(99.9%) 37.505 ns/op
Iteration   1: 219.586 ±(99.9%) 22.570 ns/op
Iteration   2: 238.573 ±(99.9%) 46.771 ns/op
Iteration   3: 225.232 ±(99.9%) 34.944 ns/op
Iteration   4: 223.378 ±(99.9%) 30.590 ns/op
Iteration   5: 236.292 ±(99.9%) 46.753 ns/op
Iteration   6: 260.158 ±(99.9%) 75.365 ns/op
Iteration   7: 240.091 ±(99.9%) 58.759 ns/op
Iteration   8: 255.179 ±(99.9%) 68.074 ns/op
Iteration   9: 239.147 ±(99.9%) 46.451 ns/op
Iteration  10: cRSS-pRSS:[1818, 1818]
;used-memory:[216]
236.860 ±(99.9%) 49.128 ns/op


Result "io.github.neoionet.netty.microbenchmark.ByteBufAllocatorAllocPatternBenchmark.directAllocation":
  236.631 ±(99.9%) 6.527 ns/op [Average]
  (min, avg, max) = (219.249, 236.631, 260.158), stdev = 9.770
  CI (99.9%): [230.104, 243.159] (assumes normal distribution)


# JMH version: 1.37
# VM version: JDK 21, Java HotSpot(TM) 64-Bit Server VM, 21+35-LTS-2513
# VM invoker: /home/forked_franz/.sdkman/candidates/java/21-oracle/bin/java
# VM options: -server -dsa -da -XX:InitialRAMPercentage=40.0 -XX:MaxRAMPercentage=40.0 -Dio.netty.leakDetection.level=disabled -Djmh.executor=CUSTOM -Djmh.executor.class=io.github.neoionet.netty.microbenchmark.executor.FastThreadLocalThreadHarnessExecutor -XX:MaxRAM=60g
# Blackhole mode: compiler (auto-detected, use -Djmh.blackhole.autoDetect=false to disable)
# Warmup: 10 iterations, 1 s each
# Measurement: 10 iterations, 1 s each
# Timeout: 10 min per iteration
# Threads: 32 threads, will synchronize iterations
# Benchmark mode: Average time, time/op
# Benchmark: io.github.neoionet.netty.microbenchmark.ByteBufAllocatorAllocPatternBenchmark.directAllocation
# Parameters: (MAX_LIVE_BUFFERS = 128, allocatorType = MIMALLOC, enableReadWrite = true, sizePattern = E_COMMERCE)

# Run progress: 3.57% complete, ETA 00:32:14
# Fork: 1 of 3
# Warmup Iteration   1: 367.443 ±(99.9%) 63.522 ns/op
# Warmup Iteration   2: 318.823 ±(99.9%) 60.591 ns/op
# Warmup Iteration   3: 268.760 ±(99.9%) 49.704 ns/op
# Warmup Iteration   4: 254.654 ±(99.9%) 36.140 ns/op
# Warmup Iteration   5: 253.855 ±(99.9%) 33.778 ns/op
# Warmup Iteration   6: 275.992 ±(99.9%) 63.057 ns/op
# Warmup Iteration   7: 257.112 ±(99.9%) 61.478 ns/op
# Warmup Iteration   8: 252.046 ±(99.9%) 36.772 ns/op
# Warmup Iteration   9: 264.394 ±(99.9%) 48.540 ns/op
# Warmup Iteration  10: 264.898 ±(99.9%) 37.734 ns/op
Iteration   1: 252.652 ±(99.9%) 38.309 ns/op
Iteration   2: 255.453 ±(99.9%) 40.114 ns/op
Iteration   3: 254.519 ±(99.9%) 49.278 ns/op
Iteration   4: 252.755 ±(99.9%) 33.632 ns/op
Iteration   5: 255.366 ±(99.9%) 48.514 ns/op
Iteration   6: 254.787 ±(99.9%) 49.474 ns/op
Iteration   7: 260.625 ±(99.9%) 27.239 ns/op
Iteration   8: 255.591 ±(99.9%) 44.930 ns/op
Iteration   9: 260.715 ±(99.9%) 53.507 ns/op
Iteration  10: cRSS-pRSS:[1950, 1957]
;used-memory:[376]
258.193 ±(99.9%) 48.600 ns/op

# Run progress: 4.76% complete, ETA 00:31:50
# Fork: 2 of 3
# Warmup Iteration   1: 348.665 ±(99.9%) 30.397 ns/op
# Warmup Iteration   2: 447.373 ±(99.9%) 66.909 ns/op
# Warmup Iteration   3: 230.937 ±(99.9%) 23.327 ns/op
# Warmup Iteration   4: 235.194 ±(99.9%) 28.759 ns/op
# Warmup Iteration   5: 236.772 ±(99.9%) 36.702 ns/op
# Warmup Iteration   6: 234.372 ±(99.9%) 30.950 ns/op
# Warmup Iteration   7: 230.259 ±(99.9%) 25.485 ns/op
# Warmup Iteration   8: 236.398 ±(99.9%) 37.264 ns/op
# Warmup Iteration   9: 248.263 ±(99.9%) 50.646 ns/op
# Warmup Iteration  10: 244.460 ±(99.9%) 36.717 ns/op
Iteration   1: 263.661 ±(99.9%) 63.549 ns/op
Iteration   2: 239.534 ±(99.9%) 38.913 ns/op
Iteration   3: 239.006 ±(99.9%) 45.233 ns/op
Iteration   4: 235.275 ±(99.9%) 37.686 ns/op
Iteration   5: 228.301 ±(99.9%) 27.178 ns/op
Iteration   6: 254.221 ±(99.9%) 55.169 ns/op
Iteration   7: 247.426 ±(99.9%) 58.024 ns/op
Iteration   8: 252.017 ±(99.9%) 56.250 ns/op
Iteration   9: 231.805 ±(99.9%) 29.765 ns/op
Iteration  10: cRSS-pRSS:[1943, 1958]
;used-memory:[372]
232.068 ±(99.9%) 31.168 ns/op

# Run progress: 5.95% complete, ETA 00:31:25
# Fork: 3 of 3
# Warmup Iteration   1: 354.988 ±(99.9%) 42.839 ns/op
# Warmup Iteration   2: 324.562 ±(99.9%) 20.927 ns/op
# Warmup Iteration   3: 246.000 ±(99.9%) 48.466 ns/op
# Warmup Iteration   4: 233.076 ±(99.9%) 33.438 ns/op
# Warmup Iteration   5: 248.186 ±(99.9%) 40.124 ns/op
# Warmup Iteration   6: 238.139 ±(99.9%) 35.168 ns/op
# Warmup Iteration   7: 245.411 ±(99.9%) 43.083 ns/op
# Warmup Iteration   8: 235.366 ±(99.9%) 35.736 ns/op
# Warmup Iteration   9: 241.501 ±(99.9%) 46.817 ns/op
# Warmup Iteration  10: 241.920 ±(99.9%) 29.810 ns/op
Iteration   1: 242.235 ±(99.9%) 42.599 ns/op
Iteration   2: 234.611 ±(99.9%) 34.601 ns/op
Iteration   3: 237.812 ±(99.9%) 40.152 ns/op
Iteration   4: 230.041 ±(99.9%) 25.837 ns/op
Iteration   5: 252.442 ±(99.9%) 58.749 ns/op
Iteration   6: 271.097 ±(99.9%) 78.545 ns/op
Iteration   7: 248.595 ±(99.9%) 47.143 ns/op
Iteration   8: 244.028 ±(99.9%) 46.370 ns/op
Iteration   9: 268.587 ±(99.9%) 75.566 ns/op
Iteration  10: cRSS-pRSS:[1943, 1961]
;used-memory:[368]
257.761 ±(99.9%) 53.537 ns/op


Result "io.github.neoionet.netty.microbenchmark.ByteBufAllocatorAllocPatternBenchmark.directAllocation":
  249.039 ±(99.9%) 7.787 ns/op [Average]
  (min, avg, max) = (228.301, 249.039, 271.097), stdev = 11.655
  CI (99.9%): [241.253, 256.826] (assumes normal distribution)


# JMH version: 1.37
# VM version: JDK 21, Java HotSpot(TM) 64-Bit Server VM, 21+35-LTS-2513
# VM invoker: /home/forked_franz/.sdkman/candidates/java/21-oracle/bin/java
# VM options: -server -dsa -da -XX:InitialRAMPercentage=40.0 -XX:MaxRAMPercentage=40.0 -Dio.netty.leakDetection.level=disabled -Djmh.executor=CUSTOM -Djmh.executor.class=io.github.neoionet.netty.microbenchmark.executor.FastThreadLocalThreadHarnessExecutor -XX:MaxRAM=60g
# Blackhole mode: compiler (auto-detected, use -Djmh.blackhole.autoDetect=false to disable)
# Warmup: 10 iterations, 1 s each
# Measurement: 10 iterations, 1 s each
# Timeout: 10 min per iteration
# Threads: 32 threads, will synchronize iterations
# Benchmark mode: Average time, time/op
# Benchmark: io.github.neoionet.netty.microbenchmark.ByteBufAllocatorAllocPatternBenchmark.directAllocation
# Parameters: (MAX_LIVE_BUFFERS = 1024, allocatorType = ADAPTIVE, enableReadWrite = true, sizePattern = E_COMMERCE)

# Run progress: 7.14% complete, ETA 00:31:01
# Fork: 1 of 3
# Warmup Iteration   1: 323.976 ±(99.9%) 52.518 ns/op
# Warmup Iteration   2: 312.026 ±(99.9%) 41.029 ns/op
# Warmup Iteration   3: 254.873 ±(99.9%) 19.621 ns/op
# Warmup Iteration   4: 259.164 ±(99.9%) 37.379 ns/op
# Warmup Iteration   5: 275.257 ±(99.9%) 44.725 ns/op
# Warmup Iteration   6: 277.996 ±(99.9%) 53.635 ns/op
# Warmup Iteration   7: 275.686 ±(99.9%) 57.122 ns/op
# Warmup Iteration   8: 267.103 ±(99.9%) 45.004 ns/op
# Warmup Iteration   9: 277.459 ±(99.9%) 56.711 ns/op
# Warmup Iteration  10: 267.336 ±(99.9%) 50.940 ns/op
Iteration   1: 285.542 ±(99.9%) 80.618 ns/op
Iteration   2: 279.387 ±(99.9%) 63.916 ns/op
Iteration   3: 276.168 ±(99.9%) 55.911 ns/op
Iteration   4: 304.701 ±(99.9%) 85.682 ns/op
Iteration   5: 259.271 ±(99.9%) 29.547 ns/op
Iteration   6: 270.750 ±(99.9%) 48.260 ns/op
Iteration   7: 281.491 ±(99.9%) 53.450 ns/op
Iteration   8: 272.521 ±(99.9%) 46.987 ns/op
Iteration   9: 267.491 ±(99.9%) 38.105 ns/op
Iteration  10: cRSS-pRSS:[2217, 2217]
;used-memory:[229]
273.789 ±(99.9%) 51.288 ns/op

# Run progress: 8.33% complete, ETA 00:30:38
# Fork: 2 of 3
# Warmup Iteration   1: 303.846 ±(99.9%) 31.500 ns/op
# Warmup Iteration   2: 323.219 ±(99.9%) 53.723 ns/op
# Warmup Iteration   3: 264.512 ±(99.9%) 25.825 ns/op
# Warmup Iteration   4: 268.978 ±(99.9%) 31.326 ns/op
# Warmup Iteration   5: 291.918 ±(99.9%) 61.867 ns/op
# Warmup Iteration   6: 283.720 ±(99.9%) 60.879 ns/op
# Warmup Iteration   7: 271.708 ±(99.9%) 48.429 ns/op
# Warmup Iteration   8: 283.264 ±(99.9%) 57.878 ns/op
# Warmup Iteration   9: 270.592 ±(99.9%) 49.316 ns/op
# Warmup Iteration  10: 267.186 ±(99.9%) 40.097 ns/op
Iteration   1: 275.164 ±(99.9%) 48.687 ns/op
Iteration   2: 310.689 ±(99.9%) 89.755 ns/op
Iteration   3: 285.373 ±(99.9%) 64.704 ns/op
Iteration   4: 269.004 ±(99.9%) 30.722 ns/op
Iteration   5: 285.943 ±(99.9%) 59.129 ns/op
Iteration   6: 270.965 ±(99.9%) 45.923 ns/op
Iteration   7: 281.684 ±(99.9%) 57.889 ns/op
Iteration   8: 286.206 ±(99.9%) 65.711 ns/op
Iteration   9: 279.387 ±(99.9%) 54.387 ns/op
Iteration  10: cRSS-pRSS:[2236, 2236]
;used-memory:[235]
264.682 ±(99.9%) 39.287 ns/op

# Run progress: 9.52% complete, ETA 00:30:15
# Fork: 3 of 3
# Warmup Iteration   1: 315.139 ±(99.9%) 49.626 ns/op
# Warmup Iteration   2: 311.102 ±(99.9%) 45.054 ns/op
# Warmup Iteration   3: 270.468 ±(99.9%) 49.741 ns/op
# Warmup Iteration   4: 266.862 ±(99.9%) 48.060 ns/op
# Warmup Iteration   5: 267.966 ±(99.9%) 38.892 ns/op
# Warmup Iteration   6: 275.624 ±(99.9%) 53.775 ns/op
# Warmup Iteration   7: 305.913 ±(99.9%) 87.606 ns/op
# Warmup Iteration   8: 290.953 ±(99.9%) 75.783 ns/op
# Warmup Iteration   9: 305.016 ±(99.9%) 87.158 ns/op
# Warmup Iteration  10: 261.790 ±(99.9%) 42.633 ns/op
Iteration   1: 271.718 ±(99.9%) 53.194 ns/op
Iteration   2: 254.668 ±(99.9%) 29.677 ns/op
Iteration   3: 279.930 ±(99.9%) 55.734 ns/op
Iteration   4: 280.883 ±(99.9%) 55.170 ns/op
Iteration   5: 271.408 ±(99.9%) 55.315 ns/op
Iteration   6: 285.917 ±(99.9%) 60.904 ns/op
Iteration   7: 274.655 ±(99.9%) 50.522 ns/op
Iteration   8: 263.136 ±(99.9%) 37.806 ns/op
Iteration   9: 270.683 ±(99.9%) 46.565 ns/op
Iteration  10: cRSS-pRSS:[2238, 2238]
;used-memory:[234]
265.938 ±(99.9%) 38.730 ns/op


Result "io.github.neoionet.netty.microbenchmark.ByteBufAllocatorAllocPatternBenchmark.directAllocation":
  276.638 ±(99.9%) 7.857 ns/op [Average]
  (min, avg, max) = (254.668, 276.638, 310.689), stdev = 11.761
  CI (99.9%): [268.781, 284.496] (assumes normal distribution)


# JMH version: 1.37
# VM version: JDK 21, Java HotSpot(TM) 64-Bit Server VM, 21+35-LTS-2513
# VM invoker: /home/forked_franz/.sdkman/candidates/java/21-oracle/bin/java
# VM options: -server -dsa -da -XX:InitialRAMPercentage=40.0 -XX:MaxRAMPercentage=40.0 -Dio.netty.leakDetection.level=disabled -Djmh.executor=CUSTOM -Djmh.executor.class=io.github.neoionet.netty.microbenchmark.executor.FastThreadLocalThreadHarnessExecutor -XX:MaxRAM=60g
# Blackhole mode: compiler (auto-detected, use -Djmh.blackhole.autoDetect=false to disable)
# Warmup: 10 iterations, 1 s each
# Measurement: 10 iterations, 1 s each
# Timeout: 10 min per iteration
# Threads: 32 threads, will synchronize iterations
# Benchmark mode: Average time, time/op
# Benchmark: io.github.neoionet.netty.microbenchmark.ByteBufAllocatorAllocPatternBenchmark.directAllocation
# Parameters: (MAX_LIVE_BUFFERS = 1024, allocatorType = MIMALLOC, enableReadWrite = true, sizePattern = E_COMMERCE)

# Run progress: 10.71% complete, ETA 00:29:51
# Fork: 1 of 3
# Warmup Iteration   1: 306.991 ±(99.9%) 46.739 ns/op
# Warmup Iteration   2: 349.302 ±(99.9%) 62.347 ns/op
# Warmup Iteration   3: 257.913 ±(99.9%) 40.823 ns/op
# Warmup Iteration   4: 264.234 ±(99.9%) 50.429 ns/op
# Warmup Iteration   5: 285.368 ±(99.9%) 73.799 ns/op
# Warmup Iteration   6: 288.738 ±(99.9%) 79.653 ns/op
# Warmup Iteration   7: 260.251 ±(99.9%) 54.136 ns/op
# Warmup Iteration   8: 248.578 ±(99.9%) 34.191 ns/op
# Warmup Iteration   9: 244.049 ±(99.9%) 27.811 ns/op
# Warmup Iteration  10: 257.318 ±(99.9%) 27.633 ns/op
Iteration   1: 256.782 ±(99.9%) 46.134 ns/op
Iteration   2: 246.748 ±(99.9%) 30.484 ns/op
Iteration   3: 267.176 ±(99.9%) 54.906 ns/op
Iteration   4: 272.714 ±(99.9%) 63.486 ns/op
Iteration   5: 257.858 ±(99.9%) 47.459 ns/op
Iteration   6: 263.943 ±(99.9%) 53.844 ns/op
Iteration   7: 258.623 ±(99.9%) 49.181 ns/op
Iteration   8: 269.633 ±(99.9%) 55.248 ns/op
Iteration   9: 277.437 ±(99.9%) 69.451 ns/op
Iteration  10: cRSS-pRSS:[2088, 2088]
;used-memory:[512]
284.799 ±(99.9%) 70.759 ns/op

# Run progress: 11.90% complete, ETA 00:29:27
# Fork: 2 of 3
# Warmup Iteration   1: 348.010 ±(99.9%) 45.343 ns/op
# Warmup Iteration   2: 427.760 ±(99.9%) 51.938 ns/op
# Warmup Iteration   3: 288.362 ±(99.9%) 31.922 ns/op
# Warmup Iteration   4: 317.446 ±(99.9%) 87.541 ns/op
# Warmup Iteration   5: 279.022 ±(99.9%) 39.238 ns/op
# Warmup Iteration   6: 274.922 ±(99.9%) 34.897 ns/op
# Warmup Iteration   7: 273.499 ±(99.9%) 46.235 ns/op
# Warmup Iteration   8: 271.402 ±(99.9%) 49.122 ns/op
# Warmup Iteration   9: 295.185 ±(99.9%) 42.713 ns/op
# Warmup Iteration  10: 282.646 ±(99.9%) 42.165 ns/op
Iteration   1: 280.003 ±(99.9%) 48.166 ns/op
Iteration   2: 279.494 ±(99.9%) 47.802 ns/op
Iteration   3: 291.860 ±(99.9%) 53.247 ns/op
Iteration   4: 280.694 ±(99.9%) 48.544 ns/op
Iteration   5: 292.693 ±(99.9%) 42.371 ns/op
Iteration   6: 303.319 ±(99.9%) 40.772 ns/op
Iteration   7: 294.619 ±(99.9%) 47.987 ns/op
Iteration   8: 306.122 ±(99.9%) 46.460 ns/op
Iteration   9: 289.800 ±(99.9%) 42.114 ns/op
Iteration  10: cRSS-pRSS:[2087, 2089]
;used-memory:[512]
298.955 ±(99.9%) 45.584 ns/op

# Run progress: 13.10% complete, ETA 00:29:03
# Fork: 3 of 3
# Warmup Iteration   1: 469.379 ±(99.9%) 60.616 ns/op
# Warmup Iteration   2: 376.962 ±(99.9%) 46.300 ns/op
# Warmup Iteration   3: 294.030 ±(99.9%) 62.177 ns/op
# Warmup Iteration   4: 298.870 ±(99.9%) 75.261 ns/op
# Warmup Iteration   5: 317.663 ±(99.9%) 88.416 ns/op
# Warmup Iteration   6: 298.652 ±(99.9%) 55.527 ns/op
# Warmup Iteration   7: 285.032 ±(99.9%) 52.502 ns/op
# Warmup Iteration   8: 297.631 ±(99.9%) 65.646 ns/op
# Warmup Iteration   9: 294.331 ±(99.9%) 66.474 ns/op
# Warmup Iteration  10: 272.389 ±(99.9%) 33.660 ns/op
Iteration   1: 274.539 ±(99.9%) 38.932 ns/op
Iteration   2: 271.560 ±(99.9%) 33.965 ns/op
Iteration   3: 266.021 ±(99.9%) 33.786 ns/op
Iteration   4: 279.775 ±(99.9%) 51.334 ns/op
Iteration   5: 288.612 ±(99.9%) 61.718 ns/op
Iteration   6: 287.370 ±(99.9%) 59.883 ns/op
Iteration   7: 287.246 ±(99.9%) 53.572 ns/op
Iteration   8: 314.920 ±(99.9%) 67.204 ns/op
Iteration   9: 297.096 ±(99.9%) 67.482 ns/op
Iteration  10: cRSS-pRSS:[2097, 2100]
;used-memory:[512]
364.471 ±(99.9%) 142.121 ns/op


Result "io.github.neoionet.netty.microbenchmark.ByteBufAllocatorAllocPatternBenchmark.directAllocation":
  283.496 ±(99.9%) 14.763 ns/op [Average]
  (min, avg, max) = (246.748, 283.496, 364.471), stdev = 22.097
  CI (99.9%): [268.733, 298.259] (assumes normal distribution)


# JMH version: 1.37
# VM version: JDK 21, Java HotSpot(TM) 64-Bit Server VM, 21+35-LTS-2513
# VM invoker: /home/forked_franz/.sdkman/candidates/java/21-oracle/bin/java
# VM options: -server -dsa -da -XX:InitialRAMPercentage=40.0 -XX:MaxRAMPercentage=40.0 -Dio.netty.leakDetection.level=disabled -Djmh.executor=CUSTOM -Djmh.executor.class=io.github.neoionet.netty.microbenchmark.executor.FastThreadLocalThreadHarnessExecutor -XX:MaxRAM=60g
# Blackhole mode: compiler (auto-detected, use -Djmh.blackhole.autoDetect=false to disable)
# Warmup: 10 iterations, 1 s each
# Measurement: 10 iterations, 1 s each
# Timeout: 10 min per iteration
# Threads: 32 threads, will synchronize iterations
# Benchmark mode: Average time, time/op
# Benchmark: io.github.neoionet.netty.microbenchmark.ByteBufAllocatorAllocPatternBenchmark.directAllocation
# Parameters: (MAX_LIVE_BUFFERS = 4096, allocatorType = ADAPTIVE, enableReadWrite = true, sizePattern = E_COMMERCE)

# Run progress: 14.29% complete, ETA 00:28:39
# Fork: 1 of 3
# Warmup Iteration   1: 381.866 ±(99.9%) 58.561 ns/op
# Warmup Iteration   2: 502.854 ±(99.9%) 93.317 ns/op
# Warmup Iteration   3: 311.044 ±(99.9%) 40.478 ns/op
# Warmup Iteration   4: 308.401 ±(99.9%) 47.575 ns/op
# Warmup Iteration   5: 390.032 ±(99.9%) 123.848 ns/op
# Warmup Iteration   6: 314.718 ±(99.9%) 47.505 ns/op
# Warmup Iteration   7: 317.585 ±(99.9%) 58.775 ns/op
# Warmup Iteration   8: 314.409 ±(99.9%) 59.938 ns/op
# Warmup Iteration   9: 323.785 ±(99.9%) 56.523 ns/op
# Warmup Iteration  10: 341.164 ±(99.9%) 88.833 ns/op
Iteration   1: 312.031 ±(99.9%) 55.898 ns/op
Iteration   2: 295.056 ±(99.9%) 22.988 ns/op
Iteration   3: 308.468 ±(99.9%) 46.890 ns/op
Iteration   4: 317.970 ±(99.9%) 58.948 ns/op
Iteration   5: 336.974 ±(99.9%) 82.477 ns/op
Iteration   6: 322.468 ±(99.9%) 62.651 ns/op
Iteration   7: 320.081 ±(99.9%) 61.926 ns/op
Iteration   8: 336.735 ±(99.9%) 81.595 ns/op
Iteration   9: 337.274 ±(99.9%) 70.461 ns/op
Iteration  10: cRSS-pRSS:[2674, 2674]
;used-memory:[613]
306.814 ±(99.9%) 39.299 ns/op

# Run progress: 15.48% complete, ETA 00:28:16
# Fork: 2 of 3
# Warmup Iteration   1: 397.265 ±(99.9%) 45.618 ns/op
# Warmup Iteration   2: 335.639 ±(99.9%) 40.363 ns/op
# Warmup Iteration   3: 349.934 ±(99.9%) 49.159 ns/op
# Warmup Iteration   4: 356.080 ±(99.9%) 57.627 ns/op
# Warmup Iteration   5: 357.673 ±(99.9%) 66.293 ns/op
# Warmup Iteration   6: 354.292 ±(99.9%) 63.116 ns/op
# Warmup Iteration   7: 349.397 ±(99.9%) 75.443 ns/op
# Warmup Iteration   8: 331.483 ±(99.9%) 39.825 ns/op
# Warmup Iteration   9: 346.090 ±(99.9%) 63.393 ns/op
# Warmup Iteration  10: 324.814 ±(99.9%) 29.165 ns/op
Iteration   1: 372.018 ±(99.9%) 94.763 ns/op
Iteration   2: 348.843 ±(99.9%) 60.376 ns/op
Iteration   3: 337.625 ±(99.9%) 54.832 ns/op
Iteration   4: 381.170 ±(99.9%) 82.719 ns/op
Iteration   5: 354.569 ±(99.9%) 52.949 ns/op
Iteration   6: 371.724 ±(99.9%) 92.453 ns/op
Iteration   7: 345.694 ±(99.9%) 66.609 ns/op
Iteration   8: 346.662 ±(99.9%) 69.201 ns/op
Iteration   9: 337.149 ±(99.9%) 54.006 ns/op
Iteration  10: cRSS-pRSS:[2613, 2613]
;used-memory:[621]
355.434 ±(99.9%) 71.369 ns/op

# Run progress: 16.67% complete, ETA 00:27:52
# Fork: 3 of 3
# Warmup Iteration   1: 368.713 ±(99.9%) 31.770 ns/op
# Warmup Iteration   2: 587.032 ±(99.9%) 179.434 ns/op
# Warmup Iteration   3: 312.750 ±(99.9%) 41.223 ns/op
# Warmup Iteration   4: 323.236 ±(99.9%) 62.538 ns/op
# Warmup Iteration   5: 369.358 ±(99.9%) 110.656 ns/op
# Warmup Iteration   6: 329.654 ±(99.9%) 61.855 ns/op
# Warmup Iteration   7: 349.933 ±(99.9%) 84.336 ns/op
# Warmup Iteration   8: 319.796 ±(99.9%) 55.298 ns/op
# Warmup Iteration   9: 314.059 ±(99.9%) 48.001 ns/op
# Warmup Iteration  10: 335.494 ±(99.9%) 78.654 ns/op
Iteration   1: 323.350 ±(99.9%) 61.187 ns/op
Iteration   2: 328.872 ±(99.9%) 71.189 ns/op
Iteration   3: 317.221 ±(99.9%) 55.855 ns/op
Iteration   4: 322.367 ±(99.9%) 63.180 ns/op
Iteration   5: 313.695 ±(99.9%) 46.667 ns/op
Iteration   6: 339.912 ±(99.9%) 84.110 ns/op
Iteration   7: 328.646 ±(99.9%) 63.008 ns/op
Iteration   8: 323.391 ±(99.9%) 57.108 ns/op
Iteration   9: 332.531 ±(99.9%) 70.812 ns/op
Iteration  10: cRSS-pRSS:[2631, 2631]
;used-memory:[737]
323.013 ±(99.9%) 57.450 ns/op


Result "io.github.neoionet.netty.microbenchmark.ByteBufAllocatorAllocPatternBenchmark.directAllocation":
  333.259 ±(99.9%) 13.459 ns/op [Average]
  (min, avg, max) = (295.056, 333.259, 381.170), stdev = 20.145
  CI (99.9%): [319.799, 346.718] (assumes normal distribution)


# JMH version: 1.37
# VM version: JDK 21, Java HotSpot(TM) 64-Bit Server VM, 21+35-LTS-2513
# VM invoker: /home/forked_franz/.sdkman/candidates/java/21-oracle/bin/java
# VM options: -server -dsa -da -XX:InitialRAMPercentage=40.0 -XX:MaxRAMPercentage=40.0 -Dio.netty.leakDetection.level=disabled -Djmh.executor=CUSTOM -Djmh.executor.class=io.github.neoionet.netty.microbenchmark.executor.FastThreadLocalThreadHarnessExecutor -XX:MaxRAM=60g
# Blackhole mode: compiler (auto-detected, use -Djmh.blackhole.autoDetect=false to disable)
# Warmup: 10 iterations, 1 s each
# Measurement: 10 iterations, 1 s each
# Timeout: 10 min per iteration
# Threads: 32 threads, will synchronize iterations
# Benchmark mode: Average time, time/op
# Benchmark: io.github.neoionet.netty.microbenchmark.ByteBufAllocatorAllocPatternBenchmark.directAllocation
# Parameters: (MAX_LIVE_BUFFERS = 4096, allocatorType = MIMALLOC, enableReadWrite = true, sizePattern = E_COMMERCE)

# Run progress: 17.86% complete, ETA 00:27:29
# Fork: 1 of 3
# Warmup Iteration   1: 518.051 ±(99.9%) 92.091 ns/op
# Warmup Iteration   2: 453.377 ±(99.9%) 81.774 ns/op
# Warmup Iteration   3: 329.079 ±(99.9%) 41.662 ns/op
# Warmup Iteration   4: 322.674 ±(99.9%) 33.324 ns/op
# Warmup Iteration   5: 337.318 ±(99.9%) 44.438 ns/op
# Warmup Iteration   6: 349.128 ±(99.9%) 74.528 ns/op
# Warmup Iteration   7: 335.635 ±(99.9%) 62.615 ns/op
# Warmup Iteration   8: 327.312 ±(99.9%) 43.220 ns/op
# Warmup Iteration   9: 363.133 ±(99.9%) 93.062 ns/op
# Warmup Iteration  10: 329.697 ±(99.9%) 53.294 ns/op
Iteration   1: 337.077 ±(99.9%) 67.080 ns/op
Iteration   2: 340.928 ±(99.9%) 69.050 ns/op
Iteration   3: 340.996 ±(99.9%) 74.742 ns/op
Iteration   4: 374.679 ±(99.9%) 104.400 ns/op
Iteration   5: 352.292 ±(99.9%) 81.058 ns/op
Iteration   6: 325.346 ±(99.9%) 44.476 ns/op
Iteration   7: 354.336 ±(99.9%) 81.478 ns/op
Iteration   8: 326.215 ±(99.9%) 44.924 ns/op
Iteration   9: 337.417 ±(99.9%) 66.339 ns/op
Iteration  10: cRSS-pRSS:[2614, 2620]
;used-memory:[1024]
346.355 ±(99.9%) 76.920 ns/op

# Run progress: 19.05% complete, ETA 00:27:05
# Fork: 2 of 3
# Warmup Iteration   1: 486.427 ±(99.9%) 58.171 ns/op
# Warmup Iteration   2: 401.407 ±(99.9%) 58.772 ns/op
# Warmup Iteration   3: 332.132 ±(99.9%) 47.348 ns/op
# Warmup Iteration   4: 335.562 ±(99.9%) 62.064 ns/op
# Warmup Iteration   5: 362.497 ±(99.9%) 90.880 ns/op
# Warmup Iteration   6: 342.371 ±(99.9%) 69.002 ns/op
# Warmup Iteration   7: 334.927 ±(99.9%) 66.087 ns/op
# Warmup Iteration   8: 339.016 ±(99.9%) 71.132 ns/op
# Warmup Iteration   9: 370.763 ±(99.9%) 98.046 ns/op
# Warmup Iteration  10: 334.630 ±(99.9%) 61.161 ns/op
Iteration   1: 324.376 ±(99.9%) 51.439 ns/op
Iteration   2: 326.845 ±(99.9%) 59.616 ns/op
Iteration   3: 344.865 ±(99.9%) 78.199 ns/op
Iteration   4: 323.313 ±(99.9%) 51.163 ns/op
Iteration   5: 330.560 ±(99.9%) 49.128 ns/op
Iteration   6: 348.245 ±(99.9%) 78.303 ns/op
Iteration   7: 325.351 ±(99.9%) 49.794 ns/op
Iteration   8: 353.288 ±(99.9%) 85.276 ns/op
Iteration   9: 328.926 ±(99.9%) 53.122 ns/op
Iteration  10: cRSS-pRSS:[2618, 2621]
;used-memory:[1024]
328.436 ±(99.9%) 46.756 ns/op

# Run progress: 20.24% complete, ETA 00:26:41
# Fork: 3 of 3
# Warmup Iteration   1: 451.086 ±(99.9%) 86.295 ns/op
# Warmup Iteration   2: 552.277 ±(99.9%) 98.422 ns/op
# Warmup Iteration   3: 324.263 ±(99.9%) 41.174 ns/op
# Warmup Iteration   4: 353.318 ±(99.9%) 99.310 ns/op
# Warmup Iteration   5: 352.144 ±(99.9%) 67.821 ns/op
# Warmup Iteration   6: 372.554 ±(99.9%) 119.701 ns/op
# Warmup Iteration   7: 330.179 ±(99.9%) 63.712 ns/op
# Warmup Iteration   8: 332.473 ±(99.9%) 67.669 ns/op
# Warmup Iteration   9: 318.939 ±(99.9%) 46.898 ns/op
# Warmup Iteration  10: 321.635 ±(99.9%) 42.741 ns/op
Iteration   1: 346.659 ±(99.9%) 90.220 ns/op
Iteration   2: 321.122 ±(99.9%) 52.835 ns/op
Iteration   3: 334.698 ±(99.9%) 78.293 ns/op
Iteration   4: 319.731 ±(99.9%) 43.998 ns/op
Iteration   5: 358.804 ±(99.9%) 101.109 ns/op
Iteration   6: 348.964 ±(99.9%) 81.781 ns/op
Iteration   7: 331.815 ±(99.9%) 64.290 ns/op
Iteration   8: 329.514 ±(99.9%) 69.987 ns/op
Iteration   9: 346.120 ±(99.9%) 72.482 ns/op
Iteration  10: cRSS-pRSS:[2616, 2619]
;used-memory:[1024]
336.420 ±(99.9%) 67.837 ns/op


Result "io.github.neoionet.netty.microbenchmark.ByteBufAllocatorAllocPatternBenchmark.directAllocation":
  338.123 ±(99.9%) 8.720 ns/op [Average]
  (min, avg, max) = (319.731, 338.123, 374.679), stdev = 13.052
  CI (99.9%): [329.403, 346.844] (assumes normal distribution)


# JMH version: 1.37
# VM version: JDK 21, Java HotSpot(TM) 64-Bit Server VM, 21+35-LTS-2513
# VM invoker: /home/forked_franz/.sdkman/candidates/java/21-oracle/bin/java
# VM options: -server -dsa -da -XX:InitialRAMPercentage=40.0 -XX:MaxRAMPercentage=40.0 -Dio.netty.leakDetection.level=disabled -Djmh.executor=CUSTOM -Djmh.executor.class=io.github.neoionet.netty.microbenchmark.executor.FastThreadLocalThreadHarnessExecutor -XX:MaxRAM=60g
# Blackhole mode: compiler (auto-detected, use -Djmh.blackhole.autoDetect=false to disable)
# Warmup: 10 iterations, 1 s each
# Measurement: 10 iterations, 1 s each
# Timeout: 10 min per iteration
# Threads: 32 threads, will synchronize iterations
# Benchmark mode: Average time, time/op
# Benchmark: io.github.neoionet.netty.microbenchmark.ByteBufAllocatorAllocPatternBenchmark.directAllocation
# Parameters: (MAX_LIVE_BUFFERS = 8192, allocatorType = ADAPTIVE, enableReadWrite = true, sizePattern = E_COMMERCE)

# Run progress: 21.43% complete, ETA 00:26:17
# Fork: 1 of 3
# Warmup Iteration   1: 542.572 ±(99.9%) 87.183 ns/op
# Warmup Iteration   2: 662.961 ±(99.9%) 108.073 ns/op
# Warmup Iteration   3: 420.514 ±(99.9%) 51.201 ns/op
# Warmup Iteration   4: 439.244 ±(99.9%) 108.060 ns/op
# Warmup Iteration   5: 472.303 ±(99.9%) 138.695 ns/op
# Warmup Iteration   6: 449.576 ±(99.9%) 105.887 ns/op
# Warmup Iteration   7: 454.905 ±(99.9%) 117.942 ns/op
# Warmup Iteration   8: 476.769 ±(99.9%) 127.701 ns/op
# Warmup Iteration   9: 460.493 ±(99.9%) 133.380 ns/op
# Warmup Iteration  10: 444.516 ±(99.9%) 112.457 ns/op
Iteration   1: 452.109 ±(99.9%) 118.481 ns/op
Iteration   2: 442.514 ±(99.9%) 115.868 ns/op
Iteration   3: 494.137 ±(99.9%) 187.047 ns/op
Iteration   4: 443.106 ±(99.9%) 100.386 ns/op
Iteration   5: 459.339 ±(99.9%) 124.157 ns/op
Iteration   6: 503.924 ±(99.9%) 171.965 ns/op
Iteration   7: 429.495 ±(99.9%) 81.056 ns/op
Iteration   8: 441.074 ±(99.9%) 96.300 ns/op
Iteration   9: 456.470 ±(99.9%) 115.795 ns/op
Iteration  10: cRSS-pRSS:[3337, 3337]
;used-memory:[1412]
470.487 ±(99.9%) 133.683 ns/op

# Run progress: 22.62% complete, ETA 00:25:54
# Fork: 2 of 3
# Warmup Iteration   1: 520.264 ±(99.9%) 71.731 ns/op
# Warmup Iteration   2: 524.624 ±(99.9%) 80.626 ns/op
# Warmup Iteration   3: 434.672 ±(99.9%) 92.758 ns/op
# Warmup Iteration   4: 457.812 ±(99.9%) 115.440 ns/op
# Warmup Iteration   5: 464.219 ±(99.9%) 107.942 ns/op
# Warmup Iteration   6: 466.678 ±(99.9%) 153.633 ns/op
# Warmup Iteration   7: 460.691 ±(99.9%) 126.245 ns/op
# Warmup Iteration   8: 456.639 ±(99.9%) 109.372 ns/op
# Warmup Iteration   9: 441.243 ±(99.9%) 113.372 ns/op
# Warmup Iteration  10: 427.778 ±(99.9%) 85.627 ns/op
Iteration   1: 428.128 ±(99.9%) 100.327 ns/op
Iteration   2: 452.148 ±(99.9%) 133.094 ns/op
Iteration   3: 476.055 ±(99.9%) 172.219 ns/op
Iteration   4: 445.719 ±(99.9%) 111.244 ns/op
Iteration   5: 460.667 ±(99.9%) 121.244 ns/op
Iteration   6: 460.861 ±(99.9%) 115.836 ns/op
Iteration   7: 441.097 ±(99.9%) 108.901 ns/op
Iteration   8: 463.585 ±(99.9%) 100.667 ns/op
Iteration   9: 454.069 ±(99.9%) 97.631 ns/op
Iteration  10: cRSS-pRSS:[3293, 3293]
;used-memory:[1358]
478.699 ±(99.9%) 138.688 ns/op

# Run progress: 23.81% complete, ETA 00:25:31
# Fork: 3 of 3
# Warmup Iteration   1: 571.073 ±(99.9%) 98.317 ns/op
# Warmup Iteration   2: 512.015 ±(99.9%) 136.261 ns/op
# Warmup Iteration   3: 462.165 ±(99.9%) 98.128 ns/op
# Warmup Iteration   4: 486.556 ±(99.9%) 108.468 ns/op
# Warmup Iteration   5: 506.463 ±(99.9%) 127.418 ns/op
# Warmup Iteration   6: 461.542 ±(99.9%) 80.553 ns/op
# Warmup Iteration   7: 476.906 ±(99.9%) 115.238 ns/op
# Warmup Iteration   8: 495.066 ±(99.9%) 115.385 ns/op
# Warmup Iteration   9: 544.469 ±(99.9%) 199.032 ns/op
# Warmup Iteration  10: 471.940 ±(99.9%) 108.884 ns/op
Iteration   1: 467.775 ±(99.9%) 106.589 ns/op
Iteration   2: 524.245 ±(99.9%) 170.830 ns/op
Iteration   3: 464.115 ±(99.9%) 110.460 ns/op
Iteration   4: 478.301 ±(99.9%) 116.117 ns/op
Iteration   5: 497.143 ±(99.9%) 150.336 ns/op
Iteration   6: 460.696 ±(99.9%) 113.660 ns/op
Iteration   7: 549.975 ±(99.9%) 199.075 ns/op
Iteration   8: 498.859 ±(99.9%) 123.500 ns/op
Iteration   9: 460.777 ±(99.9%) 85.895 ns/op
Iteration  10: cRSS-pRSS:[3338, 3338]
;used-memory:[1422]
453.925 ±(99.9%) 90.662 ns/op


Result "io.github.neoionet.netty.microbenchmark.ByteBufAllocatorAllocPatternBenchmark.directAllocation":
  466.983 ±(99.9%) 18.215 ns/op [Average]
  (min, avg, max) = (428.128, 466.983, 549.975), stdev = 27.263
  CI (99.9%): [448.768, 485.198] (assumes normal distribution)


# JMH version: 1.37
# VM version: JDK 21, Java HotSpot(TM) 64-Bit Server VM, 21+35-LTS-2513
# VM invoker: /home/forked_franz/.sdkman/candidates/java/21-oracle/bin/java
# VM options: -server -dsa -da -XX:InitialRAMPercentage=40.0 -XX:MaxRAMPercentage=40.0 -Dio.netty.leakDetection.level=disabled -Djmh.executor=CUSTOM -Djmh.executor.class=io.github.neoionet.netty.microbenchmark.executor.FastThreadLocalThreadHarnessExecutor -XX:MaxRAM=60g
# Blackhole mode: compiler (auto-detected, use -Djmh.blackhole.autoDetect=false to disable)
# Warmup: 10 iterations, 1 s each
# Measurement: 10 iterations, 1 s each
# Timeout: 10 min per iteration
# Threads: 32 threads, will synchronize iterations
# Benchmark mode: Average time, time/op
# Benchmark: io.github.neoionet.netty.microbenchmark.ByteBufAllocatorAllocPatternBenchmark.directAllocation
# Parameters: (MAX_LIVE_BUFFERS = 8192, allocatorType = MIMALLOC, enableReadWrite = true, sizePattern = E_COMMERCE)

# Run progress: 25.00% complete, ETA 00:25:08
# Fork: 1 of 3
# Warmup Iteration   1: 620.555 ±(99.9%) 141.831 ns/op
# Warmup Iteration   2: 761.831 ±(99.9%) 197.989 ns/op
# Warmup Iteration   3: 459.950 ±(99.9%) 80.996 ns/op
# Warmup Iteration   4: 454.751 ±(99.9%) 75.998 ns/op
# Warmup Iteration   5: 476.945 ±(99.9%) 91.902 ns/op
# Warmup Iteration   6: 456.822 ±(99.9%) 83.590 ns/op
# Warmup Iteration   7: 495.612 ±(99.9%) 131.468 ns/op
# Warmup Iteration   8: 488.938 ±(99.9%) 122.040 ns/op
# Warmup Iteration   9: 485.164 ±(99.9%) 125.373 ns/op
# Warmup Iteration  10: 474.218 ±(99.9%) 43.261 ns/op
Iteration   1: 447.503 ±(99.9%) 72.366 ns/op
Iteration   2: 446.765 ±(99.9%) 65.921 ns/op
Iteration   3: 486.124 ±(99.9%) 116.820 ns/op
Iteration   4: 481.017 ±(99.9%) 109.793 ns/op
Iteration   5: 472.079 ±(99.9%) 113.644 ns/op
Iteration   6: 499.145 ±(99.9%) 130.951 ns/op
Iteration   7: 478.871 ±(99.9%) 124.347 ns/op
Iteration   8: 541.226 ±(99.9%) 215.131 ns/op
Iteration   9: 488.121 ±(99.9%) 126.357 ns/op
Iteration  10: cRSS-pRSS:[3260, 3265]
;used-memory:[1664]
475.280 ±(99.9%) 110.346 ns/op

# Run progress: 26.19% complete, ETA 00:24:44
# Fork: 2 of 3
# Warmup Iteration   1: 595.308 ±(99.9%) 100.571 ns/op
# Warmup Iteration   2: 464.808 ±(99.9%) 92.303 ns/op
# Warmup Iteration   3: 467.437 ±(99.9%) 74.278 ns/op
# Warmup Iteration   4: 454.685 ±(99.9%) 60.046 ns/op
# Warmup Iteration   5: 506.142 ±(99.9%) 118.544 ns/op
# Warmup Iteration   6: 489.121 ±(99.9%) 116.830 ns/op
# Warmup Iteration   7: 469.332 ±(99.9%) 91.237 ns/op
# Warmup Iteration   8: 457.932 ±(99.9%) 86.227 ns/op
# Warmup Iteration   9: 483.056 ±(99.9%) 124.975 ns/op
# Warmup Iteration  10: 464.013 ±(99.9%) 71.855 ns/op
Iteration   1: 461.576 ±(99.9%) 95.733 ns/op
Iteration   2: 470.984 ±(99.9%) 114.652 ns/op
Iteration   3: 493.497 ±(99.9%) 119.005 ns/op
Iteration   4: 501.830 ±(99.9%) 132.524 ns/op
Iteration   5: 463.409 ±(99.9%) 85.433 ns/op
Iteration   6: 482.279 ±(99.9%) 119.304 ns/op
Iteration   7: 520.257 ±(99.9%) 164.309 ns/op
Iteration   8: 524.375 ±(99.9%) 170.423 ns/op
Iteration   9: 506.833 ±(99.9%) 138.759 ns/op
Iteration  10: cRSS-pRSS:[3254, 3257]
;used-memory:[1664]
520.484 ±(99.9%) 159.303 ns/op

# Run progress: 27.38% complete, ETA 00:24:20
# Fork: 3 of 3
# Warmup Iteration   1: 687.436 ±(99.9%) 174.790 ns/op
# Warmup Iteration   2: 469.865 ±(99.9%) 90.811 ns/op
# Warmup Iteration   3: 526.982 ±(99.9%) 185.528 ns/op
# Warmup Iteration   4: 484.339 ±(99.9%) 107.706 ns/op
# Warmup Iteration   5: 494.805 ±(99.9%) 137.480 ns/op
# Warmup Iteration   6: 488.466 ±(99.9%) 120.698 ns/op
# Warmup Iteration   7: 482.176 ±(99.9%) 118.999 ns/op
# Warmup Iteration   8: 503.956 ±(99.9%) 141.331 ns/op
# Warmup Iteration   9: 487.159 ±(99.9%) 129.901 ns/op
# Warmup Iteration  10: 478.800 ±(99.9%) 96.517 ns/op
Iteration   1: 491.134 ±(99.9%) 126.979 ns/op
Iteration   2: 510.708 ±(99.9%) 148.881 ns/op
Iteration   3: 513.373 ±(99.9%) 154.171 ns/op
Iteration   4: 450.144 ±(99.9%) 70.216 ns/op
Iteration   5: 528.495 ±(99.9%) 173.035 ns/op
Iteration   6: 537.940 ±(99.9%) 180.521 ns/op
Iteration   7: 536.051 ±(99.9%) 204.123 ns/op
Iteration   8: 520.600 ±(99.9%) 172.257 ns/op
Iteration   9: 529.378 ±(99.9%) 160.362 ns/op
Iteration  10: cRSS-pRSS:[3258, 3260]
;used-memory:[1664]
486.874 ±(99.9%) 118.806 ns/op


Result "io.github.neoionet.netty.microbenchmark.ByteBufAllocatorAllocPatternBenchmark.directAllocation":
  495.545 ±(99.9%) 18.644 ns/op [Average]
  (min, avg, max) = (446.765, 495.545, 541.226), stdev = 27.905
  CI (99.9%): [476.901, 514.189] (assumes normal distribution)


# JMH version: 1.37
# VM version: JDK 21, Java HotSpot(TM) 64-Bit Server VM, 21+35-LTS-2513
# VM invoker: /home/forked_franz/.sdkman/candidates/java/21-oracle/bin/java
# VM options: -server -dsa -da -XX:InitialRAMPercentage=40.0 -XX:MaxRAMPercentage=40.0 -Dio.netty.leakDetection.level=disabled -Djmh.executor=CUSTOM -Djmh.executor.class=io.github.neoionet.netty.microbenchmark.executor.FastThreadLocalThreadHarnessExecutor -XX:MaxRAM=60g
# Blackhole mode: compiler (auto-detected, use -Djmh.blackhole.autoDetect=false to disable)
# Warmup: 10 iterations, 1 s each
# Measurement: 10 iterations, 1 s each
# Timeout: 10 min per iteration
# Threads: 32 threads, will synchronize iterations
# Benchmark mode: Average time, time/op
# Benchmark: io.github.neoionet.netty.microbenchmark.ByteBufAllocatorAllocPatternBenchmark.directAllocation
# Parameters: (MAX_LIVE_BUFFERS = 16384, allocatorType = ADAPTIVE, enableReadWrite = true, sizePattern = E_COMMERCE)

# Run progress: 28.57% complete, ETA 00:23:57
# Fork: 1 of 3
# Warmup Iteration   1: 800.409 ±(99.9%) 113.235 ns/op
# Warmup Iteration   2: 871.609 ±(99.9%) 182.574 ns/op
# Warmup Iteration   3: 581.081 ±(99.9%) 84.885 ns/op
# Warmup Iteration   4: 589.380 ±(99.9%) 96.704 ns/op
# Warmup Iteration   5: 688.461 ±(99.9%) 207.026 ns/op
# Warmup Iteration   6: 615.772 ±(99.9%) 122.992 ns/op
# Warmup Iteration   7: 630.522 ±(99.9%) 137.598 ns/op
# Warmup Iteration   8: 594.362 ±(99.9%) 123.613 ns/op
# Warmup Iteration   9: 603.355 ±(99.9%) 119.574 ns/op
# Warmup Iteration  10: 634.676 ±(99.9%) 174.031 ns/op
Iteration   1: 658.805 ±(99.9%) 189.577 ns/op
Iteration   2: 636.453 ±(99.9%) 188.920 ns/op
Iteration   3: 662.874 ±(99.9%) 187.814 ns/op
Iteration   4: 645.830 ±(99.9%) 153.286 ns/op
Iteration   5: 662.276 ±(99.9%) 188.999 ns/op
Iteration   6: 670.883 ±(99.9%) 175.557 ns/op
Iteration   7: 695.375 ±(99.9%) 226.956 ns/op
Iteration   8: 633.740 ±(99.9%) 156.078 ns/op
Iteration   9: 624.438 ±(99.9%) 149.730 ns/op
Iteration  10: cRSS-pRSS:[4591, 4591]
;used-memory:[2651]
690.288 ±(99.9%) 237.946 ns/op

# Run progress: 29.76% complete, ETA 00:23:34
# Fork: 2 of 3
# Warmup Iteration   1: 689.154 ±(99.9%) 94.556 ns/op
# Warmup Iteration   2: 1007.448 ±(99.9%) 197.713 ns/op
# Warmup Iteration   3: 560.040 ±(99.9%) 79.123 ns/op
# Warmup Iteration   4: 634.401 ±(99.9%) 178.013 ns/op
# Warmup Iteration   5: 594.070 ±(99.9%) 126.584 ns/op
# Warmup Iteration   6: 609.138 ±(99.9%) 134.770 ns/op
# Warmup Iteration   7: 555.626 ±(99.9%) 90.917 ns/op
# Warmup Iteration   8: 617.896 ±(99.9%) 163.826 ns/op
# Warmup Iteration   9: 597.240 ±(99.9%) 147.592 ns/op
# Warmup Iteration  10: 640.836 ±(99.9%) 188.092 ns/op
Iteration   1: 620.567 ±(99.9%) 152.553 ns/op
Iteration   2: 597.498 ±(99.9%) 165.543 ns/op
Iteration   3: 581.343 ±(99.9%) 122.807 ns/op
Iteration   4: 622.834 ±(99.9%) 170.279 ns/op
Iteration   5: 634.573 ±(99.9%) 154.330 ns/op
Iteration   6: 578.493 ±(99.9%) 114.694 ns/op
Iteration   7: 559.348 ±(99.9%) 76.581 ns/op
Iteration   8: 569.268 ±(99.9%) 105.883 ns/op
Iteration   9: 606.152 ±(99.9%) 141.108 ns/op
Iteration  10: cRSS-pRSS:[4539, 4539]
;used-memory:[2608]
626.514 ±(99.9%) 172.289 ns/op

# Run progress: 30.95% complete, ETA 00:23:11
# Fork: 3 of 3
# Warmup Iteration   1: 728.676 ±(99.9%) 73.512 ns/op
# Warmup Iteration   2: 869.192 ±(99.9%) 214.004 ns/op
# Warmup Iteration   3: 590.704 ±(99.9%) 123.980 ns/op
# Warmup Iteration   4: 647.238 ±(99.9%) 201.267 ns/op
# Warmup Iteration   5: 621.483 ±(99.9%) 142.805 ns/op
# Warmup Iteration   6: 567.357 ±(99.9%) 114.090 ns/op
# Warmup Iteration   7: 565.405 ±(99.9%) 109.951 ns/op
# Warmup Iteration   8: 589.752 ±(99.9%) 135.548 ns/op
# Warmup Iteration   9: 596.537 ±(99.9%) 134.969 ns/op
# Warmup Iteration  10: 572.165 ±(99.9%) 111.938 ns/op
Iteration   1: 607.048 ±(99.9%) 154.418 ns/op
Iteration   2: 604.111 ±(99.9%) 164.396 ns/op
Iteration   3: 566.518 ±(99.9%) 114.323 ns/op
Iteration   4: 581.253 ±(99.9%) 119.852 ns/op
Iteration   5: 568.330 ±(99.9%) 97.299 ns/op
Iteration   6: 614.542 ±(99.9%) 153.609 ns/op
Iteration   7: 591.824 ±(99.9%) 121.690 ns/op
Iteration   8: 666.552 ±(99.9%) 220.822 ns/op
Iteration   9: 577.394 ±(99.9%) 116.237 ns/op
Iteration  10: cRSS-pRSS:[4549, 4549]
;used-memory:[2598]
562.330 ±(99.9%) 95.101 ns/op


Result "io.github.neoionet.netty.microbenchmark.ByteBufAllocatorAllocPatternBenchmark.directAllocation":
  617.248 ±(99.9%) 26.399 ns/op [Average]
  (min, avg, max) = (559.348, 617.248, 695.375), stdev = 39.512
  CI (99.9%): [590.850, 643.647] (assumes normal distribution)


# JMH version: 1.37
# VM version: JDK 21, Java HotSpot(TM) 64-Bit Server VM, 21+35-LTS-2513
# VM invoker: /home/forked_franz/.sdkman/candidates/java/21-oracle/bin/java
# VM options: -server -dsa -da -XX:InitialRAMPercentage=40.0 -XX:MaxRAMPercentage=40.0 -Dio.netty.leakDetection.level=disabled -Djmh.executor=CUSTOM -Djmh.executor.class=io.github.neoionet.netty.microbenchmark.executor.FastThreadLocalThreadHarnessExecutor -XX:MaxRAM=60g
# Blackhole mode: compiler (auto-detected, use -Djmh.blackhole.autoDetect=false to disable)
# Warmup: 10 iterations, 1 s each
# Measurement: 10 iterations, 1 s each
# Timeout: 10 min per iteration
# Threads: 32 threads, will synchronize iterations
# Benchmark mode: Average time, time/op
# Benchmark: io.github.neoionet.netty.microbenchmark.ByteBufAllocatorAllocPatternBenchmark.directAllocation
# Parameters: (MAX_LIVE_BUFFERS = 16384, allocatorType = MIMALLOC, enableReadWrite = true, sizePattern = E_COMMERCE)

# Run progress: 32.14% complete, ETA 00:22:48
# Fork: 1 of 3
# Warmup Iteration   1: 959.978 ±(99.9%) 152.435 ns/op
# Warmup Iteration   2: 696.081 ±(99.9%) 138.143 ns/op
# Warmup Iteration   3: 710.315 ±(99.9%) 172.366 ns/op
# Warmup Iteration   4: 648.934 ±(99.9%) 109.585 ns/op
# Warmup Iteration   5: 689.977 ±(99.9%) 198.657 ns/op
# Warmup Iteration   6: 641.714 ±(99.9%) 84.661 ns/op
# Warmup Iteration   7: 713.616 ±(99.9%) 226.474 ns/op
# Warmup Iteration   8: 657.778 ±(99.9%) 132.083 ns/op
# Warmup Iteration   9: 715.477 ±(99.9%) 195.310 ns/op
# Warmup Iteration  10: 672.211 ±(99.9%) 164.783 ns/op
Iteration   1: 682.875 ±(99.9%) 149.838 ns/op
Iteration   2: 698.101 ±(99.9%) 180.368 ns/op
Iteration   3: 700.787 ±(99.9%) 195.929 ns/op
Iteration   4: 716.595 ±(99.9%) 197.528 ns/op
Iteration   5: 683.414 ±(99.9%) 165.399 ns/op
Iteration   6: 739.593 ±(99.9%) 196.538 ns/op
Iteration   7: 678.853 ±(99.9%) 168.693 ns/op
Iteration   8: 640.095 ±(99.9%) 108.883 ns/op
Iteration   9: 721.445 ±(99.9%) 217.519 ns/op
Iteration  10: cRSS-pRSS:[4571, 4573]
;used-memory:[2944]
707.769 ±(99.9%) 211.378 ns/op

# Run progress: 33.33% complete, ETA 00:22:25
# Fork: 2 of 3
# Warmup Iteration   1: 799.088 ±(99.9%) 90.140 ns/op
# Warmup Iteration   2: 1184.912 ±(99.9%) 224.434 ns/op
# Warmup Iteration   3: 674.721 ±(99.9%) 132.486 ns/op
# Warmup Iteration   4: 671.918 ±(99.9%) 148.335 ns/op
# Warmup Iteration   5: 706.900 ±(99.9%) 161.472 ns/op
# Warmup Iteration   6: 676.362 ±(99.9%) 144.918 ns/op
# Warmup Iteration   7: 684.501 ±(99.9%) 143.753 ns/op
# Warmup Iteration   8: 664.363 ±(99.9%) 123.789 ns/op
# Warmup Iteration   9: 651.515 ±(99.9%) 112.647 ns/op
# Warmup Iteration  10: 632.183 ±(99.9%) 116.081 ns/op
Iteration   1: 709.136 ±(99.9%) 172.592 ns/op
Iteration   2: 703.275 ±(99.9%) 202.674 ns/op
Iteration   3: 674.972 ±(99.9%) 160.434 ns/op
Iteration   4: 679.272 ±(99.9%) 179.199 ns/op
Iteration   5: 701.826 ±(99.9%) 170.229 ns/op
Iteration   6: 727.886 ±(99.9%) 199.262 ns/op
Iteration   7: 733.735 ±(99.9%) 222.154 ns/op
Iteration   8: 663.818 ±(99.9%) 126.668 ns/op
Iteration   9: 724.228 ±(99.9%) 193.789 ns/op
Iteration  10: cRSS-pRSS:[4575, 4577]
;used-memory:[2944]
699.454 ±(99.9%) 171.452 ns/op

# Run progress: 34.52% complete, ETA 00:22:01
# Fork: 3 of 3
# Warmup Iteration   1: 907.822 ±(99.9%) 178.344 ns/op
# Warmup Iteration   2: 878.480 ±(99.9%) 187.359 ns/op
# Warmup Iteration   3: 681.302 ±(99.9%) 124.227 ns/op
# Warmup Iteration   4: 784.733 ±(99.9%) 290.942 ns/op
# Warmup Iteration   5: 833.244 ±(99.9%) 290.388 ns/op
# Warmup Iteration   6: 648.622 ±(99.9%) 128.260 ns/op
# Warmup Iteration   7: 650.551 ±(99.9%) 126.825 ns/op
# Warmup Iteration   8: 668.219 ±(99.9%) 140.951 ns/op
# Warmup Iteration   9: 700.478 ±(99.9%) 191.240 ns/op
# Warmup Iteration  10: 630.150 ±(99.9%) 97.300 ns/op
Iteration   1: 743.145 ±(99.9%) 213.927 ns/op
Iteration   2: 793.953 ±(99.9%) 261.599 ns/op
Iteration   3: 685.570 ±(99.9%) 182.297 ns/op
Iteration   4: 675.706 ±(99.9%) 122.985 ns/op
Iteration   5: 655.730 ±(99.9%) 123.104 ns/op
Iteration   6: 849.707 ±(99.9%) 320.107 ns/op
Iteration   7: 842.374 ±(99.9%) 344.404 ns/op
Iteration   8: 734.356 ±(99.9%) 210.316 ns/op
Iteration   9: 747.399 ±(99.9%) 217.331 ns/op
Iteration  10: cRSS-pRSS:[4572, 4577]
;used-memory:[2944]
683.327 ±(99.9%) 159.441 ns/op


Result "io.github.neoionet.netty.microbenchmark.ByteBufAllocatorAllocPatternBenchmark.directAllocation":
  713.280 ±(99.9%) 31.989 ns/op [Average]
  (min, avg, max) = (640.095, 713.280, 849.707), stdev = 47.880
  CI (99.9%): [681.291, 745.269] (assumes normal distribution)


# JMH version: 1.37
# VM version: JDK 21, Java HotSpot(TM) 64-Bit Server VM, 21+35-LTS-2513
# VM invoker: /home/forked_franz/.sdkman/candidates/java/21-oracle/bin/java
# VM options: -server -dsa -da -XX:InitialRAMPercentage=40.0 -XX:MaxRAMPercentage=40.0 -Dio.netty.leakDetection.level=disabled -Djmh.executor=CUSTOM -Djmh.executor.class=io.github.neoionet.netty.microbenchmark.executor.FastThreadLocalThreadHarnessExecutor -XX:MaxRAM=60g
# Blackhole mode: compiler (auto-detected, use -Djmh.blackhole.autoDetect=false to disable)
# Warmup: 10 iterations, 1 s each
# Measurement: 10 iterations, 1 s each
# Timeout: 10 min per iteration
# Threads: 32 threads, will synchronize iterations
# Benchmark mode: Average time, time/op
# Benchmark: io.github.neoionet.netty.microbenchmark.ByteBufAllocatorAllocPatternBenchmark.directAllocation
# Parameters: (MAX_LIVE_BUFFERS = 32768, allocatorType = ADAPTIVE, enableReadWrite = true, sizePattern = E_COMMERCE)

# Run progress: 35.71% complete, ETA 00:21:38
# Fork: 1 of 3
# Warmup Iteration   1: 790.341 ±(99.9%) 84.861 ns/op
# Warmup Iteration   2: 658.862 ±(99.9%) 77.538 ns/op
# Warmup Iteration   3: 621.738 ±(99.9%) 77.631 ns/op
# Warmup Iteration   4: 655.505 ±(99.9%) 103.036 ns/op
# Warmup Iteration   5: 635.910 ±(99.9%) 104.715 ns/op
# Warmup Iteration   6: 683.782 ±(99.9%) 169.672 ns/op
# Warmup Iteration   7: 686.603 ±(99.9%) 151.920 ns/op
# Warmup Iteration   8: 663.000 ±(99.9%) 132.299 ns/op
# Warmup Iteration   9: 786.163 ±(99.9%) 296.336 ns/op
# Warmup Iteration  10: 721.122 ±(99.9%) 225.178 ns/op
Iteration   1: 670.018 ±(99.9%) 136.635 ns/op
Iteration   2: 663.250 ±(99.9%) 134.836 ns/op
Iteration   3: 699.271 ±(99.9%) 192.600 ns/op
Iteration   4: 691.733 ±(99.9%) 167.620 ns/op
Iteration   5: 671.337 ±(99.9%) 134.826 ns/op
Iteration   6: 645.444 ±(99.9%) 98.480 ns/op
Iteration   7: 668.729 ±(99.9%) 147.068 ns/op
Iteration   8: 690.128 ±(99.9%) 159.835 ns/op
Iteration   9: 723.486 ±(99.9%) 197.527 ns/op
Iteration  10: cRSS-pRSS:[7124, 7125]
;used-memory:[5040]
761.899 ±(99.9%) 223.525 ns/op

# Run progress: 36.90% complete, ETA 00:21:16
# Fork: 2 of 3
# Warmup Iteration   1: 779.649 ±(99.9%) 57.209 ns/op
# Warmup Iteration   2: 1060.988 ±(99.9%) 121.378 ns/op
# Warmup Iteration   3: 701.572 ±(99.9%) 158.410 ns/op
# Warmup Iteration   4: 789.205 ±(99.9%) 230.331 ns/op
# Warmup Iteration   5: 700.333 ±(99.9%) 143.992 ns/op
# Warmup Iteration   6: 714.778 ±(99.9%) 156.011 ns/op
# Warmup Iteration   7: 681.087 ±(99.9%) 130.910 ns/op
# Warmup Iteration   8: 651.407 ±(99.9%) 91.689 ns/op
# Warmup Iteration   9: 641.694 ±(99.9%) 71.683 ns/op
# Warmup Iteration  10: 636.287 ±(99.9%) 80.949 ns/op
Iteration   1: 674.436 ±(99.9%) 127.984 ns/op
Iteration   2: 690.467 ±(99.9%) 137.205 ns/op
Iteration   3: 693.406 ±(99.9%) 130.948 ns/op
Iteration   4: 714.570 ±(99.9%) 177.724 ns/op
Iteration   5: 671.846 ±(99.9%) 107.093 ns/op
Iteration   6: 691.330 ±(99.9%) 145.847 ns/op
Iteration   7: 741.243 ±(99.9%) 209.340 ns/op
Iteration   8: 746.953 ±(99.9%) 182.372 ns/op
Iteration   9: 830.790 ±(99.9%) 294.854 ns/op
Iteration  10: cRSS-pRSS:[7126, 7126]
;used-memory:[5045]
664.555 ±(99.9%) 93.967 ns/op

# Run progress: 38.10% complete, ETA 00:20:53
# Fork: 3 of 3
# Warmup Iteration   1: 714.226 ±(99.9%) 84.269 ns/op
# Warmup Iteration   2: 631.067 ±(99.9%) 71.577 ns/op
# Warmup Iteration   3: 653.044 ±(99.9%) 92.455 ns/op
# Warmup Iteration   4: 659.425 ±(99.9%) 118.344 ns/op
# Warmup Iteration   5: 665.884 ±(99.9%) 121.720 ns/op
# Warmup Iteration   6: 667.959 ±(99.9%) 126.691 ns/op
# Warmup Iteration   7: 679.085 ±(99.9%) 162.794 ns/op
# Warmup Iteration   8: 643.772 ±(99.9%) 106.021 ns/op
# Warmup Iteration   9: 642.374 ±(99.9%) 99.614 ns/op
# Warmup Iteration  10: 633.303 ±(99.9%) 96.814 ns/op
Iteration   1: 672.754 ±(99.9%) 137.318 ns/op
Iteration   2: 683.428 ±(99.9%) 161.400 ns/op
Iteration   3: 634.747 ±(99.9%) 96.034 ns/op
Iteration   4: 709.666 ±(99.9%) 168.889 ns/op
Iteration   5: 634.401 ±(99.9%) 88.655 ns/op
Iteration   6: 639.014 ±(99.9%) 96.297 ns/op
Iteration   7: 695.412 ±(99.9%) 146.313 ns/op
Iteration   8: 729.915 ±(99.9%) 219.654 ns/op
Iteration   9: 719.304 ±(99.9%) 183.711 ns/op
Iteration  10: cRSS-pRSS:[7162, 7162]
;used-memory:[5094]
676.186 ±(99.9%) 125.984 ns/op


Result "io.github.neoionet.netty.microbenchmark.ByteBufAllocatorAllocPatternBenchmark.directAllocation":
  693.324 ±(99.9%) 27.636 ns/op [Average]
  (min, avg, max) = (634.401, 693.324, 830.790), stdev = 41.365
  CI (99.9%): [665.688, 720.960] (assumes normal distribution)


# JMH version: 1.37
# VM version: JDK 21, Java HotSpot(TM) 64-Bit Server VM, 21+35-LTS-2513
# VM invoker: /home/forked_franz/.sdkman/candidates/java/21-oracle/bin/java
# VM options: -server -dsa -da -XX:InitialRAMPercentage=40.0 -XX:MaxRAMPercentage=40.0 -Dio.netty.leakDetection.level=disabled -Djmh.executor=CUSTOM -Djmh.executor.class=io.github.neoionet.netty.microbenchmark.executor.FastThreadLocalThreadHarnessExecutor -XX:MaxRAM=60g
# Blackhole mode: compiler (auto-detected, use -Djmh.blackhole.autoDetect=false to disable)
# Warmup: 10 iterations, 1 s each
# Measurement: 10 iterations, 1 s each
# Timeout: 10 min per iteration
# Threads: 32 threads, will synchronize iterations
# Benchmark mode: Average time, time/op
# Benchmark: io.github.neoionet.netty.microbenchmark.ByteBufAllocatorAllocPatternBenchmark.directAllocation
# Parameters: (MAX_LIVE_BUFFERS = 32768, allocatorType = MIMALLOC, enableReadWrite = true, sizePattern = E_COMMERCE)

# Run progress: 39.29% complete, ETA 00:20:31
# Fork: 1 of 3
# Warmup Iteration   1: 928.115 ±(99.9%) 98.583 ns/op
# Warmup Iteration   2: 813.325 ±(99.9%) 90.082 ns/op
# Warmup Iteration   3: 850.116 ±(99.9%) 164.833 ns/op
# Warmup Iteration   4: 799.903 ±(99.9%) 100.621 ns/op
# Warmup Iteration   5: 823.042 ±(99.9%) 100.458 ns/op
# Warmup Iteration   6: 870.890 ±(99.9%) 192.493 ns/op
# Warmup Iteration   7: 811.807 ±(99.9%) 116.866 ns/op
# Warmup Iteration   8: 845.353 ±(99.9%) 174.703 ns/op
# Warmup Iteration   9: 816.596 ±(99.9%) 146.138 ns/op
# Warmup Iteration  10: 836.674 ±(99.9%) 161.509 ns/op
Iteration   1: 859.310 ±(99.9%) 209.693 ns/op
Iteration   2: 870.568 ±(99.9%) 217.604 ns/op
Iteration   3: 858.957 ±(99.9%) 202.405 ns/op
Iteration   4: 852.402 ±(99.9%) 205.288 ns/op
Iteration   5: 917.883 ±(99.9%) 252.387 ns/op
Iteration   6: 892.120 ±(99.9%) 218.761 ns/op
Iteration   7: 891.957 ±(99.9%) 224.260 ns/op
Iteration   8: 824.517 ±(99.9%) 155.928 ns/op
Iteration   9: 880.889 ±(99.9%) 211.634 ns/op
Iteration  10: cRSS-pRSS:[7051, 7055]
;used-memory:[5376]
879.913 ±(99.9%) 223.926 ns/op

# Run progress: 40.48% complete, ETA 00:20:08
# Fork: 2 of 3
# Warmup Iteration   1: 976.226 ±(99.9%) 107.506 ns/op
# Warmup Iteration   2: 972.982 ±(99.9%) 158.630 ns/op
# Warmup Iteration   3: 796.980 ±(99.9%) 92.203 ns/op
# Warmup Iteration   4: 862.679 ±(99.9%) 181.739 ns/op
# Warmup Iteration   5: 881.696 ±(99.9%) 167.546 ns/op
# Warmup Iteration   6: 910.039 ±(99.9%) 253.119 ns/op
# Warmup Iteration   7: 842.048 ±(99.9%) 164.694 ns/op
# Warmup Iteration   8: 893.937 ±(99.9%) 233.428 ns/op
# Warmup Iteration   9: 821.616 ±(99.9%) 143.673 ns/op
# Warmup Iteration  10: 880.752 ±(99.9%) 220.626 ns/op
Iteration   1: 784.401 ±(99.9%) 91.819 ns/op
Iteration   2: 829.634 ±(99.9%) 173.918 ns/op
Iteration   3: 852.763 ±(99.9%) 200.590 ns/op
Iteration   4: 902.015 ±(99.9%) 238.528 ns/op
Iteration   5: 842.682 ±(99.9%) 164.285 ns/op
Iteration   6: 873.487 ±(99.9%) 204.888 ns/op
Iteration   7: 854.049 ±(99.9%) 181.352 ns/op
Iteration   8: 850.763 ±(99.9%) 184.534 ns/op
Iteration   9: 912.793 ±(99.9%) 259.491 ns/op
Iteration  10: cRSS-pRSS:[7044, 7048]
;used-memory:[5376]
938.445 ±(99.9%) 309.943 ns/op

# Run progress: 41.67% complete, ETA 00:19:45
# Fork: 3 of 3
# Warmup Iteration   1: 1035.914 ±(99.9%) 151.466 ns/op
# Warmup Iteration   2: 1133.530 ±(99.9%) 233.393 ns/op
# Warmup Iteration   3: 862.513 ±(99.9%) 180.343 ns/op
# Warmup Iteration   4: 875.869 ±(99.9%) 206.034 ns/op
# Warmup Iteration   5: 889.702 ±(99.9%) 212.604 ns/op
# Warmup Iteration   6: 836.703 ±(99.9%) 168.464 ns/op
# Warmup Iteration   7: 885.900 ±(99.9%) 186.584 ns/op
# Warmup Iteration   8: 863.870 ±(99.9%) 171.962 ns/op
# Warmup Iteration   9: 958.098 ±(99.9%) 309.624 ns/op
# Warmup Iteration  10: 861.388 ±(99.9%) 169.458 ns/op
Iteration   1: 868.904 ±(99.9%) 200.707 ns/op
Iteration   2: 840.278 ±(99.9%) 155.239 ns/op
Iteration   3: 871.921 ±(99.9%) 203.462 ns/op
Iteration   4: 857.559 ±(99.9%) 164.224 ns/op
Iteration   5: 848.828 ±(99.9%) 168.630 ns/op
Iteration   6: 876.152 ±(99.9%) 177.344 ns/op
Iteration   7: 843.634 ±(99.9%) 157.778 ns/op
Iteration   8: 964.378 ±(99.9%) 332.397 ns/op
Iteration   9: 857.116 ±(99.9%) 176.299 ns/op
Iteration  10: cRSS-pRSS:[7041, 7046]
;used-memory:[5376]
876.749 ±(99.9%) 210.627 ns/op


Result "io.github.neoionet.netty.microbenchmark.ByteBufAllocatorAllocPatternBenchmark.directAllocation":
  869.169 ±(99.9%) 23.407 ns/op [Average]
  (min, avg, max) = (784.401, 869.169, 964.378), stdev = 35.035
  CI (99.9%): [845.762, 892.576] (assumes normal distribution)


# JMH version: 1.37
# VM version: JDK 21, Java HotSpot(TM) 64-Bit Server VM, 21+35-LTS-2513
# VM invoker: /home/forked_franz/.sdkman/candidates/java/21-oracle/bin/java
# VM options: -server -dsa -da -XX:InitialRAMPercentage=40.0 -XX:MaxRAMPercentage=40.0 -Dio.netty.leakDetection.level=disabled -Djmh.executor=CUSTOM -Djmh.executor.class=io.github.neoionet.netty.microbenchmark.executor.FastThreadLocalThreadHarnessExecutor -XX:MaxRAM=60g
# Blackhole mode: compiler (auto-detected, use -Djmh.blackhole.autoDetect=false to disable)
# Warmup: 10 iterations, 1 s each
# Measurement: 10 iterations, 1 s each
# Timeout: 10 min per iteration
# Threads: 32 threads, will synchronize iterations
# Benchmark mode: Average time, time/op
# Benchmark: io.github.neoionet.netty.microbenchmark.ByteBufAllocatorAllocPatternBenchmark.directAllocation
# Parameters: (MAX_LIVE_BUFFERS = 65536, allocatorType = ADAPTIVE, enableReadWrite = true, sizePattern = E_COMMERCE)

# Run progress: 42.86% complete, ETA 00:19:22
# Fork: 1 of 3
# Warmup Iteration   1: 1018.060 ±(99.9%) 145.638 ns/op
# Warmup Iteration   2: 771.512 ±(99.9%) 147.410 ns/op
# Warmup Iteration   3: 728.959 ±(99.9%) 111.154 ns/op
# Warmup Iteration   4: 845.050 ±(99.9%) 209.745 ns/op
# Warmup Iteration   5: 745.640 ±(99.9%) 127.608 ns/op
# Warmup Iteration   6: 796.394 ±(99.9%) 207.785 ns/op
# Warmup Iteration   7: 751.289 ±(99.9%) 158.778 ns/op
# Warmup Iteration   8: 719.336 ±(99.9%) 105.273 ns/op
# Warmup Iteration   9: 815.488 ±(99.9%) 219.180 ns/op
# Warmup Iteration  10: 785.009 ±(99.9%) 134.037 ns/op
Iteration   1: 833.738 ±(99.9%) 183.233 ns/op
Iteration   2: 771.192 ±(99.9%) 120.413 ns/op
Iteration   3: 806.307 ±(99.9%) 163.215 ns/op
Iteration   4: 847.320 ±(99.9%) 190.403 ns/op
Iteration   5: 783.656 ±(99.9%) 120.102 ns/op
Iteration   6: 818.739 ±(99.9%) 141.200 ns/op
Iteration   7: 790.459 ±(99.9%) 138.803 ns/op
Iteration   8: 822.421 ±(99.9%) 158.540 ns/op
Iteration   9: 795.285 ±(99.9%) 141.555 ns/op
Iteration  10: cRSS-pRSS:[12363, 12363]
;used-memory:[9953]
761.706 ±(99.9%) 97.338 ns/op

# Run progress: 44.05% complete, ETA 00:19:00
# Fork: 2 of 3
# Warmup Iteration   1: 969.765 ±(99.9%) 110.547 ns/op
# Warmup Iteration   2: 760.157 ±(99.9%) 135.196 ns/op
# Warmup Iteration   3: 753.338 ±(99.9%) 128.967 ns/op
# Warmup Iteration   4: 796.283 ±(99.9%) 213.599 ns/op
# Warmup Iteration   5: 739.720 ±(99.9%) 133.221 ns/op
# Warmup Iteration   6: 775.231 ±(99.9%) 169.511 ns/op
# Warmup Iteration   7: 791.573 ±(99.9%) 198.021 ns/op
# Warmup Iteration   8: 739.390 ±(99.9%) 147.085 ns/op
# Warmup Iteration   9: 795.655 ±(99.9%) 206.630 ns/op
# Warmup Iteration  10: 747.262 ±(99.9%) 152.402 ns/op
Iteration   1: 708.326 ±(99.9%) 94.725 ns/op
Iteration   2: 725.182 ±(99.9%) 108.416 ns/op
Iteration   3: 745.731 ±(99.9%) 143.791 ns/op
Iteration   4: 764.573 ±(99.9%) 175.204 ns/op
Iteration   5: 712.765 ±(99.9%) 76.638 ns/op
Iteration   6: 763.125 ±(99.9%) 163.577 ns/op
Iteration   7: 764.946 ±(99.9%) 160.131 ns/op
Iteration   8: 792.915 ±(99.9%) 183.740 ns/op
Iteration   9: 749.861 ±(99.9%) 138.727 ns/op
Iteration  10: cRSS-pRSS:[12368, 12368]
;used-memory:[9990]
821.788 ±(99.9%) 210.834 ns/op

# Run progress: 45.24% complete, ETA 00:18:38
# Fork: 3 of 3
# Warmup Iteration   1: 972.464 ±(99.9%) 83.052 ns/op
# Warmup Iteration   2: 724.546 ±(99.9%) 70.288 ns/op
# Warmup Iteration   3: 740.082 ±(99.9%) 90.373 ns/op
# Warmup Iteration   4: 779.045 ±(99.9%) 180.987 ns/op
# Warmup Iteration   5: 759.103 ±(99.9%) 146.540 ns/op
# Warmup Iteration   6: 736.368 ±(99.9%) 112.409 ns/op
# Warmup Iteration   7: 860.944 ±(99.9%) 304.196 ns/op
# Warmup Iteration   8: 724.775 ±(99.9%) 120.083 ns/op
# Warmup Iteration   9: 756.053 ±(99.9%) 161.999 ns/op
# Warmup Iteration  10: 845.182 ±(99.9%) 181.014 ns/op
Iteration   1: 744.196 ±(99.9%) 148.427 ns/op
Iteration   2: 723.792 ±(99.9%) 108.974 ns/op
Iteration   3: 736.515 ±(99.9%) 116.019 ns/op
Iteration   4: 711.259 ±(99.9%) 72.202 ns/op
Iteration   5: 770.721 ±(99.9%) 157.198 ns/op
Iteration   6: 761.217 ±(99.9%) 151.441 ns/op
Iteration   7: 843.585 ±(99.9%) 225.856 ns/op
Iteration   8: 775.928 ±(99.9%) 160.523 ns/op
Iteration   9: 846.188 ±(99.9%) 245.197 ns/op
Iteration  10: cRSS-pRSS:[12368, 12368]
;used-memory:[9956]
758.925 ±(99.9%) 132.257 ns/op


Result "io.github.neoionet.netty.microbenchmark.ByteBufAllocatorAllocPatternBenchmark.directAllocation":
  775.079 ±(99.9%) 27.531 ns/op [Average]
  (min, avg, max) = (708.326, 775.079, 847.320), stdev = 41.207
  CI (99.9%): [747.548, 802.610] (assumes normal distribution)


# JMH version: 1.37
# VM version: JDK 21, Java HotSpot(TM) 64-Bit Server VM, 21+35-LTS-2513
# VM invoker: /home/forked_franz/.sdkman/candidates/java/21-oracle/bin/java
# VM options: -server -dsa -da -XX:InitialRAMPercentage=40.0 -XX:MaxRAMPercentage=40.0 -Dio.netty.leakDetection.level=disabled -Djmh.executor=CUSTOM -Djmh.executor.class=io.github.neoionet.netty.microbenchmark.executor.FastThreadLocalThreadHarnessExecutor -XX:MaxRAM=60g
# Blackhole mode: compiler (auto-detected, use -Djmh.blackhole.autoDetect=false to disable)
# Warmup: 10 iterations, 1 s each
# Measurement: 10 iterations, 1 s each
# Timeout: 10 min per iteration
# Threads: 32 threads, will synchronize iterations
# Benchmark mode: Average time, time/op
# Benchmark: io.github.neoionet.netty.microbenchmark.ByteBufAllocatorAllocPatternBenchmark.directAllocation
# Parameters: (MAX_LIVE_BUFFERS = 65536, allocatorType = MIMALLOC, enableReadWrite = true, sizePattern = E_COMMERCE)

# Run progress: 46.43% complete, ETA 00:18:16
# Fork: 1 of 3
# Warmup Iteration   1: 1231.378 ±(99.9%) 204.699 ns/op
# Warmup Iteration   2: 1042.424 ±(99.9%) 260.500 ns/op
# Warmup Iteration   3: 997.604 ±(99.9%) 201.334 ns/op
# Warmup Iteration   4: 978.863 ±(99.9%) 194.135 ns/op
# Warmup Iteration   5: 932.464 ±(99.9%) 145.201 ns/op
# Warmup Iteration   6: 930.216 ±(99.9%) 138.642 ns/op
# Warmup Iteration   7: 942.677 ±(99.9%) 174.667 ns/op
# Warmup Iteration   8: 969.378 ±(99.9%) 201.544 ns/op
# Warmup Iteration   9: 935.923 ±(99.9%) 145.113 ns/op
# Warmup Iteration  10: 977.690 ±(99.9%) 210.986 ns/op
Iteration   1: 914.511 ±(99.9%) 126.853 ns/op
Iteration   2: 1027.147 ±(99.9%) 250.645 ns/op
Iteration   3: 913.156 ±(99.9%) 116.164 ns/op
Iteration   4: 991.370 ±(99.9%) 211.104 ns/op
Iteration   5: 1005.628 ±(99.9%) 227.878 ns/op
Iteration   6: 1005.013 ±(99.9%) 242.451 ns/op
Iteration   7: 1038.599 ±(99.9%) 288.308 ns/op
Iteration   8: 1038.767 ±(99.9%) 295.397 ns/op
Iteration   9: 981.229 ±(99.9%) 194.234 ns/op
Iteration  10: cRSS-pRSS:[12138, 12138]
;used-memory:[10368]
903.919 ±(99.9%) 116.110 ns/op

# Run progress: 47.62% complete, ETA 00:17:53
# Fork: 2 of 3
# Warmup Iteration   1: 1171.789 ±(99.9%) 128.055 ns/op
# Warmup Iteration   2: 941.870 ±(99.9%) 116.039 ns/op
# Warmup Iteration   3: 971.914 ±(99.9%) 158.739 ns/op
# Warmup Iteration   4: 959.022 ±(99.9%) 151.811 ns/op
# Warmup Iteration   5: 1051.600 ±(99.9%) 256.235 ns/op
# Warmup Iteration   6: 936.082 ±(99.9%) 146.299 ns/op
# Warmup Iteration   7: 951.359 ±(99.9%) 159.016 ns/op
# Warmup Iteration   8: 1017.727 ±(99.9%) 243.667 ns/op
# Warmup Iteration   9: 1001.118 ±(99.9%) 221.852 ns/op
# Warmup Iteration  10: 1123.208 ±(99.9%) 364.962 ns/op
Iteration   1: 936.556 ±(99.9%) 128.415 ns/op
Iteration   2: 987.144 ±(99.9%) 200.389 ns/op
Iteration   3: 997.467 ±(99.9%) 205.857 ns/op
Iteration   4: 958.579 ±(99.9%) 158.772 ns/op
Iteration   5: 992.358 ±(99.9%) 183.438 ns/op
Iteration   6: 986.590 ±(99.9%) 197.373 ns/op
Iteration   7: 1014.039 ±(99.9%) 262.676 ns/op
Iteration   8: 1041.161 ±(99.9%) 260.006 ns/op
Iteration   9: 1234.060 ±(99.9%) 418.011 ns/op
Iteration  10: cRSS-pRSS:[12148, 12149]
;used-memory:[10368]
1111.099 ±(99.9%) 289.256 ns/op

# Run progress: 48.81% complete, ETA 00:17:30
# Fork: 3 of 3
# Warmup Iteration   1: 1178.410 ±(99.9%) 142.365 ns/op
# Warmup Iteration   2: 1082.361 ±(99.9%) 145.013 ns/op
# Warmup Iteration   3: 911.839 ±(99.9%) 104.923 ns/op
# Warmup Iteration   4: 944.062 ±(99.9%) 140.866 ns/op
# Warmup Iteration   5: 1026.075 ±(99.9%) 260.652 ns/op
# Warmup Iteration   6: 1034.343 ±(99.9%) 263.843 ns/op
# Warmup Iteration   7: 888.917 ±(99.9%) 75.354 ns/op
# Warmup Iteration   8: 940.023 ±(99.9%) 168.791 ns/op
# Warmup Iteration   9: 1060.825 ±(99.9%) 266.881 ns/op
# Warmup Iteration  10: 984.380 ±(99.9%) 199.287 ns/op
Iteration   1: 975.088 ±(99.9%) 202.916 ns/op
Iteration   2: 988.684 ±(99.9%) 197.362 ns/op
Iteration   3: 1001.611 ±(99.9%) 237.522 ns/op
Iteration   4: 965.458 ±(99.9%) 196.148 ns/op
Iteration   5: 1009.507 ±(99.9%) 231.411 ns/op
Iteration   6: 983.039 ±(99.9%) 208.740 ns/op
Iteration   7: 992.962 ±(99.9%) 235.219 ns/op
Iteration   8: 996.532 ±(99.9%) 239.609 ns/op
Iteration   9: 987.207 ±(99.9%) 193.685 ns/op
Iteration  10: cRSS-pRSS:[12138, 12138]
;used-memory:[10368]
925.164 ±(99.9%) 138.464 ns/op


Result "io.github.neoionet.netty.microbenchmark.ByteBufAllocatorAllocPatternBenchmark.directAllocation":
  996.788 ±(99.9%) 41.391 ns/op [Average]
  (min, avg, max) = (903.919, 996.788, 1234.060), stdev = 61.952
  CI (99.9%): [955.397, 1038.179] (assumes normal distribution)


# JMH version: 1.37
# VM version: JDK 21, Java HotSpot(TM) 64-Bit Server VM, 21+35-LTS-2513
# VM invoker: /home/forked_franz/.sdkman/candidates/java/21-oracle/bin/java
# VM options: -server -dsa -da -XX:InitialRAMPercentage=40.0 -XX:MaxRAMPercentage=40.0 -Dio.netty.leakDetection.level=disabled -Djmh.executor=CUSTOM -Djmh.executor.class=io.github.neoionet.netty.microbenchmark.executor.FastThreadLocalThreadHarnessExecutor -XX:MaxRAM=60g
# Blackhole mode: compiler (auto-detected, use -Djmh.blackhole.autoDetect=false to disable)
# Warmup: 10 iterations, 1 s each
# Measurement: 10 iterations, 1 s each
# Timeout: 10 min per iteration
# Threads: 32 threads, will synchronize iterations
# Benchmark mode: Average time, time/op
# Benchmark: io.github.neoionet.netty.microbenchmark.ByteBufAllocatorAllocPatternBenchmark.heapAllocation
# Parameters: (MAX_LIVE_BUFFERS = 128, allocatorType = ADAPTIVE, enableReadWrite = true, sizePattern = E_COMMERCE)

# Run progress: 50.00% complete, ETA 00:17:08
# Fork: 1 of 3
# Warmup Iteration   1: 273.704 ±(99.9%) 29.946 ns/op
# Warmup Iteration   2: 331.794 ±(99.9%) 67.809 ns/op
# Warmup Iteration   3: 234.548 ±(99.9%) 35.627 ns/op
# Warmup Iteration   4: 238.962 ±(99.9%) 47.785 ns/op
# Warmup Iteration   5: 273.380 ±(99.9%) 82.641 ns/op
# Warmup Iteration   6: 233.828 ±(99.9%) 36.293 ns/op
# Warmup Iteration   7: 233.130 ±(99.9%) 37.948 ns/op
# Warmup Iteration   8: 227.296 ±(99.9%) 35.056 ns/op
# Warmup Iteration   9: 246.237 ±(99.9%) 58.615 ns/op
# Warmup Iteration  10: 256.258 ±(99.9%) 63.069 ns/op
Iteration   1: 239.366 ±(99.9%) 49.019 ns/op
Iteration   2: 231.654 ±(99.9%) 40.364 ns/op
Iteration   3: 244.298 ±(99.9%) 56.774 ns/op
Iteration   4: 239.182 ±(99.9%) 46.933 ns/op
Iteration   5: 230.973 ±(99.9%) 33.848 ns/op
Iteration   6: 240.680 ±(99.9%) 44.605 ns/op
Iteration   7: 256.973 ±(99.9%) 60.833 ns/op
Iteration   8: 245.690 ±(99.9%) 50.254 ns/op
Iteration   9: 253.998 ±(99.9%) 63.503 ns/op
Iteration  10: cRSS-pRSS:[1796, 1796]
;used-memory:[195]
243.382 ±(99.9%) 50.398 ns/op

# Run progress: 51.19% complete, ETA 00:16:43
# Fork: 2 of 3
# Warmup Iteration   1: 296.955 ±(99.9%) 44.627 ns/op
# Warmup Iteration   2: 431.769 ±(99.9%) 60.282 ns/op
# Warmup Iteration   3: 244.127 ±(99.9%) 31.109 ns/op
# Warmup Iteration   4: 270.835 ±(99.9%) 71.004 ns/op
# Warmup Iteration   5: 268.147 ±(99.9%) 64.876 ns/op
# Warmup Iteration   6: 233.687 ±(99.9%) 24.265 ns/op
# Warmup Iteration   7: 243.510 ±(99.9%) 38.561 ns/op
# Warmup Iteration   8: 240.999 ±(99.9%) 40.627 ns/op
# Warmup Iteration   9: 261.804 ±(99.9%) 56.349 ns/op
# Warmup Iteration  10: 241.669 ±(99.9%) 47.692 ns/op
Iteration   1: 257.458 ±(99.9%) 54.873 ns/op
Iteration   2: 258.397 ±(99.9%) 58.901 ns/op
Iteration   3: 254.585 ±(99.9%) 62.374 ns/op
Iteration   4: 256.353 ±(99.9%) 51.701 ns/op
Iteration   5: 242.675 ±(99.9%) 43.769 ns/op
Iteration   6: 240.921 ±(99.9%) 38.870 ns/op
Iteration   7: 246.936 ±(99.9%) 46.884 ns/op
Iteration   8: 244.938 ±(99.9%) 42.924 ns/op
Iteration   9: 254.170 ±(99.9%) 52.488 ns/op
Iteration  10: cRSS-pRSS:[2044, 2044]
;used-memory:[206]
243.625 ±(99.9%) 37.816 ns/op

# Run progress: 52.38% complete, ETA 00:16:18
# Fork: 3 of 3
# Warmup Iteration   1: 290.248 ±(99.9%) 29.464 ns/op
# Warmup Iteration   2: 332.208 ±(99.9%) 38.765 ns/op
# Warmup Iteration   3: 241.917 ±(99.9%) 39.607 ns/op
# Warmup Iteration   4: 236.926 ±(99.9%) 31.201 ns/op
# Warmup Iteration   5: 248.374 ±(99.9%) 44.370 ns/op
# Warmup Iteration   6: 235.047 ±(99.9%) 28.422 ns/op
# Warmup Iteration   7: 231.236 ±(99.9%) 28.943 ns/op
# Warmup Iteration   8: 238.376 ±(99.9%) 40.274 ns/op
# Warmup Iteration   9: 243.473 ±(99.9%) 33.826 ns/op
# Warmup Iteration  10: 232.640 ±(99.9%) 38.496 ns/op
Iteration   1: 232.763 ±(99.9%) 39.222 ns/op
Iteration   2: 233.157 ±(99.9%) 38.671 ns/op
Iteration   3: 222.251 ±(99.9%) 16.305 ns/op
Iteration   4: 230.358 ±(99.9%) 31.461 ns/op
Iteration   5: 238.211 ±(99.9%) 42.544 ns/op
Iteration   6: 231.214 ±(99.9%) 32.057 ns/op
Iteration   7: 245.200 ±(99.9%) 46.760 ns/op
Iteration   8: 244.022 ±(99.9%) 48.280 ns/op
Iteration   9: 237.133 ±(99.9%) 39.721 ns/op
Iteration  10: cRSS-pRSS:[2036, 2037]
;used-memory:[205]
248.215 ±(99.9%) 54.387 ns/op


Result "io.github.neoionet.netty.microbenchmark.ByteBufAllocatorAllocPatternBenchmark.heapAllocation":
  242.959 ±(99.9%) 6.278 ns/op [Average]
  (min, avg, max) = (222.251, 242.959, 258.397), stdev = 9.397
  CI (99.9%): [236.681, 249.237] (assumes normal distribution)


# JMH version: 1.37
# VM version: JDK 21, Java HotSpot(TM) 64-Bit Server VM, 21+35-LTS-2513
# VM invoker: /home/forked_franz/.sdkman/candidates/java/21-oracle/bin/java
# VM options: -server -dsa -da -XX:InitialRAMPercentage=40.0 -XX:MaxRAMPercentage=40.0 -Dio.netty.leakDetection.level=disabled -Djmh.executor=CUSTOM -Djmh.executor.class=io.github.neoionet.netty.microbenchmark.executor.FastThreadLocalThreadHarnessExecutor -XX:MaxRAM=60g
# Blackhole mode: compiler (auto-detected, use -Djmh.blackhole.autoDetect=false to disable)
# Warmup: 10 iterations, 1 s each
# Measurement: 10 iterations, 1 s each
# Timeout: 10 min per iteration
# Threads: 32 threads, will synchronize iterations
# Benchmark mode: Average time, time/op
# Benchmark: io.github.neoionet.netty.microbenchmark.ByteBufAllocatorAllocPatternBenchmark.heapAllocation
# Parameters: (MAX_LIVE_BUFFERS = 128, allocatorType = MIMALLOC, enableReadWrite = true, sizePattern = E_COMMERCE)

# Run progress: 53.57% complete, ETA 00:15:53
# Fork: 1 of 3
# Warmup Iteration   1: 371.689 ±(99.9%) 37.605 ns/op
# Warmup Iteration   2: 325.629 ±(99.9%) 52.031 ns/op
# Warmup Iteration   3: 268.093 ±(99.9%) 51.000 ns/op
# Warmup Iteration   4: 253.340 ±(99.9%) 32.176 ns/op
# Warmup Iteration   5: 269.232 ±(99.9%) 39.464 ns/op
# Warmup Iteration   6: 258.140 ±(99.9%) 37.455 ns/op
# Warmup Iteration   7: 267.662 ±(99.9%) 55.553 ns/op
# Warmup Iteration   8: 264.002 ±(99.9%) 48.065 ns/op
# Warmup Iteration   9: 250.797 ±(99.9%) 33.847 ns/op
# Warmup Iteration  10: 259.186 ±(99.9%) 38.656 ns/op
Iteration   1: 294.961 ±(99.9%) 91.381 ns/op
Iteration   2: 262.944 ±(99.9%) 51.347 ns/op
Iteration   3: 261.975 ±(99.9%) 44.506 ns/op
Iteration   4: 261.809 ±(99.9%) 43.269 ns/op
Iteration   5: 273.682 ±(99.9%) 60.493 ns/op
Iteration   6: 271.457 ±(99.9%) 54.819 ns/op
Iteration   7: 292.641 ±(99.9%) 76.460 ns/op
Iteration   8: 271.593 ±(99.9%) 60.559 ns/op
Iteration   9: 292.409 ±(99.9%) 83.374 ns/op
Iteration  10: cRSS-pRSS:[2007, 2010]
;used-memory:[372]
267.782 ±(99.9%) 48.922 ns/op

# Run progress: 54.76% complete, ETA 00:15:28
# Fork: 2 of 3
# Warmup Iteration   1: 349.340 ±(99.9%) 30.401 ns/op
# Warmup Iteration   2: 511.629 ±(99.9%) 94.705 ns/op
# Warmup Iteration   3: 263.830 ±(99.9%) 40.051 ns/op
# Warmup Iteration   4: 268.137 ±(99.9%) 52.374 ns/op
# Warmup Iteration   5: 253.865 ±(99.9%) 34.735 ns/op
# Warmup Iteration   6: 264.154 ±(99.9%) 45.100 ns/op
# Warmup Iteration   7: 250.902 ±(99.9%) 32.967 ns/op
# Warmup Iteration   8: 258.483 ±(99.9%) 46.170 ns/op
# Warmup Iteration   9: 252.736 ±(99.9%) 34.817 ns/op
# Warmup Iteration  10: 256.844 ±(99.9%) 29.344 ns/op
Iteration   1: 273.315 ±(99.9%) 66.077 ns/op
Iteration   2: 256.254 ±(99.9%) 43.978 ns/op
Iteration   3: 263.638 ±(99.9%) 58.990 ns/op
Iteration   4: 253.886 ±(99.9%) 32.247 ns/op
Iteration   5: 267.768 ±(99.9%) 50.074 ns/op
Iteration   6: 268.961 ±(99.9%) 50.951 ns/op
Iteration   7: 256.323 ±(99.9%) 35.956 ns/op
Iteration   8: 279.760 ±(99.9%) 63.245 ns/op
Iteration   9: 271.782 ±(99.9%) 61.368 ns/op
Iteration  10: cRSS-pRSS:[2006, 2012]
;used-memory:[380]
255.929 ±(99.9%) 34.260 ns/op

# Run progress: 55.95% complete, ETA 00:15:03
# Fork: 3 of 3
# Warmup Iteration   1: 348.897 ±(99.9%) 34.007 ns/op
# Warmup Iteration   2: 323.174 ±(99.9%) 57.348 ns/op
# Warmup Iteration   3: 261.068 ±(99.9%) 42.275 ns/op
# Warmup Iteration   4: 258.607 ±(99.9%) 46.540 ns/op
# Warmup Iteration   5: 260.003 ±(99.9%) 35.956 ns/op
# Warmup Iteration   6: 269.992 ±(99.9%) 56.983 ns/op
# Warmup Iteration   7: 262.560 ±(99.9%) 56.054 ns/op
# Warmup Iteration   8: 291.966 ±(99.9%) 88.222 ns/op
# Warmup Iteration   9: 246.708 ±(99.9%) 29.123 ns/op
# Warmup Iteration  10: 250.678 ±(99.9%) 27.883 ns/op
Iteration   1: 288.354 ±(99.9%) 78.120 ns/op
Iteration   2: 265.438 ±(99.9%) 54.554 ns/op
Iteration   3: 273.114 ±(99.9%) 64.074 ns/op
Iteration   4: 267.897 ±(99.9%) 65.119 ns/op
Iteration   5: 263.595 ±(99.9%) 49.134 ns/op
Iteration   6: 264.966 ±(99.9%) 51.827 ns/op
Iteration   7: 259.316 ±(99.9%) 43.790 ns/op
Iteration   8: 271.770 ±(99.9%) 56.508 ns/op
Iteration   9: 261.679 ±(99.9%) 52.313 ns/op
Iteration  10: cRSS-pRSS:[2011, 2011]
;used-memory:[376]
284.075 ±(99.9%) 80.161 ns/op


Result "io.github.neoionet.netty.microbenchmark.ByteBufAllocatorAllocPatternBenchmark.heapAllocation":
  269.969 ±(99.9%) 7.500 ns/op [Average]
  (min, avg, max) = (253.886, 269.969, 294.961), stdev = 11.226
  CI (99.9%): [262.469, 277.469] (assumes normal distribution)


# JMH version: 1.37
# VM version: JDK 21, Java HotSpot(TM) 64-Bit Server VM, 21+35-LTS-2513
# VM invoker: /home/forked_franz/.sdkman/candidates/java/21-oracle/bin/java
# VM options: -server -dsa -da -XX:InitialRAMPercentage=40.0 -XX:MaxRAMPercentage=40.0 -Dio.netty.leakDetection.level=disabled -Djmh.executor=CUSTOM -Djmh.executor.class=io.github.neoionet.netty.microbenchmark.executor.FastThreadLocalThreadHarnessExecutor -XX:MaxRAM=60g
# Blackhole mode: compiler (auto-detected, use -Djmh.blackhole.autoDetect=false to disable)
# Warmup: 10 iterations, 1 s each
# Measurement: 10 iterations, 1 s each
# Timeout: 10 min per iteration
# Threads: 32 threads, will synchronize iterations
# Benchmark mode: Average time, time/op
# Benchmark: io.github.neoionet.netty.microbenchmark.ByteBufAllocatorAllocPatternBenchmark.heapAllocation
# Parameters: (MAX_LIVE_BUFFERS = 1024, allocatorType = ADAPTIVE, enableReadWrite = true, sizePattern = E_COMMERCE)

# Run progress: 57.14% complete, ETA 00:14:38
# Fork: 1 of 3
# Warmup Iteration   1: 477.546 ±(99.9%) 120.971 ns/op
# Warmup Iteration   2: 635.434 ±(99.9%) 125.730 ns/op
# Warmup Iteration   3: 428.034 ±(99.9%) 76.439 ns/op
# Warmup Iteration   4: 508.175 ±(99.9%) 130.495 ns/op
# Warmup Iteration   5: 483.912 ±(99.9%) 85.760 ns/op
# Warmup Iteration   6: 501.488 ±(99.9%) 98.973 ns/op
# Warmup Iteration   7: 419.357 ±(99.9%) 139.792 ns/op
# Warmup Iteration   8: 427.369 ±(99.9%) 113.954 ns/op
# Warmup Iteration   9: 399.565 ±(99.9%) 128.026 ns/op
# Warmup Iteration  10: 421.789 ±(99.9%) 87.540 ns/op
Iteration   1: 445.806 ±(99.9%) 170.587 ns/op
Iteration   2: 446.340 ±(99.9%) 82.438 ns/op
Iteration   3: 402.637 ±(99.9%) 93.611 ns/op
Iteration   4: 495.907 ±(99.9%) 119.248 ns/op
Iteration   5: 453.693 ±(99.9%) 75.310 ns/op
Iteration   6: 473.043 ±(99.9%) 102.182 ns/op
Iteration   7: 446.948 ±(99.9%) 64.345 ns/op
Iteration   8: 472.606 ±(99.9%) 106.212 ns/op
Iteration   9: 418.490 ±(99.9%) 124.959 ns/op
Iteration  10: cRSS-pRSS:[2134, 2137]
;used-memory:[238]
478.323 ±(99.9%) 129.427 ns/op

# Run progress: 58.33% complete, ETA 00:14:13
# Fork: 2 of 3
# Warmup Iteration   1: 438.055 ±(99.9%) 33.079 ns/op
# Warmup Iteration   2: 505.571 ±(99.9%) 81.121 ns/op
# Warmup Iteration   3: 332.493 ±(99.9%) 57.314 ns/op
# Warmup Iteration   4: 345.186 ±(99.9%) 105.881 ns/op
# Warmup Iteration   5: 409.384 ±(99.9%) 74.706 ns/op
# Warmup Iteration   6: 343.929 ±(99.9%) 78.711 ns/op
# Warmup Iteration   7: 355.068 ±(99.9%) 109.745 ns/op
# Warmup Iteration   8: 385.384 ±(99.9%) 83.989 ns/op
# Warmup Iteration   9: 355.663 ±(99.9%) 90.872 ns/op
# Warmup Iteration  10: 333.090 ±(99.9%) 112.637 ns/op
Iteration   1: 335.032 ±(99.9%) 95.514 ns/op
Iteration   2: 349.902 ±(99.9%) 66.283 ns/op
Iteration   3: 334.922 ±(99.9%) 61.636 ns/op
Iteration   4: 345.519 ±(99.9%) 71.346 ns/op
Iteration   5: 330.909 ±(99.9%) 67.305 ns/op
Iteration   6: 355.567 ±(99.9%) 64.251 ns/op
Iteration   7: 340.171 ±(99.9%) 54.972 ns/op
Iteration   8: 414.513 ±(99.9%) 106.546 ns/op
Iteration   9: 335.924 ±(99.9%) 59.531 ns/op
Iteration  10: cRSS-pRSS:[2132, 2132]
;used-memory:[227]
332.108 ±(99.9%) 95.567 ns/op

# Run progress: 59.52% complete, ETA 00:13:48
# Fork: 3 of 3
# Warmup Iteration   1: 574.647 ±(99.9%) 109.794 ns/op
# Warmup Iteration   2: 578.115 ±(99.9%) 120.785 ns/op
# Warmup Iteration   3: 464.115 ±(99.9%) 94.187 ns/op
# Warmup Iteration   4: 436.707 ±(99.9%) 105.320 ns/op
# Warmup Iteration   5: 523.587 ±(99.9%) 88.467 ns/op
# Warmup Iteration   6: 458.828 ±(99.9%) 95.820 ns/op
# Warmup Iteration   7: 579.076 ±(99.9%) 99.139 ns/op
# Warmup Iteration   8: 494.761 ±(99.9%) 98.766 ns/op
# Warmup Iteration   9: 461.031 ±(99.9%) 115.646 ns/op
# Warmup Iteration  10: 472.203 ±(99.9%) 61.318 ns/op
Iteration   1: 516.529 ±(99.9%) 102.790 ns/op
Iteration   2: 432.207 ±(99.9%) 94.128 ns/op
Iteration   3: 449.385 ±(99.9%) 82.828 ns/op
Iteration   4: 461.358 ±(99.9%) 92.258 ns/op
Iteration   5: 554.595 ±(99.9%) 124.678 ns/op
Iteration   6: 496.689 ±(99.9%) 114.002 ns/op
Iteration   7: 443.091 ±(99.9%) 110.170 ns/op
Iteration   8: 498.252 ±(99.9%) 102.976 ns/op
Iteration   9: 512.928 ±(99.9%) 126.164 ns/op
Iteration  10: cRSS-pRSS:[2141, 2141]
;used-memory:[224]
484.549 ±(99.9%) 109.215 ns/op


Result "io.github.neoionet.netty.microbenchmark.ByteBufAllocatorAllocPatternBenchmark.heapAllocation":
  428.598 ±(99.9%) 44.690 ns/op [Average]
  (min, avg, max) = (330.909, 428.598, 554.595), stdev = 66.890
  CI (99.9%): [383.908, 473.288] (assumes normal distribution)


# JMH version: 1.37
# VM version: JDK 21, Java HotSpot(TM) 64-Bit Server VM, 21+35-LTS-2513
# VM invoker: /home/forked_franz/.sdkman/candidates/java/21-oracle/bin/java
# VM options: -server -dsa -da -XX:InitialRAMPercentage=40.0 -XX:MaxRAMPercentage=40.0 -Dio.netty.leakDetection.level=disabled -Djmh.executor=CUSTOM -Djmh.executor.class=io.github.neoionet.netty.microbenchmark.executor.FastThreadLocalThreadHarnessExecutor -XX:MaxRAM=60g
# Blackhole mode: compiler (auto-detected, use -Djmh.blackhole.autoDetect=false to disable)
# Warmup: 10 iterations, 1 s each
# Measurement: 10 iterations, 1 s each
# Timeout: 10 min per iteration
# Threads: 32 threads, will synchronize iterations
# Benchmark mode: Average time, time/op
# Benchmark: io.github.neoionet.netty.microbenchmark.ByteBufAllocatorAllocPatternBenchmark.heapAllocation
# Parameters: (MAX_LIVE_BUFFERS = 1024, allocatorType = MIMALLOC, enableReadWrite = true, sizePattern = E_COMMERCE)

# Run progress: 60.71% complete, ETA 00:13:24
# Fork: 1 of 3
# Warmup Iteration   1: 346.943 ±(99.9%) 26.466 ns/op
# Warmup Iteration   2: 265.039 ±(99.9%) 27.252 ns/op
# Warmup Iteration   3: 281.141 ±(99.9%) 48.133 ns/op
# Warmup Iteration   4: 282.755 ±(99.9%) 51.137 ns/op
# Warmup Iteration   5: 286.675 ±(99.9%) 55.333 ns/op
# Warmup Iteration   6: 277.250 ±(99.9%) 44.535 ns/op
# Warmup Iteration   7: 275.460 ±(99.9%) 62.648 ns/op
# Warmup Iteration   8: 287.814 ±(99.9%) 74.664 ns/op
# Warmup Iteration   9: 275.458 ±(99.9%) 51.750 ns/op
# Warmup Iteration  10: 278.393 ±(99.9%) 35.270 ns/op
Iteration   1: 264.597 ±(99.9%) 33.945 ns/op
Iteration   2: 264.710 ±(99.9%) 37.953 ns/op
Iteration   3: 273.583 ±(99.9%) 53.514 ns/op
Iteration   4: 271.061 ±(99.9%) 39.420 ns/op
Iteration   5: 268.175 ±(99.9%) 33.630 ns/op
Iteration   6: 278.162 ±(99.9%) 50.752 ns/op
Iteration   7: 270.084 ±(99.9%) 38.008 ns/op
Iteration   8: 279.291 ±(99.9%) 52.990 ns/op
Iteration   9: 286.691 ±(99.9%) 56.529 ns/op
Iteration  10: cRSS-pRSS:[1912, 1915]
;used-memory:[512]
268.117 ±(99.9%) 33.836 ns/op

# Run progress: 61.90% complete, ETA 00:12:59
# Fork: 2 of 3
# Warmup Iteration   1: 326.837 ±(99.9%) 34.039 ns/op
# Warmup Iteration   2: 279.697 ±(99.9%) 37.922 ns/op
# Warmup Iteration   3: 273.862 ±(99.9%) 31.908 ns/op
# Warmup Iteration   4: 294.288 ±(99.9%) 81.165 ns/op
# Warmup Iteration   5: 284.157 ±(99.9%) 42.824 ns/op
# Warmup Iteration   6: 286.101 ±(99.9%) 52.446 ns/op
# Warmup Iteration   7: 261.566 ±(99.9%) 32.362 ns/op
# Warmup Iteration   8: 260.574 ±(99.9%) 28.082 ns/op
# Warmup Iteration   9: 263.142 ±(99.9%) 35.653 ns/op
# Warmup Iteration  10: 283.452 ±(99.9%) 38.989 ns/op
Iteration   1: 282.847 ±(99.9%) 64.614 ns/op
Iteration   2: 273.787 ±(99.9%) 46.113 ns/op
Iteration   3: 271.529 ±(99.9%) 48.068 ns/op
Iteration   4: 280.219 ±(99.9%) 48.330 ns/op
Iteration   5: 290.858 ±(99.9%) 59.909 ns/op
Iteration   6: 294.988 ±(99.9%) 64.907 ns/op
Iteration   7: 273.294 ±(99.9%) 42.831 ns/op
Iteration   8: 297.800 ±(99.9%) 69.241 ns/op
Iteration   9: 303.180 ±(99.9%) 82.923 ns/op
Iteration  10: cRSS-pRSS:[1924, 1926]
;used-memory:[512]
305.672 ±(99.9%) 88.357 ns/op

# Run progress: 63.10% complete, ETA 00:12:34
# Fork: 3 of 3
# Warmup Iteration   1: 352.528 ±(99.9%) 55.824 ns/op
# Warmup Iteration   2: 455.080 ±(99.9%) 61.953 ns/op
# Warmup Iteration   3: 272.386 ±(99.9%) 34.160 ns/op
# Warmup Iteration   4: 287.269 ±(99.9%) 63.856 ns/op
# Warmup Iteration   5: 286.591 ±(99.9%) 48.401 ns/op
# Warmup Iteration   6: 311.649 ±(99.9%) 86.334 ns/op
# Warmup Iteration   7: 265.652 ±(99.9%) 41.469 ns/op
# Warmup Iteration   8: 265.861 ±(99.9%) 41.260 ns/op
# Warmup Iteration   9: 266.690 ±(99.9%) 42.437 ns/op
# Warmup Iteration  10: 280.749 ±(99.9%) 40.008 ns/op
Iteration   1: 257.832 ±(99.9%) 26.312 ns/op
Iteration   2: 263.622 ±(99.9%) 35.532 ns/op
Iteration   3: 267.178 ±(99.9%) 40.684 ns/op
Iteration   4: 266.317 ±(99.9%) 40.794 ns/op
Iteration   5: 282.057 ±(99.9%) 58.532 ns/op
Iteration   6: 285.703 ±(99.9%) 62.240 ns/op
Iteration   7: 272.770 ±(99.9%) 46.496 ns/op
Iteration   8: 306.744 ±(99.9%) 85.300 ns/op
Iteration   9: 294.069 ±(99.9%) 66.896 ns/op
Iteration  10: cRSS-pRSS:[1913, 1919]
;used-memory:[512]
288.228 ±(99.9%) 65.085 ns/op


Result "io.github.neoionet.netty.microbenchmark.ByteBufAllocatorAllocPatternBenchmark.heapAllocation":
  279.439 ±(99.9%) 8.956 ns/op [Average]
  (min, avg, max) = (257.832, 279.439, 306.744), stdev = 13.405
  CI (99.9%): [270.483, 288.395] (assumes normal distribution)


# JMH version: 1.37
# VM version: JDK 21, Java HotSpot(TM) 64-Bit Server VM, 21+35-LTS-2513
# VM invoker: /home/forked_franz/.sdkman/candidates/java/21-oracle/bin/java
# VM options: -server -dsa -da -XX:InitialRAMPercentage=40.0 -XX:MaxRAMPercentage=40.0 -Dio.netty.leakDetection.level=disabled -Djmh.executor=CUSTOM -Djmh.executor.class=io.github.neoionet.netty.microbenchmark.executor.FastThreadLocalThreadHarnessExecutor -XX:MaxRAM=60g
# Blackhole mode: compiler (auto-detected, use -Djmh.blackhole.autoDetect=false to disable)
# Warmup: 10 iterations, 1 s each
# Measurement: 10 iterations, 1 s each
# Timeout: 10 min per iteration
# Threads: 32 threads, will synchronize iterations
# Benchmark mode: Average time, time/op
# Benchmark: io.github.neoionet.netty.microbenchmark.ByteBufAllocatorAllocPatternBenchmark.heapAllocation
# Parameters: (MAX_LIVE_BUFFERS = 4096, allocatorType = ADAPTIVE, enableReadWrite = true, sizePattern = E_COMMERCE)

# Run progress: 64.29% complete, ETA 00:12:10
# Fork: 1 of 3
# Warmup Iteration   1: 538.252 ±(99.9%) 101.798 ns/op
# Warmup Iteration   2: 759.348 ±(99.9%) 121.802 ns/op
# Warmup Iteration   3: 446.540 ±(99.9%) 97.312 ns/op
# Warmup Iteration   4: 488.703 ±(99.9%) 94.868 ns/op
# Warmup Iteration   5: 525.758 ±(99.9%) 120.140 ns/op
# Warmup Iteration   6: 508.424 ±(99.9%) 125.873 ns/op
# Warmup Iteration   7: 494.002 ±(99.9%) 131.327 ns/op
# Warmup Iteration   8: 485.228 ±(99.9%) 80.498 ns/op
# Warmup Iteration   9: 467.789 ±(99.9%) 94.489 ns/op
# Warmup Iteration  10: 581.584 ±(99.9%) 166.444 ns/op
Iteration   1: 461.340 ±(99.9%) 77.378 ns/op
Iteration   2: 460.588 ±(99.9%) 78.016 ns/op
Iteration   3: 456.224 ±(99.9%) 91.153 ns/op
Iteration   4: 462.284 ±(99.9%) 100.890 ns/op
Iteration   5: 480.275 ±(99.9%) 114.465 ns/op
Iteration   6: 456.104 ±(99.9%) 119.591 ns/op
Iteration   7: 486.656 ±(99.9%) 157.843 ns/op
Iteration   8: 456.703 ±(99.9%) 143.362 ns/op
Iteration   9: 455.099 ±(99.9%) 132.246 ns/op
Iteration  10: cRSS-pRSS:[2147, 2150]
;used-memory:[542]
492.715 ±(99.9%) 117.920 ns/op

# Run progress: 65.48% complete, ETA 00:11:45
# Fork: 2 of 3
# Warmup Iteration   1: 438.170 ±(99.9%) 49.923 ns/op
# Warmup Iteration   2: 664.936 ±(99.9%) 122.552 ns/op
# Warmup Iteration   3: 356.821 ±(99.9%) 51.039 ns/op
# Warmup Iteration   4: 351.595 ±(99.9%) 49.016 ns/op
# Warmup Iteration   5: 370.461 ±(99.9%) 39.529 ns/op
# Warmup Iteration   6: 383.791 ±(99.9%) 83.438 ns/op
# Warmup Iteration   7: 376.985 ±(99.9%) 71.517 ns/op
# Warmup Iteration   8: 422.483 ±(99.9%) 113.884 ns/op
# Warmup Iteration   9: 370.444 ±(99.9%) 90.502 ns/op
# Warmup Iteration  10: 368.922 ±(99.9%) 95.766 ns/op
Iteration   1: 361.782 ±(99.9%) 70.618 ns/op
Iteration   2: 404.841 ±(99.9%) 112.650 ns/op
Iteration   3: 394.120 ±(99.9%) 106.617 ns/op
Iteration   4: 409.087 ±(99.9%) 122.536 ns/op
Iteration   5: 410.505 ±(99.9%) 82.890 ns/op
Iteration   6: 372.050 ±(99.9%) 49.350 ns/op
Iteration   7: 371.354 ±(99.9%) 74.513 ns/op
Iteration   8: 490.554 ±(99.9%) 195.926 ns/op
Iteration   9: 375.186 ±(99.9%) 76.499 ns/op
Iteration  10: cRSS-pRSS:[2154, 2157]
;used-memory:[756]
364.300 ±(99.9%) 59.411 ns/op

# Run progress: 66.67% complete, ETA 00:11:21
# Fork: 3 of 3
# Warmup Iteration   1: 482.377 ±(99.9%) 52.947 ns/op
# Warmup Iteration   2: 628.245 ±(99.9%) 154.378 ns/op
# Warmup Iteration   3: 405.475 ±(99.9%) 65.546 ns/op
# Warmup Iteration   4: 430.235 ±(99.9%) 97.388 ns/op
# Warmup Iteration   5: 437.362 ±(99.9%) 70.350 ns/op
# Warmup Iteration   6: 413.171 ±(99.9%) 78.322 ns/op
# Warmup Iteration   7: 398.382 ±(99.9%) 74.597 ns/op
# Warmup Iteration   8: 402.487 ±(99.9%) 76.086 ns/op
# Warmup Iteration   9: 448.023 ±(99.9%) 135.450 ns/op
# Warmup Iteration  10: 424.273 ±(99.9%) 79.024 ns/op
Iteration   1: 450.630 ±(99.9%) 119.316 ns/op
Iteration   2: 416.328 ±(99.9%) 72.920 ns/op
Iteration   3: 487.453 ±(99.9%) 88.677 ns/op
Iteration   4: 472.737 ±(99.9%) 108.551 ns/op
Iteration   5: 416.542 ±(99.9%) 87.879 ns/op
Iteration   6: 401.258 ±(99.9%) 93.648 ns/op
Iteration   7: 407.865 ±(99.9%) 114.172 ns/op
Iteration   8: 411.512 ±(99.9%) 122.296 ns/op
Iteration   9: 413.563 ±(99.9%) 72.533 ns/op
Iteration  10: cRSS-pRSS:[2141, 2145]
;used-memory:[730]
412.731 ±(99.9%) 81.152 ns/op


Result "io.github.neoionet.netty.microbenchmark.ByteBufAllocatorAllocPatternBenchmark.heapAllocation":
  430.413 ±(99.9%) 27.368 ns/op [Average]
  (min, avg, max) = (361.782, 430.413, 492.715), stdev = 40.963
  CI (99.9%): [403.045, 457.781] (assumes normal distribution)


# JMH version: 1.37
# VM version: JDK 21, Java HotSpot(TM) 64-Bit Server VM, 21+35-LTS-2513
# VM invoker: /home/forked_franz/.sdkman/candidates/java/21-oracle/bin/java
# VM options: -server -dsa -da -XX:InitialRAMPercentage=40.0 -XX:MaxRAMPercentage=40.0 -Dio.netty.leakDetection.level=disabled -Djmh.executor=CUSTOM -Djmh.executor.class=io.github.neoionet.netty.microbenchmark.executor.FastThreadLocalThreadHarnessExecutor -XX:MaxRAM=60g
# Blackhole mode: compiler (auto-detected, use -Djmh.blackhole.autoDetect=false to disable)
# Warmup: 10 iterations, 1 s each
# Measurement: 10 iterations, 1 s each
# Timeout: 10 min per iteration
# Threads: 32 threads, will synchronize iterations
# Benchmark mode: Average time, time/op
# Benchmark: io.github.neoionet.netty.microbenchmark.ByteBufAllocatorAllocPatternBenchmark.heapAllocation
# Parameters: (MAX_LIVE_BUFFERS = 4096, allocatorType = MIMALLOC, enableReadWrite = true, sizePattern = E_COMMERCE)

# Run progress: 67.86% complete, ETA 00:10:56
# Fork: 1 of 3
# Warmup Iteration   1: 460.578 ±(99.9%) 71.245 ns/op
# Warmup Iteration   2: 546.517 ±(99.9%) 127.933 ns/op
# Warmup Iteration   3: 369.345 ±(99.9%) 72.673 ns/op
# Warmup Iteration   4: 375.229 ±(99.9%) 98.325 ns/op
# Warmup Iteration   5: 374.939 ±(99.9%) 71.635 ns/op
# Warmup Iteration   6: 403.978 ±(99.9%) 123.465 ns/op
# Warmup Iteration   7: 344.734 ±(99.9%) 50.395 ns/op
# Warmup Iteration   8: 347.363 ±(99.9%) 55.480 ns/op
# Warmup Iteration   9: 347.556 ±(99.9%) 52.128 ns/op
# Warmup Iteration  10: 369.128 ±(99.9%) 57.291 ns/op
Iteration   1: 351.729 ±(99.9%) 58.897 ns/op
Iteration   2: 360.297 ±(99.9%) 70.345 ns/op
Iteration   3: 349.629 ±(99.9%) 59.894 ns/op
Iteration   4: 384.567 ±(99.9%) 100.216 ns/op
Iteration   5: 360.852 ±(99.9%) 73.984 ns/op
Iteration   6: 365.535 ±(99.9%) 74.240 ns/op
Iteration   7: 367.430 ±(99.9%) 74.698 ns/op
Iteration   8: 370.456 ±(99.9%) 89.225 ns/op
Iteration   9: 377.059 ±(99.9%) 97.481 ns/op
Iteration  10: cRSS-pRSS:[2786, 2788]
;used-memory:[1024]
369.443 ±(99.9%) 92.082 ns/op

# Run progress: 69.05% complete, ETA 00:10:32
# Fork: 2 of 3
# Warmup Iteration   1: 684.245 ±(99.9%) 136.541 ns/op
# Warmup Iteration   2: 673.106 ±(99.9%) 89.408 ns/op
# Warmup Iteration   3: 401.497 ±(99.9%) 80.120 ns/op
# Warmup Iteration   4: 396.265 ±(99.9%) 78.538 ns/op
# Warmup Iteration   5: 409.946 ±(99.9%) 80.005 ns/op
# Warmup Iteration   6: 378.170 ±(99.9%) 42.514 ns/op
# Warmup Iteration   7: 393.114 ±(99.9%) 78.480 ns/op
# Warmup Iteration   8: 450.439 ±(99.9%) 135.019 ns/op
# Warmup Iteration   9: 429.384 ±(99.9%) 135.238 ns/op
# Warmup Iteration  10: 376.543 ±(99.9%) 49.627 ns/op
Iteration   1: 421.363 ±(99.9%) 110.863 ns/op
Iteration   2: 394.437 ±(99.9%) 82.915 ns/op
Iteration   3: 409.223 ±(99.9%) 101.090 ns/op
Iteration   4: 373.514 ±(99.9%) 58.410 ns/op
Iteration   5: 436.651 ±(99.9%) 145.689 ns/op
Iteration   6: 376.102 ±(99.9%) 58.443 ns/op
Iteration   7: 380.803 ±(99.9%) 60.750 ns/op
Iteration   8: 412.173 ±(99.9%) 95.780 ns/op
Iteration   9: 448.437 ±(99.9%) 139.830 ns/op
Iteration  10: cRSS-pRSS:[2770, 2779]
;used-memory:[1024]
384.003 ±(99.9%) 59.375 ns/op

# Run progress: 70.24% complete, ETA 00:10:08
# Fork: 3 of 3
# Warmup Iteration   1: 514.073 ±(99.9%) 110.886 ns/op
# Warmup Iteration   2: 465.318 ±(99.9%) 77.379 ns/op
# Warmup Iteration   3: 391.240 ±(99.9%) 72.416 ns/op
# Warmup Iteration   4: 406.108 ±(99.9%) 95.059 ns/op
# Warmup Iteration   5: 387.641 ±(99.9%) 51.949 ns/op
# Warmup Iteration   6: 405.974 ±(99.9%) 103.568 ns/op
# Warmup Iteration   7: 377.855 ±(99.9%) 60.447 ns/op
# Warmup Iteration   8: 441.207 ±(99.9%) 135.992 ns/op
# Warmup Iteration   9: 375.525 ±(99.9%) 67.704 ns/op
# Warmup Iteration  10: 369.319 ±(99.9%) 43.991 ns/op
Iteration   1: 391.376 ±(99.9%) 85.993 ns/op
Iteration   2: 378.238 ±(99.9%) 63.313 ns/op
Iteration   3: 416.588 ±(99.9%) 106.272 ns/op
Iteration   4: 395.336 ±(99.9%) 85.788 ns/op
Iteration   5: 405.991 ±(99.9%) 96.586 ns/op
Iteration   6: 389.886 ±(99.9%) 83.856 ns/op
Iteration   7: 386.749 ±(99.9%) 65.208 ns/op
Iteration   8: 398.115 ±(99.9%) 96.064 ns/op
Iteration   9: 411.730 ±(99.9%) 92.854 ns/op
Iteration  10: cRSS-pRSS:[2786, 2789]
;used-memory:[1024]
374.926 ±(99.9%) 57.517 ns/op


Result "io.github.neoionet.netty.microbenchmark.ByteBufAllocatorAllocPatternBenchmark.heapAllocation":
  388.088 ±(99.9%) 16.069 ns/op [Average]
  (min, avg, max) = (349.629, 388.088, 448.437), stdev = 24.051
  CI (99.9%): [372.019, 404.156] (assumes normal distribution)


# JMH version: 1.37
# VM version: JDK 21, Java HotSpot(TM) 64-Bit Server VM, 21+35-LTS-2513
# VM invoker: /home/forked_franz/.sdkman/candidates/java/21-oracle/bin/java
# VM options: -server -dsa -da -XX:InitialRAMPercentage=40.0 -XX:MaxRAMPercentage=40.0 -Dio.netty.leakDetection.level=disabled -Djmh.executor=CUSTOM -Djmh.executor.class=io.github.neoionet.netty.microbenchmark.executor.FastThreadLocalThreadHarnessExecutor -XX:MaxRAM=60g
# Blackhole mode: compiler (auto-detected, use -Djmh.blackhole.autoDetect=false to disable)
# Warmup: 10 iterations, 1 s each
# Measurement: 10 iterations, 1 s each
# Timeout: 10 min per iteration
# Threads: 32 threads, will synchronize iterations
# Benchmark mode: Average time, time/op
# Benchmark: io.github.neoionet.netty.microbenchmark.ByteBufAllocatorAllocPatternBenchmark.heapAllocation
# Parameters: (MAX_LIVE_BUFFERS = 8192, allocatorType = ADAPTIVE, enableReadWrite = true, sizePattern = E_COMMERCE)

# Run progress: 71.43% complete, ETA 00:09:43
# Fork: 1 of 3
# Warmup Iteration   1: 561.389 ±(99.9%) 102.644 ns/op
# Warmup Iteration   2: 647.610 ±(99.9%) 152.570 ns/op
# Warmup Iteration   3: 478.002 ±(99.9%) 105.951 ns/op
# Warmup Iteration   4: 519.151 ±(99.9%) 156.343 ns/op
# Warmup Iteration   5: 506.744 ±(99.9%) 109.016 ns/op
# Warmup Iteration   6: 500.263 ±(99.9%) 145.607 ns/op
# Warmup Iteration   7: 480.463 ±(99.9%) 112.165 ns/op
# Warmup Iteration   8: 478.507 ±(99.9%) 104.881 ns/op
# Warmup Iteration   9: 521.077 ±(99.9%) 150.361 ns/op
# Warmup Iteration  10: 551.867 ±(99.9%) 197.344 ns/op
Iteration   1: 503.382 ±(99.9%) 125.396 ns/op
Iteration   2: 472.410 ±(99.9%) 92.847 ns/op
Iteration   3: 504.804 ±(99.9%) 140.737 ns/op
Iteration   4: 510.323 ±(99.9%) 154.654 ns/op
Iteration   5: 470.738 ±(99.9%) 87.735 ns/op
Iteration   6: 531.723 ±(99.9%) 175.856 ns/op
Iteration   7: 492.858 ±(99.9%) 122.899 ns/op
Iteration   8: 482.890 ±(99.9%) 103.377 ns/op
Iteration   9: 516.932 ±(99.9%) 157.222 ns/op
Iteration  10: cRSS-pRSS:[3175, 3179]
;used-memory:[1380]
501.621 ±(99.9%) 148.920 ns/op

# Run progress: 72.62% complete, ETA 00:09:19
# Fork: 2 of 3
# Warmup Iteration   1: 562.360 ±(99.9%) 76.947 ns/op
# Warmup Iteration   2: 834.266 ±(99.9%) 193.922 ns/op
# Warmup Iteration   3: 