starting benchmark...
spawning thread #0: 16 total client(s). Timing-based test with 0s of warm-up time and 8s of main duration for measurements.
spawning thread #1: 16 total client(s). Timing-based test with 0s of warm-up time and 8s of main duration for measurements.
spawning thread #2: 16 total client(s). Timing-based test with 0s of warm-up time and 8s of main duration for measurements.
spawning thread #3: 16 total client(s). Timing-based test with 0s of warm-up time and 8s of main duration for measurements.
Warm-up started for thread #0.
Warm-up started for thread #3.
Warm-up started for thread #1.
Warm-up started for thread #2.
progress: 6% of clients started
progress: 12% of clients started
progress: 18% of clients started
progress: 25% of clients started
progress: 31% of clients started
progress: 37% of clients started
progress: 43% of clients started
progress: 50% of clients started
progress: 56% of clients started
progress: 62% of clients started
progress: 68% of clients started
progress: 75% of clients started
progress: 81% of clients started
progress: 87% of clients started
progress: 93% of clients started
Warm-up phase is over for thread #3.
Main benchmark duration is started for thread #3.
Warm-up phase is over for thread #1.
progress: 100% of clients started
Main benchmark duration is started for thread #1.
Warm-up phase is over for thread #2.
Main benchmark duration is started for thread #2.
Warm-up phase is over for thread #0.
Main benchmark duration is started for thread #0.
Application protocol: http/1.1
Main benchmark duration is over for thread #Main benchmark duration is over for thread #31. Stopping all clients.. Stopping all clients.

Stopped all clients for thread #1
Stopped all clients for thread #3
Main benchmark duration is over for thread #0. Stopping all clients.
Stopped all clients for thread #0
Main benchmark duration is over for thread #2. Stopping all clients.
Stopped all clients for thread #2

finished in 8.00s, 98490.38 req/s, 425.63MB/s
requests: 787923 total, 787987 started, 787923 done, 787923 succeeded, 0 failed, 0 errored, 0 timeout
status codes: 787943 2xx, 0 3xx, 0 4xx, 0 5xx
traffic: 3.33GB (3570478323) total, 87.92MB (92191905) headers (space savings 0.00%), 3.21GB (3447611732) data
                     min         max         mean         sd        +/- sd
time for request:       80us     76.16ms       649us       869us    98.79%
time for connect:        2us       204us       105us        56us    60.94%
time to 1st byte:    74.80ms     76.16ms     75.49ms       464us    54.69%
req/s           :    1522.43     1569.60     1538.86        8.90    71.88%
