starting benchmark...
spawning thread #0: 16 total client(s). Timing-based test with 0s of warm-up time and 8s of main duration for measurements.
spawning thread #1: 16 total client(s). Timing-based test with 0s of warm-up time and 8s of main duration for measurements.
spawning thread #2: 16 total client(s). Timing-based test with 0s of warm-up time and 8s of main duration for measurements.
spawning thread #3: 16 total client(s). Timing-based test with 0s of warm-up time and 8s of main duration for measurements.
Warm-up started for thread #0.
Warm-up started for thread #1.
Warm-up started for thread #2.
Warm-up started for thread #3.
progress: 6% of clients started
progress: 12% of clients started
progress: 18% of clients started
progress: 25% of clients started
progress: 31% of clients started
progress: 37% of clients started
progress: 43% of clients started
progress: 50% of clients started
progress: 56% of clients started
progress: 62% of clients started
progress: 68% of clients started
progress: 75% of clients started
progress: 81% of clients started
Warm-up phase is over for thread #1.
Main benchmark duration is started for thread #1.
Warm-up phase is over for thread #2.
Main benchmark duration is started for thread #2.
Warm-up phase is over for thread #3.
Main benchmark duration is started for thread #3.
progress: 87% of clients started
progress: 93% of clients started
progress: 100% of clients started
Warm-up phase is over for thread #0.
Main benchmark duration is started for thread #0.
Application protocol: http/1.1
Main benchmark duration is over for thread #1. Stopping all clients.
Stopped all clients for thread #1
Main benchmark duration is over for thread #2. Stopping all clients.
Main benchmark duration is over for thread #Stopped all clients for thread #3. Stopping all clients.
2
Stopped all clients for thread #3
Main benchmark duration is over for thread #0. Stopping all clients.
Stopped all clients for thread #0

finished in 8.00s, 92523.50 req/s, 399.85MB/s
requests: 740188 total, 740252 started, 740188 done, 740188 succeeded, 0 failed, 0 errored, 0 timeout
status codes: 740212 2xx, 0 3xx, 0 4xx, 0 5xx
traffic: 3.12GB (3354167668) total, 82.59MB (86605974) headers (space savings 0.00%), 3.02GB (3238755875) data
                     min         max         mean         sd        +/- sd
time for request:       84us    115.19ms       691us      1.23ms    98.91%
time for connect:        2us       209us       103us        58us    59.38%
time to 1st byte:   111.73ms    115.20ms    113.58ms      1.08ms    50.00%
req/s           :    1427.10     1465.82     1445.63        9.92    70.31%
