starting benchmark...
spawning thread #0: 16 total client(s). Timing-based test with 0s of warm-up time and 8s of main duration for measurements.
spawning thread #1: 16 total client(s). Timing-based test with 0s of warm-up time and 8s of main duration for measurements.
spawning thread #2: 16 total client(s). Timing-based test with 0s of warm-up time and 8s of main duration for measurements.
spawning thread #3: 16 total client(s). Timing-based test with 0s of warm-up time and 8s of main duration for measurements.
Warm-up started for thread #2.
Warm-up started for thread #0.
Warm-up started for thread #1.
Warm-up started for thread #3.
progress: 6% of clients started
progress: 12% of clients started
progress: 18% of clients started
progress: 25% of clients started
progress: 31% of clients started
progress: 37% of clients started
progress: 43% of clients started
progress: 50% of clients started
progress: 56% of clients started
progress: 62% of clients started
progress: 68% of clients started
progress: 75% of clients started
progress: 81% of clients started
progress: 87% of clients started
Warm-up phase is over for thread #2.
Main benchmark duration is started for thread #2.
progress: 93% of clients started
Warm-up phase is over for thread #3.
Main benchmark duration is started for thread #3.
progress: 100% of clients started
Warm-up phase is over for thread #1.
Main benchmark duration is started for thread #1.
Warm-up phase is over for thread #0.
Main benchmark duration is started for thread #0.
Application protocol: http/1.1
Main benchmark duration is over for thread #3. Stopping all clients.
Stopped all clients for thread #3
Main benchmark duration is over for thread #2. Stopping all clients.
Stopped all clients for thread #2
Main benchmark duration is over for thread #1. Stopping all clients.
Stopped all clients for thread #1
Main benchmark duration is over for thread #0. Stopping all clients.
Stopped all clients for thread #0

finished in 8.00s, 96310.75 req/s, 416.21MB/s
requests: 770486 total, 770550 started, 770486 done, 770486 succeeded, 0 failed, 0 errored, 0 timeout
status codes: 770503 2xx, 0 3xx, 0 4xx, 0 5xx
traffic: 3.25GB (3491462282) total, 85.97MB (90151308) headers (space savings 0.00%), 3.14GB (3371355683) data
                     min         max         mean         sd        +/- sd
time for request:      100us    120.45ms       664us      1.23ms    99.21%
time for connect:        3us       221us       109us        59us    60.94%
time to 1st byte:   117.83ms    120.45ms    118.85ms       923us    67.19%
req/s           :    1482.29     1526.29     1504.80       11.19    51.56%
