starting benchmark...
spawning thread #0: 16 total client(s). Timing-based test with 0s of warm-up time and 8s of main duration for measurements.
spawning thread #1: 16 total client(s). Timing-based test with 0s of warm-up time and 8s of main duration for measurements.
spawning thread #2: 16 total client(s). Timing-based test with 0s of warm-up time and 8s of main duration for measurements.
spawning thread #3: 16 total client(s). Timing-based test with 0s of warm-up time and 8s of main duration for measurements.
Warm-up started for thread #0.
Warm-up started for thread #Warm-up started for thread #3.
1.
Warm-up started for thread #2.
progress: 6% of clients started
progress: 12% of clients started
progress: 18% of clients started
progress: 25% of clients started
progress: 31% of clients started
progress: 37% of clients started
progress: 43% of clients started
progress: 50% of clients started
progress: 56% of clients started
progress: 62% of clients started
progress: 68% of clients started
progress: 75% of clients started
progress: 81% of clients started
progress: 87% of clients started
Warm-up phase is over for thread #3.
Main benchmark duration is started for thread #3.
progress: 93% of clients started
progress: 100% of clients started
Warm-up phase is over for thread #0.
Main benchmark duration is started for thread #0.
Application protocol: http/1.1
Warm-up phase is over for thread #2.
Main benchmark duration is started for thread #2.
Warm-up phase is over for thread #1.
Main benchmark duration is started for thread #1.
Main benchmark duration is over for thread #3. Stopping all clients.
Stopped all clients for thread #3
Main benchmark duration is over for thread #2. Stopping all clients.
Stopped all clients for thread #2
Main benchmark duration is over for thread #0. Stopping all clients.
Stopped all clients for thread #0
Main benchmark duration is over for thread #1. Stopping all clients.
Stopped all clients for thread #1

finished in 8.00s, 91926.00 req/s, 397.27MB/s
requests: 735408 total, 735472 started, 735408 done, 735408 succeeded, 0 failed, 0 errored, 0 timeout
status codes: 735419 2xx, 0 3xx, 0 4xx, 0 5xx
traffic: 3.10GB (3332505356) total, 82.06MB (86046480) headers (space savings 0.00%), 3.00GB (3217854381) data
                     min         max         mean         sd        +/- sd
time for request:      103us    122.05ms       696us      1.31ms    99.14%
time for connect:        2us       264us       111us        69us    62.50%
time to 1st byte:   118.95ms    122.07ms    120.20ms      1.15ms    65.63%
req/s           :    1416.61     1464.86     1436.30       11.06    64.06%
