starting benchmark...
spawning thread #0: 4 total client(s). Timing-based test with 0s of warm-up time and 8s of main duration for measurements.
spawning thread #1: 4 total client(s). Timing-based test with 0s of warm-up time and 8s of main duration for measurements.
spawning thread #2: 4 total client(s). Timing-based test with 0s of warm-up time and 8s of main duration for measurements.
spawning thread #3: 4 total client(s). Timing-based test with 0s of warm-up time and 8s of main duration for measurements.
Warm-up started for thread #1.
Warm-up started for thread #3.
Warm-up started for thread #Warm-up started for thread #0.
2.
progress: 25% of clients started
progress: 50% of clients started
progress: 75% of clients started
progress: 100% of clients started
Warm-up phase is over for thread #3.
Warm-up phase is over for thread #0.
Main benchmark duration is started for thread #0.
Application protocol: h2c
Warm-up phase is over for thread #2.
Main benchmark duration is started for thread #2.
Main benchmark duration is started for thread #3.
Warm-up phase is over for thread #1.
Main benchmark duration is started for thread #1.
Main benchmark duration is over for thread #2. Stopping all clients.
Main benchmark duration is over for thread #0Stopped all clients for thread #2. Stopping all clients.
Main benchmark duration is over for thread #3. Stopping all clients.
Main benchmark duration is over for thread #Stopped all clients for thread #3
1. Stopping all clients.

Stopped all clients for thread #1
Stopped all clients for thread #0

finished in 8.00s, 261452.00 req/s, 7.89MB/s
requests: 2091616 total, 2092128 started, 2091616 done, 2091616 succeeded, 0 failed, 0 errored, 0 timeout
status codes: 2091997 2xx, 0 3xx, 0 4xx, 0 5xx
traffic: 63.09MB (66151464) total, 2.00MB (2091997) headers (space savings 90.00%), 21.94MB (23007776) data
                     min         max         mean         sd        +/- sd
time for request:      713us    215.83ms      2.12ms      4.81ms    97.00%
time for connect:       12us       151us        82us        47us    62.50%
time to 1st byte:   173.86ms    180.84ms    176.67ms      2.24ms    62.50%
req/s           :   15901.44    17009.37    16340.67      325.17    62.50%
