starting benchmark...
spawning thread #0: 2 total client(s). Timing-based test with 0s of warm-up time and 8s of main duration for measurements.
spawning thread #1: 2 total client(s). Timing-based test with 0s of warm-up time and 8s of main duration for measurements.
spawning thread #2: 2 total client(s). Timing-based test with 0s of warm-up time and 8s of main duration for measurements.
spawning thread #3: 2 total client(s). Timing-based test with 0s of warm-up time and 8s of main duration for measurements.
Warm-up started for thread #0.
Warm-up started for thread #1.
Warm-up started for thread #2.
Warm-up started for thread #3.
progress: 50% of clients started
progress: 100% of clients started
Warm-up phase is over for thread #1.
Main benchmark duration is started for thread #1.
Warm-up phase is over for thread #2.
Main benchmark duration is started for thread #2.
Warm-up phase is over for thread #3.
Main benchmark duration is started for thread #3.
Warm-up phase is over for thread #0.
Main benchmark duration is started for thread #0.
Application protocol: h2c
Main benchmark duration is over for thread #Main benchmark duration is over for thread #1. Stopping all clients.
2. Stopping all clients.
Main benchmark duration is over for thread #3. Stopping all clients.
Main benchmark duration is over for thread #0. Stopping all clients.
Stopped all clients for thread #0
Stopped all clients for thread #2
Stopped all clients for thread #1
Stopped all clients for thread #3

finished in 8.00s, 17265.12 req/s, 1.06GB/s
requests: 138121 total, 138249 started, 138121 done, 138121 succeeded, 0 failed, 0 errored, 0 timeout
status codes: 138240 2xx, 0 3xx, 0 4xx, 0 5xx
traffic: 8.51GB (9139029202) total, 135.00KB (138240) headers (space savings 90.00%), 8.43GB (9055614821) data
                     min         max         mean         sd        +/- sd
time for request:     4.11ms    256.77ms      7.38ms      8.96ms    97.71%
time for connect:       13us        54us        28us        15us    75.00%
time to 1st byte:   140.42ms    142.42ms    141.48ms       780us    50.00%
req/s           :    2148.20     2175.23     2158.10       11.16    75.00%
