starting benchmark...
spawning thread #0: 16 total client(s). Timing-based test with 0s of warm-up time and 8s of main duration for measurements.
spawning thread #1: 16 total client(s). Timing-based test with 0s of warm-up time and 8s of main duration for measurements.
spawning thread #2: 16 total client(s). Timing-based test with 0s of warm-up time and 8s of main duration for measurements.
spawning thread #3: 16 total client(s). Timing-based test with 0s of warm-up time and 8s of main duration for measurements.
Warm-up started for thread #3.
Warm-up started for thread #2.
Warm-up started for thread #1.
Warm-up started for thread #0.
progress: 6% of clients started
progress: 12% of clients started
progress: 18% of clients started
progress: 25% of clients started
progress: 31% of clients started
progress: 37% of clients started
progress: 43% of clients started
progress: 50% of clients started
progress: 56% of clients started
progress: 62% of clients started
progress: 68% of clients started
progress: 75% of clients started
progress: 81% of clients started
progress: 87% of clients started
Warm-up phase is over for thread #2.
Main benchmark duration is started for thread #2.
Warm-up phase is over for thread #3.
Main benchmark duration is started for thread #3.
Warm-up phase is over for thread #1.
Main benchmark duration is started for thread #1.
progress: 93% of clients started
progress: 100% of clients started
Warm-up phase is over for thread #0.
Main benchmark duration is started for thread #0.
Application protocol: http/1.1
Main benchmark duration is over for thread #3. Stopping all clients.
Stopped all clients for thread #3
Main benchmark duration is over for thread #2. Stopping all clients.
Stopped all clients for thread #2
Main benchmark duration is over for thread #0. Stopping all clients.
Stopped all clients for thread #0
Main benchmark duration is over for thread #1. Stopping all clients.
Stopped all clients for thread #1

finished in 8.00s, 12120.62 req/s, 473.46KB/s
requests: 96965 total, 97029 started, 96965 done, 96965 succeeded, 0 failed, 0 errored, 0 timeout
status codes: 96965 2xx, 0 3xx, 0 4xx, 0 5xx
traffic: 3.70MB (3878600) total, 1.39MB (1455000) headers (space savings 0.00%), 189.45KB (194000) data
                     min         max         mean         sd        +/- sd
time for request:     1.17ms    141.22ms      5.28ms      3.66ms    99.13%
time for connect:        3us       404us       201us       118us    59.38%
time to 1st byte:   118.51ms    141.26ms    130.64ms      5.47ms    67.19%
req/s           :     186.95      192.95      189.35        1.44    68.75%
