starting benchmark...
spawning thread #0: 16 total client(s). Timing-based test with 0s of warm-up time and 8s of main duration for measurements.
spawning thread #1: 16 total client(s). Timing-based test with 0s of warm-up time and 8s of main duration for measurements.
spawning thread #2: 16 total client(s). Timing-based test with 0s of warm-up time and 8s of main duration for measurements.
spawning thread #3: 16 total client(s). Timing-based test with 0s of warm-up time and 8s of main duration for measurements.
Warm-up started for thread #1.
Warm-up started for thread #0.
Warm-up started for thread #2.
Warm-up started for thread #3.
progress: 6% of clients started
progress: 12% of clients started
progress: 18% of clients started
progress: 25% of clients started
progress: 31% of clients started
progress: 37% of clients started
progress: 43% of clients started
progress: 50% of clients started
progress: 56% of clients started
progress: 62% of clients started
progress: 68% of clients started
progress: 75% of clients started
progress: 81% of clients started
progress: 87% of clients started
progress: 93% of clients started
Warm-up phase is over for thread #1.
Main benchmark duration is started for thread #1.
Warm-up phase is over for thread #2.
Warm-up phase is over for thread #3.
Main benchmark duration is started for thread #Main benchmark duration is started for thread #3.
progress: 100% of clients started
2.
Warm-up phase is over for thread #0.
Main benchmark duration is started for thread #0.
Application protocol: http/1.1
Main benchmark duration is over for thread #3. Stopping all clients.
Stopped all clients for thread #3
Main benchmark duration is over for thread #1. Stopping all clients.
Stopped all clients for thread #1
Main benchmark duration is over for thread #2. Stopping all clients.
Stopped all clients for thread #2
Main benchmark duration is over for thread #0. Stopping all clients.
Stopped all clients for thread #0

finished in 8.00s, 11990.12 req/s, 468.36KB/s
requests: 95921 total, 95985 started, 95921 done, 95921 succeeded, 0 failed, 0 errored, 0 timeout
status codes: 95921 2xx, 0 3xx, 0 4xx, 0 5xx
traffic: 3.66MB (3836840) total, 1.37MB (1439085) headers (space savings 0.00%), 187.38KB (191878) data
                     min         max         mean         sd        +/- sd
time for request:     1.11ms    137.66ms      5.34ms      3.63ms    98.87%
time for connect:        2us       399us       193us       117us    57.81%
time to 1st byte:   116.54ms    137.67ms    128.66ms      5.39ms    68.75%
req/s           :     185.19      189.57      187.31        1.04    70.31%
