starting benchmark...
spawning thread #0: 16 total client(s). Timing-based test with 0s of warm-up time and 8s of main duration for measurements.
spawning thread #1: 16 total client(s). Timing-based test with 0s of warm-up time and 8s of main duration for measurements.
spawning thread #2: 16 total client(s). Timing-based test with 0s of warm-up time and 8s of main duration for measurements.
spawning thread #3: 16 total client(s). Timing-based test with 0s of warm-up time and 8s of main duration for measurements.
Warm-up started for thread #0.
Warm-up started for thread #3.
Warm-up started for thread #1.
Warm-up started for thread #2.
progress: 6% of clients started
progress: 12% of clients started
progress: 18% of clients started
progress: 25% of clients started
progress: 31% of clients started
progress: 37% of clients started
progress: 43% of clients started
progress: 50% of clients started
progress: 56% of clients started
progress: 62% of clients started
progress: 68% of clients started
progress: 75% of clients started
progress: 81% of clients started
Warm-up phase is over for thread #3.
Main benchmark duration is started for thread #3.
progress: Warm-up phase is over for thread #1.87
% of clients startedMain benchmark duration is started for thread #1.

Warm-up phase is over for thread #2.
Main benchmark duration is started for thread #2.
progress: 93% of clients started
progress: 100% of clients started
Warm-up phase is over for thread #0.
Main benchmark duration is started for thread #0.
Application protocol: http/1.1
Main benchmark duration is over for thread #Main benchmark duration is over for thread #31. Stopping all clients.. Stopping all clients.

Stopped all clients for thread #1
Stopped all clients for thread #3
Main benchmark duration is over for thread #2. Stopping all clients.
Stopped all clients for thread #2
Main benchmark duration is over for thread #0. Stopping all clients.
Stopped all clients for thread #0

finished in 8.00s, 46460.75 req/s, 200.85MB/s
requests: 371686 total, 371750 started, 371686 done, 371686 succeeded, 0 failed, 0 errored, 0 timeout
status codes: 371866 2xx, 0 3xx, 0 4xx, 0 5xx
traffic: 1.57GB (1684815484) total, 41.47MB (43489368) headers (space savings 0.00%), 1.52GB (1626837895) data
                     min         max         mean         sd        +/- sd
time for request:      396us    111.39ms      1.38ms      1.60ms    98.16%
time for connect:        2us       200us       102us        56us    57.81%
time to 1st byte:   104.91ms    110.61ms    107.73ms      1.85ms    68.75%
req/s           :     721.35      730.73      725.93        1.95    73.44%
