starting benchmark...
spawning thread #0: 16 total client(s). Timing-based test with 0s of warm-up time and 8s of main duration for measurements.
spawning thread #1: 16 total client(s). Timing-based test with 0s of warm-up time and 8s of main duration for measurements.
spawning thread #2: 16 total client(s). Timing-based test with 0s of warm-up time and 8s of main duration for measurements.
spawning thread #3: 16 total client(s). Timing-based test with 0s of warm-up time and 8s of main duration for measurements.
Warm-up started for thread #3.
Warm-up started for thread #0.
Warm-up started for thread #1.
Warm-up started for thread #2.
progress: 6% of clients started
progress: 12% of clients started
progress: 18% of clients started
progress: 25% of clients started
progress: 31% of clients started
progress: 37% of clients started
progress: 43% of clients started
progress: 50% of clients started
progress: 56% of clients started
progress: 62% of clients started
progress: 68% of clients started
progress: 75% of clients started
progress: 81% of clients started
progress: 87% of clients started
progress: 93% of clients started
Warm-up phase is over for thread #3.
Main benchmark duration is started for thread #3.
Warm-up phase is over for thread #1.
Main benchmark duration is started for thread #1.
Warm-up phase is over for thread #2.
Main benchmark duration is started for thread #2.
progress: 100% of clients started
Warm-up phase is over for thread #0.
Main benchmark duration is started for thread #0.
Application protocol: http/1.1
Main benchmark duration is over for thread #1. Stopping all clients.
Stopped all clients for thread #1
Main benchmark duration is over for thread #Main benchmark duration is over for thread #2. Stopping all clients.
Stopped all clients for thread #2
0. Stopping all clients.
Stopped all clients for thread #0
Main benchmark duration is over for thread #3. Stopping all clients.
Stopped all clients for thread #3

finished in 8.00s, 38892.62 req/s, 168.08MB/s
requests: 311141 total, 311205 started, 311141 done, 311141 succeeded, 0 failed, 0 errored, 0 timeout
status codes: 311313 2xx, 0 3xx, 0 4xx, 0 5xx
traffic: 1.31GB (1409996923) total, 34.72MB (36407826) headers (space savings 0.00%), 1.27GB (1361495542) data
                     min         max         mean         sd        +/- sd
time for request:      255us    129.32ms      1.65ms      2.12ms    97.42%
time for connect:        2us       214us       108us        58us    60.94%
time to 1st byte:   123.73ms    129.00ms    126.29ms      1.24ms    59.38%
req/s           :     590.23      626.35      607.67        9.29    65.63%
