starting benchmark...
spawning thread #0: 16 total client(s). Timing-based test with 0s of warm-up time and 8s of main duration for measurements.
spawning thread #1: 16 total client(s). Timing-based test with 0s of warm-up time and 8s of main duration for measurements.
spawning thread #2: 16 total client(s). Timing-based test with 0s of warm-up time and 8s of main duration for measurements.
spawning thread #3: 16 total client(s). Timing-based test with 0s of warm-up time and 8s of main duration for measurements.
Warm-up started for thread #0.
Warm-up started for thread #1.
Warm-up started for thread #2.
Warm-up started for thread #3.
progress: 6% of clients started
progress: 12% of clients started
progress: 18% of clients started
progress: 25% of clients started
progress: 31% of clients started
progress: 37% of clients started
progress: 43% of clients started
progress: 50% of clients started
progress: 56% of clients started
progress: 62% of clients started
progress: 68% of clients started
progress: 75% of clients started
progress: 81% of clients started
progress: 87% of clients started
progress: 93% of clients started
Warm-up phase is over for thread #1.
Warm-up phase is over for thread #Main benchmark duration is started for thread #2.
1progress: 100Main benchmark duration is started for thread #% of clients started
.
Warm-up phase is over for thread #3.2
.
Main benchmark duration is started for thread #3.
Warm-up phase is over for thread #0.
Main benchmark duration is started for thread #0.
Application protocol: http/1.1
Main benchmark duration is over for thread #Main benchmark duration is over for thread #1. Stopping all clients.2. Stopping all clients.

Stopped all clients for thread #2
Stopped all clients for thread #1
Main benchmark duration is over for thread #0. Stopping all clients.
Stopped all clients for thread #0
Main benchmark duration is over for thread #3. Stopping all clients.
Stopped all clients for thread #3

finished in 8.01s, 10.50 req/s, 46.53KB/s
requests: 84 total, 148 started, 84 done, 84 succeeded, 0 failed, 0 errored, 0 timeout
status codes: 84 2xx, 0 3xx, 0 4xx, 0 5xx
traffic: 372.21KB (381141) total, 9.60KB (9828) headers (space savings 0.00%), 359.41KB (368037) data
                     min         max         mean         sd        +/- sd
time for request:     5.58ms       3.65s       1.69s       1.00s    61.90%
time for connect:        2us       204us       102us        57us    60.94%
time to 1st byte:   339.53ms       3.65s       1.89s    620.39ms    71.88%
req/s           :       0.12        0.50        0.16        0.09    78.13%
