TRANSPORT transport=io_uring ringSize=128 cqSize=4096 singleIssuer=true bufferRing[bgId=1 entries=64 chunk=8192 incremental=true batchSize=32 batchAllocation=false alloc=adaptive allocClass=AdaptiveByteBufAllocator] zeroCopyThreshold=4096 | IoUring features: CQE_F_SOCK_NONEMPTY_SUPPORTED=true, UNIX_DOMAIN_SOCKET_INQ_SUPPORTED=true, SPLICE_SUPPORTED=true, ACCEPT_NO_WAIT_SUPPORTED=true, ACCEPT_MULTISHOT_SUPPORTED=true, POLL_ADD_MULTISHOT_SUPPORTED=true, RECV_MULTISHOT_SUPPORTED=true, IORING_RECVSEND_BUNDLE_SUPPORTED=true, REGISTER_IOWQ_MAX_WORKERS_SUPPORTED=true, SETUP_SUBMIT_ALL_SUPPORTED=true, SETUP_CQE_MIXED_SUPPORTED=true, SETUP_CQ_SIZE_SUPPORTED=true, SETUP_SINGLE_ISSUER_SUPPORTED=true, SETUP_DEFER_TASKRUN_SUPPORTED=true, SETUP_NO_SQARRAY_SUPPORTED=true, REGISTER_BUFFER_RING_SUPPORTED=true, REGISTER_BUFFER_RING_INC_SUPPORTED=true, SEND_ZC_SUPPORTED=true, SENDMSG_ZC_SUPPORTED=true, ENTER_NO_IOWAIT_SUPPORTED=true
READY h1snoop port=18081 loops=2 markers=2 allocator=arena transport=io_uring pid=1339167
io.netty.channel.unix.Errors$NativeIoException: io_uring read(..) failed with error(-104): Connection reset by peer
io.netty.channel.unix.Errors$NativeIoException: io_uring read(..) failed with error(-104): Connection reset by peer
io.netty.channel.unix.Errors$NativeIoException: io_uring read(..) failed with error(-104): Connection reset by peer
io.netty.channel.unix.Errors$NativeIoException: io_uring read(..) failed with error(-104): Connection reset by peer
io.netty.channel.unix.Errors$NativeIoException: io_uring read(..) failed with error(-104): Connection reset by peer
io.netty.channel.unix.Errors$NativeIoException: io_uring read(..) failed with error(-104): Connection reset by peer
io.netty.channel.unix.Errors$NativeIoException: io_uring read(..) failed with error(-104): Connection reset by peer
io.netty.channel.unix.Errors$NativeIoException: io_uring read(..) failed with error(-104): Connection reset by peer
io.netty.channel.unix.Errors$NativeIoException: io_uring read(..) failed with error(-104): Connection reset by peer
io.netty.channel.unix.Errors$NativeIoException: io_uring read(..) failed with error(-104): Connection reset by peer
io.netty.channel.unix.Errors$NativeIoException: io_uring read(..) failed with error(-104): Connection reset by peer
io.netty.channel.unix.Errors$NativeIoException: io_uring read(..) failed with error(-104): Connection reset by peer
io.netty.channel.unix.Errors$NativeIoException: io_uring read(..) failed with error(-104): Connection reset by peer
io.netty.channel.unix.Errors$NativeIoException: io_uring read(..) failed with error(-104): Connection reset by peer
io.netty.channel.unix.Errors$NativeIoException: io_uring read(..) failed with error(-104): Connection reset by peer
io.netty.channel.unix.Errors$NativeIoException: io_uring read(..) failed with error(-104): Connection reset by peer
io.netty.channel.unix.Errors$NativeIoException: io_uring read(..) failed with error(-104): Connection reset by peer
io.netty.channel.unix.Errors$NativeIoException: io_uring read(..) failed with error(-104): Connection reset by peer
io.netty.channel.unix.Errors$NativeIoException: io_uring read(..) failed with error(-104): Connection reset by peer
io.netty.channel.unix.Errors$NativeIoException: io_uring read(..) failed with error(-104): Connection reset by peer
io.netty.channel.unix.Errors$NativeIoException: io_uring read(..) failed with error(-104): Connection reset by peer
io.netty.channel.unix.Errors$NativeIoException: io_uring read(..) failed with error(-104): Connection reset by peer
io.netty.channel.unix.Errors$NativeIoException: io_uring read(..) failed with error(-104): Connection reset by peer
io.netty.channel.unix.Errors$NativeIoException: io_uring read(..) failed with error(-104): Connection reset by peer
io.netty.channel.unix.Errors$NativeIoException: io_uring read(..) failed with error(-104): Connection reset by peer
io.netty.channel.unix.Errors$NativeIoException: io_uring read(..) failed with error(-104): Connection reset by peer
io.netty.channel.unix.Errors$NativeIoException: io_uring read(..) failed with error(-104): Connection reset by peer
io.netty.channel.unix.Errors$NativeIoException: io_uring read(..) failed with error(-104): Connection reset by peer
io.netty.channel.unix.Errors$NativeIoException: io_uring read(..) failed with error(-104): Connection reset by peer
io.netty.channel.unix.Errors$NativeIoException: io_uring read(..) failed with error(-104): Connection reset by peer
io.netty.channel.unix.Errors$NativeIoException: io_uring read(..) failed with error(-104): Connection reset by peer
io.netty.channel.unix.Errors$NativeIoException: io_uring read(..) failed with error(-104): Connection reset by peer
RINGTELE transport=io_uring ringAllocs=166739 ringReads=496915 ringReadBytes=1365409575 bgId=1 entries=64 chunk=8192 incremental=true batchSize=32 batchAllocation=false alloc=adaptive allocClass=AdaptiveByteBufAllocator
ARENATELE blockSize=262144 maxBlocks=8 cap=8192 maxObjects=16384 debug=false ring=true ringStats=false arenaHeap=0 arenaDirect=654527 delegateHeap=0 delegateDirect=0 arenaShare=100.00% blocksHeap=2 blocksDirect=4 pinned=2 reusable=2 maxPinnedHeap=0 maxPinnedDirect=4 blockReuses=41 blockGrowths=2 blockSwitches=87 ringWraps=5795 ringResets=0 ringScans=12182 ringReentries=44 ringStalls=0 stallBytes=0 strandedBytes=0 strandedShare=n/a holes<=256=0 holes<=1k=0 holes<=4k=0 holes<=8k=0 holes>8k=0 hooks=1017 hookRejections=0 violations=0 earlyReuses=0 reallocInPlace=0 reallocMoved=0 reallocDelegated=0 trims=0 trimmedBlocks=0 leakedBlocks=0 objects=128 bytesHeap=0 bytesDirect=1521721936 liveHeap=0 liveDirect=0
ARENALOOP thread=multiThreadIoEventLoopGroup-3-2 arenaHeap=0 arenaDirect=340549 delegateHeap=0 delegateDirect=0 arenaShare=100.00% blocksHeap=1 blocksDirect=2 pinned=1 reusable=1 maxPinnedHeap=0 maxPinnedDirect=2 blockReuses=18 blockGrowths=1 blockSwitches=41 ringWraps=3019 ringResets=0 ringScans=6338 ringReentries=22 ringStalls=0 stallBytes=0 strandedBytes=0 strandedShare=n/a holes<=256=0 holes<=1k=0 holes<=4k=0 holes<=8k=0 holes>8k=0 hooks=513 hookRejections=0 violations=0 earlyReuses=0 reallocInPlace=0 reallocMoved=0 reallocDelegated=0 trims=0 trimmedBlocks=0 leakedBlocks=0 objects=64 bytesHeap=0 bytesDirect=791822128 liveHeap=0 liveDirect=0
ARENALOOP thread=multiThreadIoEventLoopGroup-3-1 arenaHeap=0 arenaDirect=313978 delegateHeap=0 delegateDirect=0 arenaShare=100.00% blocksHeap=1 blocksDirect=2 pinned=1 reusable=1 maxPinnedHeap=0 maxPinnedDirect=2 blockReuses=23 blockGrowths=1 blockSwitches=46 ringWraps=2776 ringResets=0 ringScans=5844 ringReentries=22 ringStalls=0 stallBytes=0 strandedBytes=0 strandedShare=n/a holes<=256=0 holes<=1k=0 holes<=4k=0 holes<=8k=0 holes>8k=0 hooks=504 hookRejections=0 violations=0 earlyReuses=0 reallocInPlace=0 reallocMoved=0 reallocDelegated=0 trims=0 trimmedBlocks=0 leakedBlocks=0 objects=64 bytesHeap=0 bytesDirect=729899808 liveHeap=0 liveDirect=0
