starting benchmark...
spawning thread #0: 16 total client(s). Timing-based test with 0s of warm-up time and 8s of main duration for measurements.
spawning thread #1: 16 total client(s). Timing-based test with 0s of warm-up time and 8s of main duration for measurements.
spawning thread #2: 16 total client(s). Timing-based test with 0s of warm-up time and 8s of main duration for measurements.
spawning thread #3: 16 total client(s). Timing-based test with 0s of warm-up time and 8s of main duration for measurements.
Warm-up started for thread #3.Warm-up started for thread #
Warm-up started for thread #1.
Warm-up started for thread #2.
0.
progress: 6% of clients started
progress: 12% of clients started
progress: 18% of clients started
progress: 25% of clients started
progress: 31% of clients started
progress: 37% of clients started
progress: 43% of clients started
progress: 50% of clients started
progress: 56% of clients started
progress: 62% of clients started
progress: 68% of clients started
progress: 75% of clients started
progress: 81% of clients started
progress: 87% of clients started
Warm-up phase is over for thread #1.
progress: Main benchmark duration is started for thread #1.
Warm-up phase is over for thread #2.Warm-up phase is over for thread #
3.
Main benchmark duration is started for thread #2.
Main benchmark duration is started for thread #3.
93% of clients started
progress: 100% of clients started
Warm-up phase is over for thread #0.
Main benchmark duration is started for thread #0.
Application protocol: http/1.1
Main benchmark duration is over for thread #3. Stopping all clients.
Stopped all clients for thread #3
Main benchmark duration is over for thread #2. Stopping all clients.
Stopped all clients for thread #2
Main benchmark duration is over for thread #0. Stopping all clients.
Stopped all clients for thread #0
Main benchmark duration is over for thread #1. Stopping all clients.
Stopped all clients for thread #1

finished in 8.00s, 40677.62 req/s, 175.80MB/s
requests: 325421 total, 325485 started, 325421 done, 325421 succeeded, 0 failed, 0 errored, 0 timeout
status codes: 325576 2xx, 0 3xx, 0 4xx, 0 5xx
traffic: 1.37GB (1474704555) total, 36.31MB (38078001) headers (space savings 0.00%), 1.33GB (1423951400) data
                     min         max         mean         sd        +/- sd
time for request:      293us    123.90ms      1.57ms      1.97ms    97.88%
time for connect:        2us       208us       107us        60us    56.25%
time to 1st byte:   118.31ms    123.69ms    120.59ms      1.42ms    65.63%
req/s           :     601.46      675.21      635.56       26.90    46.88%
