starting benchmark...
spawning thread #0: 16 total client(s). Timing-based test with 0s of warm-up time and 8s of main duration for measurements.
spawning thread #1: 16 total client(s). Timing-based test with 0s of warm-up time and 8s of main duration for measurements.
spawning thread #2: 16 total client(s). Timing-based test with 0s of warm-up time and 8s of main duration for measurements.
spawning thread #3: 16 total client(s). Timing-based test with 0s of warm-up time and 8s of main duration for measurements.
Warm-up started for thread #Warm-up started for thread #Warm-up started for thread #2.
30..

Warm-up started for thread #1.
progress: 6% of clients started
progress: 12% of clients started
progress: 18% of clients started
progress: 25% of clients started
progress: 31% of clients started
progress: 37% of clients started
progress: 43% of clients started
progress: 50% of clients started
progress: 56% of clients started
progress: 62% of clients started
progress: 68% of clients started
progress: 75% of clients started
progress: 81% of clients started
Warm-up phase is over for thread #3.
Main benchmark duration is started for thread #3.
progress: 87% of clients started
Warm-up phase is over for thread #2.
Main benchmark duration is started for thread #2.
Warm-up phase is over for thread #1.
Main benchmark duration is started for thread #1.
progress: 93% of clients started
progress: 100% of clients started
Warm-up phase is over for thread #0.
Main benchmark duration is started for thread #0.
Application protocol: http/1.1
Main benchmark duration is over for thread #Main benchmark duration is over for thread #3. Stopping all clients.
2. Stopping all clients.
Main benchmark duration is over for thread #1Stopped all clients for thread #. Stopping all clients.3

Stopped all clients for thread #1
Stopped all clients for thread #2
Main benchmark duration is over for thread #0. Stopping all clients.
Stopped all clients for thread #0

finished in 8.00s, 250946.88 req/s, 1.06GB/s
requests: 2007575 total, 2007639 started, 2007575 done, 2007575 succeeded, 0 failed, 0 errored, 0 timeout
status codes: 2007575 2xx, 0 3xx, 0 4xx, 0 5xx
traffic: 8.46GB (9086285154) total, 224.01MB (234888030) headers (space savings 0.00%), 8.17GB (8773169004) data
                     min         max         mean         sd        +/- sd
time for request:       37us     51.61ms       257us       348us    98.99%
time for connect:        1us       112us        58us        31us    59.38%
time to 1st byte:    40.13ms     51.85ms     46.67ms      3.57ms    57.81%
req/s           :    3813.53     4030.24     3920.97       50.56    59.38%
