starting benchmark...
spawning thread #0: 16 total client(s). Timing-based test with 0s of warm-up time and 8s of main duration for measurements.
spawning thread #1: 16 total client(s). Timing-based test with 0s of warm-up time and 8s of main duration for measurements.
spawning thread #2: 16 total client(s). Timing-based test with 0s of warm-up time and 8s of main duration for measurements.
spawning thread #3: 16 total client(s). Timing-based test with 0s of warm-up time and 8s of main duration for measurements.
Warm-up started for thread #3.
Warm-up started for thread #1.
Warm-up started for thread #2.
Warm-up started for thread #0.
progress: 6% of clients started
progress: 12% of clients started
progress: 18% of clients started
progress: 25% of clients started
progress: 31% of clients started
progress: 37% of clients started
progress: 43% of clients started
progress: 50% of clients started
progress: 56% of clients started
progress: 62% of clients started
progress: 68% of clients started
progress: 75% of clients started
progress: 81% of clients started
progress: 87% of clients started
progress: 93% of clients started
Warm-up phase is over for thread #3.
Main benchmark duration is started for thread #3.
Warm-up phase is over for thread #2.
Main benchmark duration is started for thread #2.
Warm-up phase is over for thread #1.
Main benchmark duration is started for thread #1.
progress: 100% of clients started
Warm-up phase is over for thread #0.
Main benchmark duration is started for thread #0.
Application protocol: http/1.1
Main benchmark duration is over for thread #Main benchmark duration is over for thread #3. Stopping all clients.2
. Stopping all clients.
Stopped all clients for thread #3
Stopped all clients for thread #2
Main benchmark duration is over for thread #1. Stopping all clients.
Stopped all clients for thread #1
Main benchmark duration is over for thread #0. Stopping all clients.
Stopped all clients for thread #0

finished in 8.00s, 250319.50 req/s, 1.06GB/s
requests: 2002556 total, 2002620 started, 2002556 done, 2002556 succeeded, 0 failed, 0 errored, 0 timeout
status codes: 2002556 2xx, 0 3xx, 0 4xx, 0 5xx
traffic: 8.44GB (9063569160) total, 223.45MB (234301041) headers (space savings 0.00%), 8.15GB (8751244714) data
                     min         max         mean         sd        +/- sd
time for request:       36us     83.80ms       258us       534us    99.39%
time for connect:        1us       133us        63us        36us    60.94%
time to 1st byte:    72.04ms     84.38ms     78.84ms      3.75ms    59.38%
req/s           :    3726.73     4209.20     3911.16       86.02    76.56%
