starting benchmark...
spawning thread #0: 16 total client(s). Timing-based test with 0s of warm-up time and 8s of main duration for measurements.
spawning thread #1: 16 total client(s). Timing-based test with 0s of warm-up time and 8s of main duration for measurements.
spawning thread #2: 16 total client(s). Timing-based test with 0s of warm-up time and 8s of main duration for measurements.
spawning thread #3: 16 total client(s). Timing-based test with 0s of warm-up time and 8s of main duration for measurements.
Warm-up started for thread #3.
Warm-up started for thread #1.
Warm-up started for thread #2.
Warm-up started for thread #0.
progress: 6% of clients started
progress: 12% of clients started
progress: 18% of clients started
progress: 25% of clients started
progress: 31% of clients started
progress: 37% of clients started
progress: 43% of clients started
progress: 50% of clients started
progress: 56% of clients started
progress: 62% of clients started
progress: 68% of clients started
progress: 75% of clients started
progress: 81% of clients started
progress: 87% of clients started
progress: 93% of clients started
Warm-up phase is over for thread #Warm-up phase is over for thread #Warm-up phase is over for thread #123.
Main benchmark duration is started for thread #3.
.progress: 100% of clients started
.
Main benchmark duration is started for thread #2.

Main benchmark duration is started for thread #1.
Warm-up phase is over for thread #0.
Main benchmark duration is started for thread #0.
Application protocol: http/1.1
Main benchmark duration is over for thread #Main benchmark duration is over for thread #1. Stopping all clients.3
. Stopping all clients.Main benchmark duration is over for thread #Stopped all clients for thread #1
2. Stopping all clients.
Stopped all clients for thread #2
Main benchmark duration is over for thread #0. Stopping all clients.
Stopped all clients for thread #0

Stopped all clients for thread #3

finished in 8.00s, 231225.50 req/s, 998.05MB/s
requests: 1849804 total, 1849868 started, 1849804 done, 1849804 succeeded, 0 failed, 0 errored, 0 timeout
status codes: 1849804 2xx, 0 3xx, 0 4xx, 0 5xx
traffic: 7.80GB (8372213608) total, 206.40MB (216429525) headers (space savings 0.00%), 7.53GB (8083735954) data
                     min         max         mean         sd        +/- sd
time for request:       39us     55.06ms       285us       528us    98.87%
time for connect:        1us       123us        61us        33us    60.94%
time to 1st byte:    39.24ms     55.07ms     47.29ms      5.09ms    53.13%
req/s           :    3421.78     3729.19     3612.83       57.22    70.31%
