starting benchmark...
spawning thread #0: 2 total client(s). Timing-based test with 0s of warm-up time and 8s of main duration for measurements.
spawning thread #1: 2 total client(s). Timing-based test with 0s of warm-up time and 8s of main duration for measurements.
spawning thread #2: 2 total client(s). Timing-based test with 0s of warm-up time and 8s of main duration for measurements.
spawning thread #3: 2 total client(s). Timing-based test with 0s of warm-up time and 8s of main duration for measurements.
Warm-up started for thread #Warm-up started for thread #0.Warm-up started for thread #2.

3.
Warm-up started for thread #1.
progress: 50% of clients started
Warm-up phase is over for thread #1.
Warm-up phase is over for thread #Main benchmark duration is started for thread #1.
3.
Main benchmark duration is started for thread #3.
Warm-up phase is over for thread #2.
Main benchmark duration is started for thread #2.
progress: 100% of clients started
Warm-up phase is over for thread #0.
Main benchmark duration is started for thread #0.
Application protocol: h2c
Main benchmark duration is over for thread #Main benchmark duration is over for thread #Main benchmark duration is over for thread #321. Stopping all clients.. Stopping all clients.
. Stopping all clients.
Main benchmark duration is over for thread #0. Stopping all clients.
Stopped all clients for thread #0
Stopped all clients for thread #1

Stopped all clients for thread #3
Stopped all clients for thread #2

finished in 8.00s, 6262.50 req/s, 396.18MB/s
requests: 50100 total, 50228 started, 50100 done, 50100 succeeded, 0 failed, 0 errored, 0 timeout
status codes: 50228 2xx, 0 3xx, 0 4xx, 0 5xx
traffic: 3.10GB (3323416359) total, 49.05KB (50228) headers (space savings 90.00%), 3.06GB (3288041098) data
                     min         max         mean         sd        +/- sd
time for request:    12.10ms    464.32ms     20.41ms     31.63ms    98.51%
time for connect:        7us        24us        15us         6us    62.50%
time to 1st byte:    59.30ms     64.48ms     61.49ms      2.35ms    75.00%
req/s           :     754.12      813.99      782.81       25.35    50.00%
