starting benchmark...
spawning thread #0: 16 total client(s). Timing-based test with 0s of warm-up time and 8s of main duration for measurements.
spawning thread #1: 16 total client(s). Timing-based test with 0s of warm-up time and 8s of main duration for measurements.
spawning thread #2: 16 total client(s). Timing-based test with 0s of warm-up time and 8s of main duration for measurements.
spawning thread #3: 16 total client(s). Timing-based test with 0s of warm-up time and 8s of main duration for measurements.
Warm-up started for thread #0.
Warm-up started for thread #3.
Warm-up started for thread #2.
Warm-up started for thread #1.
progress: 6% of clients started
progress: 12% of clients started
progress: 18% of clients started
progress: 25% of clients started
progress: 31% of clients started
progress: 37% of clients started
progress: 43% of clients started
progress: 50% of clients started
progress: 56% of clients started
progress: 62% of clients started
progress: 68% of clients started
progress: 75% of clients started
progress: 81% of clients started
progress: 87% of clients started
progress: 93% of clients started
Warm-up phase is over for thread #1.
Main benchmark duration is started for thread #1.
Warm-up phase is over for thread #2.
progress: 100% of clients started
Warm-up phase is over for thread #Main benchmark duration is started for thread #2.
3.
Main benchmark duration is started for thread #3.
Warm-up phase is over for thread #0.
Main benchmark duration is started for thread #0.
Application protocol: http/1.1
Main benchmark duration is over for thread #2. Stopping all clients.
Stopped all clients for thread #2
Main benchmark duration is over for thread #0. Stopping all clients.
Stopped all clients for thread #0
Main benchmark duration is over for thread #3. Stopping all clients.
Stopped all clients for thread #3
Main benchmark duration is over for thread #1. Stopping all clients.
Stopped all clients for thread #1

finished in 8.00s, 21928.12 req/s, 856.57KB/s
requests: 175425 total, 175489 started, 175425 done, 175425 succeeded, 0 failed, 0 errored, 0 timeout
status codes: 175425 2xx, 0 3xx, 0 4xx, 0 5xx
traffic: 6.69MB (7017000) total, 2.51MB (2631600) headers (space savings 0.00%), 342.66KB (350880) data
                     min         max         mean         sd        +/- sd
time for request:      417us     53.14ms      2.92ms      1.05ms    99.13%
time for connect:        1us       224us       114us        66us    59.38%
time to 1st byte:    48.04ms     53.14ms     50.37ms      1.43ms    59.38%
req/s           :     341.08      343.57      342.59        0.50    67.19%
