starting benchmark...
spawning thread #0: 16 total client(s). Timing-based test with 0s of warm-up time and 8s of main duration for measurements.
spawning thread #1: 16 total client(s). Timing-based test with 0s of warm-up time and 8s of main duration for measurements.
spawning thread #2: 16 total client(s). Timing-based test with 0s of warm-up time and 8s of main duration for measurements.
spawning thread #3: 16 total client(s). Timing-based test with 0s of warm-up time and 8s of main duration for measurements.
Warm-up started for thread #0.
Warm-up started for thread #3.
Warm-up started for thread #1.
Warm-up started for thread #2.
progress: 6% of clients started
progress: 12% of clients started
progress: 18% of clients started
progress: 25% of clients started
progress: 31% of clients started
progress: 37% of clients started
progress: 43% of clients started
progress: 50% of clients started
progress: 56% of clients started
progress: 62% of clients started
progress: 68% of clients started
progress: 75% of clients started
progress: 81% of clients started
progress: 87% of clients started
Warm-up phase is over for thread #2.
Main benchmark duration is started for thread #2.
progress: 93% of clients started
Warm-up phase is over for thread #3.
Main benchmark duration is started for thread #3.
progress: 100% of clients started
Warm-up phase is over for thread #0.
Main benchmark duration is started for thread #0.
Application protocol: http/1.1
Warm-up phase is over for thread #1.
Main benchmark duration is started for thread #1.
Main benchmark duration is over for thread #2. Stopping all clients.
Stopped all clients for thread #2
Main benchmark duration is over for thread #3. Stopping all clients.
Stopped all clients for thread #3
Main benchmark duration is over for thread #1. Stopping all clients.
Stopped all clients for thread #1
Main benchmark duration is over for thread #0. Stopping all clients.
Stopped all clients for thread #0

finished in 8.00s, 143390.00 req/s, 618.92MB/s
requests: 1147120 total, 1147184 started, 1147120 done, 1147120 succeeded, 0 failed, 0 errored, 0 timeout
status codes: 1147120 2xx, 0 3xx, 0 4xx, 0 5xx
traffic: 4.84GB (5191865824) total, 128.00MB (134213625) headers (space savings 0.00%), 4.67GB (5012936954) data
                     min         max         mean         sd        +/- sd
time for request:       91us     81.31ms       448us       644us    98.80%
time for connect:        1us       137us        64us        37us    60.94%
time to 1st byte:    61.99ms     81.23ms     73.03ms      5.64ms    57.81%
req/s           :    2112.96     2452.60     2240.35       69.49    64.06%
