starting benchmark...
spawning thread #0: 16 total client(s). Timing-based test with 0s of warm-up time and 8s of main duration for measurements.
spawning thread #1: 16 total client(s). Timing-based test with 0s of warm-up time and 8s of main duration for measurements.
spawning thread #2: 16 total client(s). Timing-based test with 0s of warm-up time and 8s of main duration for measurements.
spawning thread #3: 16 total client(s). Timing-based test with 0s of warm-up time and 8s of main duration for measurements.
Warm-up started for thread #0.
Warm-up started for thread #1.
Warm-up started for thread #3.
Warm-up started for thread #2.
progress: 6% of clients started
progress: 12% of clients started
progress: 18% of clients started
progress: 25% of clients started
progress: 31% of clients started
progress: 37% of clients started
progress: 43% of clients started
progress: 50% of clients started
progress: 56% of clients started
progress: 62% of clients started
progress: 68% of clients started
progress: 75% of clients started
progress: 81% of clients started
progress: 87% of clients started
progress: 93% of clients started
Warm-up phase is over for thread #2.
Warm-up phase is over for thread #Main benchmark duration is started for thread #2.
3.
Main benchmark duration is started for thread #3.
Warm-up phase is over for thread #1.
Main benchmark duration is started for thread #1.
progress: 100% of clients started
Warm-up phase is over for thread #0.
Main benchmark duration is started for thread #0.
Application protocol: http/1.1
Main benchmark duration is over for thread #Main benchmark duration is over for thread #32. Stopping all clients.. Stopping all clients.

Stopped all clients for thread #2
Stopped all clients for thread #3
Main benchmark duration is over for thread #1. Stopping all clients.
Stopped all clients for thread #1
Main benchmark duration is over for thread #0. Stopping all clients.
Stopped all clients for thread #0

finished in 8.00s, 104486.88 req/s, 451.00MB/s
requests: 835895 total, 835959 started, 835895 done, 835895 succeeded, 0 failed, 0 errored, 0 timeout
status codes: 835895 2xx, 0 3xx, 0 4xx, 0 5xx
traffic: 3.52GB (3783261474) total, 93.27MB (97800534) headers (space savings 0.00%), 3.40GB (3652892444) data
                     min         max         mean         sd        +/- sd
time for request:       66us     98.89ms       612us       891us    98.77%
time for connect:        1us       117us        60us        33us    59.38%
time to 1st byte:    75.32ms     98.85ms     88.44ms      6.69ms    57.81%
req/s           :    1472.70     1746.73     1632.57       64.24    65.63%
