starting benchmark...
spawning thread #0: 2 total client(s). Timing-based test with 0s of warm-up time and 8s of main duration for measurements.
spawning thread #1: 2 total client(s). Timing-based test with 0s of warm-up time and 8s of main duration for measurements.
spawning thread #2: 2 total client(s). Timing-based test with 0s of warm-up time and 8s of main duration for measurements.
spawning thread #3: 2 total client(s). Timing-based test with 0s of warm-up time and 8s of main duration for measurements.
Warm-up started for thread #3.
Warm-up started for thread #Warm-up started for thread #0.
2.
Warm-up started for thread #1.
progress: 50% of clients started
progress: 100% of clients started
Warm-up phase is over for thread #Warm-up phase is over for thread #3.
Warm-up phase is over for thread #0.
Warm-up phase is over for thread #1.
Main benchmark duration is started for thread #1.
Main benchmark duration is started for thread #0.
2Application protocol: h2c
Main benchmark duration is started for thread #3.
.
Main benchmark duration is started for thread #2.
Main benchmark duration is over for thread #Main benchmark duration is over for thread #3. Stopping all clients.2
. Stopping all clients.Stopped all clients for thread #3

Main benchmark duration is over for thread #0. Stopping all clients.Stopped all clients for thread #
2Stopped all clients for thread #0

Main benchmark duration is over for thread #1. Stopping all clients.
Stopped all clients for thread #1

finished in 8.00s, 15268.75 req/s, 963.53MB/s
requests: 122150 total, 122278 started, 122150 done, 122150 succeeded, 0 failed, 0 errored, 0 timeout
status codes: 122271 2xx, 0 3xx, 0 4xx, 0 5xx
traffic: 7.53GB (8082706211) total, 119.41KB (122271) headers (space savings 90.00%), 7.46GB (8009283429) data
                     min         max         mean         sd        +/- sd
time for request:     3.48ms    255.19ms      8.36ms     10.56ms    95.02%
time for connect:       13us        41us        26us        12us    50.00%
time to 1st byte:   110.86ms    113.79ms    112.17ms      1.12ms    50.00%
req/s           :    1904.09     1916.09     1908.56        4.31    75.00%
