# JMH version: 1.37
# VM version: JDK 21, Java HotSpot(TM) 64-Bit Server VM, 21+35-LTS-2513
# VM invoker: /home/forked_franz/.sdkman/candidates/java/21-oracle/bin/java
# VM options: -server -dsa -da -XX:InitialRAMPercentage=40.0 -XX:MaxRAMPercentage=40.0 -Dio.netty.leakDetection.level=disabled -Djmh.executor=CUSTOM -Djmh.executor.class=io.github.neoionet.netty.microbenchmark.executor.FastThreadLocalThreadHarnessExecutor -XX:MaxRAM=60g -Darena.ring=false
# Blackhole mode: compiler (auto-detected, use -Djmh.blackhole.autoDetect=false to disable)
# Warmup: 10 iterations, 1 s each
# Measurement: 10 iterations, 1 s each
# Timeout: 10 min per iteration
# Threads: 1 thread, will synchronize iterations
# Benchmark mode: Average time, time/op
# Benchmark: io.github.neoionet.netty.microbenchmark.CycleScopedAllocBenchmark.cycleDirect
# Parameters: (allocatorType = ARENA, k = 64, releaseOrder = FIFO, sizes = SMALL)

# Run progress: 0.00% complete, ETA 00:00:40
# Fork: 1 of 1
# Preparing profilers: LinuxPerfNormProfiler 
# Profilers consume stderr from target VM, use -v EXTRA to copy to console
# Warmup Iteration   1: 1614.537 ns/op
# Warmup Iteration   2: 1427.998 ns/op
# Warmup Iteration   3: 1426.285 ns/op
# Warmup Iteration   4: 1426.112 ns/op
# Warmup Iteration   5: 1426.418 ns/op
# Warmup Iteration   6: 1425.805 ns/op
# Warmup Iteration   7: 1426.195 ns/op
# Warmup Iteration   8: 1425.416 ns/op
# Warmup Iteration   9: 1425.373 ns/op
# Warmup Iteration  10: 1425.231 ns/op
Iteration   1: 1425.096 ns/op
Iteration   2: 1425.817 ns/op
Iteration   3: 1425.354 ns/op
Iteration   4: 1425.735 ns/op
Iteration   5: 1425.723 ns/op
Iteration   6: 1425.191 ns/op
Iteration   7: 1425.881 ns/op
Iteration   8: 1426.245 ns/op
Iteration   9: 1426.154 ns/op
Iteration  10: ARENATELE blockSize=262144 maxBlocks=8 cap=8192 maxObjects=16384 debug=false ring=false ringStats=false arenaHeap=0 arenaDirect=892535040 delegateHeap=0 delegateDirect=0 arenaShare=100.00% blocksHeap=1 blocksDirect=1 pinned=0 reusable=0 maxPinnedHeap=0 maxPinnedDirect=0 blockReuses=0 blockGrowths=0 blockSwitches=0 ringWraps=0 ringResets=0 ringScans=0 ringStalls=0 stallBytes=0 strandedBytes=0 strandedShare=n/a holes<=256=0 holes<=1k=0 holes<=4k=0 holes<=8k=0 holes>8k=0 hooks=13945860 hookRejections=0 violations=0 earlyReuses=0 reallocInPlace=0 reallocMoved=0 reallocDelegated=0 trims=0 trimmedBlocks=0 leakedBlocks=0 objects=64 bytesHeap=0 bytesDirect=214208409600 liveHeap=0 liveDirect=0
ARENALOOP thread=io.github.neoionet.netty.microbenchmark.CycleScopedAllocBenchmark.cycleDirect-1-1 arenaHeap=0 arenaDirect=892535040 delegateHeap=0 delegateDirect=0 arenaShare=100.00% blocksHeap=1 blocksDirect=1 pinned=0 reusable=0 maxPinnedHeap=0 maxPinnedDirect=0 blockReuses=0 blockGrowths=0 blockSwitches=0 ringWraps=0 ringResets=0 ringScans=0 ringStalls=0 stallBytes=0 strandedBytes=0 strandedShare=n/a holes<=256=0 holes<=1k=0 holes<=4k=0 holes<=8k=0 holes>8k=0 hooks=13945860 hookRejections=0 violations=0 earlyReuses=0 reallocInPlace=0 reallocMoved=0 reallocDelegated=0 trims=0 trimmedBlocks=0 leakedBlocks=0 objects=64 bytesHeap=0 bytesDirect=214208409600 liveHeap=0 liveDirect=0
1425.835 ns/op
# Processing profiler results: LinuxPerfNormProfiler 


Result "io.github.neoionet.netty.microbenchmark.CycleScopedAllocBenchmark.cycleDirect":
  1425.703 ±(99.9%) 0.577 ns/op [Average]
  (min, avg, max) = (1425.096, 1425.703, 1426.245), stdev = 0.382
  CI (99.9%): [1425.126, 1426.280] (assumes normal distribution)

Secondary result "io.github.neoionet.netty.microbenchmark.CycleScopedAllocBenchmark.cycleDirect:CPI":
  0.253 clks/insn

Secondary result "io.github.neoionet.netty.microbenchmark.CycleScopedAllocBenchmark.cycleDirect:IPC":
  3.952 insns/clk

Secondary result "io.github.neoionet.netty.microbenchmark.CycleScopedAllocBenchmark.cycleDirect:L1-dcache-load-misses":
  1.563 #/op

Secondary result "io.github.neoionet.netty.microbenchmark.CycleScopedAllocBenchmark.cycleDirect:L1-dcache-loads":
  5510.867 #/op

Secondary result "io.github.neoionet.netty.microbenchmark.CycleScopedAllocBenchmark.cycleDirect:L1-icache-load-misses":
  0.033 #/op

Secondary result "io.github.neoionet.netty.microbenchmark.CycleScopedAllocBenchmark.cycleDirect:L1-icache-loads":
  8.232 #/op

Secondary result "io.github.neoionet.netty.microbenchmark.CycleScopedAllocBenchmark.cycleDirect:branch-misses":
  0.409 #/op

Secondary result "io.github.neoionet.netty.microbenchmark.CycleScopedAllocBenchmark.cycleDirect:branches":
  2324.316 #/op

Secondary result "io.github.neoionet.netty.microbenchmark.CycleScopedAllocBenchmark.cycleDirect:cycles":
  3232.230 #/op

Secondary result "io.github.neoionet.netty.microbenchmark.CycleScopedAllocBenchmark.cycleDirect:dTLB-load-misses":
  0.007 #/op

Secondary result "io.github.neoionet.netty.microbenchmark.CycleScopedAllocBenchmark.cycleDirect:dTLB-loads":
  0.125 #/op

Secondary result "io.github.neoionet.netty.microbenchmark.CycleScopedAllocBenchmark.cycleDirect:iTLB-load-misses":
  0.007 #/op

Secondary result "io.github.neoionet.netty.microbenchmark.CycleScopedAllocBenchmark.cycleDirect:iTLB-loads":
  0.012 #/op

Secondary result "io.github.neoionet.netty.microbenchmark.CycleScopedAllocBenchmark.cycleDirect:instructions":
  12774.481 #/op

Secondary result "io.github.neoionet.netty.microbenchmark.CycleScopedAllocBenchmark.cycleDirect:stalled-cycles-frontend":
  18.579 #/op


# JMH version: 1.37
# VM version: JDK 21, Java HotSpot(TM) 64-Bit Server VM, 21+35-LTS-2513
# VM invoker: /home/forked_franz/.sdkman/candidates/java/21-oracle/bin/java
# VM options: -server -dsa -da -XX:InitialRAMPercentage=40.0 -XX:MaxRAMPercentage=40.0 -Dio.netty.leakDetection.level=disabled -Djmh.executor=CUSTOM -Djmh.executor.class=io.github.neoionet.netty.microbenchmark.executor.FastThreadLocalThreadHarnessExecutor -XX:MaxRAM=60g -Darena.ring=false
# Blackhole mode: compiler (auto-detected, use -Djmh.blackhole.autoDetect=false to disable)
# Warmup: 10 iterations, 1 s each
# Measurement: 10 iterations, 1 s each
# Timeout: 10 min per iteration
# Threads: 1 thread, will synchronize iterations
# Benchmark mode: Average time, time/op
# Benchmark: io.github.neoionet.netty.microbenchmark.CycleScopedAllocBenchmark.cycleHeap
# Parameters: (allocatorType = ARENA, k = 64, releaseOrder = FIFO, sizes = SMALL)

# Run progress: 50.00% complete, ETA 00:00:21
# Fork: 1 of 1
# Preparing profilers: LinuxPerfNormProfiler 
# Profilers consume stderr from target VM, use -v EXTRA to copy to console
# Warmup Iteration   1: 1914.886 ns/op
# Warmup Iteration   2: 1701.706 ns/op
# Warmup Iteration   3: 1692.484 ns/op
# Warmup Iteration   4: 1693.975 ns/op
# Warmup Iteration   5: 1692.788 ns/op
# Warmup Iteration   6: 1691.087 ns/op
# Warmup Iteration   7: 1692.710 ns/op
# Warmup Iteration   8: 1693.100 ns/op
# Warmup Iteration   9: 1692.955 ns/op
# Warmup Iteration  10: 1692.851 ns/op
Iteration   1: 1692.546 ns/op
Iteration   2: 1690.976 ns/op
Iteration   3: 1693.375 ns/op
Iteration   4: 1692.852 ns/op
Iteration   5: 1694.502 ns/op
Iteration   6: 1693.690 ns/op
Iteration   7: 1692.328 ns/op
Iteration   8: 1692.353 ns/op
Iteration   9: 1691.580 ns/op
Iteration  10: ARENATELE blockSize=262144 maxBlocks=8 cap=8192 maxObjects=16384 debug=false ring=false ringStats=false arenaHeap=751693504 arenaDirect=0 delegateHeap=0 delegateDirect=0 arenaShare=100.00% blocksHeap=1 blocksDirect=1 pinned=0 reusable=0 maxPinnedHeap=0 maxPinnedDirect=0 blockReuses=0 blockGrowths=0 blockSwitches=0 ringWraps=0 ringResets=0 ringScans=0 ringStalls=0 stallBytes=0 strandedBytes=0 strandedShare=n/a holes<=256=0 holes<=1k=0 holes<=4k=0 holes<=8k=0 holes>8k=0 hooks=11745211 hookRejections=0 violations=0 earlyReuses=0 reallocInPlace=0 reallocMoved=0 reallocDelegated=0 trims=0 trimmedBlocks=0 leakedBlocks=0 objects=64 bytesHeap=180406440960 bytesDirect=0 liveHeap=0 liveDirect=0
ARENALOOP thread=io.github.neoionet.netty.microbenchmark.CycleScopedAllocBenchmark.cycleHeap-1-1 arenaHeap=751693504 arenaDirect=0 delegateHeap=0 delegateDirect=0 arenaShare=100.00% blocksHeap=1 blocksDirect=1 pinned=0 reusable=0 maxPinnedHeap=0 maxPinnedDirect=0 blockReuses=0 blockGrowths=0 blockSwitches=0 ringWraps=0 ringResets=0 ringScans=0 ringStalls=0 stallBytes=0 strandedBytes=0 strandedShare=n/a holes<=256=0 holes<=1k=0 holes<=4k=0 holes<=8k=0 holes>8k=0 hooks=11745211 hookRejections=0 violations=0 earlyReuses=0 reallocInPlace=0 reallocMoved=0 reallocDelegated=0 trims=0 trimmedBlocks=0 leakedBlocks=0 objects=64 bytesHeap=180406440960 bytesDirect=0 liveHeap=0 liveDirect=0
1692.033 ns/op
# Processing profiler results: LinuxPerfNormProfiler 


Result "io.github.neoionet.netty.microbenchmark.CycleScopedAllocBenchmark.cycleHeap":
  1692.623 ±(99.9%) 1.561 ns/op [Average]
  (min, avg, max) = (1690.976, 1692.623, 1694.502), stdev = 1.033
  CI (99.9%): [1691.062, 1694.185] (assumes normal distribution)

Secondary result "io.github.neoionet.netty.microbenchmark.CycleScopedAllocBenchmark.cycleHeap:CPI":
  0.264 clks/insn

Secondary result "io.github.neoionet.netty.microbenchmark.CycleScopedAllocBenchmark.cycleHeap:IPC":
  3.793 insns/clk

Secondary result "io.github.neoionet.netty.microbenchmark.CycleScopedAllocBenchmark.cycleHeap:L1-dcache-load-misses":
  1.425 #/op

Secondary result "io.github.neoionet.netty.microbenchmark.CycleScopedAllocBenchmark.cycleHeap:L1-dcache-loads":
  5819.884 #/op

Secondary result "io.github.neoionet.netty.microbenchmark.CycleScopedAllocBenchmark.cycleHeap:L1-icache-load-misses":
  0.039 #/op

Secondary result "io.github.neoionet.netty.microbenchmark.CycleScopedAllocBenchmark.cycleHeap:L1-icache-loads":
  12.661 #/op

Secondary result "io.github.neoionet.netty.microbenchmark.CycleScopedAllocBenchmark.cycleHeap:branch-misses":
  0.500 #/op

Secondary result "io.github.neoionet.netty.microbenchmark.CycleScopedAllocBenchmark.cycleHeap:branches":
  2453.699 #/op

Secondary result "io.github.neoionet.netty.microbenchmark.CycleScopedAllocBenchmark.cycleHeap:cycles":
  3838.012 #/op

Secondary result "io.github.neoionet.netty.microbenchmark.CycleScopedAllocBenchmark.cycleHeap:dTLB-load-misses":
  0.007 #/op

Secondary result "io.github.neoionet.netty.microbenchmark.CycleScopedAllocBenchmark.cycleHeap:dTLB-loads":
  0.155 #/op

Secondary result "io.github.neoionet.netty.microbenchmark.CycleScopedAllocBenchmark.cycleHeap:iTLB-load-misses":
  0.005 #/op

Secondary result "io.github.neoionet.netty.microbenchmark.CycleScopedAllocBenchmark.cycleHeap:iTLB-loads":
  0.002 #/op

Secondary result "io.github.neoionet.netty.microbenchmark.CycleScopedAllocBenchmark.cycleHeap:instructions":
  14558.107 #/op

Secondary result "io.github.neoionet.netty.microbenchmark.CycleScopedAllocBenchmark.cycleHeap:stalled-cycles-frontend":
  30.385 #/op


# Run complete. Total time: 00:00:43

REMEMBER: The numbers below are just data. To gain reusable insights, you need to follow up on
why the numbers are the way they are. Use profilers (see -prof, -lprof), design factorial
experiments, perform baseline and negative tests that provide experimental control, make sure
the benchmarking environment is safe on JVM/OS/HW level, ask for reviews from the domain experts.
Do not assume the numbers tell you what you want them to tell.

NOTE: Current JVM experimentally supports Compiler Blackholes, and they are in use. Please exercise
extra caution when trusting the results, look into the generated code to check the benchmark still
works, and factor in a small probability of new VM bugs. Additionally, while comparisons between
different JVMs are already problematic, the performance difference caused by different Blackhole
modes can be very significant. Please make sure you use the consistent Blackhole mode for comparisons.

Benchmark                                                      (allocatorType)  (k)  (releaseOrder)  (sizes)  Mode  Cnt      Score   Error      Units
CycleScopedAllocBenchmark.cycleDirect                                    ARENA   64            FIFO    SMALL  avgt   10   1425.703 ± 0.577      ns/op
CycleScopedAllocBenchmark.cycleDirect:CPI                                ARENA   64            FIFO    SMALL  avgt           0.253          clks/insn
CycleScopedAllocBenchmark.cycleDirect:IPC                                ARENA   64            FIFO    SMALL  avgt           3.952          insns/clk
CycleScopedAllocBenchmark.cycleDirect:L1-dcache-load-misses              ARENA   64            FIFO    SMALL  avgt           1.563               #/op
CycleScopedAllocBenchmark.cycleDirect:L1-dcache-loads                    ARENA   64            FIFO    SMALL  avgt        5510.867               #/op
CycleScopedAllocBenchmark.cycleDirect:L1-icache-load-misses              ARENA   64            FIFO    SMALL  avgt           0.033               #/op
CycleScopedAllocBenchmark.cycleDirect:L1-icache-loads                    ARENA   64            FIFO    SMALL  avgt           8.232               #/op
CycleScopedAllocBenchmark.cycleDirect:branch-misses                      ARENA   64            FIFO    SMALL  avgt           0.409               #/op
CycleScopedAllocBenchmark.cycleDirect:branches                           ARENA   64            FIFO    SMALL  avgt        2324.316               #/op
CycleScopedAllocBenchmark.cycleDirect:cycles                             ARENA   64            FIFO    SMALL  avgt        3232.230               #/op
CycleScopedAllocBenchmark.cycleDirect:dTLB-load-misses                   ARENA   64            FIFO    SMALL  avgt           0.007               #/op
CycleScopedAllocBenchmark.cycleDirect:dTLB-loads                         ARENA   64            FIFO    SMALL  avgt           0.125               #/op
CycleScopedAllocBenchmark.cycleDirect:iTLB-load-misses                   ARENA   64            FIFO    SMALL  avgt           0.007               #/op
CycleScopedAllocBenchmark.cycleDirect:iTLB-loads                         ARENA   64            FIFO    SMALL  avgt           0.012               #/op
CycleScopedAllocBenchmark.cycleDirect:instructions                       ARENA   64            FIFO    SMALL  avgt       12774.481               #/op
CycleScopedAllocBenchmark.cycleDirect:stalled-cycles-frontend            ARENA   64            FIFO    SMALL  avgt          18.579               #/op
CycleScopedAllocBenchmark.cycleHeap                                      ARENA   64            FIFO    SMALL  avgt   10   1692.623 ± 1.561      ns/op
CycleScopedAllocBenchmark.cycleHeap:CPI                                  ARENA   64            FIFO    SMALL  avgt           0.264          clks/insn
CycleScopedAllocBenchmark.cycleHeap:IPC                                  ARENA   64            FIFO    SMALL  avgt           3.793          insns/clk
CycleScopedAllocBenchmark.cycleHeap:L1-dcache-load-misses                ARENA   64            FIFO    SMALL  avgt           1.425               #/op
CycleScopedAllocBenchmark.cycleHeap:L1-dcache-loads                      ARENA   64            FIFO    SMALL  avgt        5819.884               #/op
CycleScopedAllocBenchmark.cycleHeap:L1-icache-load-misses                ARENA   64            FIFO    SMALL  avgt           0.039               #/op
CycleScopedAllocBenchmark.cycleHeap:L1-icache-loads                      ARENA   64            FIFO    SMALL  avgt          12.661               #/op
CycleScopedAllocBenchmark.cycleHeap:branch-misses                        ARENA   64            FIFO    SMALL  avgt           0.500               #/op
CycleScopedAllocBenchmark.cycleHeap:branches                             ARENA   64            FIFO    SMALL  avgt        2453.699               #/op
CycleScopedAllocBenchmark.cycleHeap:cycles                               ARENA   64            FIFO    SMALL  avgt        3838.012               #/op
CycleScopedAllocBenchmark.cycleHeap:dTLB-load-misses                     ARENA   64            FIFO    SMALL  avgt           0.007               #/op
CycleScopedAllocBenchmark.cycleHeap:dTLB-loads                           ARENA   64            FIFO    SMALL  avgt           0.155               #/op
CycleScopedAllocBenchmark.cycleHeap:iTLB-load-misses                     ARENA   64            FIFO    SMALL  avgt           0.005               #/op
CycleScopedAllocBenchmark.cycleHeap:iTLB-loads                           ARENA   64            FIFO    SMALL  avgt           0.002               #/op
CycleScopedAllocBenchmark.cycleHeap:instructions                         ARENA   64            FIFO    SMALL  avgt       14558.107               #/op
CycleScopedAllocBenchmark.cycleHeap:stalled-cycles-frontend              ARENA   64            FIFO    SMALL  avgt          30.385               #/op

Benchmark result is saved to /home/forked_franz/IdeaProjects/netty-bench/results/h2h-merged-x86-2026-09-22/arena-v3/ring/prof/perfnorm-ring-false.json
