# JMH version: 1.37
# VM version: JDK 21, Java HotSpot(TM) 64-Bit Server VM, 21+35-LTS-2513
# VM invoker: /home/forked_franz/.sdkman/candidates/java/21-oracle/bin/java
# VM options: -server -dsa -da -XX:InitialRAMPercentage=40.0 -XX:MaxRAMPercentage=40.0 -Dio.netty.leakDetection.level=disabled -Djmh.executor=CUSTOM -Djmh.executor.class=io.github.neoionet.netty.microbenchmark.executor.FastThreadLocalThreadHarnessExecutor -XX:MaxRAM=60g -Darena.ring=true
# Blackhole mode: compiler (auto-detected, use -Djmh.blackhole.autoDetect=false to disable)
# Warmup: 5 iterations, 1 s each
# Measurement: 5 iterations, 1 s each
# Timeout: 10 min per iteration
# Threads: 1 thread, will synchronize iterations
# Benchmark mode: Average time, time/op
# Benchmark: io.github.neoionet.netty.microbenchmark.CycleScopedAllocBenchmark.cycleDirect
# Parameters: (allocatorType = ARENA, k = 64, releaseOrder = FIFO, sizes = SMALL)

# Run progress: 0.00% complete, ETA 00:00:10
# Fork: 1 of 1
# Preparing profilers: LinuxPerfAsmProfiler 
# Profilers consume stdout and stderr from target VM, use -v EXTRA to copy to console
# Warmup Iteration   1: 3437756.882 ns/op
# Warmup Iteration   2: 1744.139 ns/op
# Warmup Iteration   3: 1620.436 ns/op
# Warmup Iteration   4: 1617.650 ns/op
# Warmup Iteration   5: 1618.568 ns/op
Iteration   1: 1617.474 ns/op
Iteration   2: 1619.998 ns/op
Iteration   3: 1618.578 ns/op
Iteration   4: 1626.648 ns/op
Iteration   5: ARENATELE blockSize=262144 maxBlocks=8 cap=8192 maxObjects=16384 debug=false ring=true ringStats=false arenaHeap=0 arenaDirect=352894144 delegateHeap=0 delegateDirect=0 arenaShare=100.00% blocksHeap=1 blocksDirect=1 pinned=0 reusable=0 maxPinnedHeap=0 maxPinnedDirect=0 blockReuses=0 blockGrowths=0 blockSwitches=0 ringWraps=0 ringResets=0 ringScans=0 ringStalls=0 stallBytes=0 strandedBytes=0 strandedShare=n/a holes<=256=0 holes<=1k=0 holes<=4k=0 holes<=8k=0 holes>8k=0 hooks=5513971 hookRejections=0 violations=0 earlyReuses=0 reallocInPlace=0 reallocMoved=0 reallocDelegated=0 trims=0 trimmedBlocks=0 leakedBlocks=0 objects=64 bytesHeap=0 bytesDirect=84694594560 liveHeap=0 liveDirect=0
ARENALOOP thread=io.github.neoionet.netty.microbenchmark.CycleScopedAllocBenchmark.cycleDirect-1-1 arenaHeap=0 arenaDirect=352894144 delegateHeap=0 delegateDirect=0 arenaShare=100.00% blocksHeap=1 blocksDirect=1 pinned=0 reusable=0 maxPinnedHeap=0 maxPinnedDirect=0 blockReuses=0 blockGrowths=0 blockSwitches=0 ringWraps=0 ringResets=0 ringScans=0 ringStalls=0 stallBytes=0 strandedBytes=0 strandedShare=n/a holes<=256=0 holes<=1k=0 holes<=4k=0 holes<=8k=0 holes>8k=0 hooks=5513971 hookRejections=0 violations=0 earlyReuses=0 reallocInPlace=0 reallocMoved=0 reallocDelegated=0 trims=0 trimmedBlocks=0 leakedBlocks=0 objects=64 bytesHeap=0 bytesDirect=84694594560 liveHeap=0 liveDirect=0
1619.084 ns/op
# Processing profiler results: LinuxPerfAsmProfiler 


Result "io.github.neoionet.netty.microbenchmark.CycleScopedAllocBenchmark.cycleDirect":
  1620.357 ±(99.9%) 13.990 ns/op [Average]
  (min, avg, max) = (1617.474, 1620.357, 1626.648), stdev = 3.633
  CI (99.9%): [1606.366, 1634.347] (assumes normal distribution)

Secondary result "io.github.neoionet.netty.microbenchmark.CycleScopedAllocBenchmark.cycleDirect:asm":
PrintAssembly processed: 341166 total address lines.
Perf output processed (skipped 15.426 seconds):
 Column 1: cycles (4545 events)

Hottest code regions (>10.00% "cycles" events):
 Event counts are percents of total event count.

....[Hottest Region 1]..............................................................................
c2, level 4, io.github.neoionet.netty.microbenchmark.CycleScopedAllocBenchmark::cycle, version 3, compile id 1418 

   0.02%     0x00007f5be8620edf:   mov    %ecx,0x24(%rsp)
             0x00007f5be8620ee3:   mov    %r10,0x28(%rsp)
   0.04%     0x00007f5be8620ee8:   mov    %r9,0x30(%rsp)
             0x00007f5be8620eed:   mov    %ebx,%r14d
             0x00007f5be8620ef0:   jmp    0x00007f5be86211b2
             0x00007f5be8620ef5:   data16 data16 nopw 0x0(%rax,%rax,1)
             0x00007f5be8620f00:   mov    0x38(%rsp),%esi              ;*aload {reexecute=0 rethrow=0 return_oop=0}
                                                                       ; - io.github.neoionet.netty.microbenchmark.CycleScopedAllocBenchmark::cycle@27 (line 85)
             0x00007f5be8620f04:   mov    0x3c(%rsp),%ebx
             0x00007f5be8620f08:   cmp    0x24(%rsp),%ebx
   0.02%     0x00007f5be8620f0c:   jae    0x00007f5be86219ae
             0x00007f5be8620f12:   mov    0x30(%rsp),%rbp
             0x00007f5be8620f17:   mov    0x10(%rbp,%rbx,4),%r10d      ;*iaload {reexecute=0 rethrow=0 return_oop=0}
                                                                       ; - io.github.neoionet.netty.microbenchmark.CycleScopedAllocBenchmark::cycle@31 (line 85)
   0.18%     0x00007f5be8620f1c:   mov    (%rsp),%r11
   1.56%     0x00007f5be8620f20:   mov    0x20(%r11),%r8d              ;*getfield allocator {reexecute=0 rethrow=0 return_oop=0}
                                                                       ; - io.github.neoionet.netty.microbenchmark.CycleScopedAllocBenchmark::cycle@59 (line 87)
             0x00007f5be8620f24:   mov    0x8(%r12,%r8,8),%r9d         ; implicit exception: dispatches to 0x00007f5be8622508
   0.02%     0x00007f5be8620f29:   inc    %ebx                         ;*iadd {reexecute=0 rethrow=0 return_oop=0}
                                                                       ; - io.github.neoionet.netty.microbenchmark.CycleScopedAllocBenchmark::cycle@37 (line 86)
             0x00007f5be8620f2b:   xor    %ecx,%ecx
             0x00007f5be8620f2d:   cmp    0x24(%rsp),%ebx
             0x00007f5be8620f31:   cmove  %ecx,%ebx                    ;*istore {reexecute=0 rethrow=0 return_oop=0}
                                                                       ; - io.github.neoionet.netty.microbenchmark.CycleScopedAllocBenchmark::cycle@52 (line 86)
   0.02%     0x00007f5be8620f34:   mov    %ebx,0x3c(%rsp)
   0.02%     0x00007f5be8620f38:   cmp    $0x1082b98,%r9d              ;   {metadata(&apos;io/netty/buffer/CycleArenaAllocator&apos;)}
   1.58%     0x00007f5be8620f3f:   jne    0x00007f5be8621b98
             0x00007f5be8620f45:   shl    $0x3,%r8                     ;*invokeinterface directBuffer {reexecute=0 rethrow=0 return_oop=0}
                                                                       ; - io.github.neoionet.netty.microbenchmark.CycleScopedAllocBenchmark::cycle@64 (line 87)
   0.02%     0x00007f5be8620f49:   test   %r10d,%r10d
             0x00007f5be8620f4c:   je     0x00007f5be8621d9c           ;*ifne {reexecute=0 rethrow=0 return_oop=0}
                                                                       ; - io.netty.buffer.AbstractByteBufAllocator::directBuffer@1 (line 164)
                                                                       ; - io.netty.buffer.AbstractByteBufAllocator::directBuffer@4 (line 159)
                                                                       ; - io.github.neoionet.netty.microbenchmark.CycleScopedAllocBenchmark::cycle@64 (line 87)
             0x00007f5be8620f52:   test   %r10d,%r10d
   0.02%     0x00007f5be8620f55:   jl     0x00007f5be8621dc8           ;*ifge {reexecute=0 rethrow=0 return_oop=0}
                                                                       ; - io.netty.util.internal.ObjectUtil::checkPositiveOrZero@1 (line 155)
                                                                       ; - io.netty.buffer.AbstractByteBufAllocator::validate@3 (line 208)
                                                                       ; - io.netty.buffer.AbstractByteBufAllocator::directBuffer@15 (line 167)
                                                                       ; - io.netty.buffer.AbstractByteBufAllocator::directBuffer@4 (line 159)
                                                                       ; - io.github.neoionet.netty.microbenchmark.CycleScopedAllocBenchmark::cycle@64 (line 87)
             0x00007f5be8620f5b:   mov    0x28(%r8),%ebx               ;*getfield directSpaces {reexecute=0 rethrow=0 return_oop=0}
                                                                       ; - io.netty.buffer.CycleArenaAllocator::newDirectBuffer@1 (line 233)
                                                                       ; - io.netty.buffer.AbstractByteBufAllocator::directBuffer@21 (line 168)
                                                                       ; - io.netty.buffer.AbstractByteBufAllocator::directBuffer@4 (line 159)
                                                                       ; - io.github.neoionet.netty.microbenchmark.CycleScopedAllocBenchmark::cycle@64 (line 87)
             0x00007f5be8620f5f:   mov    0xc(%r12,%rbx,8),%edi        ; implicit exception: dispatches to 0x00007f5be8622520
                                                                       ;*getfield index {reexecute=0 rethrow=0 return_oop=0}
                                                                       ; - io.netty.util.concurrent.FastThreadLocal::get@6 (line 138)
                                                                       ; - io.netty.buffer.CycleArenaAllocator::newDirectBuffer@4 (line 233)
                                                                       ; - io.netty.buffer.AbstractByteBufAllocator::directBuffer@21 (line 168)
                                                                       ; - io.netty.buffer.AbstractByteBufAllocator::directBuffer@4 (line 159)
                                                                       ; - io.github.neoionet.netty.microbenchmark.CycleScopedAllocBenchmark::cycle@64 (line 87)
   0.37%     0x00007f5be8620f64:   mov    0x28(%rsp),%rbp
             0x00007f5be8620f69:   mov    0x78(%rbp),%ecx              ;*getfield threadLocalMap {reexecute=0 rethrow=0 return_oop=0}
                                                                       ; - io.netty.util.concurrent.FastThreadLocalThread::threadLocalMap@36 (line 91)
                                                                       ; - io.netty.util.internal.InternalThreadLocalMap::fastGet@1 (line 120)
                                                                       ; - io.netty.util.internal.InternalThreadLocalMap::get@15 (line 113)
                                                                       ; - io.netty.util.concurrent.FastThreadLocal::get@0 (line 137)
                                                                       ; - io.netty.buffer.CycleArenaAllocator::newDirectBuffer@4 (line 233)
                                                                       ; - io.netty.buffer.AbstractByteBufAllocator::directBuffer@21 (line 168)
                                                                       ; - io.netty.buffer.AbstractByteBufAllocator::directBuffer@4 (line 159)
                                                                       ; - io.github.neoionet.netty.microbenchmark.CycleScopedAllocBenchmark::cycle@64 (line 87)
   0.11%     0x00007f5be8620f6c:   mov    0x54(%r12,%rcx,8),%r11d      ; implicit exception: dispatches to 0x00007f5be86226a4
                                                                       ;*getfield indexedVariables {reexecute=0 rethrow=0 return_oop=0}
                                                                       ; - io.netty.util.internal.InternalThreadLocalMap::indexedVariable@1 (line 318)
                                                                       ; - io.netty.util.concurrent.FastThreadLocal::get@9 (line 138)
                                                                       ; - io.netty.buffer.CycleArenaAllocator::newDirectBuffer@4 (line 233)
                                                                       ; - io.netty.buffer.AbstractByteBufAllocator::directBuffer@21 (line 168)
                                                                       ; - io.netty.buffer.AbstractByteBufAllocator::directBuffer@4 (line 159)
                                                                       ; - io.github.neoionet.netty.microbenchmark.CycleScopedAllocBenchmark::cycle@64 (line 87)
   1.63%     0x00007f5be8620f71:   mov    0xc(%r12,%r11,8),%edx        ; implicit exception: dispatches to 0x00007f5be8622538
                                                                       ;*arraylength {reexecute=0 rethrow=0 return_oop=0}
                                                                       ; - io.netty.util.internal.InternalThreadLocalMap::indexedVariable@7 (line 319)
                                                                       ; - io.netty.util.concurrent.FastThreadLocal::get@9 (line 138)
                                                                       ; - io.netty.buffer.CycleArenaAllocator::newDirectBuffer@4 (line 233)
                                                                       ; - io.netty.buffer.AbstractByteBufAllocator::directBuffer@21 (line 168)
                                                                       ; - io.netty.buffer.AbstractByteBufAllocator::directBuffer@4 (line 159)
                                                                       ; - io.github.neoionet.netty.microbenchmark.CycleScopedAllocBenchmark::cycle@64 (line 87)
   0.42%     0x00007f5be8620f76:   cmp    %edx,%edi
             0x00007f5be8620f78:   jge    0x00007f5be8621df4           ;*if_icmpge {reexecute=0 rethrow=0 return_oop=0}
                                                                       ; - io.netty.util.internal.InternalThreadLocalMap::indexedVariable@8 (line 319)
                                                                       ; - io.netty.util.concurrent.FastThreadLocal::get@9 (line 138)
                                                                       ; - io.netty.buffer.CycleArenaAllocator::newDirectBuffer@4 (line 233)
                                                                       ; - io.netty.buffer.AbstractByteBufAllocator::directBuffer@21 (line 168)
                                                                       ; - io.netty.buffer.AbstractByteBufAllocator::directBuffer@4 (line 159)
                                                                       ; - io.github.neoionet.netty.microbenchmark.CycleScopedAllocBenchmark::cycle@64 (line 87)
             0x00007f5be8620f7e:   cmp    %edx,%edi
             0x00007f5be8620f80:   jae    0x00007f5be86219d8
             0x00007f5be8620f86:   shl    $0x3,%r11
   0.11%     0x00007f5be8620f8a:   mov    0x10(%r11,%rdi,4),%r11d      ;*aaload {reexecute=0 rethrow=0 return_oop=0}
                                                                       ; - io.netty.util.internal.InternalThreadLocalMap::indexedVariable@13 (line 319)
                                                                       ; - io.netty.util.concurrent.FastThreadLocal::get@9 (line 138)
                                                                       ; - io.netty.buffer.CycleArenaAllocator::newDirectBuffer@4 (line 233)
                                                                       ; - io.netty.buffer.AbstractByteBufAllocator::directBuffer@21 (line 168)
                                                                       ; - io.netty.buffer.AbstractByteBufAllocator::directBuffer@4 (line 159)
                                                                       ; - io.github.neoionet.netty.microbenchmark.CycleScopedAllocBenchmark::cycle@64 (line 87)
   0.62%     0x00007f5be8620f8f:   cmp    $0xffcdc1b6,%r11d            ;   {oop(a &apos;java/lang/Object&apos;{0x00000007fe6e0db0})}
   1.94%     0x00007f5be8620f96:   je     0x00007f5be8621e2c           ;*if_acmpeq {reexecute=0 rethrow=0 return_oop=0}
                                                                       ; - io.netty.util.concurrent.FastThreadLocal::get@17 (line 139)
                                                                       ; - io.netty.buffer.CycleArenaAllocator::newDirectBuffer@4 (line 233)
                                                                       ; - io.netty.buffer.AbstractByteBufAllocator::directBuffer@21 (line 168)
                                                                       ; - io.netty.buffer.AbstractByteBufAllocator::directBuffer@4 (line 159)
                                                                       ; - io.github.neoionet.netty.microbenchmark.CycleScopedAllocBenchmark::cycle@64 (line 87)
             0x00007f5be8620f9c:   mov    0x8(%r12,%r11,8),%r9d        ; implicit exception: dispatches to 0x00007f5be8622550
   4.71%     0x00007f5be8620fa1:   cmp    $0x10a1ef0,%r9d              ;   {metadata(&apos;io/netty/buffer/CycleArenaAllocator$Space&apos;)}
   0.53%     0x00007f5be8620fa8:   jne    0x00007f5be86224d8
             0x00007f5be8620fae:   shl    $0x3,%r11                    ;*checkcast {reexecute=0 rethrow=0 return_oop=0}
                                                                       ; - io.netty.buffer.CycleArenaAllocator::newDirectBuffer@7 (line 233)
                                                                       ; - io.netty.buffer.AbstractByteBufAllocator::directBuffer@21 (line 168)
                                                                       ; - io.netty.buffer.AbstractByteBufAllocator::directBuffer@4 (line 159)
                                                                       ; - io.github.neoionet.netty.microbenchmark.CycleScopedAllocBenchmark::cycle@64 (line 87)
   0.20%     0x00007f5be8620fb2:   mov    0xc(%r11),%ecx               ;*getfield cap {reexecute=0 rethrow=0 return_oop=0}
                                                                       ; - io.netty.buffer.CycleArenaAllocator$Space::allocate@2 (line 482)
                                                                       ; - io.netty.buffer.CycleArenaAllocator::newDirectBuffer@14 (line 234)
                                                                       ; - io.netty.buffer.AbstractByteBufAllocator::directBuffer@21 (line 168)
                                                                       ; - io.netty.buffer.AbstractByteBufAllocator::directBuffer@4 (line 159)
                                                                       ; - io.github.neoionet.netty.microbenchmark.CycleScopedAllocBenchmark::cycle@64 (line 87)
   0.29%     0x00007f5be8620fb6:   cmp    %ecx,%r10d
             0x00007f5be8620fb9:   jg     0x00007f5be8621e64           ;*if_icmple {reexecute=0 rethrow=0 return_oop=0}
                                                                       ; - io.netty.buffer.CycleArenaAllocator$Space::allocate@5 (line 482)
                                                                       ; - io.netty.buffer.CycleArenaAllocator::newDirectBuffer@14 (line 234)
                                                                       ; - io.netty.buffer.AbstractByteBufAllocator::directBuffer@21 (line 168)
                                                                       ; - io.netty.buffer.AbstractByteBufAllocator::directBuffer@4 (line 159)
                                                                       ; - io.github.neoionet.netty.microbenchmark.CycleScopedAllocBenchmark::cycle@64 (line 87)
             0x00007f5be8620fbf:   movzbl 0x141(%r11),%r9d             ;*getfield exhausted {reexecute=0 rethrow=0 return_oop=0}
                                                                       ; - io.netty.buffer.CycleArenaAllocator$Space::allocate@11 (line 485)
                                                                       ; - io.netty.buffer.CycleArenaAllocator::newDirectBuffer@14 (line 234)
                                                                       ; - io.netty.buffer.AbstractByteBufAllocator::directBuffer@21 (line 168)
                                                                       ; - io.netty.buffer.AbstractByteBufAllocator::directBuffer@4 (line 159)
                                                                       ; - io.github.neoionet.netty.microbenchmark.CycleScopedAllocBenchmark::cycle@64 (line 87)
             0x00007f5be8620fc7:   test   %r9d,%r9d
   0.55%     0x00007f5be8620fca:   jne    0x00007f5be8621e9c           ;*ifeq {reexecute=0 rethrow=0 return_oop=0}
                                                                       ; - io.netty.buffer.CycleArenaAllocator$Space::allocate@14 (line 485)
                                                                       ; - io.netty.buffer.CycleArenaAllocator::newDirectBuffer@14 (line 234)
                                                                       ; - io.netty.buffer.AbstractByteBufAllocator::directBuffer@21 (line 168)
                                                                       ; - io.netty.buffer.AbstractByteBufAllocator::directBuffer@4 (line 159)
                                                                       ; - io.github.neoionet.netty.microbenchmark.CycleScopedAllocBenchmark::cycle@64 (line 87)
             0x00007f5be8620fd0:   mov    0x170(%r11),%ecx
   1.50%     0x00007f5be8620fd7:   test   %ecx,%ecx
             0x00007f5be8620fd9:   jne    0x00007f5be8621bc0           ;*getfield hook {reexecute=0 rethrow=0 return_oop=0}
                                                                       ; - io.netty.buffer.CycleArenaAllocator$Space::allocate@27 (line 488)
                                                                       ; - io.netty.buffer.CycleArenaAllocator::newDirectBuffer@14 (line 234)
                                                                       ; - io.netty.buffer.AbstractByteBufAllocator::directBuffer@21 (line 168)
                                                                       ; - io.netty.buffer.AbstractByteBufAllocator::directBuffer@4 (line 159)
                                                                       ; - io.github.neoionet.netty.microbenchmark.CycleScopedAllocBenchmark::cycle@64 (line 87)
             0x00007f5be8620fdf:   mov    0x124(%r11),%ecx             ;*getfield curLimit {reexecute=0 rethrow=0 return_oop=0}
                                                                       ; - io.netty.buffer.CycleArenaAllocator$Space::allocate@73 (line 494)
                                                                       ; - io.netty.buffer.CycleArenaAllocator::newDirectBuffer@14 (line 234)
                                                                       ; - io.netty.buffer.AbstractByteBufAllocator::directBuffer@21 (line 168)
                                                                       ; - io.netty.buffer.AbstractByteBufAllocator::directBuffer@4 (line 159)
                                                                       ; - io.github.neoionet.netty.microbenchmark.CycleScopedAllocBenchmark::cycle@64 (line 87)
   0.13%     0x00007f5be8620fe6:   mov    0x120(%r11),%r9d             ;*getfield curBump {reexecute=0 rethrow=0 return_oop=0}
                                                                       ; - io.netty.buffer.CycleArenaAllocator$Space::allocate@47 (line 492)
                                                                       ; - io.netty.buffer.CycleArenaAllocator::newDirectBuffer@14 (line 234)
                                                                       ; - io.netty.buffer.AbstractByteBufAllocator::directBuffer@21 (line 168)
                                                                       ; - io.netty.buffer.AbstractByteBufAllocator::directBuffer@4 (line 159)
                                                                       ; - io.github.neoionet.netty.microbenchmark.CycleScopedAllocBenchmark::cycle@64 (line 87)
   2.05%     0x00007f5be8620fed:   lea    0x7(%r10),%edx
   0.20%     0x00007f5be8620ff1:   and    $0xfffffff8,%edx
   0.31%     0x00007f5be8620ff4:   add    %r9d,%edx                    ;*iadd {reexecute=0 rethrow=0 return_oop=0}
                                                                       ; - io.netty.buffer.CycleArenaAllocator$Space::allocate@61 (line 493)
                                                                       ; - io.netty.buffer.CycleArenaAllocator::newDirectBuffer@14 (line 234)
                                                                       ; - io.netty.buffer.AbstractByteBufAllocator::directBuffer@21 (line 168)
                                                                       ; - io.netty.buffer.AbstractByteBufAllocator::directBuffer@4 (line 159)
                                                                       ; - io.github.neoionet.netty.microbenchmark.CycleScopedAllocBenchmark::cycle@64 (line 87)
             0x00007f5be8620ff7:   cmp    %ecx,%edx
   1.23%     0x00007f5be8620ff9:   jg     0x00007f5be8621ee4           ;*if_icmple {reexecute=0 rethrow=0 return_oop=0}
                                                                       ; - io.netty.buffer.CycleArenaAllocator$Space::allocate@82 (line 494)
                                                                       ; - io.netty.buffer.CycleArenaAllocator::newDirectBuffer@14 (line 234)
                                                                       ; - io.netty.buffer.AbstractByteBufAllocator::directBuffer@21 (line 168)
                                                                       ; - io.netty.buffer.AbstractByteBufAllocator::directBuffer@4 (line 159)
                                                                       ; - io.github.neoionet.netty.microbenchmark.CycleScopedAllocBenchmark::cycle@64 (line 87)
             0x00007f5be8620fff:   mov    0x12c(%r11),%ebx             ;*getfield freeTop {reexecute=0 rethrow=0 return_oop=0}
                                                                       ; - io.netty.buffer.CycleArenaAllocator$Space::allocate@93 (line 497)
                                                                       ; - io.netty.buffer.CycleArenaAllocator::newDirectBuffer@14 (line 234)
                                                                       ; - io.netty.buffer.AbstractByteBufAllocator::directBuffer@21 (line 168)
                                                                       ; - io.netty.buffer.AbstractByteBufAllocator::directBuffer@4 (line 159)
                                                                       ; - io.github.neoionet.netty.microbenchmark.CycleScopedAllocBenchmark::cycle@64 (line 87)
   0.07%     0x00007f5be8621006:   lea    -0x1(%rbx),%edi
   0.02%     0x00007f5be8621009:   test   %edi,%edi
   1.78%     0x00007f5be862100b:   jl     0x00007f5be8621f30           ;*ifge {reexecute=0 rethrow=0 return_oop=0}
                                                                       ; - io.netty.buffer.CycleArenaAllocator$Space::allocate@102 (line 498)
                                                                       ; - io.netty.buffer.CycleArenaAllocator::newDirectBuffer@14 (line 234)
                                                                       ; - io.netty.buffer.AbstractByteBufAllocator::directBuffer@21 (line 168)
                                                                       ; - io.netty.buffer.AbstractByteBufAllocator::directBuffer@4 (line 159)
                                                                       ; - io.github.neoionet.netty.microbenchmark.CycleScopedAllocBenchmark::cycle@64 (line 87)
             0x00007f5be8621011:   mov    %edi,0x12c(%r11)             ;*putfield freeTop {reexecute=0 rethrow=0 return_oop=0}
                                                                       ; - io.netty.buffer.CycleArenaAllocator$Space::allocate@119 (line 501)
                                                                       ; - io.netty.buffer.CycleArenaAllocator::newDirectBuffer@14 (line 234)
                                                                       ; - io.netty.buffer.AbstractByteBufAllocator::directBuffer@21 (line 168)
                                                                       ; - io.netty.buffer.AbstractByteBufAllocator::directBuffer@4 (line 159)
                                                                       ; - io.github.neoionet.netty.microbenchmark.CycleScopedAllocBenchmark::cycle@64 (line 87)
             0x00007f5be8621018:   mov    %edx,0x120(%r11)             ;*putfield curBump {reexecute=0 rethrow=0 return_oop=0}
                                                                       ; - io.netty.buffer.CycleArenaAllocator$Space::allocate@125 (line 502)
                                                                       ; - io.netty.buffer.CycleArenaAllocator::newDirectBuffer@14 (line 234)
                                                                       ; - io.netty.buffer.AbstractByteBufAllocator::directBuffer@21 (line 168)
                                                                       ; - io.netty.buffer.AbstractByteBufAllocator::directBuffer@4 (line 159)
                                                                       ; - io.github.neoionet.netty.microbenchmark.CycleScopedAllocBenchmark::cycle@64 (line 87)
   0.15%     0x00007f5be862101f:   mov    0x14c(%r11),%ebp             ;*getfield allocs {reexecute=0 rethrow=0 return_oop=0}
                                                                       ; - io.netty.buffer.CycleArenaAllocator$Space::allocate@129 (line 503)
                                                                       ; - io.netty.buffer.CycleArenaAllocator::newDirectBuffer@14 (line 234)
                                                                       ; - io.netty.buffer.AbstractByteBufAllocator::directBuffer@21 (line 168)
                                                                       ; - io.netty.buffer.AbstractByteBufAllocator::directBuffer@4 (line 159)
                                                                       ; - io.github.neoionet.netty.microbenchmark.CycleScopedAllocBenchmark::cycle@64 (line 87)
   0.26%     0x00007f5be8621026:   mov    0x11c(%r11),%edx             ;*getfield curId {reexecute=0 rethrow=0 return_oop=0}
                                                                       ; - io.netty.buffer.CycleArenaAllocator$Space::allocate@133 (line 503)
                                                                       ; - io.netty.buffer.CycleArenaAllocator::newDirectBuffer@14 (line 234)
                                                                       ; - io.netty.buffer.AbstractByteBufAllocator::directBuffer@21 (line 168)
                                                                       ; - io.netty.buffer.AbstractByteBufAllocator::directBuffer@4 (line 159)
                                                                       ; - io.github.neoionet.netty.microbenchmark.CycleScopedAllocBenchmark::cycle@64 (line 87)
             0x00007f5be862102d:   mov    0xc(%r12,%rbp,8),%ecx        ; implicit exception: dispatches to 0x00007f5be8622578
                                                                       ;*iaload {reexecute=0 rethrow=0 return_oop=0}
                                                                       ; - io.netty.buffer.CycleArenaAllocator$Space::allocate@137 (line 503)
                                                                       ; - io.netty.buffer.CycleArenaAllocator::newDirectBuffer@14 (line 234)
                                                                       ; - io.netty.buffer.AbstractByteBufAllocator::directBuffer@21 (line 168)
                                                                       ; - io.netty.buffer.AbstractByteBufAllocator::directBuffer@4 (line 159)
                                                                       ; - io.github.neoionet.netty.microbenchmark.CycleScopedAllocBenchmark::cycle@64 (line 87)
   5.63%     0x00007f5be8621032:   cmp    %ecx,%edx
             0x00007f5be8621034:   jae    0x00007f5be8621a14
             0x00007f5be862103a:   mov    0x160(%r11),%ecx             ;*getfield curBits {reexecute=0 rethrow=0 return_oop=0}
                                                                       ; - io.netty.buffer.CycleArenaAllocator$Space::allocate@148 (line 505)
                                                                       ; - io.netty.buffer.CycleArenaAllocator::newDirectBuffer@14 (line 234)
                                                                       ; - io.netty.buffer.AbstractByteBufAllocator::directBuffer@21 (line 168)
                                                                       ; - io.netty.buffer.AbstractByteBufAllocator::directBuffer@4 (line 159)
                                                                       ; - io.github.neoionet.netty.microbenchmark.CycleScopedAllocBenchmark::cycle@64 (line 87)
             0x00007f5be8621041:   lea    (%r12,%rbp,8),%rax
   0.02%     0x00007f5be8621045:   incl   0x10(%rax,%rdx,4)            ;*iastore {reexecute=0 rethrow=0 return_oop=0}
                                                                       ; - io.netty.buffer.CycleArenaAllocator$Space::allocate@140 (line 503)
                                                                       ; - io.netty.buffer.CycleArenaAllocator::newDirectBuffer@14 (line 234)
                                                                       ; - io.netty.buffer.AbstractByteBufAllocator::directBuffer@21 (line 168)
                                                                       ; - io.netty.buffer.AbstractByteBufAllocator::directBuffer@4 (line 159)
                                                                       ; - io.github.neoionet.netty.microbenchmark.CycleScopedAllocBenchmark::cycle@64 (line 87)
   0.99%     0x00007f5be8621049:   mov    %r9d,%eax
             0x00007f5be862104c:   shr    $0x9,%eax                    ;*iushr {reexecute=0 rethrow=0 return_oop=0}
                                                                       ; - io.netty.buffer.CycleArenaAllocator$Space::allocate@155 (line 505)
                                                                       ; - io.netty.buffer.CycleArenaAllocator::newDirectBuffer@14 (line 234)
                                                                       ; - io.netty.buffer.AbstractByteBufAllocator::directBuffer@21 (line 168)
                                                                       ; - io.netty.buffer.AbstractByteBufAllocator::directBuffer@4 (line 159)
                                                                       ; - io.github.neoionet.netty.microbenchmark.CycleScopedAllocBenchmark::cycle@64 (line 87)
             0x00007f5be862104f:   mov    0xc(%r12,%rcx,8),%ebp        ; implicit exception: dispatches to 0x00007f5be8622590
   0.44%     0x00007f5be8621054:   cmp    %ebp,%eax
             0x00007f5be8621056:   jae    0x00007f5be8621a64
             0x00007f5be862105c:   mov    %esi,0x38(%rsp)
             0x00007f5be8621060:   mov    0x16c(%r11),%r13d            ;*getfield free {reexecute=0 rethrow=0 return_oop=0}
                                                                       ; - io.netty.buffer.CycleArenaAllocator$Space::allocate@171 (line 507)
                                                                       ; - io.netty.buffer.CycleArenaAllocator::newDirectBuffer@14 (line 234)
                                                                       ; - io.netty.buffer.AbstractByteBufAllocator::directBuffer@21 (line 168)
                                                                       ; - io.netty.buffer.AbstractByteBufAllocator::directBuffer@4 (line 159)
                                                                       ; - io.github.neoionet.netty.microbenchmark.CycleScopedAllocBenchmark::cycle@64 (line 87)
             0x00007f5be8621067:   lea    (%r12,%rcx,8),%rsi
   0.31%     0x00007f5be862106b:   mov    %r9d,%ecx
             0x00007f5be862106e:   shr    $0x3,%ecx
             0x00007f5be8621071:   mov    $0x1,%ebp
             0x00007f5be8621076:   shlx   %rcx,%rbp,%rcx
   1.30%     0x00007f5be862107b:   or     %rcx,0x10(%rsi,%rax,8)       ;*lastore {reexecute=0 rethrow=0 return_oop=0}
                                                                       ; - io.netty.buffer.CycleArenaAllocator$Space::allocate@165 (line 505)
                                                                       ; - io.netty.buffer.CycleArenaAllocator::newDirectBuffer@14 (line 234)
                                                                       ; - io.netty.buffer.AbstractByteBufAllocator::directBuffer@21 (line 168)
                                                                       ; - io.netty.buffer.AbstractByteBufAllocator::directBuffer@4 (line 159)
                                                                       ; - io.github.neoionet.netty.microbenchmark.CycleScopedAllocBenchmark::cycle@64 (line 87)
   2.77%     0x00007f5be8621080:   mov    0xc(%r12,%r13,8),%ecx        ; implicit exception: dispatches to 0x00007f5be86225a8
   0.40%     0x00007f5be8621085:   mov    0x168(%r11),%eax             ;*getfield objects {reexecute=0 rethrow=0 return_oop=0}
                                                                       ; - io.netty.buffer.CycleArenaAllocator$Space::allocate@167 (line 507)
                                                                       ; - io.netty.buffer.CycleArenaAllocator::newDirectBuffer@14 (line 234)
                                                                       ; - io.netty.buffer.AbstractByteBufAllocator::directBuffer@21 (line 168)
                                                                       ; - io.netty.buffer.AbstractByteBufAllocator::directBuffer@4 (line 159)
                                                                       ; - io.github.neoionet.netty.microbenchmark.CycleScopedAllocBenchmark::cycle@64 (line 87)
   0.53%     0x00007f5be862108c:   cmp    %ecx,%edi
             0x00007f5be862108e:   jae    0x00007f5be8621adc
             0x00007f5be8621094:   lea    (%r12,%r13,8),%rcx
             0x00007f5be8621098:   mov    0xc(%rcx,%rbx,4),%ebx        ;*iaload {reexecute=0 rethrow=0 return_oop=0}
                                                                       ; - io.netty.buffer.CycleArenaAllocator$Space::allocate@176 (line 507)
                                                                       ; - io.netty.buffer.CycleArenaAllocator::newDirectBuffer@14 (line 234)
                                                                       ; - io.netty.buffer.AbstractByteBufAllocator::directBuffer@21 (line 168)
                                                                       ; - io.netty.buffer.AbstractByteBufAllocator::directBuffer@4 (line 159)
                                                                       ; - io.github.neoionet.netty.microbenchmark.CycleScopedAllocBenchmark::cycle@64 (line 87)
   0.26%     0x00007f5be862109c:   mov    0xc(%r12,%rax,8),%ecx        ; implicit exception: dispatches to 0x00007f5be86225c0
                                                                       ;   {no_reloc}
   0.68%     0x00007f5be86210a1:   cmp    %ecx,%ebx
             0x00007f5be86210a3:   jae    0x00007f5be8621b3c
   0.02%     0x00007f5be86210a9:   lea    (%r12,%rax,8),%rcx
             0x00007f5be86210ad:   mov    0x10(%rcx,%rbx,4),%ebx       ;*aaload {reexecute=0 rethrow=0 return_oop=0}
                                                                       ; - io.netty.buffer.CycleArenaAllocator$Space::allocate@177 (line 507)
                                                                       ; - io.netty.buffer.CycleArenaAllocator::newDirectBuffer@14 (line 234)
                                                                       ; - io.netty.buffer.AbstractByteBufAllocator::directBuffer@21 (line 168)
                                                                       ; - io.netty.buffer.AbstractByteBufAllocator::directBuffer@4 (line 159)
                                                                       ; - io.github.neoionet.netty.microbenchmark.CycleScopedAllocBenchmark::cycle@64 (line 87)
   3.01%     0x00007f5be86210b1:   mov    0x38(%r12,%rbx,8),%ecx       ; implicit exception: dispatches to 0x00007f5be86225d8
                                                                       ;*getfield space {reexecute=0 rethrow=0 return_oop=0}
                                                                       ; - io.netty.buffer.CycleArenaAllocator$ArenaBuf::init@21 (line 1138)
                                                                       ; - io.netty.buffer.CycleArenaAllocator$Space::allocate@190 (line 508)
                                                                       ; - io.netty.buffer.CycleArenaAllocator::newDirectBuffer@14 (line 234)
                                                                       ; - io.netty.buffer.AbstractByteBufAllocator::directBuffer@21 (line 168)
                                                                       ; - io.netty.buffer.AbstractByteBufAllocator::directBuffer@4 (line 159)
                                                                       ; - io.github.neoionet.netty.microbenchmark.CycleScopedAllocBenchmark::cycle@64 (line 87)
   5.65%     0x00007f5be86210b6:   mov    %r10d,0x2c(%r12,%rbx,8)      ;*putfield length {reexecute=0 rethrow=0 return_oop=0}
                                                                       ; - io.netty.buffer.CycleArenaAllocator$ArenaBuf::init@12 (line 1136)
                                                                       ; - io.netty.buffer.CycleArenaAllocator$Space::allocate@190 (line 508)
                                                                       ; - io.netty.buffer.CycleArenaAllocator::newDirectBuffer@14 (line 234)
                                                                       ; - io.netty.buffer.AbstractByteBufAllocator::directBuffer@21 (line 168)
                                                                       ; - io.netty.buffer.AbstractByteBufAllocator::directBuffer@4 (line 159)
                                                                       ; - io.github.neoionet.netty.microbenchmark.CycleScopedAllocBenchmark::cycle@64 (line 87)
   0.07%     0x00007f5be86210bb:   mov    %r9d,0x28(%r12,%rbx,8)       ;*putfield start {reexecute=0 rethrow=0 return_oop=0}
                                                                       ; - io.netty.buffer.CycleArenaAllocator$ArenaBuf::init@7 (line 1135)
                                                                       ; - io.netty.buffer.CycleArenaAllocator$Space::allocate@190 (line 508)
                                                                       ; - io.netty.buffer.CycleArenaAllocator::newDirectBuffer@14 (line 234)
                                                                       ; - io.netty.buffer.AbstractByteBufAllocator::directBuffer@21 (line 168)
                                                                       ; - io.netty.buffer.AbstractByteBufAllocator::directBuffer@4 (line 159)
                                                                       ; - io.github.neoionet.netty.microbenchmark.CycleScopedAllocBenchmark::cycle@64 (line 87)
   0.15%     0x00007f5be86210c0:   mov    %edx,0x24(%r12,%rbx,8)       ;*putfield blockId {reexecute=0 rethrow=0 return_oop=0}
                                                                       ; - io.netty.buffer.CycleArenaAllocator$ArenaBuf::init@2 (line 1134)
                                                                       ; - io.netty.buffer.CycleArenaAllocator$Space::allocate@190 (line 508)
                                                                       ; - io.netty.buffer.CycleArenaAllocator::newDirectBuffer@14 (line 234)
                                                                       ; - io.netty.buffer.AbstractByteBufAllocator::directBuffer@21 (line 168)
                                                                       ; - io.netty.buffer.AbstractByteBufAllocator::directBuffer@4 (line 159)
                                                                       ; - io.github.neoionet.netty.microbenchmark.CycleScopedAllocBenchmark::cycle@64 (line 87)
   2.27%     0x00007f5be86210c5:   movl   $0x1,0x30(%r12,%rbx,8)       ;*putfield refCnt {reexecute=0 rethrow=0 return_oop=0}
                                                                       ; - io.netty.buffer.CycleArenaAllocator$ArenaBuf::init@17 (line 1137)
                                                                       ; - io.netty.buffer.CycleArenaAllocator$Space::allocate@190 (line 508)
                                                                       ; - io.netty.buffer.CycleArenaAllocator::newDirectBuffer@14 (line 234)
                                                                       ; - io.netty.buffer.AbstractByteBufAllocator::directBuffer@21 (line 168)
                                                                       ; - io.netty.buffer.AbstractByteBufAllocator::directBuffer@4 (line 159)
                                                                       ; - io.github.neoionet.netty.microbenchmark.CycleScopedAllocBenchmark::cycle@64 (line 87)
   0.35%     0x00007f5be86210ce:   mov    0x164(%r12,%rcx,8),%edx      ; implicit exception: dispatches to 0x00007f5be86225f8
                                                                       ;*getfield curRoot {reexecute=0 rethrow=0 return_oop=0}
                                                                       ; - io.netty.buffer.CycleArenaAllocator$ArenaBuf::init@24 (line 1138)
                                                                       ; - io.netty.buffer.CycleArenaAllocator$Space::allocate@190 (line 508)
                                                                       ; - io.netty.buffer.CycleArenaAllocator::newDirectBuffer@14 (line 234)
                                                                       ; - io.netty.buffer.AbstractByteBufAllocator::directBuffer@21 (line 168)
                                                                       ; - io.netty.buffer.AbstractByteBufAllocator::directBuffer@4 (line 159)
                                                                       ; - io.github.neoionet.netty.microbenchmark.CycleScopedAllocBenchmark::cycle@64 (line 87)
   4.99%     0x00007f5be86210d6:   mov    0x40(%r12,%rbx,8),%edi       ;*getfield rootParent {reexecute=0 rethrow=0 return_oop=0}
                                                                       ; - io.netty.buffer.CycleArenaAllocator$ArenaBuf::init@30 (line 1139)
                                                                       ; - io.netty.buffer.CycleArenaAllocator$Space::allocate@190 (line 508)
                                                                       ; - io.netty.buffer.CycleArenaAllocator::newDirectBuffer@14 (line 234)
                                                                       ; - io.netty.buffer.AbstractByteBufAllocator::directBuffer@21 (line 168)
                                                                       ; - io.netty.buffer.AbstractByteBufAllocator::directBuffer@4 (line 159)
                                                                       ; - io.github.neoionet.netty.microbenchmark.CycleScopedAllocBenchmark::cycle@64 (line 87)
             0x00007f5be86210db:   cmp    %edx,%edi
   1.17%     0x00007f5be86210dd:   jne    0x00007f5be8621f8c           ;*if_acmpeq {reexecute=0 rethrow=0 return_oop=0}
                                                                       ; - io.netty.buffer.CycleArenaAllocator$ArenaBuf::init@35 (line 1139)
                                                                       ; - io.netty.buffer.CycleArenaAllocator$Space::allocate@190 (line 508)
                                                                       ; - io.netty.buffer.CycleArenaAllocator::newDirectBuffer@14 (line 234)
                                                                       ; - io.netty.buffer.AbstractByteBufAllocator::directBuffer@21 (line 168)
                                                                       ; - io.netty.buffer.AbstractByteBufAllocator::directBuffer@4 (line 159)
                                                                       ; - io.github.neoionet.netty.microbenchmark.CycleScopedAllocBenchmark::cycle@64 (line 87)
             0x00007f5be86210e3:   mov    0x48(%r12,%rbx,8),%eax       ;*getfield tmpNioBuf {reexecute=0 rethrow=0 return_oop=0}
                                                                       ; - io.netty.buffer.CycleArenaAllocator$ArenaBuf::init@45 (line 1142)
                                                                       ; - io.netty.buffer.CycleArenaAllocator$Space::allocate@190 (line 508)
                                                                       ; - io.netty.buffer.CycleArenaAllocator::newDirectBuffer@14 (line 234)
                                                                       ; - io.netty.buffer.AbstractByteBufAllocator::directBuffer@21 (line 168)
                                                                       ; - io.netty.buffer.AbstractByteBufAllocator::directBuffer@4 (line 159)
                                                                       ; - io.github.neoionet.netty.microbenchmark.CycleScopedAllocBenchmark::cycle@64 (line 87)
   0.02%     0x00007f5be86210e8:   test   %eax,%eax
             0x00007f5be86210ea:   jne    0x00007f5be8621fd8           ;*ifnull {reexecute=0 rethrow=0 return_oop=0}
                                                                       ; - io.netty.buffer.CycleArenaAllocator$ArenaBuf::init@48 (line 1142)
                                                                       ; - io.netty.buffer.CycleArenaAllocator$Space::allocate@190 (line 508)
                                                                       ; - io.netty.buffer.CycleArenaAllocator::newDirectBuffer@14 (line 234)
                                                                       ; - io.netty.buffer.AbstractByteBufAllocator::directBuffer@21 (line 168)
                                                                       ; - io.netty.buffer.AbstractByteBufAllocator::directBuffer@4 (line 159)
                                                                       ; - io.github.neoionet.netty.microbenchmark.CycleScopedAllocBenchmark::cycle@64 (line 87)
             0x00007f5be86210f0:   mov    %r12d,0x14(%r12,%rbx,8)      ;*putfield markedReaderIndex {reexecute=0 rethrow=0 return_oop=0}
                                                                       ; - io.netty.buffer.AbstractByteBuf::resetForReuse@17 (line 104)
                                                                       ; - io.netty.buffer.CycleArenaAllocator$ArenaBuf::init@59 (line 1145)
                                                                       ; - io.netty.buffer.CycleArenaAllocator$Space::allocate@190 (line 508)
                                                                       ; - io.netty.buffer.CycleArenaAllocator::newDirectBuffer@14 (line 234)
                                                                       ; - io.netty.buffer.AbstractByteBufAllocator::directBuffer@21 (line 168)
                                                                       ; - io.netty.buffer.AbstractByteBufAllocator::directBuffer@4 (line 159)
                                                                       ; - io.github.neoionet.netty.microbenchmark.CycleScopedAllocBenchmark::cycle@64 (line 87)
             0x00007f5be86210f5:   mov    %r12d,0x10(%r12,%rbx,8)      ;*putfield writerIndex {reexecute=0 rethrow=0 return_oop=0}
                                                                       ; - io.netty.buffer.AbstractByteBuf::resetForReuse@12 (line 103)
                                                                       ; - io.netty.buffer.CycleArenaAllocator$ArenaBuf::init@59 (line 1145)
                                                                       ; - io.netty.buffer.CycleArenaAllocator$Space::allocate@190 (line 508)
                                                                       ; - io.netty.buffer.CycleArenaAllocator::newDirectBuffer@14 (line 234)
                                                                       ; - io.netty.buffer.AbstractByteBufAllocator::directBuffer@21 (line 168)
                                                                       ; - io.netty.buffer.AbstractByteBufAllocator::directBuffer@4 (line 159)
                                                                       ; - io.github.neoionet.netty.microbenchmark.CycleScopedAllocBenchmark::cycle@64 (line 87)
             0x00007f5be86210fa:   mov    %r12d,0x18(%r12,%rbx,8)      ;*putfield markedWriterIndex {reexecute=0 rethrow=0 return_oop=0}
                                                                       ; - io.netty.buffer.AbstractByteBuf::resetForReuse@22 (line 105)
                                                                       ; - io.netty.buffer.CycleArenaAllocator$ArenaBuf::init@59 (line 1145)
                                                                       ; - io.netty.buffer.CycleArenaAllocator$Space::allocate@190 (line 508)
                                                                       ; - io.netty.buffer.CycleArenaAllocator::newDirectBuffer@14 (line 234)
                                                                       ; - io.netty.buffer.AbstractByteBufAllocator::directBuffer@21 (line 168)
                                                                       ; - io.netty.buffer.AbstractByteBufAllocator::directBuffer@4 (line 159)
                                                                       ; - io.github.neoionet.netty.microbenchmark.CycleScopedAllocBenchmark::cycle@64 (line 87)
             0x00007f5be86210ff:   movl   $0x7fffffff,0x1c(%r12,%rbx,8);*putfield maxCapacity {reexecute=0 rethrow=0 return_oop=0}
                                                                       ; - io.netty.buffer.AbstractByteBuf::resetForReuse@2 (line 101)
                                                                       ; - io.netty.buffer.CycleArenaAllocator$ArenaBuf::init@59 (line 1145)
                                                                       ; - io.netty.buffer.CycleArenaAllocator$Space::allocate@190 (line 508)
                                                                       ; - io.netty.buffer.CycleArenaAllocator::newDirectBuffer@14 (line 234)
                                                                       ; - io.netty.buffer.AbstractByteBufAllocator::directBuffer@21 (line 168)
                                                                       ; - io.netty.buffer.AbstractByteBufAllocator::directBuffer@4 (line 159)
                                                                       ; - io.github.neoionet.netty.microbenchmark.CycleScopedAllocBenchmark::cycle@64 (line 87)
   0.07%     0x00007f5be8621108:   mov    %r12d,0xc(%r12,%rbx,8)       ;*putfield readerIndex {reexecute=0 rethrow=0 return_oop=0}
                                                                       ; - io.netty.buffer.AbstractByteBuf::resetForReuse@7 (line 102)
                                                                       ; - io.netty.buffer.CycleArenaAllocator$ArenaBuf::init@59 (line 1145)
                                                                       ; - io.netty.buffer.CycleArenaAllocator$Space::allocate@190 (line 508)
                                                                       ; - io.netty.buffer.CycleArenaAllocator::newDirectBuffer@14 (line 234)
                                                                       ; - io.netty.buffer.AbstractByteBufAllocator::directBuffer@21 (line 168)
                                                                       ; - io.netty.buffer.AbstractByteBufAllocator::directBuffer@4 (line 159)
                                                                       ; - io.github.neoionet.netty.microbenchmark.CycleScopedAllocBenchmark::cycle@64 (line 87)
   0.02%     0x00007f5be862110d:   cmp    $0x1,%r10d
             0x00007f5be8621111:   jl     0x00007f5be8621d50           ;*if_icmpgt {reexecute=0 rethrow=0 return_oop=0}
                                                                       ; - io.netty.buffer.AbstractByteBuf::ensureWritable0@23 (line 300)
                                                                       ; - io.netty.buffer.AbstractByteBuf::writeByte@2 (line 1003)
                                                                       ; - io.github.neoionet.netty.microbenchmark.CycleScopedAllocBenchmark::cycle@89 (line 88)
             0x00007f5be8621117:   movl   $0x1,0x10(%r12,%rbx,8)       ;*putfield writerIndex {reexecute=0 rethrow=0 return_oop=0}
                                                                       ; - io.netty.buffer.AbstractByteBuf::writeByte@14 (line 1004)
                                                                       ; - io.github.neoionet.netty.microbenchmark.CycleScopedAllocBenchmark::cycle@89 (line 88)
   1.17%     0x00007f5be8621120:   mov    0x8(%r12,%rdi,8),%r8d        ; implicit exception: dispatches to 0x00007f5be86226f0
   0.15%     0x00007f5be8621125:   cmp    $0x10a8600,%r8d              ;   {metadata(&apos;io/netty/buffer/UnpooledUnsafeDirectByteBuf&apos;)}
   0.13%     0x00007f5be862112c:   jne    0x00007f5be8621c08           ;*invokevirtual _setByte {reexecute=0 rethrow=0 return_oop=0}
                                                                       ; - io.netty.buffer.CycleArenaAllocator$ArenaBuf::_setByte@10 (line 1544)
                                                                       ; - io.netty.buffer.AbstractByteBuf::writeByte@18 (line 1004)
                                                                       ; - io.github.neoionet.netty.microbenchmark.CycleScopedAllocBenchmark::cycle@89 (line 88)
             0x00007f5be8621132:   mov    0x10(%rsp),%r11
   0.02%     0x00007f5be8621137:   lea    0x10(%r11,%r14,4),%rbp       ;*aastore {reexecute=0 rethrow=0 return_oop=0}
                                                                       ; - io.github.neoionet.netty.microbenchmark.CycleScopedAllocBenchmark::cycle@98 (line 89)
   0.02%     0x00007f5be862113c:   movslq %r9d,%r11
             0x00007f5be862113f:   lea    (%r12,%rdi,8),%r8            ;*invokevirtual _setByte {reexecute=0 rethrow=0 return_oop=0}
                                                                       ; - io.netty.buffer.CycleArenaAllocator$ArenaBuf::_setByte@10 (line 1544)
                                                                       ; - io.netty.buffer.AbstractByteBuf::writeByte@18 (line 1004)
                                                                       ; - io.github.neoionet.netty.microbenchmark.CycleScopedAllocBenchmark::cycle@89 (line 88)
             0x00007f5be8621143:   mov    0x40(%r8),%r8
   1.10%     0x00007f5be8621147:   mov    %r10b,(%r8,%r11,1)           ;*invokestatic currentThread {reexecute=0 rethrow=0 return_oop=0}
                                                                       ; - io.netty.util.internal.InternalThreadLocalMap::get@0 (line 111)
                                                                       ; - io.netty.util.concurrent.FastThreadLocal::get@0 (line 137)
                                                                       ; - io.netty.buffer.CycleArenaAllocator::newDirectBuffer@4 (line 233)
                                                                       ; - io.netty.buffer.AbstractByteBufAllocator::directBuffer@21 (line 168)
                                                                       ; - io.netty.buffer.AbstractByteBufAllocator::directBuffer@4 (line 159)
                                                                       ; - io.github.neoionet.netty.microbenchmark.CycleScopedAllocBenchmark::cycle@64 (line 87)
   3.10%     0x00007f5be862114b:   cmpb   $0x0,0x40(%r15)
   0.02%     0x00007f5be8621150:   jne    0x00007f5be86211e2
             0x00007f5be8621156:   mov    %ebx,0x0(%rbp)               ;*aastore {reexecute=0 rethrow=0 return_oop=0}
                                                                       ; - io.github.neoionet.netty.microbenchmark.CycleScopedAllocBenchmark::cycle@98 (line 89)
             0x00007f5be8621159:   inc    %r14d                        ;*iinc {reexecute=0 rethrow=0 return_oop=0}
                                                                       ; - io.github.neoionet.netty.microbenchmark.CycleScopedAllocBenchmark::cycle@99 (line 84)
             0x00007f5be862115c:   lea    (%r12,%rbx,8),%r10
             0x00007f5be8621160:   mov    %rbp,%r11
             0x00007f5be8621163:   xor    %r11,%r10
   0.09%     0x00007f5be8621166:   shr    $0x18,%r10
   1.41%     0x00007f5be862116a:   test   %r10,%r10
          ╭  0x00007f5be862116d:   je     0x00007f5be8621189
          │  0x00007f5be862116f:   shr    $0x9,%r11
          │  0x00007f5be8621173:   movabs $0x7f5bd9a00000,%rdi
          │  0x00007f5be862117d:   add    %r11,%rdi
          │  0x00007f5be8621180:   cmpb   $0x2,(%rdi)
          │  0x00007f5be8621183:   jne    0x00007f5be8621219           ;*aload {reexecute=0 rethrow=0 return_oop=0}
          │                                                            ; - io.github.neoionet.netty.microbenchmark.CycleScopedAllocBenchmark::cycle@27 (line 85)
          ↘  0x00007f5be8621189:   cmp    0x8(%rsp),%r14d
             0x00007f5be862118e:   jl     0x00007f5be8620f00           ;*invokestatic currentThread {reexecute=0 rethrow=0 return_oop=0}
                                                                       ; - io.netty.util.internal.InternalThreadLocalMap::get@0 (line 111)
....................................................................................................
  60.97%  <total for region 1>

....[Hottest Region 2]..............................................................................
c2, level 4, io.github.neoionet.netty.microbenchmark.CycleScopedAllocBenchmark::cycle, version 3, compile id 1418 

             0x00007f5be86213a7:   mov    %r10,%rbx
             0x00007f5be86213aa:   mov    %ebp,%r10d                   ;*ifeq {reexecute=0 rethrow=0 return_oop=0}
                                                                       ; - io.github.neoionet.netty.microbenchmark.CycleScopedAllocBenchmark::cycle@120 (line 92)
             0x00007f5be86213ad:   test   %edx,%edx
             0x00007f5be86213af:   jbe    0x00007f5be86219a4           ;*if_icmpge {reexecute=0 rethrow=0 return_oop=0}
                                                                       ; - io.github.neoionet.netty.microbenchmark.CycleScopedAllocBenchmark::cycle@174 (line 99)
             0x00007f5be86213b5:   cmp    %edx,%r11d
             0x00007f5be86213b8:   jae    0x00007f5be862234c
             0x00007f5be86213be:   mov    0x48(%rsp),%r9
             0x00007f5be86213c3:   test   %r9,%r9
   0.02%     0x00007f5be86213c6:   je     0x00007f5be8622351
             0x00007f5be86213cc:   mov    $0x1,%r11d
             0x00007f5be86213d2:   xor    %ebp,%ebp
             0x00007f5be86213d4:   jmp    0x00007f5be86215a5
             0x00007f5be86213d9:   nopl   0x0(%rax)                    ;   {no_reloc}
   0.02%  ↗  0x00007f5be86213e0:   mov    %r14d,%edx
          │  0x00007f5be86213e3:   mov    0x10(%rsp),%r14
   0.73%  │  0x00007f5be86213e8:   mov    0xc(%rsp),%r13d              ;*aload_1 {reexecute=0 rethrow=0 return_oop=0}
          │                                                            ; - io.github.neoionet.netty.microbenchmark.CycleScopedAllocBenchmark::cycle@177 (line 100)
   0.18%  │  0x00007f5be86213ed:   mov    0x10(%r8,%rbp,4),%r10d       ;*aaload {reexecute=0 rethrow=0 return_oop=0}
          │                                                            ; - io.github.neoionet.netty.microbenchmark.CycleScopedAllocBenchmark::cycle@181 (line 100)
          │  0x00007f5be86213f2:   mov    0x8(%r12,%r10,8),%r9d        ; implicit exception: dispatches to 0x00007f5be8622610
   0.57%  │  0x00007f5be86213f7:   cmp    $0x10a20f8,%r9d              ;   {metadata(&apos;io/netty/buffer/CycleArenaAllocator$ArenaBuf&apos;)}
   0.13%  │  0x00007f5be86213fe:   jne    0x00007f5be8621cf8
          │  0x00007f5be8621404:   lea    (%r12,%r10,8),%rbx           ;*invokevirtual readByte {reexecute=0 rethrow=0 return_oop=0}
          │                                                            ; - io.github.neoionet.netty.microbenchmark.CycleScopedAllocBenchmark::cycle@182 (line 100)
   0.02%  │  0x00007f5be8621408:   mov    0x30(%rbx),%r11d             ;*getfield refCnt {reexecute=0 rethrow=0 return_oop=0}
          │                                                            ; - io.netty.buffer.CycleArenaAllocator$ArenaBuf::refCnt@1 (line 1166)
          │                                                            ; - io.netty.buffer.ByteBuf::isAccessible@1 (line 2506)
          │                                                            ; - io.netty.buffer.AbstractByteBuf::ensureAccessible@7 (line 1491)
          │                                                            ; - io.netty.buffer.AbstractByteBuf::checkReadableBytes0@1 (line 1478)
          │                                                            ; - io.netty.buffer.AbstractByteBuf::readByte@2 (line 749)
          │                                                            ; - io.github.neoionet.netty.microbenchmark.CycleScopedAllocBenchmark::cycle@182 (line 100)
   0.04%  │  0x00007f5be862140c:   test   %r11d,%r11d
          │  0x00007f5be862140f:   je     0x00007f5be8622046           ;*ifeq {reexecute=0 rethrow=0 return_oop=0}
          │                                                            ; - io.netty.buffer.ByteBuf::isAccessible@4 (line 2506)
          │                                                            ; - io.netty.buffer.AbstractByteBuf::ensureAccessible@7 (line 1491)
          │                                                            ; - io.netty.buffer.AbstractByteBuf::checkReadableBytes0@1 (line 1478)
          │                                                            ; - io.netty.buffer.AbstractByteBuf::readByte@2 (line 749)
          │                                                            ; - io.github.neoionet.netty.microbenchmark.CycleScopedAllocBenchmark::cycle@182 (line 100)
          │  0x00007f5be8621415:   mov    0x10(%rbx),%r9d
   0.02%  │  0x00007f5be8621419:   mov    0xc(%rbx),%r10d              ;*getfield readerIndex {reexecute=0 rethrow=0 return_oop=0}
          │                                                            ; - io.netty.buffer.AbstractByteBuf::checkReadableBytes0@11 (line 1479)
          │                                                            ; - io.netty.buffer.AbstractByteBuf::readByte@2 (line 749)
          │                                                            ; - io.github.neoionet.netty.microbenchmark.CycleScopedAllocBenchmark::cycle@182 (line 100)
   1.36%  │  0x00007f5be862141d:   dec    %r9d                         ;*isub {reexecute=0 rethrow=0 return_oop=0}
          │                                                            ; - io.netty.buffer.AbstractByteBuf::checkReadableBytes0@19 (line 1479)
          │                                                            ; - io.netty.buffer.AbstractByteBuf::readByte@2 (line 749)
          │                                                            ; - io.github.neoionet.netty.microbenchmark.CycleScopedAllocBenchmark::cycle@182 (line 100)
   0.44%  │  0x00007f5be8621420:   cmp    %r9d,%r10d
   0.02%  │  0x00007f5be8621423:   jg     0x00007f5be8622070           ;*if_icmple {reexecute=0 rethrow=0 return_oop=0}
          │                                                            ; - io.netty.buffer.AbstractByteBuf::checkReadableBytes0@20 (line 1479)
          │                                                            ; - io.netty.buffer.AbstractByteBuf::readByte@2 (line 749)
          │                                                            ; - io.github.neoionet.netty.microbenchmark.CycleScopedAllocBenchmark::cycle@182 (line 100)
          │  0x00007f5be8621429:   mov    0x40(%rbx),%r9d              ;*getfield rootParent {reexecute=0 rethrow=0 return_oop=0}
          │                                                            ; - io.netty.buffer.CycleArenaAllocator$ArenaBuf::rootParent@1 (line 1150)
          │                                                            ; - io.netty.buffer.CycleArenaAllocator$ArenaBuf::_getByte@1 (line 1499)
          │                                                            ; - io.netty.buffer.AbstractByteBuf::readByte@12 (line 751)
          │                                                            ; - io.github.neoionet.netty.microbenchmark.CycleScopedAllocBenchmark::cycle@182 (line 100)
   0.44%  │  0x00007f5be862142d:   mov    0x8(%r12,%r9,8),%ecx         ; implicit exception: dispatches to 0x00007f5be8622720
   0.90%  │  0x00007f5be8621432:   mov    %r13d,0xc(%rsp)
          │  0x00007f5be8621437:   mov    %r14,0x10(%rsp)
   0.07%  │  0x00007f5be862143c:   mov    %r8,%rax
   0.02%  │  0x00007f5be862143f:   mov    %edx,%r14d
   1.06%  │  0x00007f5be8621442:   mov    0x28(%rbx),%edi              ;*getfield start {reexecute=0 rethrow=0 return_oop=0}
          │                                                            ; - io.netty.buffer.CycleArenaAllocator$ArenaBuf::idx@2 (line 1159)
          │                                                            ; - io.netty.buffer.CycleArenaAllocator$ArenaBuf::_getByte@6 (line 1499)
          │                                                            ; - io.netty.buffer.AbstractByteBuf::readByte@12 (line 751)
          │                                                            ; - io.github.neoionet.netty.microbenchmark.CycleScopedAllocBenchmark::cycle@182 (line 100)
   0.31%  │  0x00007f5be8621445:   lea    (%r10,%rdi,1),%r8d
   0.04%  │  0x00007f5be8621449:   cmp    $0x10a8600,%ecx              ;   {metadata(&apos;io/netty/buffer/UnpooledUnsafeDirectByteBuf&apos;)}
   0.59%  │  0x00007f5be862144f:   jne    0x00007f5be8621d1c           ;*invokevirtual _getByte {reexecute=0 rethrow=0 return_oop=0}
          │                                                            ; - io.netty.buffer.CycleArenaAllocator$ArenaBuf::_getByte@9 (line 1499)
          │                                                            ; - io.netty.buffer.AbstractByteBuf::readByte@12 (line 751)
          │                                                            ; - io.github.neoionet.netty.microbenchmark.CycleScopedAllocBenchmark::cycle@182 (line 100)
          │  0x00007f5be8621455:   mov    0x3c(%rbx),%ecx              ;*getfield owner {reexecute=0 rethrow=0 return_oop=0}
          │                                                            ; - io.netty.buffer.CycleArenaAllocator$ArenaBuf::release@4 (line 1207)
          │                                                            ; - io.github.neoionet.netty.microbenchmark.CycleScopedAllocBenchmark::cycle@192 (line 101)
   0.09%  │  0x00007f5be8621458:   inc    %r10d
          │  0x00007f5be862145b:   mov    %r10d,0xc(%rbx)              ;*putfield readerIndex {reexecute=0 rethrow=0 return_oop=0}
          │                                                            ; - io.netty.buffer.AbstractByteBuf::readByte@20 (line 752)
          │                                                            ; - io.github.neoionet.netty.microbenchmark.CycleScopedAllocBenchmark::cycle@182 (line 100)
   0.07%  │  0x00007f5be862145f:   mov    %rcx,%rdx
   0.04%  │  0x00007f5be8621462:   shl    $0x3,%rdx
          │  0x00007f5be8621466:   lea    (%r12,%r9,8),%r10            ;*invokevirtual _getByte {reexecute=0 rethrow=0 return_oop=0}
          │                                                            ; - io.netty.buffer.CycleArenaAllocator$ArenaBuf::_getByte@9 (line 1499)
          │                                                            ; - io.netty.buffer.AbstractByteBuf::readByte@12 (line 751)
          │                                                            ; - io.github.neoionet.netty.microbenchmark.CycleScopedAllocBenchmark::cycle@182 (line 100)
   0.44%  │  0x00007f5be862146a:   mov    0x40(%r10),%r10
   0.20%  │  0x00007f5be862146e:   movslq %r8d,%r8
          │  0x00007f5be8621471:   movsbl (%r10,%r8,1),%r10d           ;*invokestatic consumeCompiler {reexecute=0 rethrow=0 return_oop=0}
          │                                                            ; - org.openjdk.jmh.infra.Blackhole::consume@7 (line 336)
          │                                                            ; - io.github.neoionet.netty.microbenchmark.CycleScopedAllocBenchmark::cycle@185 (line 100)
   4.88%  │  0x00007f5be8621476:   mov    0x10(%rsp),%r10
   0.02%  │  0x00007f5be862147b:   cmp    %rdx,%r10
          │  0x00007f5be862147e:   jne    0x00007f5be86220a0           ;*if_acmpeq {reexecute=0 rethrow=0 return_oop=0}
          │                                                            ; - io.netty.buffer.CycleArenaAllocator$ArenaBuf::release@7 (line 1207)
          │                                                            ; - io.github.neoionet.netty.microbenchmark.CycleScopedAllocBenchmark::cycle@192 (line 101)
          │  0x00007f5be8621484:   test   %r11d,%r11d
          │  0x00007f5be8621487:   jle    0x00007f5be86220c0           ;*ifgt {reexecute=0 rethrow=0 return_oop=0}
          │                                                            ; - io.netty.buffer.CycleArenaAllocator$ArenaBuf::release@23 (line 1211)
          │                                                            ; - io.github.neoionet.netty.microbenchmark.CycleScopedAllocBenchmark::cycle@192 (line 101)
          │  0x00007f5be862148d:   lea    -0x1(%r11),%r10d
   0.02%  │  0x00007f5be8621491:   mov    %r10d,0x30(%rbx)             ;*putfield refCnt {reexecute=0 rethrow=0 return_oop=0}
          │                                                            ; - io.netty.buffer.CycleArenaAllocator$ArenaBuf::release@40 (line 1214)
          │                                                            ; - io.github.neoionet.netty.microbenchmark.CycleScopedAllocBenchmark::cycle@192 (line 101)
          │  0x00007f5be8621495:   cmp    $0x1,%r11d
          │  0x00007f5be8621499:   jne    0x00007f5be86220dc           ;*if_icmpeq {reexecute=0 rethrow=0 return_oop=0}
          │                                                            ; - io.netty.buffer.CycleArenaAllocator$ArenaBuf::release@45 (line 1215)
          │                                                            ; - io.github.neoionet.netty.microbenchmark.CycleScopedAllocBenchmark::cycle@192 (line 101)
          │  0x00007f5be862149f:   mov    0x38(%rbx),%r8d              ;*getfield space {reexecute=0 rethrow=0 return_oop=0}
          │                                                            ; - io.netty.buffer.CycleArenaAllocator$ArenaBuf::release@51 (line 1218)
          │                                                            ; - io.github.neoionet.netty.microbenchmark.CycleScopedAllocBenchmark::cycle@192 (line 101)
   0.20%  │  0x00007f5be86214a3:   mov    0x150(%r12,%r8,8),%r10d      ; implicit exception: dispatches to 0x00007f5be8622628
          │                                                            ;*getfield frees {reexecute=0 rethrow=0 return_oop=0}
          │                                                            ; - io.netty.buffer.CycleArenaAllocator$ArenaBuf::release@61 (line 1220)
          │                                                            ; - io.github.neoionet.netty.microbenchmark.CycleScopedAllocBenchmark::cycle@192 (line 101)
   0.11%  │  0x00007f5be86214ab:   mov    0x24(%rbx),%r11d             ;*getfield blockId {reexecute=0 rethrow=0 return_oop=0}
          │                                                            ; - io.netty.buffer.CycleArenaAllocator$ArenaBuf::release@56 (line 1219)
          │                                                            ; - io.github.neoionet.netty.microbenchmark.CycleScopedAllocBenchmark::cycle@192 (line 101)
   0.02%  │  0x00007f5be86214af:   mov    0xc(%r12,%r10,8),%r9d        ; implicit exception: dispatches to 0x00007f5be8622640
          │                                                            ;*iaload {reexecute=0 rethrow=0 return_oop=0}
          │                                                            ; - io.netty.buffer.CycleArenaAllocator$ArenaBuf::release@66 (line 1220)
          │                                                            ; - io.github.neoionet.netty.microbenchmark.CycleScopedAllocBenchmark::cycle@192 (line 101)
   1.94%  │  0x00007f5be86214b4:   cmp    %r9d,%r11d
          │  0x00007f5be86214b7:   jae    0x00007f5be8621c38
          │  0x00007f5be86214bd:   mov    0x15c(%r12,%r8,8),%r9d       ;*getfield startBits {reexecute=0 rethrow=0 return_oop=0}
          │                                                            ; - io.netty.buffer.CycleArenaAllocator$ArenaBuf::release@83 (line 1223)
          │                                                            ; - io.github.neoionet.netty.microbenchmark.CycleScopedAllocBenchmark::cycle@192 (line 101)
          │  0x00007f5be86214c5:   shl    $0x3,%r10
          │  0x00007f5be86214c9:   incl   0x10(%r10,%r11,4)            ;*iastore {reexecute=0 rethrow=0 return_oop=0}
          │                                                            ; - io.netty.buffer.CycleArenaAllocator$ArenaBuf::release@69 (line 1220)
          │                                                            ; - io.github.neoionet.netty.microbenchmark.CycleScopedAllocBenchmark::cycle@192 (line 101)
   0.75%  │  0x00007f5be86214ce:   mov    0xc(%r12,%r9,8),%ecx         ; implicit exception: dispatches to 0x00007f5be8622658
   0.53%  │  0x00007f5be86214d3:   cmp    %ecx,%r11d
          │  0x00007f5be86214d6:   jae    0x00007f5be8621c68
          │  0x00007f5be86214dc:   lea    (%r12,%r9,8),%r10
   0.09%  │  0x00007f5be86214e0:   mov    0x10(%r10,%r11,4),%r10d      ;*aaload {reexecute=0 rethrow=0 return_oop=0}
          │                                                            ; - io.netty.buffer.CycleArenaAllocator$ArenaBuf::release@87 (line 1223)
          │                                                            ; - io.github.neoionet.netty.microbenchmark.CycleScopedAllocBenchmark::cycle@192 (line 101)
   0.24%  │  0x00007f5be86214e5:   mov    %edi,%r13d
          │  0x00007f5be86214e8:   shr    $0x9,%r13d                   ;*iushr {reexecute=0 rethrow=0 return_oop=0}
          │                                                            ; - io.netty.buffer.CycleArenaAllocator$ArenaBuf::release@92 (line 1223)
          │                                                            ; - io.github.neoionet.netty.microbenchmark.CycleScopedAllocBenchmark::cycle@192 (line 101)
          │  0x00007f5be86214ec:   mov    0xc(%r12,%r10,8),%r9d        ; implicit exception: dispatches to 0x00007f5be8622670
   5.59%  │  0x00007f5be86214f1:   cmp    %r9d,%r13d
          │  0x00007f5be86214f4:   jae    0x00007f5be8621c98
          │  0x00007f5be86214fa:   mov    0x20(%rbx),%r9d              ;*getfield index {reexecute=0 rethrow=0 return_oop=0}
          │                                                            ; - io.netty.buffer.CycleArenaAllocator$ArenaBuf::release@123 (line 1225)
          │                                                            ; - io.github.neoionet.netty.microbenchmark.CycleScopedAllocBenchmark::cycle@192 (line 101)
   0.07%  │  0x00007f5be86214fe:   mov    0x16c(%r12,%r8,8),%ecx       ;*getfield free {reexecute=0 rethrow=0 return_oop=0}
          │                                                            ; - io.netty.buffer.CycleArenaAllocator$ArenaBuf::release@108 (line 1225)
          │                                                            ; - io.github.neoionet.netty.microbenchmark.CycleScopedAllocBenchmark::cycle@192 (line 101)
          │  0x00007f5be8621506:   mov    0x12c(%r12,%r8,8),%edx       ;*getfield freeTop {reexecute=0 rethrow=0 return_oop=0}
          │                                                            ; - io.netty.buffer.CycleArenaAllocator$ArenaBuf::release@113 (line 1225)
          │                                                            ; - io.github.neoionet.netty.microbenchmark.CycleScopedAllocBenchmark::cycle@192 (line 101)
   0.20%  │  0x00007f5be862150e:   shr    $0x3,%edi
          │  0x00007f5be8621511:   mov    $0x1,%esi
   0.02%  │  0x00007f5be8621516:   shlx   %rdi,%rsi,%rdi
   0.07%  │  0x00007f5be862151b:   lea    0x1(%rdx),%esi
          │  0x00007f5be862151e:   mov    %esi,0x12c(%r12,%r8,8)       ;*putfield freeTop {reexecute=0 rethrow=0 return_oop=0}
          │                                                            ; - io.netty.buffer.CycleArenaAllocator$ArenaBuf::release@119 (line 1225)
          │                                                            ; - io.github.neoionet.netty.microbenchmark.CycleScopedAllocBenchmark::cycle@192 (line 101)
   1.14%  │  0x00007f5be8621526:   not    %rdi
          │  0x00007f5be8621529:   shl    $0x3,%r10
          │  0x00007f5be862152d:   and    %rdi,0x10(%r10,%r13,8)       ;*lastore {reexecute=0 rethrow=0 return_oop=0}
          │                                                            ; - io.netty.buffer.CycleArenaAllocator$ArenaBuf::release@106 (line 1223)
          │                                                            ; - io.github.neoionet.netty.microbenchmark.CycleScopedAllocBenchmark::cycle@192 (line 101)
   1.23%  │  0x00007f5be8621532:   mov    0xc(%r12,%rcx,8),%r10d       ; implicit exception: dispatches to 0x00007f5be8622688
   0.02%  │  0x00007f5be8621537:   cmp    %r10d,%edx
          │  0x00007f5be862153a:   jae    0x00007f5be8621ccc
          │  0x00007f5be8621540:   lea    (%r12,%rcx,8),%r10
          │  0x00007f5be8621544:   mov    %r9d,0x10(%r10,%rdx,4)       ;*iastore {reexecute=0 rethrow=0 return_oop=0}
          │                                                            ; - io.netty.buffer.CycleArenaAllocator$ArenaBuf::release@126 (line 1225)
          │                                                            ; - io.github.neoionet.netty.microbenchmark.CycleScopedAllocBenchmark::cycle@192 (line 101)
          │                                                            ;   {no_reloc}
   0.04%  │  0x00007f5be8621549:   cmp    $0x8,%r11d
   0.02%  │  0x00007f5be862154d:   je     0x00007f5be86220f8           ;*invokestatic currentThread {reexecute=0 rethrow=0 return_oop=0}
          │                                                            ; - io.netty.util.internal.InternalThreadLocalMap::get@0 (line 111)
          │                                                            ; - io.netty.util.concurrent.FastThreadLocal::get@0 (line 137)
          │                                                            ; - io.netty.buffer.CycleArenaAllocator::newDirectBuffer@4 (line 233)
          │                                                            ; - io.netty.buffer.AbstractByteBufAllocator::directBuffer@21 (line 168)
          │                                                            ; - io.netty.buffer.AbstractByteBufAllocator::directBuffer@4 (line 159)
          │                                                            ; - io.github.neoionet.netty.microbenchmark.CycleScopedAllocBenchmark::cycle@64 (line 87)
          │  0x00007f5be8621553:   cmpb   $0x0,0x40(%r15)
   1.14%  │  0x00007f5be8621558:   jne    0x00007f5be86215e8
          │  0x00007f5be862155e:   mov    %rax,%r8
          │  0x00007f5be8621561:   mov    %r12d,0x10(%r8,%rbp,4)       ;*aastore {reexecute=0 rethrow=0 return_oop=0}
          │                                                            ; - io.github.neoionet.netty.microbenchmark.CycleScopedAllocBenchmark::cycle@200 (line 102)
   0.75%  │  0x00007f5be8621566:   inc    %ebp                         ;*iinc {reexecute=0 rethrow=0 return_oop=0}
          │                                                            ; - io.github.neoionet.netty.microbenchmark.CycleScopedAllocBenchmark::cycle@201 (line 99)
   0.02%  │  0x00007f5be8621568:   cmp    0x18(%rsp),%ebp
   0.02%  ╰  0x00007f5be862156c:   jl     0x00007f5be86213e0           ;*invokestatic currentThread {reexecute=0 rethrow=0 return_oop=0}
                                                                       ; - io.netty.util.internal.InternalThreadLocalMap::get@0 (line 111)
                                                                       ; - io.netty.util.concurrent.FastThreadLocal::get@0 (line 137)
                                                                       ; - io.netty.buffer.CycleArenaAllocator::newDirectBuffer@4 (line 233)
                                                                       ; - io.netty.buffer.AbstractByteBufAllocator::directBuffer@21 (line 168)
                                                                       ; - io.netty.buffer.AbstractByteBufAllocator::directBuffer@4 (line 159)
                                                                       ; - io.github.neoionet.netty.microbenchmark.CycleScopedAllocBenchmark::cycle@64 (line 87)
             0x00007f5be8621572:   mov    0x458(%r15),%r10             ; ImmutableOopMap {r8=Oop [0]=Oop [16]=Oop [56]=Oop [64]=NarrowOop }
                                                                       ;*goto {reexecute=1 rethrow=0 return_oop=0}
                                                                       ; - (reexecute) io.github.neoionet.netty.microbenchmark.CycleScopedAllocBenchmark::cycle@204 (line 99)
             0x00007f5be8621579:   test   %eax,(%r10)                  ;*goto {reexecute=0 rethrow=0 return_oop=0}
                                                                       ; - io.github.neoionet.netty.microbenchmark.CycleScopedAllocBenchmark::cycle@204 (line 99)
                                                                       ;   {poll}
   0.02%     0x00007f5be862157c:   cmp    %r14d,%ebp
             0x00007f5be862157f:   jge    0x00007f5be8621623
             0x00007f5be8621585:   mov    (%rsp),%rbx
             0x00007f5be8621589:   mov    0x38(%rsp),%r9
             0x00007f5be862158e:   mov    0x40(%rsp),%r10d
             0x00007f5be8621593:   mov    0x8(%rsp),%r11d
             0x00007f5be8621598:   mov    %r14d,%edx
             0x00007f5be862159b:   mov    0x10(%rsp),%r14
             0x00007f5be86215a0:   mov    0xc(%rsp),%r13d              ;*aload_1 {reexecute=0 rethrow=0 return_oop=0}
....................................................................................................
  27.00%  <total for region 2>

....[Hottest Regions]...............................................................................
  60.97%           c2, level 4  io.github.neoionet.netty.microbenchmark.CycleScopedAllocBenchmark::cycle, version 3, compile id 1418 
  27.00%           c2, level 4  io.github.neoionet.netty.microbenchmark.CycleScopedAllocBenchmark::cycle, version 3, compile id 1418 
   0.77%             libc.so.6  syscall 
   0.70%           c2, level 4  io.github.neoionet.netty.microbenchmark.CycleScopedAllocBenchmark::cycle, version 3, compile id 1418 
   0.64%     [kernel.kallsyms]  __perf_event_task_sched_in 
   0.48%             libc.so.6  __syscall_cancel_arch_end 
   0.42%     [kernel.kallsyms]  perf_ctx_unlock 
   0.40%             libc.so.6  __internal_syscall_cancel 
   0.33%     [kernel.kallsyms]  entry_SYSCALL_64_after_hwframe 
   0.33%                        <unknown> 
   0.26%     [kernel.kallsyms]  entry_SYSCALL_64 
   0.26%                        <unknown> 
   0.26%           c2, level 4  io.github.neoionet.netty.microbenchmark.CycleScopedAllocBenchmark::cycle, version 3, compile id 1418 
   0.24%             libjvm.so  os::current_thread_id() 
   0.22%                        <unknown> 
   0.20%  ld-linux-x86-64.so.2  __tls_get_addr 
   0.15%     [kernel.kallsyms]  vfs_write 
   0.15%     [kernel.kallsyms]  copy_page_from_iter 
   0.15%           c2, level 4  io.github.neoionet.netty.microbenchmark.CycleScopedAllocBenchmark::cycle, version 3, compile id 1418 
   0.15%           c2, level 4  io.github.neoionet.netty.microbenchmark.jmh_generated.CycleScopedAllocBenchmark_cycleDirect_jmhTest::cycleDirect_avgt_jmhStub, version 5, compile id 1433 
   5.90%  <...other 173 warm regions...>
....................................................................................................
 100.00%  <totals>

....[Hottest Methods (after inlining)]..............................................................
  89.97%           c2, level 4  io.github.neoionet.netty.microbenchmark.CycleScopedAllocBenchmark::cycle, version 3, compile id 1418 
   1.30%                        <unknown> 
   0.77%             libc.so.6  syscall 
   0.64%     [kernel.kallsyms]  __perf_event_task_sched_in 
   0.48%             libc.so.6  __syscall_cancel_arch_end 
   0.42%     [kernel.kallsyms]  perf_ctx_unlock 
   0.40%             libc.so.6  __internal_syscall_cancel 
   0.37%     [kernel.kallsyms]  vfs_write 
   0.33%     [kernel.kallsyms]  entry_SYSCALL_64_after_hwframe 
   0.29%     [kernel.kallsyms]  anon_pipe_write 
   0.26%     [kernel.kallsyms]  entry_SYSCALL_64 
   0.24%             libjvm.so  os::current_thread_id() 
   0.20%  ld-linux-x86-64.so.2  __tls_get_addr 
   0.20%     [kernel.kallsyms]  copy_page_from_iter 
   0.18%     [kernel.kallsyms]  do_syscall_64 
   0.15%           c2, level 4  io.github.neoionet.netty.microbenchmark.jmh_generated.CycleScopedAllocBenchmark_cycleDirect_jmhTest::cycleDirect_avgt_jmhStub, version 5, compile id 1433 
   0.13%     [kernel.kallsyms]  _copy_from_iter 
   0.11%     [kernel.kallsyms]  perf_ctx_enable 
   0.11%     [kernel.kallsyms]  finish_task_switch.isra.0 
   0.11%     [kernel.kallsyms]  x64_sys_call 
   3.34%  <...other 106 warm methods...>
....................................................................................................
 100.00%  <totals>

....[Distribution by Source]........................................................................
  90.14%           c2, level 4
   4.42%     [kernel.kallsyms]
   2.05%             libc.so.6
   1.58%             libjvm.so
   1.30%                      
   0.20%        hsdis-amd64.so
   0.20%  ld-linux-x86-64.so.2
   0.11%           interpreter
....................................................................................................
 100.00%  <totals>



# Run complete. Total time: 00:00:24

REMEMBER: The numbers below are just data. To gain reusable insights, you need to follow up on
why the numbers are the way they are. Use profilers (see -prof, -lprof), design factorial
experiments, perform baseline and negative tests that provide experimental control, make sure
the benchmarking environment is safe on JVM/OS/HW level, ask for reviews from the domain experts.
Do not assume the numbers tell you what you want them to tell.

NOTE: Current JVM experimentally supports Compiler Blackholes, and they are in use. Please exercise
extra caution when trusting the results, look into the generated code to check the benchmark still
works, and factor in a small probability of new VM bugs. Additionally, while comparisons between
different JVMs are already problematic, the performance difference caused by different Blackhole
modes can be very significant. Please make sure you use the consistent Blackhole mode for comparisons.

Benchmark                                  (allocatorType)  (k)  (releaseOrder)  (sizes)  Mode  Cnt     Score    Error  Units
CycleScopedAllocBenchmark.cycleDirect                ARENA   64            FIFO    SMALL  avgt    5  1620.357 ± 13.990  ns/op
CycleScopedAllocBenchmark.cycleDirect:asm            ARENA   64            FIFO    SMALL  avgt            NaN             ---
