# JMH version: 1.37
# VM version: JDK 21, Java HotSpot(TM) 64-Bit Server VM, 21+35-LTS-2513
# VM invoker: /home/forked_franz/.sdkman/candidates/java/21-oracle/bin/java
# VM options: -server -dsa -da -XX:InitialRAMPercentage=40.0 -XX:MaxRAMPercentage=40.0 -Dio.netty.leakDetection.level=disabled -Djmh.executor=CUSTOM -Djmh.executor.class=io.github.neoionet.netty.microbenchmark.executor.FastThreadLocalThreadHarnessExecutor -XX:MaxRAM=60g -Darena.ring=true
# Blackhole mode: compiler (auto-detected, use -Djmh.blackhole.autoDetect=false to disable)
# Warmup: 10 iterations, 1 s each
# Measurement: 10 iterations, 1 s each
# Timeout: 10 min per iteration
# Threads: 1 thread, will synchronize iterations
# Benchmark mode: Average time, time/op
# Benchmark: io.github.neoionet.netty.microbenchmark.CycleScopedAllocBenchmark.cycleDirect
# Parameters: (allocatorType = ARENA, k = 64, releaseOrder = FIFO, sizes = SMALL)

# Run progress: 0.00% complete, ETA 00:00:40
# Fork: 1 of 1
# Preparing profilers: LinuxPerfNormProfiler 
# Profilers consume stderr from target VM, use -v EXTRA to copy to console
# Warmup Iteration   1: 1870.896 ns/op
# Warmup Iteration   2: 1632.069 ns/op
# Warmup Iteration   3: 1627.461 ns/op
# Warmup Iteration   4: 1627.659 ns/op
# Warmup Iteration   5: 1628.114 ns/op
# Warmup Iteration   6: 1627.680 ns/op
# Warmup Iteration   7: 1627.252 ns/op
# Warmup Iteration   8: 1628.015 ns/op
# Warmup Iteration   9: 1627.827 ns/op
# Warmup Iteration  10: 1628.619 ns/op
Iteration   1: 1627.682 ns/op
Iteration   2: 1627.739 ns/op
Iteration   3: 1627.673 ns/op
Iteration   4: 1627.158 ns/op
Iteration   5: 1627.842 ns/op
Iteration   6: 1628.083 ns/op
Iteration   7: 1627.881 ns/op
Iteration   8: 1628.316 ns/op
Iteration   9: 1628.421 ns/op
Iteration  10: ARENATELE blockSize=262144 maxBlocks=8 cap=8192 maxObjects=16384 debug=false ring=true ringStats=false arenaHeap=0 arenaDirect=781182464 delegateHeap=0 delegateDirect=0 arenaShare=100.00% blocksHeap=1 blocksDirect=1 pinned=0 reusable=0 maxPinnedHeap=0 maxPinnedDirect=0 blockReuses=0 blockGrowths=0 blockSwitches=0 ringWraps=0 ringResets=0 ringScans=0 ringStalls=0 stallBytes=0 strandedBytes=0 strandedShare=n/a holes<=256=0 holes<=1k=0 holes<=4k=0 holes<=8k=0 holes>8k=0 hooks=12205976 hookRejections=0 violations=0 earlyReuses=0 reallocInPlace=0 reallocMoved=0 reallocDelegated=0 trims=0 trimmedBlocks=0 leakedBlocks=0 objects=64 bytesHeap=0 bytesDirect=187483791360 liveHeap=0 liveDirect=0
ARENALOOP thread=io.github.neoionet.netty.microbenchmark.CycleScopedAllocBenchmark.cycleDirect-1-1 arenaHeap=0 arenaDirect=781182464 delegateHeap=0 delegateDirect=0 arenaShare=100.00% blocksHeap=1 blocksDirect=1 pinned=0 reusable=0 maxPinnedHeap=0 maxPinnedDirect=0 blockReuses=0 blockGrowths=0 blockSwitches=0 ringWraps=0 ringResets=0 ringScans=0 ringStalls=0 stallBytes=0 strandedBytes=0 strandedShare=n/a holes<=256=0 holes<=1k=0 holes<=4k=0 holes<=8k=0 holes>8k=0 hooks=12205976 hookRejections=0 violations=0 earlyReuses=0 reallocInPlace=0 reallocMoved=0 reallocDelegated=0 trims=0 trimmedBlocks=0 leakedBlocks=0 objects=64 bytesHeap=0 bytesDirect=187483791360 liveHeap=0 liveDirect=0
1628.062 ns/op
# Processing profiler results: LinuxPerfNormProfiler 


Result "io.github.neoionet.netty.microbenchmark.CycleScopedAllocBenchmark.cycleDirect":
  1627.886 ±(99.9%) 0.548 ns/op [Average]
  (min, avg, max) = (1627.158, 1627.886, 1628.421), stdev = 0.362
  CI (99.9%): [1627.338, 1628.433] (assumes normal distribution)

Secondary result "io.github.neoionet.netty.microbenchmark.CycleScopedAllocBenchmark.cycleDirect:CPI":
  0.252 clks/insn

Secondary result "io.github.neoionet.netty.microbenchmark.CycleScopedAllocBenchmark.cycleDirect:IPC":
  3.969 insns/clk

Secondary result "io.github.neoionet.netty.microbenchmark.CycleScopedAllocBenchmark.cycleDirect:L1-dcache-load-misses":
  1.910 #/op

Secondary result "io.github.neoionet.netty.microbenchmark.CycleScopedAllocBenchmark.cycleDirect:L1-dcache-loads":
  5964.526 #/op

Secondary result "io.github.neoionet.netty.microbenchmark.CycleScopedAllocBenchmark.cycleDirect:L1-icache-load-misses":
  0.033 #/op

Secondary result "io.github.neoionet.netty.microbenchmark.CycleScopedAllocBenchmark.cycleDirect:L1-icache-loads":
  8.398 #/op

Secondary result "io.github.neoionet.netty.microbenchmark.CycleScopedAllocBenchmark.cycleDirect:branch-misses":
  0.498 #/op

Secondary result "io.github.neoionet.netty.microbenchmark.CycleScopedAllocBenchmark.cycleDirect:branches":
  2517.091 #/op

Secondary result "io.github.neoionet.netty.microbenchmark.CycleScopedAllocBenchmark.cycleDirect:cycles":
  3691.439 #/op

Secondary result "io.github.neoionet.netty.microbenchmark.CycleScopedAllocBenchmark.cycleDirect:dTLB-load-misses":
  0.003 #/op

Secondary result "io.github.neoionet.netty.microbenchmark.CycleScopedAllocBenchmark.cycleDirect:dTLB-loads":
  0.126 #/op

Secondary result "io.github.neoionet.netty.microbenchmark.CycleScopedAllocBenchmark.cycleDirect:iTLB-load-misses":
  0.007 #/op

Secondary result "io.github.neoionet.netty.microbenchmark.CycleScopedAllocBenchmark.cycleDirect:iTLB-loads":
  0.003 #/op

Secondary result "io.github.neoionet.netty.microbenchmark.CycleScopedAllocBenchmark.cycleDirect:instructions":
  14649.647 #/op

Secondary result "io.github.neoionet.netty.microbenchmark.CycleScopedAllocBenchmark.cycleDirect:stalled-cycles-frontend":
  17.129 #/op


# JMH version: 1.37
# VM version: JDK 21, Java HotSpot(TM) 64-Bit Server VM, 21+35-LTS-2513
# VM invoker: /home/forked_franz/.sdkman/candidates/java/21-oracle/bin/java
# VM options: -server -dsa -da -XX:InitialRAMPercentage=40.0 -XX:MaxRAMPercentage=40.0 -Dio.netty.leakDetection.level=disabled -Djmh.executor=CUSTOM -Djmh.executor.class=io.github.neoionet.netty.microbenchmark.executor.FastThreadLocalThreadHarnessExecutor -XX:MaxRAM=60g -Darena.ring=true
# Blackhole mode: compiler (auto-detected, use -Djmh.blackhole.autoDetect=false to disable)
# Warmup: 10 iterations, 1 s each
# Measurement: 10 iterations, 1 s each
# Timeout: 10 min per iteration
# Threads: 1 thread, will synchronize iterations
# Benchmark mode: Average time, time/op
# Benchmark: io.github.neoionet.netty.microbenchmark.CycleScopedAllocBenchmark.cycleHeap
# Parameters: (allocatorType = ARENA, k = 64, releaseOrder = FIFO, sizes = SMALL)

# Run progress: 50.00% complete, ETA 00:00:21
# Fork: 1 of 1
# Preparing profilers: LinuxPerfNormProfiler 
# Profilers consume stderr from target VM, use -v EXTRA to copy to console
# Warmup Iteration   1: 1897.382 ns/op
# Warmup Iteration   2: 1673.651 ns/op
# Warmup Iteration   3: 1671.780 ns/op
# Warmup Iteration   4: 1674.137 ns/op
# Warmup Iteration   5: 1672.493 ns/op
# Warmup Iteration   6: 1672.192 ns/op
# Warmup Iteration   7: 1672.611 ns/op
# Warmup Iteration   8: 1674.306 ns/op
# Warmup Iteration   9: 1675.181 ns/op
# Warmup Iteration  10: 1674.439 ns/op
Iteration   1: 1672.390 ns/op
Iteration   2: 1672.537 ns/op
Iteration   3: 1671.142 ns/op
Iteration   4: 1671.976 ns/op
Iteration   5: 1672.704 ns/op
Iteration   6: 1671.486 ns/op
Iteration   7: 1672.030 ns/op
Iteration   8: 1672.767 ns/op
Iteration   9: 1673.025 ns/op
Iteration  10: ARENATELE blockSize=262144 maxBlocks=8 cap=8192 maxObjects=16384 debug=false ring=true ringStats=false arenaHeap=760750016 arenaDirect=0 delegateHeap=0 delegateDirect=0 arenaShare=100.00% blocksHeap=1 blocksDirect=1 pinned=0 reusable=0 maxPinnedHeap=0 maxPinnedDirect=0 blockReuses=0 blockGrowths=0 blockSwitches=0 ringWraps=0 ringResets=0 ringScans=0 ringStalls=0 stallBytes=0 strandedBytes=0 strandedShare=n/a holes<=256=0 holes<=1k=0 holes<=4k=0 holes<=8k=0 holes>8k=0 hooks=11886719 hookRejections=0 violations=0 earlyReuses=0 reallocInPlace=0 reallocMoved=0 reallocDelegated=0 trims=0 trimmedBlocks=0 leakedBlocks=0 objects=64 bytesHeap=182580003840 bytesDirect=0 liveHeap=0 liveDirect=0
ARENALOOP thread=io.github.neoionet.netty.microbenchmark.CycleScopedAllocBenchmark.cycleHeap-1-1 arenaHeap=760750016 arenaDirect=0 delegateHeap=0 delegateDirect=0 arenaShare=100.00% blocksHeap=1 blocksDirect=1 pinned=0 reusable=0 maxPinnedHeap=0 maxPinnedDirect=0 blockReuses=0 blockGrowths=0 blockSwitches=0 ringWraps=0 ringResets=0 ringScans=0 ringStalls=0 stallBytes=0 strandedBytes=0 strandedShare=n/a holes<=256=0 holes<=1k=0 holes<=4k=0 holes<=8k=0 holes>8k=0 hooks=11886719 hookRejections=0 violations=0 earlyReuses=0 reallocInPlace=0 reallocMoved=0 reallocDelegated=0 trims=0 trimmedBlocks=0 leakedBlocks=0 objects=64 bytesHeap=182580003840 bytesDirect=0 liveHeap=0 liveDirect=0
1672.014 ns/op
# Processing profiler results: LinuxPerfNormProfiler 


Result "io.github.neoionet.netty.microbenchmark.CycleScopedAllocBenchmark.cycleHeap":
  1672.207 ±(99.9%) 0.894 ns/op [Average]
  (min, avg, max) = (1671.142, 1672.207, 1673.025), stdev = 0.591
  CI (99.9%): [1671.313, 1673.101] (assumes normal distribution)

Secondary result "io.github.neoionet.netty.microbenchmark.CycleScopedAllocBenchmark.cycleHeap:CPI":
  0.251 clks/insn

Secondary result "io.github.neoionet.netty.microbenchmark.CycleScopedAllocBenchmark.cycleHeap:IPC":
  3.984 insns/clk

Secondary result "io.github.neoionet.netty.microbenchmark.CycleScopedAllocBenchmark.cycleHeap:L1-dcache-load-misses":
  1.423 #/op

Secondary result "io.github.neoionet.netty.microbenchmark.CycleScopedAllocBenchmark.cycleHeap:L1-dcache-loads":
  5973.931 #/op

Secondary result "io.github.neoionet.netty.microbenchmark.CycleScopedAllocBenchmark.cycleHeap:L1-icache-load-misses":
  0.034 #/op

Secondary result "io.github.neoionet.netty.microbenchmark.CycleScopedAllocBenchmark.cycleHeap:L1-icache-loads":
  7.978 #/op

Secondary result "io.github.neoionet.netty.microbenchmark.CycleScopedAllocBenchmark.cycleHeap:branch-misses":
  0.445 #/op

Secondary result "io.github.neoionet.netty.microbenchmark.CycleScopedAllocBenchmark.cycleHeap:branches":
  2644.204 #/op

Secondary result "io.github.neoionet.netty.microbenchmark.CycleScopedAllocBenchmark.cycleHeap:cycles":
  3790.897 #/op

Secondary result "io.github.neoionet.netty.microbenchmark.CycleScopedAllocBenchmark.cycleHeap:dTLB-load-misses":
  0.008 #/op

Secondary result "io.github.neoionet.netty.microbenchmark.CycleScopedAllocBenchmark.cycleHeap:dTLB-loads":
  0.146 #/op

Secondary result "io.github.neoionet.netty.microbenchmark.CycleScopedAllocBenchmark.cycleHeap:iTLB-load-misses":
  0.010 #/op

Secondary result "io.github.neoionet.netty.microbenchmark.CycleScopedAllocBenchmark.cycleHeap:iTLB-loads":
  0.014 #/op

Secondary result "io.github.neoionet.netty.microbenchmark.CycleScopedAllocBenchmark.cycleHeap:instructions":
  15101.791 #/op

Secondary result "io.github.neoionet.netty.microbenchmark.CycleScopedAllocBenchmark.cycleHeap:stalled-cycles-frontend":
  18.628 #/op


# Run complete. Total time: 00:00:43

REMEMBER: The numbers below are just data. To gain reusable insights, you need to follow up on
why the numbers are the way they are. Use profilers (see -prof, -lprof), design factorial
experiments, perform baseline and negative tests that provide experimental control, make sure
the benchmarking environment is safe on JVM/OS/HW level, ask for reviews from the domain experts.
Do not assume the numbers tell you what you want them to tell.

NOTE: Current JVM experimentally supports Compiler Blackholes, and they are in use. Please exercise
extra caution when trusting the results, look into the generated code to check the benchmark still
works, and factor in a small probability of new VM bugs. Additionally, while comparisons between
different JVMs are already problematic, the performance difference caused by different Blackhole
modes can be very significant. Please make sure you use the consistent Blackhole mode for comparisons.

Benchmark                                                      (allocatorType)  (k)  (releaseOrder)  (sizes)  Mode  Cnt      Score   Error      Units
CycleScopedAllocBenchmark.cycleDirect                                    ARENA   64            FIFO    SMALL  avgt   10   1627.886 ± 0.548      ns/op
CycleScopedAllocBenchmark.cycleDirect:CPI                                ARENA   64            FIFO    SMALL  avgt           0.252          clks/insn
CycleScopedAllocBenchmark.cycleDirect:IPC                                ARENA   64            FIFO    SMALL  avgt           3.969          insns/clk
CycleScopedAllocBenchmark.cycleDirect:L1-dcache-load-misses              ARENA   64            FIFO    SMALL  avgt           1.910               #/op
CycleScopedAllocBenchmark.cycleDirect:L1-dcache-loads                    ARENA   64            FIFO    SMALL  avgt        5964.526               #/op
CycleScopedAllocBenchmark.cycleDirect:L1-icache-load-misses              ARENA   64            FIFO    SMALL  avgt           0.033               #/op
CycleScopedAllocBenchmark.cycleDirect:L1-icache-loads                    ARENA   64            FIFO    SMALL  avgt           8.398               #/op
CycleScopedAllocBenchmark.cycleDirect:branch-misses                      ARENA   64            FIFO    SMALL  avgt           0.498               #/op
CycleScopedAllocBenchmark.cycleDirect:branches                           ARENA   64            FIFO    SMALL  avgt        2517.091               #/op
CycleScopedAllocBenchmark.cycleDirect:cycles                             ARENA   64            FIFO    SMALL  avgt        3691.439               #/op
CycleScopedAllocBenchmark.cycleDirect:dTLB-load-misses                   ARENA   64            FIFO    SMALL  avgt           0.003               #/op
CycleScopedAllocBenchmark.cycleDirect:dTLB-loads                         ARENA   64            FIFO    SMALL  avgt           0.126               #/op
CycleScopedAllocBenchmark.cycleDirect:iTLB-load-misses                   ARENA   64            FIFO    SMALL  avgt           0.007               #/op
CycleScopedAllocBenchmark.cycleDirect:iTLB-loads                         ARENA   64            FIFO    SMALL  avgt           0.003               #/op
CycleScopedAllocBenchmark.cycleDirect:instructions                       ARENA   64            FIFO    SMALL  avgt       14649.647               #/op
CycleScopedAllocBenchmark.cycleDirect:stalled-cycles-frontend            ARENA   64            FIFO    SMALL  avgt          17.129               #/op
CycleScopedAllocBenchmark.cycleHeap                                      ARENA   64            FIFO    SMALL  avgt   10   1672.207 ± 0.894      ns/op
CycleScopedAllocBenchmark.cycleHeap:CPI                                  ARENA   64            FIFO    SMALL  avgt           0.251          clks/insn
CycleScopedAllocBenchmark.cycleHeap:IPC                                  ARENA   64            FIFO    SMALL  avgt           3.984          insns/clk
CycleScopedAllocBenchmark.cycleHeap:L1-dcache-load-misses                ARENA   64            FIFO    SMALL  avgt           1.423               #/op
CycleScopedAllocBenchmark.cycleHeap:L1-dcache-loads                      ARENA   64            FIFO    SMALL  avgt        5973.931               #/op
CycleScopedAllocBenchmark.cycleHeap:L1-icache-load-misses                ARENA   64            FIFO    SMALL  avgt           0.034               #/op
CycleScopedAllocBenchmark.cycleHeap:L1-icache-loads                      ARENA   64            FIFO    SMALL  avgt           7.978               #/op
CycleScopedAllocBenchmark.cycleHeap:branch-misses                        ARENA   64            FIFO    SMALL  avgt           0.445               #/op
CycleScopedAllocBenchmark.cycleHeap:branches                             ARENA   64            FIFO    SMALL  avgt        2644.204               #/op
CycleScopedAllocBenchmark.cycleHeap:cycles                               ARENA   64            FIFO    SMALL  avgt        3790.897               #/op
CycleScopedAllocBenchmark.cycleHeap:dTLB-load-misses                     ARENA   64            FIFO    SMALL  avgt           0.008               #/op
CycleScopedAllocBenchmark.cycleHeap:dTLB-loads                           ARENA   64            FIFO    SMALL  avgt           0.146               #/op
CycleScopedAllocBenchmark.cycleHeap:iTLB-load-misses                     ARENA   64            FIFO    SMALL  avgt           0.010               #/op
CycleScopedAllocBenchmark.cycleHeap:iTLB-loads                           ARENA   64            FIFO    SMALL  avgt           0.014               #/op
CycleScopedAllocBenchmark.cycleHeap:instructions                         ARENA   64            FIFO    SMALL  avgt       15101.791               #/op
CycleScopedAllocBenchmark.cycleHeap:stalled-cycles-frontend              ARENA   64            FIFO    SMALL  avgt          18.628               #/op

Benchmark result is saved to /home/forked_franz/IdeaProjects/netty-bench/results/h2h-merged-x86-2026-09-22/arena-v3/ring/prof/perfnorm-ring-true.json
